[2025-04-20T12:57:04.240+0000] {local_task_job_runner.py:123} INFO - ::group::Pre task execution logs
[2025-04-20T12:57:04.261+0000] {taskinstance.py:2614} INFO - Dependencies all met for dep_context=non-requeueable deps ti=<TaskInstance: TFL_DATA_DAG.api_call_static_data scheduled__2025-04-19T00:00:00+00:00 [queued]>
[2025-04-20T12:57:04.281+0000] {taskinstance.py:2614} INFO - Dependencies all met for dep_context=requeueable deps ti=<TaskInstance: TFL_DATA_DAG.api_call_static_data scheduled__2025-04-19T00:00:00+00:00 [queued]>
[2025-04-20T12:57:04.283+0000] {taskinstance.py:2867} INFO - Starting attempt 4 of 6
[2025-04-20T12:57:04.303+0000] {taskinstance.py:2890} INFO - Executing <Task(PythonOperator): api_call_static_data> on 2025-04-19 00:00:00+00:00
[2025-04-20T12:57:04.312+0000] {standard_task_runner.py:104} INFO - Running: ['***', 'tasks', 'run', 'TFL_DATA_DAG', 'api_call_static_data', 'scheduled__2025-04-19T00:00:00+00:00', '--job-id', '216', '--raw', '--subdir', 'DAGS_FOLDER/my_dag.py', '--cfg-path', '/tmp/tmp3bpvsyzm']
[2025-04-20T12:57:04.315+0000] {standard_task_runner.py:105} INFO - Job 216: Subtask api_call_static_data
[2025-04-20T12:57:04.316+0000] {logging_mixin.py:190} WARNING - /home/***/.local/lib/python3.12/site-packages/***/task/task_runner/standard_task_runner.py:70 DeprecationWarning: This process (pid=19003) is multi-threaded, use of fork() may lead to deadlocks in the child.
[2025-04-20T12:57:04.318+0000] {standard_task_runner.py:72} INFO - Started process 19004 to run task
[2025-04-20T12:57:04.384+0000] {task_command.py:467} INFO - Running <TaskInstance: TFL_DATA_DAG.api_call_static_data scheduled__2025-04-19T00:00:00+00:00 [running]> on host 197005dfdcea
[2025-04-20T12:57:04.496+0000] {taskinstance.py:3134} INFO - Exporting env vars: AIRFLOW_CTX_DAG_OWNER='abdulsalam' AIRFLOW_CTX_DAG_ID='TFL_DATA_DAG' AIRFLOW_CTX_TASK_ID='api_call_static_data' AIRFLOW_CTX_EXECUTION_DATE='2025-04-19T00:00:00+00:00' AIRFLOW_CTX_TRY_NUMBER='4' AIRFLOW_CTX_DAG_RUN_ID='scheduled__2025-04-19T00:00:00+00:00'
[2025-04-20T12:57:04.498+0000] {taskinstance.py:732} INFO - ::endgroup::
[2025-04-20T12:57:07.811+0000] {base.py:84} INFO - Retrieving connection 'minio_conn'
[2025-04-20T12:57:07.814+0000] {connection_wrapper.py:328} INFO - AWS Connection (conn_id='minio_conn', conn_type='aws') credentials retrieved from extra.
[2025-04-20T12:57:08.324+0000] {logging_mixin.py:190} INFO - <botocore.client.S3 object at 0x7f482ca5ba70>
[2025-04-20T12:57:08.375+0000] {hook.py:208} WARNING - Data lineage tracking is disabled. Register a hook lineage reader to start tracking hook lineage.
[2025-04-20T12:57:08.399+0000] {connection.py:521} WARNING - Failed to parse headers (url=http://host.docker.internal:9000/tfl/data/raw/stop_points/snapshot_20250420_125708.json): [MissingHeaderBodySeparatorDefect()], unparsed data: 'HTTP/1.1 200 OK\r\nAccept-Ranges: bytes\r\nContent-Length: 0\r\nETag: "d2984a03ecb2cfb22628c91356a6b968"\r\nServer: MinIO\r\nStrict-Transport-Security: max-age=31536000; includeSubDomains\r\nVary: Origin\r\nVary: Accept-Encoding\r\nX-Amz-Checksum-Crc32: NSLqrg==\r\nX-Amz-Id-2: dd9025bab4ad464b049177c95eb6ebf374d3b3fd1af9251148b658df7ac2e3e8\r\nX-Amz-Request-Id: 1838082923594410\r\nX-Content-Type-Options: nosniff\r\nX-Ratelimit-Limit: 1537\r\nX-Ratelimit-Remaining: 1537\r\nX-Xss-Protection: 1; mode=block\r\nDate: Sun, 20 Apr 2025 12:57:08 GMT\r\n\r\n'
Traceback (most recent call last):
  File "/home/airflow/.local/lib/python3.12/site-packages/urllib3/connection.py", line 519, in getresponse
    assert_header_parsing(httplib_response.msg)
  File "/home/airflow/.local/lib/python3.12/site-packages/urllib3/util/response.py", line 88, in assert_header_parsing
    raise HeaderParsingError(defects=defects, unparsed_data=unparsed_data)
urllib3.exceptions.HeaderParsingError: [MissingHeaderBodySeparatorDefect()], unparsed data: 'HTTP/1.1 200 OK\r\nAccept-Ranges: bytes\r\nContent-Length: 0\r\nETag: "d2984a03ecb2cfb22628c91356a6b968"\r\nServer: MinIO\r\nStrict-Transport-Security: max-age=31536000; includeSubDomains\r\nVary: Origin\r\nVary: Accept-Encoding\r\nX-Amz-Checksum-Crc32: NSLqrg==\r\nX-Amz-Id-2: dd9025bab4ad464b049177c95eb6ebf374d3b3fd1af9251148b658df7ac2e3e8\r\nX-Amz-Request-Id: 1838082923594410\r\nX-Content-Type-Options: nosniff\r\nX-Ratelimit-Limit: 1537\r\nX-Ratelimit-Remaining: 1537\r\nX-Xss-Protection: 1; mode=block\r\nDate: Sun, 20 Apr 2025 12:57:08 GMT\r\n\r\n'
[2025-04-20T12:57:38.653+0000] {hook.py:208} WARNING - Data lineage tracking is disabled. Register a hook lineage reader to start tracking hook lineage.
[2025-04-20T12:57:38.656+0000] {hook.py:208} WARNING - Data lineage tracking is disabled. Register a hook lineage reader to start tracking hook lineage.
[2025-04-20T12:57:38.658+0000] {my_dag.py:51} INFO - Uploaded snapshot_20250420_125708.json to s3://tfl/data/raw/stop_points/snapshot_20250420_125708.json at timestamp 20250420_125708
[2025-04-20T12:57:40.272+0000] {base.py:84} INFO - Retrieving connection 'minio_conn'
[2025-04-20T12:57:40.275+0000] {connection_wrapper.py:328} INFO - AWS Connection (conn_id='minio_conn', conn_type='aws') credentials retrieved from extra.
[2025-04-20T12:57:40.396+0000] {logging_mixin.py:190} INFO - <botocore.client.S3 object at 0x7f482ca58d40>
[2025-04-20T12:57:40.439+0000] {hook.py:208} WARNING - Data lineage tracking is disabled. Register a hook lineage reader to start tracking hook lineage.
[2025-04-20T12:57:40.441+0000] {hook.py:208} WARNING - Data lineage tracking is disabled. Register a hook lineage reader to start tracking hook lineage.
[2025-04-20T12:57:40.472+0000] {connection.py:521} WARNING - Failed to parse headers (url=http://host.docker.internal:9000/tfl/data/raw/timetables/snapshot_20250420_125740.json): [MissingHeaderBodySeparatorDefect()], unparsed data: 'HTTP/1.1 200 OK\r\nAccept-Ranges: bytes\r\nContent-Length: 0\r\nETag: "c0ea4b9997d922dac012f6fee955a245"\r\nServer: MinIO\r\nStrict-Transport-Security: max-age=31536000; includeSubDomains\r\nVary: Origin\r\nVary: Accept-Encoding\r\nX-Amz-Checksum-Crc32: Reeicw==\r\nX-Amz-Id-2: dd9025bab4ad464b049177c95eb6ebf374d3b3fd1af9251148b658df7ac2e3e8\r\nX-Amz-Request-Id: 183808309A903D2D\r\nX-Content-Type-Options: nosniff\r\nX-Ratelimit-Limit: 1537\r\nX-Ratelimit-Remaining: 1537\r\nX-Xss-Protection: 1; mode=block\r\nDate: Sun, 20 Apr 2025 12:57:40 GMT\r\n\r\n'
Traceback (most recent call last):
  File "/home/airflow/.local/lib/python3.12/site-packages/urllib3/connection.py", line 519, in getresponse
    assert_header_parsing(httplib_response.msg)
  File "/home/airflow/.local/lib/python3.12/site-packages/urllib3/util/response.py", line 88, in assert_header_parsing
    raise HeaderParsingError(defects=defects, unparsed_data=unparsed_data)
urllib3.exceptions.HeaderParsingError: [MissingHeaderBodySeparatorDefect()], unparsed data: 'HTTP/1.1 200 OK\r\nAccept-Ranges: bytes\r\nContent-Length: 0\r\nETag: "c0ea4b9997d922dac012f6fee955a245"\r\nServer: MinIO\r\nStrict-Transport-Security: max-age=31536000; includeSubDomains\r\nVary: Origin\r\nVary: Accept-Encoding\r\nX-Amz-Checksum-Crc32: Reeicw==\r\nX-Amz-Id-2: dd9025bab4ad464b049177c95eb6ebf374d3b3fd1af9251148b658df7ac2e3e8\r\nX-Amz-Request-Id: 183808309A903D2D\r\nX-Content-Type-Options: nosniff\r\nX-Ratelimit-Limit: 1537\r\nX-Ratelimit-Remaining: 1537\r\nX-Xss-Protection: 1; mode=block\r\nDate: Sun, 20 Apr 2025 12:57:40 GMT\r\n\r\n'
[2025-04-20T12:58:10.724+0000] {hook.py:208} WARNING - Data lineage tracking is disabled. Register a hook lineage reader to start tracking hook lineage.
[2025-04-20T12:58:10.725+0000] {hook.py:208} WARNING - Data lineage tracking is disabled. Register a hook lineage reader to start tracking hook lineage.
[2025-04-20T12:58:10.727+0000] {my_dag.py:51} INFO - Uploaded snapshot_20250420_125740.json to s3://tfl/data/raw/timetables/snapshot_20250420_125740.json at timestamp 20250420_125740
[2025-04-20T12:58:12.053+0000] {base.py:84} INFO - Retrieving connection 'minio_conn'
[2025-04-20T12:58:12.055+0000] {connection_wrapper.py:328} INFO - AWS Connection (conn_id='minio_conn', conn_type='aws') credentials retrieved from extra.
[2025-04-20T12:58:12.149+0000] {logging_mixin.py:190} INFO - <botocore.client.S3 object at 0x7f482b664170>
[2025-04-20T12:58:12.200+0000] {hook.py:208} WARNING - Data lineage tracking is disabled. Register a hook lineage reader to start tracking hook lineage.
[2025-04-20T12:58:12.202+0000] {hook.py:208} WARNING - Data lineage tracking is disabled. Register a hook lineage reader to start tracking hook lineage.
[2025-04-20T12:58:12.221+0000] {connection.py:521} WARNING - Failed to parse headers (url=http://host.docker.internal:9000/tfl/data/raw/stop_points/snapshot_20250420_125812.json): [MissingHeaderBodySeparatorDefect()], unparsed data: 'HTTP/1.1 200 OK\r\nAccept-Ranges: bytes\r\nContent-Length: 0\r\nETag: "39e1a5cadce3e3f52cffdf8c880722bd"\r\nServer: MinIO\r\nStrict-Transport-Security: max-age=31536000; includeSubDomains\r\nVary: Origin\r\nVary: Accept-Encoding\r\nX-Amz-Checksum-Crc32: r9+Qpw==\r\nX-Amz-Id-2: dd9025bab4ad464b049177c95eb6ebf374d3b3fd1af9251148b658df7ac2e3e8\r\nX-Amz-Request-Id: 18380837FF8D0CBD\r\nX-Content-Type-Options: nosniff\r\nX-Ratelimit-Limit: 1537\r\nX-Ratelimit-Remaining: 1537\r\nX-Xss-Protection: 1; mode=block\r\nDate: Sun, 20 Apr 2025 12:58:12 GMT\r\n\r\n'
Traceback (most recent call last):
  File "/home/airflow/.local/lib/python3.12/site-packages/urllib3/connection.py", line 519, in getresponse
    assert_header_parsing(httplib_response.msg)
  File "/home/airflow/.local/lib/python3.12/site-packages/urllib3/util/response.py", line 88, in assert_header_parsing
    raise HeaderParsingError(defects=defects, unparsed_data=unparsed_data)
urllib3.exceptions.HeaderParsingError: [MissingHeaderBodySeparatorDefect()], unparsed data: 'HTTP/1.1 200 OK\r\nAccept-Ranges: bytes\r\nContent-Length: 0\r\nETag: "39e1a5cadce3e3f52cffdf8c880722bd"\r\nServer: MinIO\r\nStrict-Transport-Security: max-age=31536000; includeSubDomains\r\nVary: Origin\r\nVary: Accept-Encoding\r\nX-Amz-Checksum-Crc32: r9+Qpw==\r\nX-Amz-Id-2: dd9025bab4ad464b049177c95eb6ebf374d3b3fd1af9251148b658df7ac2e3e8\r\nX-Amz-Request-Id: 18380837FF8D0CBD\r\nX-Content-Type-Options: nosniff\r\nX-Ratelimit-Limit: 1537\r\nX-Ratelimit-Remaining: 1537\r\nX-Xss-Protection: 1; mode=block\r\nDate: Sun, 20 Apr 2025 12:58:12 GMT\r\n\r\n'
[2025-04-20T12:58:42.472+0000] {hook.py:208} WARNING - Data lineage tracking is disabled. Register a hook lineage reader to start tracking hook lineage.
[2025-04-20T12:58:42.474+0000] {hook.py:208} WARNING - Data lineage tracking is disabled. Register a hook lineage reader to start tracking hook lineage.
[2025-04-20T12:58:42.475+0000] {my_dag.py:51} INFO - Uploaded snapshot_20250420_125812.json to s3://tfl/data/raw/stop_points/snapshot_20250420_125812.json at timestamp 20250420_125812
[2025-04-20T12:58:44.102+0000] {logging_mixin.py:190} INFO - Error fetching data  500 Server Error: Internal Server Error for url: https://api.tfl.gov.uk/Line/24/Timetable/490000089A?app_key=7d28b460f14e44c48e59a47afc904642
[2025-04-20T12:58:44.110+0000] {base.py:84} INFO - Retrieving connection 'minio_conn'
[2025-04-20T12:58:44.111+0000] {connection_wrapper.py:328} INFO - AWS Connection (conn_id='minio_conn', conn_type='aws') credentials retrieved from extra.
[2025-04-20T12:58:44.173+0000] {logging_mixin.py:190} INFO - <botocore.client.S3 object at 0x7f482ca5ade0>
[2025-04-20T12:58:44.199+0000] {hook.py:208} WARNING - Data lineage tracking is disabled. Register a hook lineage reader to start tracking hook lineage.
[2025-04-20T12:58:44.201+0000] {hook.py:208} WARNING - Data lineage tracking is disabled. Register a hook lineage reader to start tracking hook lineage.
[2025-04-20T12:58:44.219+0000] {connection.py:521} WARNING - Failed to parse headers (url=http://host.docker.internal:9000/tfl/data/raw/timetables/snapshot_20250420_125844.json): [MissingHeaderBodySeparatorDefect()], unparsed data: 'HTTP/1.1 200 OK\r\nAccept-Ranges: bytes\r\nContent-Length: 0\r\nETag: "37a6259cc0c1dae299a7866489dff0bd"\r\nServer: MinIO\r\nStrict-Transport-Security: max-age=31536000; includeSubDomains\r\nVary: Origin\r\nVary: Accept-Encoding\r\nX-Amz-Checksum-Crc32: Jcv8Tw==\r\nX-Amz-Id-2: dd9025bab4ad464b049177c95eb6ebf374d3b3fd1af9251148b658df7ac2e3e8\r\nX-Amz-Request-Id: 1838083F72E1E2FF\r\nX-Content-Type-Options: nosniff\r\nX-Ratelimit-Limit: 1537\r\nX-Ratelimit-Remaining: 1537\r\nX-Xss-Protection: 1; mode=block\r\nDate: Sun, 20 Apr 2025 12:58:44 GMT\r\n\r\n'
Traceback (most recent call last):
  File "/home/airflow/.local/lib/python3.12/site-packages/urllib3/connection.py", line 519, in getresponse
    assert_header_parsing(httplib_response.msg)
  File "/home/airflow/.local/lib/python3.12/site-packages/urllib3/util/response.py", line 88, in assert_header_parsing
    raise HeaderParsingError(defects=defects, unparsed_data=unparsed_data)
urllib3.exceptions.HeaderParsingError: [MissingHeaderBodySeparatorDefect()], unparsed data: 'HTTP/1.1 200 OK\r\nAccept-Ranges: bytes\r\nContent-Length: 0\r\nETag: "37a6259cc0c1dae299a7866489dff0bd"\r\nServer: MinIO\r\nStrict-Transport-Security: max-age=31536000; includeSubDomains\r\nVary: Origin\r\nVary: Accept-Encoding\r\nX-Amz-Checksum-Crc32: Jcv8Tw==\r\nX-Amz-Id-2: dd9025bab4ad464b049177c95eb6ebf374d3b3fd1af9251148b658df7ac2e3e8\r\nX-Amz-Request-Id: 1838083F72E1E2FF\r\nX-Content-Type-Options: nosniff\r\nX-Ratelimit-Limit: 1537\r\nX-Ratelimit-Remaining: 1537\r\nX-Xss-Protection: 1; mode=block\r\nDate: Sun, 20 Apr 2025 12:58:44 GMT\r\n\r\n'
[2025-04-20T12:59:14.470+0000] {hook.py:208} WARNING - Data lineage tracking is disabled. Register a hook lineage reader to start tracking hook lineage.
[2025-04-20T12:59:14.472+0000] {hook.py:208} WARNING - Data lineage tracking is disabled. Register a hook lineage reader to start tracking hook lineage.
[2025-04-20T12:59:14.474+0000] {my_dag.py:51} INFO - Uploaded snapshot_20250420_125844.json to s3://tfl/data/raw/timetables/snapshot_20250420_125844.json at timestamp 20250420_125844
[2025-04-20T12:59:16.020+0000] {base.py:84} INFO - Retrieving connection 'minio_conn'
[2025-04-20T12:59:16.026+0000] {connection_wrapper.py:328} INFO - AWS Connection (conn_id='minio_conn', conn_type='aws') credentials retrieved from extra.
[2025-04-20T12:59:16.148+0000] {logging_mixin.py:190} INFO - <botocore.client.S3 object at 0x7f482ad71fd0>
[2025-04-20T12:59:16.189+0000] {hook.py:208} WARNING - Data lineage tracking is disabled. Register a hook lineage reader to start tracking hook lineage.
[2025-04-20T12:59:16.190+0000] {hook.py:208} WARNING - Data lineage tracking is disabled. Register a hook lineage reader to start tracking hook lineage.
[2025-04-20T12:59:16.208+0000] {connection.py:521} WARNING - Failed to parse headers (url=http://host.docker.internal:9000/tfl/data/raw/stop_points/snapshot_20250420_125916.json): [MissingHeaderBodySeparatorDefect()], unparsed data: 'HTTP/1.1 200 OK\r\nAccept-Ranges: bytes\r\nContent-Length: 0\r\nETag: "fe5dc244c5c201cb04e0ef3347c67ed7"\r\nServer: MinIO\r\nStrict-Transport-Security: max-age=31536000; includeSubDomains\r\nVary: Origin\r\nVary: Accept-Encoding\r\nX-Amz-Checksum-Crc32: 228ygw==\r\nX-Amz-Id-2: dd9025bab4ad464b049177c95eb6ebf374d3b3fd1af9251148b658df7ac2e3e8\r\nX-Amz-Request-Id: 18380846E57FBC89\r\nX-Content-Type-Options: nosniff\r\nX-Ratelimit-Limit: 1537\r\nX-Ratelimit-Remaining: 1537\r\nX-Xss-Protection: 1; mode=block\r\nDate: Sun, 20 Apr 2025 12:59:16 GMT\r\n\r\n'
Traceback (most recent call last):
  File "/home/airflow/.local/lib/python3.12/site-packages/urllib3/connection.py", line 519, in getresponse
    assert_header_parsing(httplib_response.msg)
  File "/home/airflow/.local/lib/python3.12/site-packages/urllib3/util/response.py", line 88, in assert_header_parsing
    raise HeaderParsingError(defects=defects, unparsed_data=unparsed_data)
urllib3.exceptions.HeaderParsingError: [MissingHeaderBodySeparatorDefect()], unparsed data: 'HTTP/1.1 200 OK\r\nAccept-Ranges: bytes\r\nContent-Length: 0\r\nETag: "fe5dc244c5c201cb04e0ef3347c67ed7"\r\nServer: MinIO\r\nStrict-Transport-Security: max-age=31536000; includeSubDomains\r\nVary: Origin\r\nVary: Accept-Encoding\r\nX-Amz-Checksum-Crc32: 228ygw==\r\nX-Amz-Id-2: dd9025bab4ad464b049177c95eb6ebf374d3b3fd1af9251148b658df7ac2e3e8\r\nX-Amz-Request-Id: 18380846E57FBC89\r\nX-Content-Type-Options: nosniff\r\nX-Ratelimit-Limit: 1537\r\nX-Ratelimit-Remaining: 1537\r\nX-Xss-Protection: 1; mode=block\r\nDate: Sun, 20 Apr 2025 12:59:16 GMT\r\n\r\n'
[2025-04-20T12:59:46.460+0000] {hook.py:208} WARNING - Data lineage tracking is disabled. Register a hook lineage reader to start tracking hook lineage.
[2025-04-20T12:59:46.461+0000] {hook.py:208} WARNING - Data lineage tracking is disabled. Register a hook lineage reader to start tracking hook lineage.
[2025-04-20T12:59:46.463+0000] {my_dag.py:51} INFO - Uploaded snapshot_20250420_125916.json to s3://tfl/data/raw/stop_points/snapshot_20250420_125916.json at timestamp 20250420_125916
[2025-04-20T12:59:48.983+0000] {base.py:84} INFO - Retrieving connection 'minio_conn'
[2025-04-20T12:59:48.986+0000] {connection_wrapper.py:328} INFO - AWS Connection (conn_id='minio_conn', conn_type='aws') credentials retrieved from extra.
[2025-04-20T12:59:49.095+0000] {logging_mixin.py:190} INFO - <botocore.client.S3 object at 0x7f482b172db0>
[2025-04-20T12:59:49.134+0000] {hook.py:208} WARNING - Data lineage tracking is disabled. Register a hook lineage reader to start tracking hook lineage.
[2025-04-20T12:59:49.135+0000] {hook.py:208} WARNING - Data lineage tracking is disabled. Register a hook lineage reader to start tracking hook lineage.
[2025-04-20T12:59:49.170+0000] {connection.py:521} WARNING - Failed to parse headers (url=http://host.docker.internal:9000/tfl/data/raw/timetables/snapshot_20250420_125949.json): [MissingHeaderBodySeparatorDefect()], unparsed data: 'HTTP/1.1 200 OK\r\nAccept-Ranges: bytes\r\nContent-Length: 0\r\nETag: "52d8be489460549ad63aae9f2d77d512"\r\nServer: MinIO\r\nStrict-Transport-Security: max-age=31536000; includeSubDomains\r\nVary: Origin\r\nVary: Accept-Encoding\r\nX-Amz-Checksum-Crc32: qcaOFA==\r\nX-Amz-Id-2: dd9025bab4ad464b049177c95eb6ebf374d3b3fd1af9251148b658df7ac2e3e8\r\nX-Amz-Request-Id: 1838084E911CA2BB\r\nX-Content-Type-Options: nosniff\r\nX-Ratelimit-Limit: 1537\r\nX-Ratelimit-Remaining: 1537\r\nX-Xss-Protection: 1; mode=block\r\nDate: Sun, 20 Apr 2025 12:59:49 GMT\r\n\r\n'
Traceback (most recent call last):
  File "/home/airflow/.local/lib/python3.12/site-packages/urllib3/connection.py", line 519, in getresponse
    assert_header_parsing(httplib_response.msg)
  File "/home/airflow/.local/lib/python3.12/site-packages/urllib3/util/response.py", line 88, in assert_header_parsing
    raise HeaderParsingError(defects=defects, unparsed_data=unparsed_data)
urllib3.exceptions.HeaderParsingError: [MissingHeaderBodySeparatorDefect()], unparsed data: 'HTTP/1.1 200 OK\r\nAccept-Ranges: bytes\r\nContent-Length: 0\r\nETag: "52d8be489460549ad63aae9f2d77d512"\r\nServer: MinIO\r\nStrict-Transport-Security: max-age=31536000; includeSubDomains\r\nVary: Origin\r\nVary: Accept-Encoding\r\nX-Amz-Checksum-Crc32: qcaOFA==\r\nX-Amz-Id-2: dd9025bab4ad464b049177c95eb6ebf374d3b3fd1af9251148b658df7ac2e3e8\r\nX-Amz-Request-Id: 1838084E911CA2BB\r\nX-Content-Type-Options: nosniff\r\nX-Ratelimit-Limit: 1537\r\nX-Ratelimit-Remaining: 1537\r\nX-Xss-Protection: 1; mode=block\r\nDate: Sun, 20 Apr 2025 12:59:49 GMT\r\n\r\n'
[2025-04-20T13:00:19.424+0000] {hook.py:208} WARNING - Data lineage tracking is disabled. Register a hook lineage reader to start tracking hook lineage.
[2025-04-20T13:00:19.426+0000] {hook.py:208} WARNING - Data lineage tracking is disabled. Register a hook lineage reader to start tracking hook lineage.
[2025-04-20T13:00:19.427+0000] {my_dag.py:51} INFO - Uploaded snapshot_20250420_125949.json to s3://tfl/data/raw/timetables/snapshot_20250420_125949.json at timestamp 20250420_125949
[2025-04-20T13:00:20.726+0000] {base.py:84} INFO - Retrieving connection 'minio_conn'
[2025-04-20T13:00:20.729+0000] {connection_wrapper.py:328} INFO - AWS Connection (conn_id='minio_conn', conn_type='aws') credentials retrieved from extra.
[2025-04-20T13:00:20.843+0000] {logging_mixin.py:190} INFO - <botocore.client.S3 object at 0x7f4825b1c8f0>
[2025-04-20T13:00:20.878+0000] {hook.py:208} WARNING - Data lineage tracking is disabled. Register a hook lineage reader to start tracking hook lineage.
[2025-04-20T13:00:20.881+0000] {hook.py:208} WARNING - Data lineage tracking is disabled. Register a hook lineage reader to start tracking hook lineage.
[2025-04-20T13:00:20.897+0000] {connection.py:521} WARNING - Failed to parse headers (url=http://host.docker.internal:9000/tfl/data/raw/stop_points/snapshot_20250420_130020.json): [MissingHeaderBodySeparatorDefect()], unparsed data: 'HTTP/1.1 200 OK\r\nAccept-Ranges: bytes\r\nContent-Length: 0\r\nETag: "fe6727b5fad95354a7cf92f889499808"\r\nServer: MinIO\r\nStrict-Transport-Security: max-age=31536000; includeSubDomains\r\nVary: Origin\r\nVary: Accept-Encoding\r\nX-Amz-Checksum-Crc32: GZAfyQ==\r\nX-Amz-Id-2: dd9025bab4ad464b049177c95eb6ebf374d3b3fd1af9251148b658df7ac2e3e8\r\nX-Amz-Request-Id: 18380855F5649083\r\nX-Content-Type-Options: nosniff\r\nX-Ratelimit-Limit: 1537\r\nX-Ratelimit-Remaining: 1537\r\nX-Xss-Protection: 1; mode=block\r\nDate: Sun, 20 Apr 2025 13:00:20 GMT\r\n\r\n'
Traceback (most recent call last):
  File "/home/airflow/.local/lib/python3.12/site-packages/urllib3/connection.py", line 519, in getresponse
    assert_header_parsing(httplib_response.msg)
  File "/home/airflow/.local/lib/python3.12/site-packages/urllib3/util/response.py", line 88, in assert_header_parsing
    raise HeaderParsingError(defects=defects, unparsed_data=unparsed_data)
urllib3.exceptions.HeaderParsingError: [MissingHeaderBodySeparatorDefect()], unparsed data: 'HTTP/1.1 200 OK\r\nAccept-Ranges: bytes\r\nContent-Length: 0\r\nETag: "fe6727b5fad95354a7cf92f889499808"\r\nServer: MinIO\r\nStrict-Transport-Security: max-age=31536000; includeSubDomains\r\nVary: Origin\r\nVary: Accept-Encoding\r\nX-Amz-Checksum-Crc32: GZAfyQ==\r\nX-Amz-Id-2: dd9025bab4ad464b049177c95eb6ebf374d3b3fd1af9251148b658df7ac2e3e8\r\nX-Amz-Request-Id: 18380855F5649083\r\nX-Content-Type-Options: nosniff\r\nX-Ratelimit-Limit: 1537\r\nX-Ratelimit-Remaining: 1537\r\nX-Xss-Protection: 1; mode=block\r\nDate: Sun, 20 Apr 2025 13:00:20 GMT\r\n\r\n'
[2025-04-20T13:00:51.150+0000] {hook.py:208} WARNING - Data lineage tracking is disabled. Register a hook lineage reader to start tracking hook lineage.
[2025-04-20T13:00:51.152+0000] {hook.py:208} WARNING - Data lineage tracking is disabled. Register a hook lineage reader to start tracking hook lineage.
[2025-04-20T13:00:51.154+0000] {my_dag.py:51} INFO - Uploaded snapshot_20250420_130020.json to s3://tfl/data/raw/stop_points/snapshot_20250420_130020.json at timestamp 20250420_130020
[2025-04-20T13:00:52.681+0000] {base.py:84} INFO - Retrieving connection 'minio_conn'
[2025-04-20T13:00:52.683+0000] {connection_wrapper.py:328} INFO - AWS Connection (conn_id='minio_conn', conn_type='aws') credentials retrieved from extra.
[2025-04-20T13:00:52.825+0000] {logging_mixin.py:190} INFO - <botocore.client.S3 object at 0x7f4825531a00>
[2025-04-20T13:00:52.868+0000] {hook.py:208} WARNING - Data lineage tracking is disabled. Register a hook lineage reader to start tracking hook lineage.
[2025-04-20T13:00:52.870+0000] {hook.py:208} WARNING - Data lineage tracking is disabled. Register a hook lineage reader to start tracking hook lineage.
[2025-04-20T13:00:52.899+0000] {connection.py:521} WARNING - Failed to parse headers (url=http://host.docker.internal:9000/tfl/data/raw/timetables/snapshot_20250420_130052.json): [MissingHeaderBodySeparatorDefect()], unparsed data: 'HTTP/1.1 200 OK\r\nAccept-Ranges: bytes\r\nContent-Length: 0\r\nETag: "bac22619a3c7d5903d5ad3af5ad22ee4"\r\nServer: MinIO\r\nStrict-Transport-Security: max-age=31536000; includeSubDomains\r\nVary: Origin\r\nVary: Accept-Encoding\r\nX-Amz-Checksum-Crc32: 8611ng==\r\nX-Amz-Id-2: dd9025bab4ad464b049177c95eb6ebf374d3b3fd1af9251148b658df7ac2e3e8\r\nX-Amz-Request-Id: 1838085D680D6A78\r\nX-Content-Type-Options: nosniff\r\nX-Ratelimit-Limit: 1537\r\nX-Ratelimit-Remaining: 1537\r\nX-Xss-Protection: 1; mode=block\r\nDate: Sun, 20 Apr 2025 13:00:52 GMT\r\n\r\n'
Traceback (most recent call last):
  File "/home/airflow/.local/lib/python3.12/site-packages/urllib3/connection.py", line 519, in getresponse
    assert_header_parsing(httplib_response.msg)
  File "/home/airflow/.local/lib/python3.12/site-packages/urllib3/util/response.py", line 88, in assert_header_parsing
    raise HeaderParsingError(defects=defects, unparsed_data=unparsed_data)
urllib3.exceptions.HeaderParsingError: [MissingHeaderBodySeparatorDefect()], unparsed data: 'HTTP/1.1 200 OK\r\nAccept-Ranges: bytes\r\nContent-Length: 0\r\nETag: "bac22619a3c7d5903d5ad3af5ad22ee4"\r\nServer: MinIO\r\nStrict-Transport-Security: max-age=31536000; includeSubDomains\r\nVary: Origin\r\nVary: Accept-Encoding\r\nX-Amz-Checksum-Crc32: 8611ng==\r\nX-Amz-Id-2: dd9025bab4ad464b049177c95eb6ebf374d3b3fd1af9251148b658df7ac2e3e8\r\nX-Amz-Request-Id: 1838085D680D6A78\r\nX-Content-Type-Options: nosniff\r\nX-Ratelimit-Limit: 1537\r\nX-Ratelimit-Remaining: 1537\r\nX-Xss-Protection: 1; mode=block\r\nDate: Sun, 20 Apr 2025 13:00:52 GMT\r\n\r\n'
[2025-04-20T13:01:23.152+0000] {hook.py:208} WARNING - Data lineage tracking is disabled. Register a hook lineage reader to start tracking hook lineage.
[2025-04-20T13:01:23.154+0000] {hook.py:208} WARNING - Data lineage tracking is disabled. Register a hook lineage reader to start tracking hook lineage.
[2025-04-20T13:01:23.155+0000] {my_dag.py:51} INFO - Uploaded snapshot_20250420_130052.json to s3://tfl/data/raw/timetables/snapshot_20250420_130052.json at timestamp 20250420_130052
[2025-04-20T13:01:24.653+0000] {base.py:84} INFO - Retrieving connection 'minio_conn'
[2025-04-20T13:01:24.655+0000] {connection_wrapper.py:328} INFO - AWS Connection (conn_id='minio_conn', conn_type='aws') credentials retrieved from extra.
[2025-04-20T13:01:24.773+0000] {logging_mixin.py:190} INFO - <botocore.client.S3 object at 0x7f482520bd10>
[2025-04-20T13:01:24.809+0000] {hook.py:208} WARNING - Data lineage tracking is disabled. Register a hook lineage reader to start tracking hook lineage.
[2025-04-20T13:01:24.811+0000] {hook.py:208} WARNING - Data lineage tracking is disabled. Register a hook lineage reader to start tracking hook lineage.
[2025-04-20T13:01:24.828+0000] {connection.py:521} WARNING - Failed to parse headers (url=http://host.docker.internal:9000/tfl/data/raw/stop_points/snapshot_20250420_130124.json): [MissingHeaderBodySeparatorDefect()], unparsed data: 'HTTP/1.1 200 OK\r\nAccept-Ranges: bytes\r\nContent-Length: 0\r\nETag: "2b0e0a1a7fa6f0cd944bc01adeab3bb6"\r\nServer: MinIO\r\nStrict-Transport-Security: max-age=31536000; includeSubDomains\r\nVary: Origin\r\nVary: Accept-Encoding\r\nX-Amz-Checksum-Crc32: hDoVuQ==\r\nX-Amz-Id-2: dd9025bab4ad464b049177c95eb6ebf374d3b3fd1af9251148b658df7ac2e3e8\r\nX-Amz-Request-Id: 18380864D7EA8B37\r\nX-Content-Type-Options: nosniff\r\nX-Ratelimit-Limit: 1537\r\nX-Ratelimit-Remaining: 1537\r\nX-Xss-Protection: 1; mode=block\r\nDate: Sun, 20 Apr 2025 13:01:24 GMT\r\n\r\n'
Traceback (most recent call last):
  File "/home/airflow/.local/lib/python3.12/site-packages/urllib3/connection.py", line 519, in getresponse
    assert_header_parsing(httplib_response.msg)
  File "/home/airflow/.local/lib/python3.12/site-packages/urllib3/util/response.py", line 88, in assert_header_parsing
    raise HeaderParsingError(defects=defects, unparsed_data=unparsed_data)
urllib3.exceptions.HeaderParsingError: [MissingHeaderBodySeparatorDefect()], unparsed data: 'HTTP/1.1 200 OK\r\nAccept-Ranges: bytes\r\nContent-Length: 0\r\nETag: "2b0e0a1a7fa6f0cd944bc01adeab3bb6"\r\nServer: MinIO\r\nStrict-Transport-Security: max-age=31536000; includeSubDomains\r\nVary: Origin\r\nVary: Accept-Encoding\r\nX-Amz-Checksum-Crc32: hDoVuQ==\r\nX-Amz-Id-2: dd9025bab4ad464b049177c95eb6ebf374d3b3fd1af9251148b658df7ac2e3e8\r\nX-Amz-Request-Id: 18380864D7EA8B37\r\nX-Content-Type-Options: nosniff\r\nX-Ratelimit-Limit: 1537\r\nX-Ratelimit-Remaining: 1537\r\nX-Xss-Protection: 1; mode=block\r\nDate: Sun, 20 Apr 2025 13:01:24 GMT\r\n\r\n'
[2025-04-20T13:01:55.083+0000] {hook.py:208} WARNING - Data lineage tracking is disabled. Register a hook lineage reader to start tracking hook lineage.
[2025-04-20T13:01:55.086+0000] {hook.py:208} WARNING - Data lineage tracking is disabled. Register a hook lineage reader to start tracking hook lineage.
[2025-04-20T13:01:55.090+0000] {my_dag.py:51} INFO - Uploaded snapshot_20250420_130124.json to s3://tfl/data/raw/stop_points/snapshot_20250420_130124.json at timestamp 20250420_130124
[2025-04-20T13:01:55.972+0000] {base.py:84} INFO - Retrieving connection 'minio_conn'
[2025-04-20T13:01:55.974+0000] {connection_wrapper.py:328} INFO - AWS Connection (conn_id='minio_conn', conn_type='aws') credentials retrieved from extra.
[2025-04-20T13:01:56.077+0000] {logging_mixin.py:190} INFO - <botocore.client.S3 object at 0x7f4824dc77d0>
[2025-04-20T13:01:56.119+0000] {hook.py:208} WARNING - Data lineage tracking is disabled. Register a hook lineage reader to start tracking hook lineage.
[2025-04-20T13:01:56.121+0000] {hook.py:208} WARNING - Data lineage tracking is disabled. Register a hook lineage reader to start tracking hook lineage.
[2025-04-20T13:01:56.151+0000] {connection.py:521} WARNING - Failed to parse headers (url=http://host.docker.internal:9000/tfl/data/raw/timetables/snapshot_20250420_130156.json): [MissingHeaderBodySeparatorDefect()], unparsed data: 'HTTP/1.1 200 OK\r\nAccept-Ranges: bytes\r\nContent-Length: 0\r\nETag: "cc1313b0ff90a23e8307d8ae578fdb64"\r\nServer: MinIO\r\nStrict-Transport-Security: max-age=31536000; includeSubDomains\r\nVary: Origin\r\nVary: Accept-Encoding\r\nX-Amz-Checksum-Crc32: C1X8pQ==\r\nX-Amz-Id-2: dd9025bab4ad464b049177c95eb6ebf374d3b3fd1af9251148b658df7ac2e3e8\r\nX-Amz-Request-Id: 1838086C2213DC72\r\nX-Content-Type-Options: nosniff\r\nX-Ratelimit-Limit: 1537\r\nX-Ratelimit-Remaining: 1537\r\nX-Xss-Protection: 1; mode=block\r\nDate: Sun, 20 Apr 2025 13:01:56 GMT\r\n\r\n'
Traceback (most recent call last):
  File "/home/airflow/.local/lib/python3.12/site-packages/urllib3/connection.py", line 519, in getresponse
    assert_header_parsing(httplib_response.msg)
  File "/home/airflow/.local/lib/python3.12/site-packages/urllib3/util/response.py", line 88, in assert_header_parsing
    raise HeaderParsingError(defects=defects, unparsed_data=unparsed_data)
urllib3.exceptions.HeaderParsingError: [MissingHeaderBodySeparatorDefect()], unparsed data: 'HTTP/1.1 200 OK\r\nAccept-Ranges: bytes\r\nContent-Length: 0\r\nETag: "cc1313b0ff90a23e8307d8ae578fdb64"\r\nServer: MinIO\r\nStrict-Transport-Security: max-age=31536000; includeSubDomains\r\nVary: Origin\r\nVary: Accept-Encoding\r\nX-Amz-Checksum-Crc32: C1X8pQ==\r\nX-Amz-Id-2: dd9025bab4ad464b049177c95eb6ebf374d3b3fd1af9251148b658df7ac2e3e8\r\nX-Amz-Request-Id: 1838086C2213DC72\r\nX-Content-Type-Options: nosniff\r\nX-Ratelimit-Limit: 1537\r\nX-Ratelimit-Remaining: 1537\r\nX-Xss-Protection: 1; mode=block\r\nDate: Sun, 20 Apr 2025 13:01:56 GMT\r\n\r\n'
[2025-04-20T13:02:26.407+0000] {hook.py:208} WARNING - Data lineage tracking is disabled. Register a hook lineage reader to start tracking hook lineage.
[2025-04-20T13:02:26.410+0000] {hook.py:208} WARNING - Data lineage tracking is disabled. Register a hook lineage reader to start tracking hook lineage.
[2025-04-20T13:02:26.412+0000] {my_dag.py:51} INFO - Uploaded snapshot_20250420_130156.json to s3://tfl/data/raw/timetables/snapshot_20250420_130156.json at timestamp 20250420_130156
[2025-04-20T13:02:27.712+0000] {base.py:84} INFO - Retrieving connection 'minio_conn'
[2025-04-20T13:02:27.715+0000] {connection_wrapper.py:328} INFO - AWS Connection (conn_id='minio_conn', conn_type='aws') credentials retrieved from extra.
[2025-04-20T13:02:27.837+0000] {logging_mixin.py:190} INFO - <botocore.client.S3 object at 0x7f48252f8080>
[2025-04-20T13:02:27.874+0000] {hook.py:208} WARNING - Data lineage tracking is disabled. Register a hook lineage reader to start tracking hook lineage.
[2025-04-20T13:02:27.877+0000] {hook.py:208} WARNING - Data lineage tracking is disabled. Register a hook lineage reader to start tracking hook lineage.
[2025-04-20T13:02:27.893+0000] {connection.py:521} WARNING - Failed to parse headers (url=http://host.docker.internal:9000/tfl/data/raw/stop_points/snapshot_20250420_130227.json): [MissingHeaderBodySeparatorDefect()], unparsed data: 'HTTP/1.1 200 OK\r\nAccept-Ranges: bytes\r\nContent-Length: 0\r\nETag: "507e6d68410f9a02824ba032bcf9f65d"\r\nServer: MinIO\r\nStrict-Transport-Security: max-age=31536000; includeSubDomains\r\nVary: Origin\r\nVary: Accept-Encoding\r\nX-Amz-Checksum-Crc32: 1gBsJQ==\r\nX-Amz-Id-2: dd9025bab4ad464b049177c95eb6ebf374d3b3fd1af9251148b658df7ac2e3e8\r\nX-Amz-Request-Id: 1838087386EDE227\r\nX-Content-Type-Options: nosniff\r\nX-Ratelimit-Limit: 1537\r\nX-Ratelimit-Remaining: 1537\r\nX-Xss-Protection: 1; mode=block\r\nDate: Sun, 20 Apr 2025 13:02:27 GMT\r\n\r\n'
Traceback (most recent call last):
  File "/home/airflow/.local/lib/python3.12/site-packages/urllib3/connection.py", line 519, in getresponse
    assert_header_parsing(httplib_response.msg)
  File "/home/airflow/.local/lib/python3.12/site-packages/urllib3/util/response.py", line 88, in assert_header_parsing
    raise HeaderParsingError(defects=defects, unparsed_data=unparsed_data)
urllib3.exceptions.HeaderParsingError: [MissingHeaderBodySeparatorDefect()], unparsed data: 'HTTP/1.1 200 OK\r\nAccept-Ranges: bytes\r\nContent-Length: 0\r\nETag: "507e6d68410f9a02824ba032bcf9f65d"\r\nServer: MinIO\r\nStrict-Transport-Security: max-age=31536000; includeSubDomains\r\nVary: Origin\r\nVary: Accept-Encoding\r\nX-Amz-Checksum-Crc32: 1gBsJQ==\r\nX-Amz-Id-2: dd9025bab4ad464b049177c95eb6ebf374d3b3fd1af9251148b658df7ac2e3e8\r\nX-Amz-Request-Id: 1838087386EDE227\r\nX-Content-Type-Options: nosniff\r\nX-Ratelimit-Limit: 1537\r\nX-Ratelimit-Remaining: 1537\r\nX-Xss-Protection: 1; mode=block\r\nDate: Sun, 20 Apr 2025 13:02:27 GMT\r\n\r\n'
[2025-04-20T13:02:58.150+0000] {hook.py:208} WARNING - Data lineage tracking is disabled. Register a hook lineage reader to start tracking hook lineage.
[2025-04-20T13:02:58.152+0000] {hook.py:208} WARNING - Data lineage tracking is disabled. Register a hook lineage reader to start tracking hook lineage.
[2025-04-20T13:02:58.156+0000] {my_dag.py:51} INFO - Uploaded snapshot_20250420_130227.json to s3://tfl/data/raw/stop_points/snapshot_20250420_130227.json at timestamp 20250420_130227
[2025-04-20T13:02:59.555+0000] {base.py:84} INFO - Retrieving connection 'minio_conn'
[2025-04-20T13:02:59.557+0000] {connection_wrapper.py:328} INFO - AWS Connection (conn_id='minio_conn', conn_type='aws') credentials retrieved from extra.
[2025-04-20T13:02:59.699+0000] {logging_mixin.py:190} INFO - <botocore.client.S3 object at 0x7f4824e43d70>
[2025-04-20T13:02:59.745+0000] {hook.py:208} WARNING - Data lineage tracking is disabled. Register a hook lineage reader to start tracking hook lineage.
[2025-04-20T13:02:59.747+0000] {hook.py:208} WARNING - Data lineage tracking is disabled. Register a hook lineage reader to start tracking hook lineage.
[2025-04-20T13:02:59.779+0000] {connection.py:521} WARNING - Failed to parse headers (url=http://host.docker.internal:9000/tfl/data/raw/timetables/snapshot_20250420_130259.json): [MissingHeaderBodySeparatorDefect()], unparsed data: 'HTTP/1.1 200 OK\r\nAccept-Ranges: bytes\r\nContent-Length: 0\r\nETag: "e0305f38343a3c7fd0a578e9803c039f"\r\nServer: MinIO\r\nStrict-Transport-Security: max-age=31536000; includeSubDomains\r\nVary: Origin\r\nVary: Accept-Encoding\r\nX-Amz-Checksum-Crc32: Uj0HnA==\r\nX-Amz-Id-2: dd9025bab4ad464b049177c95eb6ebf374d3b3fd1af9251148b658df7ac2e3e8\r\nX-Amz-Request-Id: 1838087AF29B2327\r\nX-Content-Type-Options: nosniff\r\nX-Ratelimit-Limit: 1537\r\nX-Ratelimit-Remaining: 1537\r\nX-Xss-Protection: 1; mode=block\r\nDate: Sun, 20 Apr 2025 13:02:59 GMT\r\n\r\n'
Traceback (most recent call last):
  File "/home/airflow/.local/lib/python3.12/site-packages/urllib3/connection.py", line 519, in getresponse
    assert_header_parsing(httplib_response.msg)
  File "/home/airflow/.local/lib/python3.12/site-packages/urllib3/util/response.py", line 88, in assert_header_parsing
    raise HeaderParsingError(defects=defects, unparsed_data=unparsed_data)
urllib3.exceptions.HeaderParsingError: [MissingHeaderBodySeparatorDefect()], unparsed data: 'HTTP/1.1 200 OK\r\nAccept-Ranges: bytes\r\nContent-Length: 0\r\nETag: "e0305f38343a3c7fd0a578e9803c039f"\r\nServer: MinIO\r\nStrict-Transport-Security: max-age=31536000; includeSubDomains\r\nVary: Origin\r\nVary: Accept-Encoding\r\nX-Amz-Checksum-Crc32: Uj0HnA==\r\nX-Amz-Id-2: dd9025bab4ad464b049177c95eb6ebf374d3b3fd1af9251148b658df7ac2e3e8\r\nX-Amz-Request-Id: 1838087AF29B2327\r\nX-Content-Type-Options: nosniff\r\nX-Ratelimit-Limit: 1537\r\nX-Ratelimit-Remaining: 1537\r\nX-Xss-Protection: 1; mode=block\r\nDate: Sun, 20 Apr 2025 13:02:59 GMT\r\n\r\n'
[2025-04-20T13:03:30.031+0000] {hook.py:208} WARNING - Data lineage tracking is disabled. Register a hook lineage reader to start tracking hook lineage.
[2025-04-20T13:03:30.032+0000] {hook.py:208} WARNING - Data lineage tracking is disabled. Register a hook lineage reader to start tracking hook lineage.
[2025-04-20T13:03:30.034+0000] {my_dag.py:51} INFO - Uploaded snapshot_20250420_130259.json to s3://tfl/data/raw/timetables/snapshot_20250420_130259.json at timestamp 20250420_130259
[2025-04-20T13:03:31.097+0000] {base.py:84} INFO - Retrieving connection 'minio_conn'
[2025-04-20T13:03:31.099+0000] {connection_wrapper.py:328} INFO - AWS Connection (conn_id='minio_conn', conn_type='aws') credentials retrieved from extra.
[2025-04-20T13:03:31.206+0000] {logging_mixin.py:190} INFO - <botocore.client.S3 object at 0x7f482387bc80>
[2025-04-20T13:03:31.254+0000] {hook.py:208} WARNING - Data lineage tracking is disabled. Register a hook lineage reader to start tracking hook lineage.
[2025-04-20T13:03:31.255+0000] {hook.py:208} WARNING - Data lineage tracking is disabled. Register a hook lineage reader to start tracking hook lineage.
[2025-04-20T13:03:31.272+0000] {connection.py:521} WARNING - Failed to parse headers (url=http://host.docker.internal:9000/tfl/data/raw/stop_points/snapshot_20250420_130331.json): [MissingHeaderBodySeparatorDefect()], unparsed data: 'HTTP/1.1 200 OK\r\nAccept-Ranges: bytes\r\nContent-Length: 0\r\nETag: "e6063089e3772a7665a59ed9058aa509"\r\nServer: MinIO\r\nStrict-Transport-Security: max-age=31536000; includeSubDomains\r\nVary: Origin\r\nVary: Accept-Encoding\r\nX-Amz-Checksum-Crc32: zT2nMA==\r\nX-Amz-Id-2: dd9025bab4ad464b049177c95eb6ebf374d3b3fd1af9251148b658df7ac2e3e8\r\nX-Amz-Request-Id: 1838088248888384\r\nX-Content-Type-Options: nosniff\r\nX-Ratelimit-Limit: 1537\r\nX-Ratelimit-Remaining: 1537\r\nX-Xss-Protection: 1; mode=block\r\nDate: Sun, 20 Apr 2025 13:03:31 GMT\r\n\r\n'
Traceback (most recent call last):
  File "/home/airflow/.local/lib/python3.12/site-packages/urllib3/connection.py", line 519, in getresponse
    assert_header_parsing(httplib_response.msg)
  File "/home/airflow/.local/lib/python3.12/site-packages/urllib3/util/response.py", line 88, in assert_header_parsing
    raise HeaderParsingError(defects=defects, unparsed_data=unparsed_data)
urllib3.exceptions.HeaderParsingError: [MissingHeaderBodySeparatorDefect()], unparsed data: 'HTTP/1.1 200 OK\r\nAccept-Ranges: bytes\r\nContent-Length: 0\r\nETag: "e6063089e3772a7665a59ed9058aa509"\r\nServer: MinIO\r\nStrict-Transport-Security: max-age=31536000; includeSubDomains\r\nVary: Origin\r\nVary: Accept-Encoding\r\nX-Amz-Checksum-Crc32: zT2nMA==\r\nX-Amz-Id-2: dd9025bab4ad464b049177c95eb6ebf374d3b3fd1af9251148b658df7ac2e3e8\r\nX-Amz-Request-Id: 1838088248888384\r\nX-Content-Type-Options: nosniff\r\nX-Ratelimit-Limit: 1537\r\nX-Ratelimit-Remaining: 1537\r\nX-Xss-Protection: 1; mode=block\r\nDate: Sun, 20 Apr 2025 13:03:31 GMT\r\n\r\n'
[2025-04-20T13:04:01.525+0000] {hook.py:208} WARNING - Data lineage tracking is disabled. Register a hook lineage reader to start tracking hook lineage.
[2025-04-20T13:04:01.526+0000] {hook.py:208} WARNING - Data lineage tracking is disabled. Register a hook lineage reader to start tracking hook lineage.
[2025-04-20T13:04:01.528+0000] {my_dag.py:51} INFO - Uploaded snapshot_20250420_130331.json to s3://tfl/data/raw/stop_points/snapshot_20250420_130331.json at timestamp 20250420_130331
[2025-04-20T13:04:02.739+0000] {logging_mixin.py:190} INFO - Error fetching data  'timetable'
[2025-04-20T13:04:02.749+0000] {base.py:84} INFO - Retrieving connection 'minio_conn'
[2025-04-20T13:04:02.751+0000] {connection_wrapper.py:328} INFO - AWS Connection (conn_id='minio_conn', conn_type='aws') credentials retrieved from extra.
[2025-04-20T13:04:02.878+0000] {logging_mixin.py:190} INFO - <botocore.client.S3 object at 0x7f4820f6bd10>
[2025-04-20T13:04:02.912+0000] {hook.py:208} WARNING - Data lineage tracking is disabled. Register a hook lineage reader to start tracking hook lineage.
[2025-04-20T13:04:02.914+0000] {hook.py:208} WARNING - Data lineage tracking is disabled. Register a hook lineage reader to start tracking hook lineage.
[2025-04-20T13:04:02.928+0000] {connection.py:521} WARNING - Failed to parse headers (url=http://host.docker.internal:9000/tfl/data/raw/timetables/snapshot_20250420_130402.json): [MissingHeaderBodySeparatorDefect()], unparsed data: 'HTTP/1.1 200 OK\r\nAccept-Ranges: bytes\r\nContent-Length: 0\r\nETag: "37a6259cc0c1dae299a7866489dff0bd"\r\nServer: MinIO\r\nStrict-Transport-Security: max-age=31536000; includeSubDomains\r\nVary: Origin\r\nVary: Accept-Encoding\r\nX-Amz-Checksum-Crc32: Jcv8Tw==\r\nX-Amz-Id-2: dd9025bab4ad464b049177c95eb6ebf374d3b3fd1af9251148b658df7ac2e3e8\r\nX-Amz-Request-Id: 18380889A7986691\r\nX-Content-Type-Options: nosniff\r\nX-Ratelimit-Limit: 1537\r\nX-Ratelimit-Remaining: 1537\r\nX-Xss-Protection: 1; mode=block\r\nDate: Sun, 20 Apr 2025 13:04:02 GMT\r\n\r\n'
Traceback (most recent call last):
  File "/home/airflow/.local/lib/python3.12/site-packages/urllib3/connection.py", line 519, in getresponse
    assert_header_parsing(httplib_response.msg)
  File "/home/airflow/.local/lib/python3.12/site-packages/urllib3/util/response.py", line 88, in assert_header_parsing
    raise HeaderParsingError(defects=defects, unparsed_data=unparsed_data)
urllib3.exceptions.HeaderParsingError: [MissingHeaderBodySeparatorDefect()], unparsed data: 'HTTP/1.1 200 OK\r\nAccept-Ranges: bytes\r\nContent-Length: 0\r\nETag: "37a6259cc0c1dae299a7866489dff0bd"\r\nServer: MinIO\r\nStrict-Transport-Security: max-age=31536000; includeSubDomains\r\nVary: Origin\r\nVary: Accept-Encoding\r\nX-Amz-Checksum-Crc32: Jcv8Tw==\r\nX-Amz-Id-2: dd9025bab4ad464b049177c95eb6ebf374d3b3fd1af9251148b658df7ac2e3e8\r\nX-Amz-Request-Id: 18380889A7986691\r\nX-Content-Type-Options: nosniff\r\nX-Ratelimit-Limit: 1537\r\nX-Ratelimit-Remaining: 1537\r\nX-Xss-Protection: 1; mode=block\r\nDate: Sun, 20 Apr 2025 13:04:02 GMT\r\n\r\n'
[2025-04-20T13:04:33.184+0000] {hook.py:208} WARNING - Data lineage tracking is disabled. Register a hook lineage reader to start tracking hook lineage.
[2025-04-20T13:04:33.186+0000] {hook.py:208} WARNING - Data lineage tracking is disabled. Register a hook lineage reader to start tracking hook lineage.
[2025-04-20T13:04:33.188+0000] {my_dag.py:51} INFO - Uploaded snapshot_20250420_130402.json to s3://tfl/data/raw/timetables/snapshot_20250420_130402.json at timestamp 20250420_130402
[2025-04-20T13:04:35.001+0000] {base.py:84} INFO - Retrieving connection 'minio_conn'
[2025-04-20T13:04:35.004+0000] {connection_wrapper.py:328} INFO - AWS Connection (conn_id='minio_conn', conn_type='aws') credentials retrieved from extra.
[2025-04-20T13:04:35.114+0000] {logging_mixin.py:190} INFO - <botocore.client.S3 object at 0x7f4820951fd0>
[2025-04-20T13:04:35.144+0000] {hook.py:208} WARNING - Data lineage tracking is disabled. Register a hook lineage reader to start tracking hook lineage.
[2025-04-20T13:04:35.146+0000] {hook.py:208} WARNING - Data lineage tracking is disabled. Register a hook lineage reader to start tracking hook lineage.
[2025-04-20T13:04:35.161+0000] {connection.py:521} WARNING - Failed to parse headers (url=http://host.docker.internal:9000/tfl/data/raw/stop_points/snapshot_20250420_130435.json): [MissingHeaderBodySeparatorDefect()], unparsed data: 'HTTP/1.1 200 OK\r\nAccept-Ranges: bytes\r\nContent-Length: 0\r\nETag: "7af3725a9b83a209ad7ead7f88e65d6d"\r\nServer: MinIO\r\nStrict-Transport-Security: max-age=31536000; includeSubDomains\r\nVary: Origin\r\nVary: Accept-Encoding\r\nX-Amz-Checksum-Crc32: FVDriA==\r\nX-Amz-Id-2: dd9025bab4ad464b049177c95eb6ebf374d3b3fd1af9251148b658df7ac2e3e8\r\nX-Amz-Request-Id: 1838089128B2DFE5\r\nX-Content-Type-Options: nosniff\r\nX-Ratelimit-Limit: 1537\r\nX-Ratelimit-Remaining: 1537\r\nX-Xss-Protection: 1; mode=block\r\nDate: Sun, 20 Apr 2025 13:04:35 GMT\r\n\r\n'
Traceback (most recent call last):
  File "/home/airflow/.local/lib/python3.12/site-packages/urllib3/connection.py", line 519, in getresponse
    assert_header_parsing(httplib_response.msg)
  File "/home/airflow/.local/lib/python3.12/site-packages/urllib3/util/response.py", line 88, in assert_header_parsing
    raise HeaderParsingError(defects=defects, unparsed_data=unparsed_data)
urllib3.exceptions.HeaderParsingError: [MissingHeaderBodySeparatorDefect()], unparsed data: 'HTTP/1.1 200 OK\r\nAccept-Ranges: bytes\r\nContent-Length: 0\r\nETag: "7af3725a9b83a209ad7ead7f88e65d6d"\r\nServer: MinIO\r\nStrict-Transport-Security: max-age=31536000; includeSubDomains\r\nVary: Origin\r\nVary: Accept-Encoding\r\nX-Amz-Checksum-Crc32: FVDriA==\r\nX-Amz-Id-2: dd9025bab4ad464b049177c95eb6ebf374d3b3fd1af9251148b658df7ac2e3e8\r\nX-Amz-Request-Id: 1838089128B2DFE5\r\nX-Content-Type-Options: nosniff\r\nX-Ratelimit-Limit: 1537\r\nX-Ratelimit-Remaining: 1537\r\nX-Xss-Protection: 1; mode=block\r\nDate: Sun, 20 Apr 2025 13:04:35 GMT\r\n\r\n'
[2025-04-20T13:05:05.412+0000] {hook.py:208} WARNING - Data lineage tracking is disabled. Register a hook lineage reader to start tracking hook lineage.
[2025-04-20T13:05:05.414+0000] {hook.py:208} WARNING - Data lineage tracking is disabled. Register a hook lineage reader to start tracking hook lineage.
[2025-04-20T13:05:05.415+0000] {my_dag.py:51} INFO - Uploaded snapshot_20250420_130435.json to s3://tfl/data/raw/stop_points/snapshot_20250420_130435.json at timestamp 20250420_130435
[2025-04-20T13:05:07.049+0000] {base.py:84} INFO - Retrieving connection 'minio_conn'
[2025-04-20T13:05:07.051+0000] {connection_wrapper.py:328} INFO - AWS Connection (conn_id='minio_conn', conn_type='aws') credentials retrieved from extra.
[2025-04-20T13:05:07.149+0000] {logging_mixin.py:190} INFO - <botocore.client.S3 object at 0x7f48213e24e0>
[2025-04-20T13:05:07.668+0000] {hook.py:208} WARNING - Data lineage tracking is disabled. Register a hook lineage reader to start tracking hook lineage.
[2025-04-20T13:05:07.670+0000] {hook.py:208} WARNING - Data lineage tracking is disabled. Register a hook lineage reader to start tracking hook lineage.
[2025-04-20T13:05:07.701+0000] {connection.py:521} WARNING - Failed to parse headers (url=http://host.docker.internal:9000/tfl/data/raw/timetables/snapshot_20250420_130507.json): [MissingHeaderBodySeparatorDefect()], unparsed data: 'HTTP/1.1 200 OK\r\nAccept-Ranges: bytes\r\nContent-Length: 0\r\nETag: "71cff760a77af8f371c7b838f5269ed0"\r\nServer: MinIO\r\nStrict-Transport-Security: max-age=31536000; includeSubDomains\r\nVary: Origin\r\nVary: Accept-Encoding\r\nX-Amz-Checksum-Crc32: D30weg==\r\nX-Amz-Id-2: dd9025bab4ad464b049177c95eb6ebf374d3b3fd1af9251148b658df7ac2e3e8\r\nX-Amz-Request-Id: 18380898BB563605\r\nX-Content-Type-Options: nosniff\r\nX-Ratelimit-Limit: 1537\r\nX-Ratelimit-Remaining: 1537\r\nX-Xss-Protection: 1; mode=block\r\nDate: Sun, 20 Apr 2025 13:05:07 GMT\r\n\r\n'
Traceback (most recent call last):
  File "/home/airflow/.local/lib/python3.12/site-packages/urllib3/connection.py", line 519, in getresponse
    assert_header_parsing(httplib_response.msg)
  File "/home/airflow/.local/lib/python3.12/site-packages/urllib3/util/response.py", line 88, in assert_header_parsing
    raise HeaderParsingError(defects=defects, unparsed_data=unparsed_data)
urllib3.exceptions.HeaderParsingError: [MissingHeaderBodySeparatorDefect()], unparsed data: 'HTTP/1.1 200 OK\r\nAccept-Ranges: bytes\r\nContent-Length: 0\r\nETag: "71cff760a77af8f371c7b838f5269ed0"\r\nServer: MinIO\r\nStrict-Transport-Security: max-age=31536000; includeSubDomains\r\nVary: Origin\r\nVary: Accept-Encoding\r\nX-Amz-Checksum-Crc32: D30weg==\r\nX-Amz-Id-2: dd9025bab4ad464b049177c95eb6ebf374d3b3fd1af9251148b658df7ac2e3e8\r\nX-Amz-Request-Id: 18380898BB563605\r\nX-Content-Type-Options: nosniff\r\nX-Ratelimit-Limit: 1537\r\nX-Ratelimit-Remaining: 1537\r\nX-Xss-Protection: 1; mode=block\r\nDate: Sun, 20 Apr 2025 13:05:07 GMT\r\n\r\n'
[2025-04-20T13:05:37.955+0000] {hook.py:208} WARNING - Data lineage tracking is disabled. Register a hook lineage reader to start tracking hook lineage.
[2025-04-20T13:05:37.957+0000] {hook.py:208} WARNING - Data lineage tracking is disabled. Register a hook lineage reader to start tracking hook lineage.
[2025-04-20T13:05:37.959+0000] {my_dag.py:51} INFO - Uploaded snapshot_20250420_130507.json to s3://tfl/data/raw/timetables/snapshot_20250420_130507.json at timestamp 20250420_130507
[2025-04-20T13:05:39.707+0000] {base.py:84} INFO - Retrieving connection 'minio_conn'
[2025-04-20T13:05:39.709+0000] {connection_wrapper.py:328} INFO - AWS Connection (conn_id='minio_conn', conn_type='aws') credentials retrieved from extra.
[2025-04-20T13:05:39.819+0000] {logging_mixin.py:190} INFO - <botocore.client.S3 object at 0x7f4823b1be90>
[2025-04-20T13:05:39.854+0000] {hook.py:208} WARNING - Data lineage tracking is disabled. Register a hook lineage reader to start tracking hook lineage.
[2025-04-20T13:05:39.856+0000] {hook.py:208} WARNING - Data lineage tracking is disabled. Register a hook lineage reader to start tracking hook lineage.
[2025-04-20T13:05:39.870+0000] {connection.py:521} WARNING - Failed to parse headers (url=http://host.docker.internal:9000/tfl/data/raw/stop_points/snapshot_20250420_130539.json): [MissingHeaderBodySeparatorDefect()], unparsed data: 'HTTP/1.1 200 OK\r\nAccept-Ranges: bytes\r\nContent-Length: 0\r\nETag: "db09c6be1887312232d470546acfba5c"\r\nServer: MinIO\r\nStrict-Transport-Security: max-age=31536000; includeSubDomains\r\nVary: Origin\r\nVary: Accept-Encoding\r\nX-Amz-Checksum-Crc32: kk4Elg==\r\nX-Amz-Id-2: dd9025bab4ad464b049177c95eb6ebf374d3b3fd1af9251148b658df7ac2e3e8\r\nX-Amz-Request-Id: 183808A039B246C1\r\nX-Content-Type-Options: nosniff\r\nX-Ratelimit-Limit: 1537\r\nX-Ratelimit-Remaining: 1537\r\nX-Xss-Protection: 1; mode=block\r\nDate: Sun, 20 Apr 2025 13:05:39 GMT\r\n\r\n'
Traceback (most recent call last):
  File "/home/airflow/.local/lib/python3.12/site-packages/urllib3/connection.py", line 519, in getresponse
    assert_header_parsing(httplib_response.msg)
  File "/home/airflow/.local/lib/python3.12/site-packages/urllib3/util/response.py", line 88, in assert_header_parsing
    raise HeaderParsingError(defects=defects, unparsed_data=unparsed_data)
urllib3.exceptions.HeaderParsingError: [MissingHeaderBodySeparatorDefect()], unparsed data: 'HTTP/1.1 200 OK\r\nAccept-Ranges: bytes\r\nContent-Length: 0\r\nETag: "db09c6be1887312232d470546acfba5c"\r\nServer: MinIO\r\nStrict-Transport-Security: max-age=31536000; includeSubDomains\r\nVary: Origin\r\nVary: Accept-Encoding\r\nX-Amz-Checksum-Crc32: kk4Elg==\r\nX-Amz-Id-2: dd9025bab4ad464b049177c95eb6ebf374d3b3fd1af9251148b658df7ac2e3e8\r\nX-Amz-Request-Id: 183808A039B246C1\r\nX-Content-Type-Options: nosniff\r\nX-Ratelimit-Limit: 1537\r\nX-Ratelimit-Remaining: 1537\r\nX-Xss-Protection: 1; mode=block\r\nDate: Sun, 20 Apr 2025 13:05:39 GMT\r\n\r\n'
[2025-04-20T13:06:10.122+0000] {hook.py:208} WARNING - Data lineage tracking is disabled. Register a hook lineage reader to start tracking hook lineage.
[2025-04-20T13:06:10.124+0000] {hook.py:208} WARNING - Data lineage tracking is disabled. Register a hook lineage reader to start tracking hook lineage.
[2025-04-20T13:06:10.126+0000] {my_dag.py:51} INFO - Uploaded snapshot_20250420_130539.json to s3://tfl/data/raw/stop_points/snapshot_20250420_130539.json at timestamp 20250420_130539
[2025-04-20T13:06:11.749+0000] {logging_mixin.py:190} INFO - Error fetching data  'timetable'
[2025-04-20T13:06:11.769+0000] {base.py:84} INFO - Retrieving connection 'minio_conn'
[2025-04-20T13:06:11.771+0000] {connection_wrapper.py:328} INFO - AWS Connection (conn_id='minio_conn', conn_type='aws') credentials retrieved from extra.
[2025-04-20T13:06:11.902+0000] {logging_mixin.py:190} INFO - <botocore.client.S3 object at 0x7f482382b380>
[2025-04-20T13:06:11.931+0000] {hook.py:208} WARNING - Data lineage tracking is disabled. Register a hook lineage reader to start tracking hook lineage.
[2025-04-20T13:06:11.934+0000] {hook.py:208} WARNING - Data lineage tracking is disabled. Register a hook lineage reader to start tracking hook lineage.
[2025-04-20T13:06:11.947+0000] {connection.py:521} WARNING - Failed to parse headers (url=http://host.docker.internal:9000/tfl/data/raw/timetables/snapshot_20250420_130611.json): [MissingHeaderBodySeparatorDefect()], unparsed data: 'HTTP/1.1 200 OK\r\nAccept-Ranges: bytes\r\nContent-Length: 0\r\nETag: "37a6259cc0c1dae299a7866489dff0bd"\r\nServer: MinIO\r\nStrict-Transport-Security: max-age=31536000; includeSubDomains\r\nVary: Origin\r\nVary: Accept-Encoding\r\nX-Amz-Checksum-Crc32: Jcv8Tw==\r\nX-Amz-Id-2: dd9025bab4ad464b049177c95eb6ebf374d3b3fd1af9251148b658df7ac2e3e8\r\nX-Amz-Request-Id: 183808A7B1B86A3D\r\nX-Content-Type-Options: nosniff\r\nX-Ratelimit-Limit: 1537\r\nX-Ratelimit-Remaining: 1537\r\nX-Xss-Protection: 1; mode=block\r\nDate: Sun, 20 Apr 2025 13:06:11 GMT\r\n\r\n'
Traceback (most recent call last):
  File "/home/airflow/.local/lib/python3.12/site-packages/urllib3/connection.py", line 519, in getresponse
    assert_header_parsing(httplib_response.msg)
  File "/home/airflow/.local/lib/python3.12/site-packages/urllib3/util/response.py", line 88, in assert_header_parsing
    raise HeaderParsingError(defects=defects, unparsed_data=unparsed_data)
urllib3.exceptions.HeaderParsingError: [MissingHeaderBodySeparatorDefect()], unparsed data: 'HTTP/1.1 200 OK\r\nAccept-Ranges: bytes\r\nContent-Length: 0\r\nETag: "37a6259cc0c1dae299a7866489dff0bd"\r\nServer: MinIO\r\nStrict-Transport-Security: max-age=31536000; includeSubDomains\r\nVary: Origin\r\nVary: Accept-Encoding\r\nX-Amz-Checksum-Crc32: Jcv8Tw==\r\nX-Amz-Id-2: dd9025bab4ad464b049177c95eb6ebf374d3b3fd1af9251148b658df7ac2e3e8\r\nX-Amz-Request-Id: 183808A7B1B86A3D\r\nX-Content-Type-Options: nosniff\r\nX-Ratelimit-Limit: 1537\r\nX-Ratelimit-Remaining: 1537\r\nX-Xss-Protection: 1; mode=block\r\nDate: Sun, 20 Apr 2025 13:06:11 GMT\r\n\r\n'
[2025-04-20T13:06:42.199+0000] {hook.py:208} WARNING - Data lineage tracking is disabled. Register a hook lineage reader to start tracking hook lineage.
[2025-04-20T13:06:42.200+0000] {hook.py:208} WARNING - Data lineage tracking is disabled. Register a hook lineage reader to start tracking hook lineage.
[2025-04-20T13:06:42.202+0000] {my_dag.py:51} INFO - Uploaded snapshot_20250420_130611.json to s3://tfl/data/raw/timetables/snapshot_20250420_130611.json at timestamp 20250420_130611
[2025-04-20T13:06:45.349+0000] {base.py:84} INFO - Retrieving connection 'minio_conn'
[2025-04-20T13:06:45.351+0000] {connection_wrapper.py:328} INFO - AWS Connection (conn_id='minio_conn', conn_type='aws') credentials retrieved from extra.
[2025-04-20T13:06:45.452+0000] {logging_mixin.py:190} INFO - <botocore.client.S3 object at 0x7f482493ed20>
[2025-04-20T13:06:45.485+0000] {hook.py:208} WARNING - Data lineage tracking is disabled. Register a hook lineage reader to start tracking hook lineage.
[2025-04-20T13:06:45.487+0000] {hook.py:208} WARNING - Data lineage tracking is disabled. Register a hook lineage reader to start tracking hook lineage.
[2025-04-20T13:06:45.501+0000] {connection.py:521} WARNING - Failed to parse headers (url=http://host.docker.internal:9000/tfl/data/raw/stop_points/snapshot_20250420_130645.json): [MissingHeaderBodySeparatorDefect()], unparsed data: 'HTTP/1.1 200 OK\r\nAccept-Ranges: bytes\r\nContent-Length: 0\r\nETag: "d22722d6c4df0d8700e7e128c68260ee"\r\nServer: MinIO\r\nStrict-Transport-Security: max-age=31536000; includeSubDomains\r\nVary: Origin\r\nVary: Accept-Encoding\r\nX-Amz-Checksum-Crc32: aJ/jmA==\r\nX-Amz-Id-2: dd9025bab4ad464b049177c95eb6ebf374d3b3fd1af9251148b658df7ac2e3e8\r\nX-Amz-Request-Id: 183808AF819F1C1D\r\nX-Content-Type-Options: nosniff\r\nX-Ratelimit-Limit: 1537\r\nX-Ratelimit-Remaining: 1537\r\nX-Xss-Protection: 1; mode=block\r\nDate: Sun, 20 Apr 2025 13:06:45 GMT\r\n\r\n'
Traceback (most recent call last):
  File "/home/airflow/.local/lib/python3.12/site-packages/urllib3/connection.py", line 519, in getresponse
    assert_header_parsing(httplib_response.msg)
  File "/home/airflow/.local/lib/python3.12/site-packages/urllib3/util/response.py", line 88, in assert_header_parsing
    raise HeaderParsingError(defects=defects, unparsed_data=unparsed_data)
urllib3.exceptions.HeaderParsingError: [MissingHeaderBodySeparatorDefect()], unparsed data: 'HTTP/1.1 200 OK\r\nAccept-Ranges: bytes\r\nContent-Length: 0\r\nETag: "d22722d6c4df0d8700e7e128c68260ee"\r\nServer: MinIO\r\nStrict-Transport-Security: max-age=31536000; includeSubDomains\r\nVary: Origin\r\nVary: Accept-Encoding\r\nX-Amz-Checksum-Crc32: aJ/jmA==\r\nX-Amz-Id-2: dd9025bab4ad464b049177c95eb6ebf374d3b3fd1af9251148b658df7ac2e3e8\r\nX-Amz-Request-Id: 183808AF819F1C1D\r\nX-Content-Type-Options: nosniff\r\nX-Ratelimit-Limit: 1537\r\nX-Ratelimit-Remaining: 1537\r\nX-Xss-Protection: 1; mode=block\r\nDate: Sun, 20 Apr 2025 13:06:45 GMT\r\n\r\n'
[2025-04-20T13:07:15.754+0000] {hook.py:208} WARNING - Data lineage tracking is disabled. Register a hook lineage reader to start tracking hook lineage.
[2025-04-20T13:07:15.757+0000] {hook.py:208} WARNING - Data lineage tracking is disabled. Register a hook lineage reader to start tracking hook lineage.
[2025-04-20T13:07:15.759+0000] {my_dag.py:51} INFO - Uploaded snapshot_20250420_130645.json to s3://tfl/data/raw/stop_points/snapshot_20250420_130645.json at timestamp 20250420_130645
[2025-04-20T13:07:18.597+0000] {logging_mixin.py:190} INFO - Error fetching data  'timetable'
[2025-04-20T13:07:18.613+0000] {base.py:84} INFO - Retrieving connection 'minio_conn'
[2025-04-20T13:07:18.615+0000] {connection_wrapper.py:328} INFO - AWS Connection (conn_id='minio_conn', conn_type='aws') credentials retrieved from extra.
[2025-04-20T13:07:18.724+0000] {logging_mixin.py:190} INFO - <botocore.client.S3 object at 0x7f4825c9f9b0>
[2025-04-20T13:07:18.759+0000] {hook.py:208} WARNING - Data lineage tracking is disabled. Register a hook lineage reader to start tracking hook lineage.
[2025-04-20T13:07:18.761+0000] {hook.py:208} WARNING - Data lineage tracking is disabled. Register a hook lineage reader to start tracking hook lineage.
[2025-04-20T13:07:18.778+0000] {connection.py:521} WARNING - Failed to parse headers (url=http://host.docker.internal:9000/tfl/data/raw/timetables/snapshot_20250420_130718.json): [MissingHeaderBodySeparatorDefect()], unparsed data: 'HTTP/1.1 200 OK\r\nAccept-Ranges: bytes\r\nContent-Length: 0\r\nETag: "37a6259cc0c1dae299a7866489dff0bd"\r\nServer: MinIO\r\nStrict-Transport-Security: max-age=31536000; includeSubDomains\r\nVary: Origin\r\nVary: Accept-Encoding\r\nX-Amz-Checksum-Crc32: Jcv8Tw==\r\nX-Amz-Id-2: dd9025bab4ad464b049177c95eb6ebf374d3b3fd1af9251148b658df7ac2e3e8\r\nX-Amz-Request-Id: 183808B741007128\r\nX-Content-Type-Options: nosniff\r\nX-Ratelimit-Limit: 1537\r\nX-Ratelimit-Remaining: 1537\r\nX-Xss-Protection: 1; mode=block\r\nDate: Sun, 20 Apr 2025 13:07:18 GMT\r\n\r\n'
Traceback (most recent call last):
  File "/home/airflow/.local/lib/python3.12/site-packages/urllib3/connection.py", line 519, in getresponse
    assert_header_parsing(httplib_response.msg)
  File "/home/airflow/.local/lib/python3.12/site-packages/urllib3/util/response.py", line 88, in assert_header_parsing
    raise HeaderParsingError(defects=defects, unparsed_data=unparsed_data)
urllib3.exceptions.HeaderParsingError: [MissingHeaderBodySeparatorDefect()], unparsed data: 'HTTP/1.1 200 OK\r\nAccept-Ranges: bytes\r\nContent-Length: 0\r\nETag: "37a6259cc0c1dae299a7866489dff0bd"\r\nServer: MinIO\r\nStrict-Transport-Security: max-age=31536000; includeSubDomains\r\nVary: Origin\r\nVary: Accept-Encoding\r\nX-Amz-Checksum-Crc32: Jcv8Tw==\r\nX-Amz-Id-2: dd9025bab4ad464b049177c95eb6ebf374d3b3fd1af9251148b658df7ac2e3e8\r\nX-Amz-Request-Id: 183808B741007128\r\nX-Content-Type-Options: nosniff\r\nX-Ratelimit-Limit: 1537\r\nX-Ratelimit-Remaining: 1537\r\nX-Xss-Protection: 1; mode=block\r\nDate: Sun, 20 Apr 2025 13:07:18 GMT\r\n\r\n'
[2025-04-20T13:07:49.031+0000] {hook.py:208} WARNING - Data lineage tracking is disabled. Register a hook lineage reader to start tracking hook lineage.
[2025-04-20T13:07:49.035+0000] {hook.py:208} WARNING - Data lineage tracking is disabled. Register a hook lineage reader to start tracking hook lineage.
[2025-04-20T13:07:49.037+0000] {my_dag.py:51} INFO - Uploaded snapshot_20250420_130718.json to s3://tfl/data/raw/timetables/snapshot_20250420_130718.json at timestamp 20250420_130718
[2025-04-20T13:07:50.239+0000] {base.py:84} INFO - Retrieving connection 'minio_conn'
[2025-04-20T13:07:50.241+0000] {connection_wrapper.py:328} INFO - AWS Connection (conn_id='minio_conn', conn_type='aws') credentials retrieved from extra.
[2025-04-20T13:07:50.398+0000] {logging_mixin.py:190} INFO - <botocore.client.S3 object at 0x7f4825de3320>
[2025-04-20T13:07:50.431+0000] {hook.py:208} WARNING - Data lineage tracking is disabled. Register a hook lineage reader to start tracking hook lineage.
[2025-04-20T13:07:50.432+0000] {hook.py:208} WARNING - Data lineage tracking is disabled. Register a hook lineage reader to start tracking hook lineage.
[2025-04-20T13:07:50.449+0000] {connection.py:521} WARNING - Failed to parse headers (url=http://host.docker.internal:9000/tfl/data/raw/stop_points/snapshot_20250420_130750.json): [MissingHeaderBodySeparatorDefect()], unparsed data: 'HTTP/1.1 200 OK\r\nAccept-Ranges: bytes\r\nContent-Length: 0\r\nETag: "fe48f43f032331396214a744d55cbda6"\r\nServer: MinIO\r\nStrict-Transport-Security: max-age=31536000; includeSubDomains\r\nVary: Origin\r\nVary: Accept-Encoding\r\nX-Amz-Checksum-Crc32: 1GzdEw==\r\nX-Amz-Id-2: dd9025bab4ad464b049177c95eb6ebf374d3b3fd1af9251148b658df7ac2e3e8\r\nX-Amz-Request-Id: 183808BEA0C0E932\r\nX-Content-Type-Options: nosniff\r\nX-Ratelimit-Limit: 1537\r\nX-Ratelimit-Remaining: 1537\r\nX-Xss-Protection: 1; mode=block\r\nDate: Sun, 20 Apr 2025 13:07:50 GMT\r\n\r\n'
Traceback (most recent call last):
  File "/home/airflow/.local/lib/python3.12/site-packages/urllib3/connection.py", line 519, in getresponse
    assert_header_parsing(httplib_response.msg)
  File "/home/airflow/.local/lib/python3.12/site-packages/urllib3/util/response.py", line 88, in assert_header_parsing
    raise HeaderParsingError(defects=defects, unparsed_data=unparsed_data)
urllib3.exceptions.HeaderParsingError: [MissingHeaderBodySeparatorDefect()], unparsed data: 'HTTP/1.1 200 OK\r\nAccept-Ranges: bytes\r\nContent-Length: 0\r\nETag: "fe48f43f032331396214a744d55cbda6"\r\nServer: MinIO\r\nStrict-Transport-Security: max-age=31536000; includeSubDomains\r\nVary: Origin\r\nVary: Accept-Encoding\r\nX-Amz-Checksum-Crc32: 1GzdEw==\r\nX-Amz-Id-2: dd9025bab4ad464b049177c95eb6ebf374d3b3fd1af9251148b658df7ac2e3e8\r\nX-Amz-Request-Id: 183808BEA0C0E932\r\nX-Content-Type-Options: nosniff\r\nX-Ratelimit-Limit: 1537\r\nX-Ratelimit-Remaining: 1537\r\nX-Xss-Protection: 1; mode=block\r\nDate: Sun, 20 Apr 2025 13:07:50 GMT\r\n\r\n'
[2025-04-20T13:08:20.703+0000] {hook.py:208} WARNING - Data lineage tracking is disabled. Register a hook lineage reader to start tracking hook lineage.
[2025-04-20T13:08:20.706+0000] {hook.py:208} WARNING - Data lineage tracking is disabled. Register a hook lineage reader to start tracking hook lineage.
[2025-04-20T13:08:20.708+0000] {my_dag.py:51} INFO - Uploaded snapshot_20250420_130750.json to s3://tfl/data/raw/stop_points/snapshot_20250420_130750.json at timestamp 20250420_130750
[2025-04-20T13:08:22.105+0000] {logging_mixin.py:190} INFO - Error fetching data  'timetable'
[2025-04-20T13:08:22.112+0000] {base.py:84} INFO - Retrieving connection 'minio_conn'
[2025-04-20T13:08:22.113+0000] {connection_wrapper.py:328} INFO - AWS Connection (conn_id='minio_conn', conn_type='aws') credentials retrieved from extra.
[2025-04-20T13:08:22.183+0000] {logging_mixin.py:190} INFO - <botocore.client.S3 object at 0x7f4825531340>
[2025-04-20T13:08:22.207+0000] {hook.py:208} WARNING - Data lineage tracking is disabled. Register a hook lineage reader to start tracking hook lineage.
[2025-04-20T13:08:22.208+0000] {hook.py:208} WARNING - Data lineage tracking is disabled. Register a hook lineage reader to start tracking hook lineage.
[2025-04-20T13:08:22.221+0000] {connection.py:521} WARNING - Failed to parse headers (url=http://host.docker.internal:9000/tfl/data/raw/timetables/snapshot_20250420_130822.json): [MissingHeaderBodySeparatorDefect()], unparsed data: 'HTTP/1.1 200 OK\r\nAccept-Ranges: bytes\r\nContent-Length: 0\r\nETag: "37a6259cc0c1dae299a7866489dff0bd"\r\nServer: MinIO\r\nStrict-Transport-Security: max-age=31536000; includeSubDomains\r\nVary: Origin\r\nVary: Accept-Encoding\r\nX-Amz-Checksum-Crc32: Jcv8Tw==\r\nX-Amz-Id-2: dd9025bab4ad464b049177c95eb6ebf374d3b3fd1af9251148b658df7ac2e3e8\r\nX-Amz-Request-Id: 183808C60694F08B\r\nX-Content-Type-Options: nosniff\r\nX-Ratelimit-Limit: 1537\r\nX-Ratelimit-Remaining: 1537\r\nX-Xss-Protection: 1; mode=block\r\nDate: Sun, 20 Apr 2025 13:08:22 GMT\r\n\r\n'
Traceback (most recent call last):
  File "/home/airflow/.local/lib/python3.12/site-packages/urllib3/connection.py", line 519, in getresponse
    assert_header_parsing(httplib_response.msg)
  File "/home/airflow/.local/lib/python3.12/site-packages/urllib3/util/response.py", line 88, in assert_header_parsing
    raise HeaderParsingError(defects=defects, unparsed_data=unparsed_data)
urllib3.exceptions.HeaderParsingError: [MissingHeaderBodySeparatorDefect()], unparsed data: 'HTTP/1.1 200 OK\r\nAccept-Ranges: bytes\r\nContent-Length: 0\r\nETag: "37a6259cc0c1dae299a7866489dff0bd"\r\nServer: MinIO\r\nStrict-Transport-Security: max-age=31536000; includeSubDomains\r\nVary: Origin\r\nVary: Accept-Encoding\r\nX-Amz-Checksum-Crc32: Jcv8Tw==\r\nX-Amz-Id-2: dd9025bab4ad464b049177c95eb6ebf374d3b3fd1af9251148b658df7ac2e3e8\r\nX-Amz-Request-Id: 183808C60694F08B\r\nX-Content-Type-Options: nosniff\r\nX-Ratelimit-Limit: 1537\r\nX-Ratelimit-Remaining: 1537\r\nX-Xss-Protection: 1; mode=block\r\nDate: Sun, 20 Apr 2025 13:08:22 GMT\r\n\r\n'
[2025-04-20T13:08:52.474+0000] {hook.py:208} WARNING - Data lineage tracking is disabled. Register a hook lineage reader to start tracking hook lineage.
[2025-04-20T13:08:52.477+0000] {hook.py:208} WARNING - Data lineage tracking is disabled. Register a hook lineage reader to start tracking hook lineage.
[2025-04-20T13:08:52.479+0000] {my_dag.py:51} INFO - Uploaded snapshot_20250420_130822.json to s3://tfl/data/raw/timetables/snapshot_20250420_130822.json at timestamp 20250420_130822
[2025-04-20T13:08:58.790+0000] {base.py:84} INFO - Retrieving connection 'minio_conn'
[2025-04-20T13:08:58.791+0000] {connection_wrapper.py:328} INFO - AWS Connection (conn_id='minio_conn', conn_type='aws') credentials retrieved from extra.
[2025-04-20T13:08:58.847+0000] {logging_mixin.py:190} INFO - <botocore.client.S3 object at 0x7f482bf5daf0>
[2025-04-20T13:08:58.874+0000] {hook.py:208} WARNING - Data lineage tracking is disabled. Register a hook lineage reader to start tracking hook lineage.
[2025-04-20T13:08:58.875+0000] {hook.py:208} WARNING - Data lineage tracking is disabled. Register a hook lineage reader to start tracking hook lineage.
[2025-04-20T13:08:58.888+0000] {connection.py:521} WARNING - Failed to parse headers (url=http://host.docker.internal:9000/tfl/data/raw/stop_points/snapshot_20250420_130858.json): [MissingHeaderBodySeparatorDefect()], unparsed data: 'HTTP/1.1 200 OK\r\nAccept-Ranges: bytes\r\nContent-Length: 0\r\nETag: "239fdad806d2124c24b82d96ca3541c2"\r\nServer: MinIO\r\nStrict-Transport-Security: max-age=31536000; includeSubDomains\r\nVary: Origin\r\nVary: Accept-Encoding\r\nX-Amz-Checksum-Crc32: 3q4o7A==\r\nX-Amz-Id-2: dd9025bab4ad464b049177c95eb6ebf374d3b3fd1af9251148b658df7ac2e3e8\r\nX-Amz-Request-Id: 183808CE90200ABA\r\nX-Content-Type-Options: nosniff\r\nX-Ratelimit-Limit: 1537\r\nX-Ratelimit-Remaining: 1537\r\nX-Xss-Protection: 1; mode=block\r\nDate: Sun, 20 Apr 2025 13:08:58 GMT\r\n\r\n'
Traceback (most recent call last):
  File "/home/airflow/.local/lib/python3.12/site-packages/urllib3/connection.py", line 519, in getresponse
    assert_header_parsing(httplib_response.msg)
  File "/home/airflow/.local/lib/python3.12/site-packages/urllib3/util/response.py", line 88, in assert_header_parsing
    raise HeaderParsingError(defects=defects, unparsed_data=unparsed_data)
urllib3.exceptions.HeaderParsingError: [MissingHeaderBodySeparatorDefect()], unparsed data: 'HTTP/1.1 200 OK\r\nAccept-Ranges: bytes\r\nContent-Length: 0\r\nETag: "239fdad806d2124c24b82d96ca3541c2"\r\nServer: MinIO\r\nStrict-Transport-Security: max-age=31536000; includeSubDomains\r\nVary: Origin\r\nVary: Accept-Encoding\r\nX-Amz-Checksum-Crc32: 3q4o7A==\r\nX-Amz-Id-2: dd9025bab4ad464b049177c95eb6ebf374d3b3fd1af9251148b658df7ac2e3e8\r\nX-Amz-Request-Id: 183808CE90200ABA\r\nX-Content-Type-Options: nosniff\r\nX-Ratelimit-Limit: 1537\r\nX-Ratelimit-Remaining: 1537\r\nX-Xss-Protection: 1; mode=block\r\nDate: Sun, 20 Apr 2025 13:08:58 GMT\r\n\r\n'
[2025-04-20T13:09:29.142+0000] {hook.py:208} WARNING - Data lineage tracking is disabled. Register a hook lineage reader to start tracking hook lineage.
[2025-04-20T13:09:29.143+0000] {hook.py:208} WARNING - Data lineage tracking is disabled. Register a hook lineage reader to start tracking hook lineage.
[2025-04-20T13:09:29.145+0000] {my_dag.py:51} INFO - Uploaded snapshot_20250420_130858.json to s3://tfl/data/raw/stop_points/snapshot_20250420_130858.json at timestamp 20250420_130858
[2025-04-20T13:09:32.250+0000] {logging_mixin.py:190} INFO - Error fetching data  'timetable'
[2025-04-20T13:09:32.260+0000] {base.py:84} INFO - Retrieving connection 'minio_conn'
[2025-04-20T13:09:32.262+0000] {connection_wrapper.py:328} INFO - AWS Connection (conn_id='minio_conn', conn_type='aws') credentials retrieved from extra.
[2025-04-20T13:09:32.399+0000] {logging_mixin.py:190} INFO - <botocore.client.S3 object at 0x7f482ad5d940>
[2025-04-20T13:09:32.430+0000] {hook.py:208} WARNING - Data lineage tracking is disabled. Register a hook lineage reader to start tracking hook lineage.
[2025-04-20T13:09:32.432+0000] {hook.py:208} WARNING - Data lineage tracking is disabled. Register a hook lineage reader to start tracking hook lineage.
[2025-04-20T13:09:32.447+0000] {connection.py:521} WARNING - Failed to parse headers (url=http://host.docker.internal:9000/tfl/data/raw/timetables/snapshot_20250420_130932.json): [MissingHeaderBodySeparatorDefect()], unparsed data: 'HTTP/1.1 200 OK\r\nAccept-Ranges: bytes\r\nContent-Length: 0\r\nETag: "37a6259cc0c1dae299a7866489dff0bd"\r\nServer: MinIO\r\nStrict-Transport-Security: max-age=31536000; includeSubDomains\r\nVary: Origin\r\nVary: Accept-Encoding\r\nX-Amz-Checksum-Crc32: Jcv8Tw==\r\nX-Amz-Id-2: dd9025bab4ad464b049177c95eb6ebf374d3b3fd1af9251148b658df7ac2e3e8\r\nX-Amz-Request-Id: 183808D660585BE1\r\nX-Content-Type-Options: nosniff\r\nX-Ratelimit-Limit: 1537\r\nX-Ratelimit-Remaining: 1537\r\nX-Xss-Protection: 1; mode=block\r\nDate: Sun, 20 Apr 2025 13:09:32 GMT\r\n\r\n'
Traceback (most recent call last):
  File "/home/airflow/.local/lib/python3.12/site-packages/urllib3/connection.py", line 519, in getresponse
    assert_header_parsing(httplib_response.msg)
  File "/home/airflow/.local/lib/python3.12/site-packages/urllib3/util/response.py", line 88, in assert_header_parsing
    raise HeaderParsingError(defects=defects, unparsed_data=unparsed_data)
urllib3.exceptions.HeaderParsingError: [MissingHeaderBodySeparatorDefect()], unparsed data: 'HTTP/1.1 200 OK\r\nAccept-Ranges: bytes\r\nContent-Length: 0\r\nETag: "37a6259cc0c1dae299a7866489dff0bd"\r\nServer: MinIO\r\nStrict-Transport-Security: max-age=31536000; includeSubDomains\r\nVary: Origin\r\nVary: Accept-Encoding\r\nX-Amz-Checksum-Crc32: Jcv8Tw==\r\nX-Amz-Id-2: dd9025bab4ad464b049177c95eb6ebf374d3b3fd1af9251148b658df7ac2e3e8\r\nX-Amz-Request-Id: 183808D660585BE1\r\nX-Content-Type-Options: nosniff\r\nX-Ratelimit-Limit: 1537\r\nX-Ratelimit-Remaining: 1537\r\nX-Xss-Protection: 1; mode=block\r\nDate: Sun, 20 Apr 2025 13:09:32 GMT\r\n\r\n'
[2025-04-20T13:10:02.702+0000] {hook.py:208} WARNING - Data lineage tracking is disabled. Register a hook lineage reader to start tracking hook lineage.
[2025-04-20T13:10:02.706+0000] {hook.py:208} WARNING - Data lineage tracking is disabled. Register a hook lineage reader to start tracking hook lineage.
[2025-04-20T13:10:02.711+0000] {my_dag.py:51} INFO - Uploaded snapshot_20250420_130932.json to s3://tfl/data/raw/timetables/snapshot_20250420_130932.json at timestamp 20250420_130932
[2025-04-20T13:10:02.718+0000] {taskinstance.py:3313} ERROR - Task failed with exception
Traceback (most recent call last):
  File "/home/airflow/.local/lib/python3.12/site-packages/airflow/models/taskinstance.py", line 768, in _execute_task
    result = _execute_callable(context=context, **execute_callable_kwargs)
             ^^^^^^^^^^^^^^^^^^^^^^^^^^^^^^^^^^^^^^^^^^^^^^^^^^^^^^^^^^^^^
  File "/home/airflow/.local/lib/python3.12/site-packages/airflow/models/taskinstance.py", line 734, in _execute_callable
    return ExecutionCallableRunner(
           ^^^^^^^^^^^^^^^^^^^^^^^^
  File "/home/airflow/.local/lib/python3.12/site-packages/airflow/utils/operator_helpers.py", line 252, in run
    return self.func(*args, **kwargs)
           ^^^^^^^^^^^^^^^^^^^^^^^^^^
  File "/home/airflow/.local/lib/python3.12/site-packages/airflow/models/baseoperator.py", line 424, in wrapper
    return func(self, *args, **kwargs)
           ^^^^^^^^^^^^^^^^^^^^^^^^^^^
  File "/home/airflow/.local/lib/python3.12/site-packages/airflow/operators/python.py", line 238, in execute
    return_value = self.execute_callable()
                   ^^^^^^^^^^^^^^^^^^^^^^^
  File "/home/airflow/.local/lib/python3.12/site-packages/airflow/operators/python.py", line 256, in execute_callable
    return runner.run(*self.op_args, **self.op_kwargs)
           ^^^^^^^^^^^^^^^^^^^^^^^^^^^^^^^^^^^^^^^^^^^
  File "/home/airflow/.local/lib/python3.12/site-packages/airflow/utils/operator_helpers.py", line 252, in run
    return self.func(*args, **kwargs)
           ^^^^^^^^^^^^^^^^^^^^^^^^^^
  File "/opt/airflow/dags/my_dag.py", line 90, in get_api_data
    ti.xcom_push(key="sp-keys", values=sp_keys)
  File "/home/airflow/.local/lib/python3.12/site-packages/airflow/utils/session.py", line 97, in wrapper
    return func(*args, session=session, **kwargs)
           ^^^^^^^^^^^^^^^^^^^^^^^^^^^^^^^^^^^^^^
TypeError: TaskInstance.xcom_push() got an unexpected keyword argument 'values'
[2025-04-20T13:10:02.753+0000] {taskinstance.py:1226} INFO - Marking task as UP_FOR_RETRY. dag_id=TFL_DATA_DAG, task_id=api_call_static_data, run_id=scheduled__2025-04-19T00:00:00+00:00, execution_date=20250419T000000, start_date=20250420T125704, end_date=20250420T131002
[2025-04-20T13:10:02.830+0000] {taskinstance.py:341} INFO - ::group::Post task execution logs
[2025-04-20T13:10:02.834+0000] {standard_task_runner.py:124} ERROR - Failed to execute job 216 for task api_call_static_data (TaskInstance.xcom_push() got an unexpected keyword argument 'values'; 19004)
Traceback (most recent call last):
  File "/home/airflow/.local/lib/python3.12/site-packages/airflow/task/task_runner/standard_task_runner.py", line 117, in _start_by_fork
    ret = args.func(args, dag=self.dag)
          ^^^^^^^^^^^^^^^^^^^^^^^^^^^^^
  File "/home/airflow/.local/lib/python3.12/site-packages/airflow/cli/cli_config.py", line 49, in command
    return func(*args, **kwargs)
           ^^^^^^^^^^^^^^^^^^^^^
  File "/home/airflow/.local/lib/python3.12/site-packages/airflow/utils/cli.py", line 116, in wrapper
    return f(*args, **kwargs)
           ^^^^^^^^^^^^^^^^^^
  File "/home/airflow/.local/lib/python3.12/site-packages/airflow/cli/commands/task_command.py", line 483, in task_run
    task_return_code = _run_task_by_selected_method(args, _dag, ti)
                       ^^^^^^^^^^^^^^^^^^^^^^^^^^^^^^^^^^^^^^^^^^^^
  File "/home/airflow/.local/lib/python3.12/site-packages/airflow/cli/commands/task_command.py", line 256, in _run_task_by_selected_method
    return _run_raw_task(args, ti)
           ^^^^^^^^^^^^^^^^^^^^^^^
  File "/home/airflow/.local/lib/python3.12/site-packages/airflow/cli/commands/task_command.py", line 341, in _run_raw_task
    return ti._run_raw_task(
           ^^^^^^^^^^^^^^^^^
  File "/home/airflow/.local/lib/python3.12/site-packages/airflow/utils/session.py", line 97, in wrapper
    return func(*args, session=session, **kwargs)
           ^^^^^^^^^^^^^^^^^^^^^^^^^^^^^^^^^^^^^^
  File "/home/airflow/.local/lib/python3.12/site-packages/airflow/models/taskinstance.py", line 3006, in _run_raw_task
    return _run_raw_task(
           ^^^^^^^^^^^^^^
  File "/home/airflow/.local/lib/python3.12/site-packages/airflow/models/taskinstance.py", line 274, in _run_raw_task
    TaskInstance._execute_task_with_callbacks(
  File "/home/airflow/.local/lib/python3.12/site-packages/airflow/models/taskinstance.py", line 3161, in _execute_task_with_callbacks
    result = self._execute_task(context, task_orig)
             ^^^^^^^^^^^^^^^^^^^^^^^^^^^^^^^^^^^^^^
  File "/home/airflow/.local/lib/python3.12/site-packages/airflow/models/taskinstance.py", line 3185, in _execute_task
    return _execute_task(self, context, task_orig)
           ^^^^^^^^^^^^^^^^^^^^^^^^^^^^^^^^^^^^^^^
  File "/home/airflow/.local/lib/python3.12/site-packages/airflow/models/taskinstance.py", line 768, in _execute_task
    result = _execute_callable(context=context, **execute_callable_kwargs)
             ^^^^^^^^^^^^^^^^^^^^^^^^^^^^^^^^^^^^^^^^^^^^^^^^^^^^^^^^^^^^^
  File "/home/airflow/.local/lib/python3.12/site-packages/airflow/models/taskinstance.py", line 734, in _execute_callable
    return ExecutionCallableRunner(
           ^^^^^^^^^^^^^^^^^^^^^^^^
  File "/home/airflow/.local/lib/python3.12/site-packages/airflow/utils/operator_helpers.py", line 252, in run
    return self.func(*args, **kwargs)
           ^^^^^^^^^^^^^^^^^^^^^^^^^^
  File "/home/airflow/.local/lib/python3.12/site-packages/airflow/models/baseoperator.py", line 424, in wrapper
    return func(self, *args, **kwargs)
           ^^^^^^^^^^^^^^^^^^^^^^^^^^^
  File "/home/airflow/.local/lib/python3.12/site-packages/airflow/operators/python.py", line 238, in execute
    return_value = self.execute_callable()
                   ^^^^^^^^^^^^^^^^^^^^^^^
  File "/home/airflow/.local/lib/python3.12/site-packages/airflow/operators/python.py", line 256, in execute_callable
    return runner.run(*self.op_args, **self.op_kwargs)
           ^^^^^^^^^^^^^^^^^^^^^^^^^^^^^^^^^^^^^^^^^^^
  File "/home/airflow/.local/lib/python3.12/site-packages/airflow/utils/operator_helpers.py", line 252, in run
    return self.func(*args, **kwargs)
           ^^^^^^^^^^^^^^^^^^^^^^^^^^
  File "/opt/airflow/dags/my_dag.py", line 90, in get_api_data
    ti.xcom_push(key="sp-keys", values=sp_keys)
  File "/home/airflow/.local/lib/python3.12/site-packages/airflow/utils/session.py", line 97, in wrapper
    return func(*args, session=session, **kwargs)
           ^^^^^^^^^^^^^^^^^^^^^^^^^^^^^^^^^^^^^^
TypeError: TaskInstance.xcom_push() got an unexpected keyword argument 'values'
[2025-04-20T13:10:02.906+0000] {local_task_job_runner.py:266} INFO - Task exited with return code 1
[2025-04-20T13:10:02.932+0000] {taskinstance.py:3901} INFO - 0 downstream tasks scheduled from follow-on schedule check
[2025-04-20T13:10:02.939+0000] {local_task_job_runner.py:245} INFO - ::endgroup::
