[2025-04-20T09:53:17.017+0000] {local_task_job_runner.py:123} INFO - ::group::Pre task execution logs
[2025-04-20T09:53:17.029+0000] {taskinstance.py:2614} INFO - Dependencies all met for dep_context=non-requeueable deps ti=<TaskInstance: TFL_DATA_DAG.api_call_static_data scheduled__2025-04-19T00:00:00+00:00 [queued]>
[2025-04-20T09:53:17.035+0000] {taskinstance.py:2614} INFO - Dependencies all met for dep_context=requeueable deps ti=<TaskInstance: TFL_DATA_DAG.api_call_static_data scheduled__2025-04-19T00:00:00+00:00 [queued]>
[2025-04-20T09:53:17.036+0000] {taskinstance.py:2867} INFO - Starting attempt 1 of 6
[2025-04-20T09:53:17.045+0000] {taskinstance.py:2890} INFO - Executing <Task(PythonOperator): api_call_static_data> on 2025-04-19 00:00:00+00:00
[2025-04-20T09:53:17.050+0000] {standard_task_runner.py:104} INFO - Running: ['***', 'tasks', 'run', 'TFL_DATA_DAG', 'api_call_static_data', 'scheduled__2025-04-19T00:00:00+00:00', '--job-id', '213', '--raw', '--subdir', 'DAGS_FOLDER/my_dag.py', '--cfg-path', '/tmp/tmp27h1280r']
[2025-04-20T09:53:17.052+0000] {standard_task_runner.py:105} INFO - Job 213: Subtask api_call_static_data
[2025-04-20T09:53:17.051+0000] {logging_mixin.py:190} WARNING - /home/***/.local/lib/python3.12/site-packages/***/task/task_runner/standard_task_runner.py:70 DeprecationWarning: This process (pid=17376) is multi-threaded, use of fork() may lead to deadlocks in the child.
[2025-04-20T09:53:17.053+0000] {standard_task_runner.py:72} INFO - Started process 17377 to run task
[2025-04-20T09:53:17.090+0000] {task_command.py:467} INFO - Running <TaskInstance: TFL_DATA_DAG.api_call_static_data scheduled__2025-04-19T00:00:00+00:00 [running]> on host 197005dfdcea
[2025-04-20T09:53:17.144+0000] {taskinstance.py:3134} INFO - Exporting env vars: AIRFLOW_CTX_DAG_OWNER='abdulsalam' AIRFLOW_CTX_DAG_ID='TFL_DATA_DAG' AIRFLOW_CTX_TASK_ID='api_call_static_data' AIRFLOW_CTX_EXECUTION_DATE='2025-04-19T00:00:00+00:00' AIRFLOW_CTX_TRY_NUMBER='1' AIRFLOW_CTX_DAG_RUN_ID='scheduled__2025-04-19T00:00:00+00:00'
[2025-04-20T09:53:17.145+0000] {taskinstance.py:732} INFO - ::endgroup::
[2025-04-20T09:53:17.158+0000] {logging_mixin.py:190} INFO - Error fetching metadata for stop 490000036S: HTTPSConnectionPool(host='api.tfl.gov.uk', port=443): Max retries exceeded with url: /StopPoint/490000036S?app_key=7d28b460f14e44c48e59a47afc904642 (Caused by NameResolutionError("<urllib3.connection.HTTPSConnection object at 0x7f482d3c6510>: Failed to resolve 'api.tfl.gov.uk' ([Errno -2] Name or service not known)"))
[2025-04-20T09:53:17.165+0000] {base.py:84} INFO - Retrieving connection 'minio_conn'
[2025-04-20T09:53:17.166+0000] {connection_wrapper.py:328} INFO - AWS Connection (conn_id='minio_conn', conn_type='aws') credentials retrieved from extra.
[2025-04-20T09:53:17.702+0000] {logging_mixin.py:190} INFO - <botocore.client.S3 object at 0x7f482d460c50>
[2025-04-20T09:53:17.754+0000] {hook.py:208} WARNING - Data lineage tracking is disabled. Register a hook lineage reader to start tracking hook lineage.
[2025-04-20T09:53:17.764+0000] {connection.py:521} WARNING - Failed to parse headers (url=http://host.docker.internal:9000/tfl/data/raw/stop_points/snapshot_20250420_095317.json): [MissingHeaderBodySeparatorDefect()], unparsed data: 'HTTP/1.1 200 OK\r\nAccept-Ranges: bytes\r\nContent-Length: 0\r\nETag: "37a6259cc0c1dae299a7866489dff0bd"\r\nServer: MinIO\r\nStrict-Transport-Security: max-age=31536000; includeSubDomains\r\nVary: Origin\r\nVary: Accept-Encoding\r\nX-Amz-Checksum-Crc32: Jcv8Tw==\r\nX-Amz-Id-2: dd9025bab4ad464b049177c95eb6ebf374d3b3fd1af9251148b658df7ac2e3e8\r\nX-Amz-Request-Id: 1837FE20DEBFA4A4\r\nX-Content-Type-Options: nosniff\r\nX-Ratelimit-Limit: 1537\r\nX-Ratelimit-Remaining: 1537\r\nX-Xss-Protection: 1; mode=block\r\nDate: Sun, 20 Apr 2025 09:53:17 GMT\r\n\r\n'
Traceback (most recent call last):
  File "/home/airflow/.local/lib/python3.12/site-packages/urllib3/connection.py", line 519, in getresponse
    assert_header_parsing(httplib_response.msg)
  File "/home/airflow/.local/lib/python3.12/site-packages/urllib3/util/response.py", line 88, in assert_header_parsing
    raise HeaderParsingError(defects=defects, unparsed_data=unparsed_data)
urllib3.exceptions.HeaderParsingError: [MissingHeaderBodySeparatorDefect()], unparsed data: 'HTTP/1.1 200 OK\r\nAccept-Ranges: bytes\r\nContent-Length: 0\r\nETag: "37a6259cc0c1dae299a7866489dff0bd"\r\nServer: MinIO\r\nStrict-Transport-Security: max-age=31536000; includeSubDomains\r\nVary: Origin\r\nVary: Accept-Encoding\r\nX-Amz-Checksum-Crc32: Jcv8Tw==\r\nX-Amz-Id-2: dd9025bab4ad464b049177c95eb6ebf374d3b3fd1af9251148b658df7ac2e3e8\r\nX-Amz-Request-Id: 1837FE20DEBFA4A4\r\nX-Content-Type-Options: nosniff\r\nX-Ratelimit-Limit: 1537\r\nX-Ratelimit-Remaining: 1537\r\nX-Xss-Protection: 1; mode=block\r\nDate: Sun, 20 Apr 2025 09:53:17 GMT\r\n\r\n'
[2025-04-20T12:15:14.307+0000] {job.py:229} INFO - Heartbeat recovered after 8512.23 seconds
[2025-04-20T12:15:35.189+0000] {hook.py:208} WARNING - Data lineage tracking is disabled. Register a hook lineage reader to start tracking hook lineage.
[2025-04-20T12:15:35.190+0000] {hook.py:208} WARNING - Data lineage tracking is disabled. Register a hook lineage reader to start tracking hook lineage.
[2025-04-20T12:15:35.192+0000] {my_dag.py:51} INFO - Uploaded snapshot_20250420_095317.json to s3://tfl/data/raw/stop_points/snapshot_20250420_095317.json at timestamp 20250420_095317
[2025-04-20T12:15:35.206+0000] {logging_mixin.py:190} INFO - Error fetching data  HTTPSConnectionPool(host='api.tfl.gov.uk', port=443): Max retries exceeded with url: /Line/24/Timetable/490000036S?app_key=7d28b460f14e44c48e59a47afc904642 (Caused by NameResolutionError("<urllib3.connection.HTTPSConnection object at 0x7f482ca942f0>: Failed to resolve 'api.tfl.gov.uk' ([Errno -2] Name or service not known)"))
[2025-04-20T12:15:35.217+0000] {base.py:84} INFO - Retrieving connection 'minio_conn'
[2025-04-20T12:15:35.219+0000] {connection_wrapper.py:328} INFO - AWS Connection (conn_id='minio_conn', conn_type='aws') credentials retrieved from extra.
[2025-04-20T12:15:35.302+0000] {logging_mixin.py:190} INFO - <botocore.client.S3 object at 0x7f482bf92e10>
[2025-04-20T12:15:35.335+0000] {hook.py:208} WARNING - Data lineage tracking is disabled. Register a hook lineage reader to start tracking hook lineage.
[2025-04-20T12:15:35.337+0000] {hook.py:208} WARNING - Data lineage tracking is disabled. Register a hook lineage reader to start tracking hook lineage.
[2025-04-20T12:15:35.352+0000] {connection.py:521} WARNING - Failed to parse headers (url=http://host.docker.internal:9000/tfl/data/raw/timetables/snapshot_20250420_121535.json): [MissingHeaderBodySeparatorDefect()], unparsed data: 'HTTP/1.1 200 OK\r\nAccept-Ranges: bytes\r\nContent-Length: 0\r\nETag: "37a6259cc0c1dae299a7866489dff0bd"\r\nServer: MinIO\r\nStrict-Transport-Security: max-age=31536000; includeSubDomains\r\nVary: Origin\r\nVary: Accept-Encoding\r\nX-Amz-Checksum-Crc32: Jcv8Tw==\r\nX-Amz-Id-2: dd9025bab4ad464b049177c95eb6ebf374d3b3fd1af9251148b658df7ac2e3e8\r\nX-Amz-Request-Id: 183805E4AE666C00\r\nX-Content-Type-Options: nosniff\r\nX-Ratelimit-Limit: 1537\r\nX-Ratelimit-Remaining: 1537\r\nX-Xss-Protection: 1; mode=block\r\nDate: Sun, 20 Apr 2025 12:15:35 GMT\r\n\r\n'
Traceback (most recent call last):
  File "/home/airflow/.local/lib/python3.12/site-packages/urllib3/connection.py", line 519, in getresponse
    assert_header_parsing(httplib_response.msg)
  File "/home/airflow/.local/lib/python3.12/site-packages/urllib3/util/response.py", line 88, in assert_header_parsing
    raise HeaderParsingError(defects=defects, unparsed_data=unparsed_data)
urllib3.exceptions.HeaderParsingError: [MissingHeaderBodySeparatorDefect()], unparsed data: 'HTTP/1.1 200 OK\r\nAccept-Ranges: bytes\r\nContent-Length: 0\r\nETag: "37a6259cc0c1dae299a7866489dff0bd"\r\nServer: MinIO\r\nStrict-Transport-Security: max-age=31536000; includeSubDomains\r\nVary: Origin\r\nVary: Accept-Encoding\r\nX-Amz-Checksum-Crc32: Jcv8Tw==\r\nX-Amz-Id-2: dd9025bab4ad464b049177c95eb6ebf374d3b3fd1af9251148b658df7ac2e3e8\r\nX-Amz-Request-Id: 183805E4AE666C00\r\nX-Content-Type-Options: nosniff\r\nX-Ratelimit-Limit: 1537\r\nX-Ratelimit-Remaining: 1537\r\nX-Xss-Protection: 1; mode=block\r\nDate: Sun, 20 Apr 2025 12:15:35 GMT\r\n\r\n'
[2025-04-20T12:16:05.603+0000] {hook.py:208} WARNING - Data lineage tracking is disabled. Register a hook lineage reader to start tracking hook lineage.
[2025-04-20T12:16:05.605+0000] {hook.py:208} WARNING - Data lineage tracking is disabled. Register a hook lineage reader to start tracking hook lineage.
[2025-04-20T12:16:05.606+0000] {my_dag.py:51} INFO - Uploaded snapshot_20250420_121535.json to s3://tfl/data/raw/timetables/snapshot_20250420_121535.json at timestamp 20250420_121535
[2025-04-20T12:16:05.620+0000] {logging_mixin.py:190} INFO - Error fetching metadata for stop 490000089A: HTTPSConnectionPool(host='api.tfl.gov.uk', port=443): Max retries exceeded with url: /StopPoint/490000089A?app_key=7d28b460f14e44c48e59a47afc904642 (Caused by NameResolutionError("<urllib3.connection.HTTPSConnection object at 0x7f482ca13c50>: Failed to resolve 'api.tfl.gov.uk' ([Errno -2] Name or service not known)"))
[2025-04-20T12:16:05.629+0000] {base.py:84} INFO - Retrieving connection 'minio_conn'
[2025-04-20T12:16:05.631+0000] {connection_wrapper.py:328} INFO - AWS Connection (conn_id='minio_conn', conn_type='aws') credentials retrieved from extra.
[2025-04-20T12:16:05.690+0000] {logging_mixin.py:190} INFO - <botocore.client.S3 object at 0x7f482b63be00>
[2025-04-20T12:16:05.719+0000] {hook.py:208} WARNING - Data lineage tracking is disabled. Register a hook lineage reader to start tracking hook lineage.
[2025-04-20T12:16:05.720+0000] {hook.py:208} WARNING - Data lineage tracking is disabled. Register a hook lineage reader to start tracking hook lineage.
[2025-04-20T12:16:05.730+0000] {connection.py:521} WARNING - Failed to parse headers (url=http://host.docker.internal:9000/tfl/data/raw/stop_points/snapshot_20250420_121605.json): [MissingHeaderBodySeparatorDefect()], unparsed data: 'HTTP/1.1 200 OK\r\nAccept-Ranges: bytes\r\nContent-Length: 0\r\nETag: "37a6259cc0c1dae299a7866489dff0bd"\r\nServer: MinIO\r\nStrict-Transport-Security: max-age=31536000; includeSubDomains\r\nVary: Origin\r\nVary: Accept-Encoding\r\nX-Amz-Checksum-Crc32: Jcv8Tw==\r\nX-Amz-Id-2: dd9025bab4ad464b049177c95eb6ebf374d3b3fd1af9251148b658df7ac2e3e8\r\nX-Amz-Request-Id: 183805EBC14F5BEA\r\nX-Content-Type-Options: nosniff\r\nX-Ratelimit-Limit: 1537\r\nX-Ratelimit-Remaining: 1537\r\nX-Xss-Protection: 1; mode=block\r\nDate: Sun, 20 Apr 2025 12:16:05 GMT\r\n\r\n'
Traceback (most recent call last):
  File "/home/airflow/.local/lib/python3.12/site-packages/urllib3/connection.py", line 519, in getresponse
    assert_header_parsing(httplib_response.msg)
  File "/home/airflow/.local/lib/python3.12/site-packages/urllib3/util/response.py", line 88, in assert_header_parsing
    raise HeaderParsingError(defects=defects, unparsed_data=unparsed_data)
urllib3.exceptions.HeaderParsingError: [MissingHeaderBodySeparatorDefect()], unparsed data: 'HTTP/1.1 200 OK\r\nAccept-Ranges: bytes\r\nContent-Length: 0\r\nETag: "37a6259cc0c1dae299a7866489dff0bd"\r\nServer: MinIO\r\nStrict-Transport-Security: max-age=31536000; includeSubDomains\r\nVary: Origin\r\nVary: Accept-Encoding\r\nX-Amz-Checksum-Crc32: Jcv8Tw==\r\nX-Amz-Id-2: dd9025bab4ad464b049177c95eb6ebf374d3b3fd1af9251148b658df7ac2e3e8\r\nX-Amz-Request-Id: 183805EBC14F5BEA\r\nX-Content-Type-Options: nosniff\r\nX-Ratelimit-Limit: 1537\r\nX-Ratelimit-Remaining: 1537\r\nX-Xss-Protection: 1; mode=block\r\nDate: Sun, 20 Apr 2025 12:16:05 GMT\r\n\r\n'
[2025-04-20T12:16:35.984+0000] {hook.py:208} WARNING - Data lineage tracking is disabled. Register a hook lineage reader to start tracking hook lineage.
[2025-04-20T12:16:35.986+0000] {hook.py:208} WARNING - Data lineage tracking is disabled. Register a hook lineage reader to start tracking hook lineage.
[2025-04-20T12:16:35.987+0000] {my_dag.py:51} INFO - Uploaded snapshot_20250420_121605.json to s3://tfl/data/raw/stop_points/snapshot_20250420_121605.json at timestamp 20250420_121605
[2025-04-20T12:16:36.002+0000] {logging_mixin.py:190} INFO - Error fetching data  HTTPSConnectionPool(host='api.tfl.gov.uk', port=443): Max retries exceeded with url: /Line/24/Timetable/490000089A?app_key=7d28b460f14e44c48e59a47afc904642 (Caused by NameResolutionError("<urllib3.connection.HTTPSConnection object at 0x7f482b68b380>: Failed to resolve 'api.tfl.gov.uk' ([Errno -2] Name or service not known)"))
[2025-04-20T12:16:36.011+0000] {base.py:84} INFO - Retrieving connection 'minio_conn'
[2025-04-20T12:16:36.013+0000] {connection_wrapper.py:328} INFO - AWS Connection (conn_id='minio_conn', conn_type='aws') credentials retrieved from extra.
[2025-04-20T12:16:36.079+0000] {logging_mixin.py:190} INFO - <botocore.client.S3 object at 0x7f482bfcb710>
[2025-04-20T12:16:36.109+0000] {hook.py:208} WARNING - Data lineage tracking is disabled. Register a hook lineage reader to start tracking hook lineage.
[2025-04-20T12:16:36.110+0000] {hook.py:208} WARNING - Data lineage tracking is disabled. Register a hook lineage reader to start tracking hook lineage.
[2025-04-20T12:16:36.124+0000] {connection.py:521} WARNING - Failed to parse headers (url=http://host.docker.internal:9000/tfl/data/raw/timetables/snapshot_20250420_121636.json): [MissingHeaderBodySeparatorDefect()], unparsed data: 'HTTP/1.1 200 OK\r\nAccept-Ranges: bytes\r\nContent-Length: 0\r\nETag: "37a6259cc0c1dae299a7866489dff0bd"\r\nServer: MinIO\r\nStrict-Transport-Security: max-age=31536000; includeSubDomains\r\nVary: Origin\r\nVary: Accept-Encoding\r\nX-Amz-Checksum-Crc32: Jcv8Tw==\r\nX-Amz-Id-2: dd9025bab4ad464b049177c95eb6ebf374d3b3fd1af9251148b658df7ac2e3e8\r\nX-Amz-Request-Id: 183805F2D4BBBB79\r\nX-Content-Type-Options: nosniff\r\nX-Ratelimit-Limit: 1537\r\nX-Ratelimit-Remaining: 1537\r\nX-Xss-Protection: 1; mode=block\r\nDate: Sun, 20 Apr 2025 12:16:36 GMT\r\n\r\n'
Traceback (most recent call last):
  File "/home/airflow/.local/lib/python3.12/site-packages/urllib3/connection.py", line 519, in getresponse
    assert_header_parsing(httplib_response.msg)
  File "/home/airflow/.local/lib/python3.12/site-packages/urllib3/util/response.py", line 88, in assert_header_parsing
    raise HeaderParsingError(defects=defects, unparsed_data=unparsed_data)
urllib3.exceptions.HeaderParsingError: [MissingHeaderBodySeparatorDefect()], unparsed data: 'HTTP/1.1 200 OK\r\nAccept-Ranges: bytes\r\nContent-Length: 0\r\nETag: "37a6259cc0c1dae299a7866489dff0bd"\r\nServer: MinIO\r\nStrict-Transport-Security: max-age=31536000; includeSubDomains\r\nVary: Origin\r\nVary: Accept-Encoding\r\nX-Amz-Checksum-Crc32: Jcv8Tw==\r\nX-Amz-Id-2: dd9025bab4ad464b049177c95eb6ebf374d3b3fd1af9251148b658df7ac2e3e8\r\nX-Amz-Request-Id: 183805F2D4BBBB79\r\nX-Content-Type-Options: nosniff\r\nX-Ratelimit-Limit: 1537\r\nX-Ratelimit-Remaining: 1537\r\nX-Xss-Protection: 1; mode=block\r\nDate: Sun, 20 Apr 2025 12:16:36 GMT\r\n\r\n'
[2025-04-20T12:17:06.378+0000] {hook.py:208} WARNING - Data lineage tracking is disabled. Register a hook lineage reader to start tracking hook lineage.
[2025-04-20T12:17:06.380+0000] {hook.py:208} WARNING - Data lineage tracking is disabled. Register a hook lineage reader to start tracking hook lineage.
[2025-04-20T12:17:06.381+0000] {my_dag.py:51} INFO - Uploaded snapshot_20250420_121636.json to s3://tfl/data/raw/timetables/snapshot_20250420_121636.json at timestamp 20250420_121636
[2025-04-20T12:17:13.241+0000] {base.py:84} INFO - Retrieving connection 'minio_conn'
[2025-04-20T12:17:13.243+0000] {connection_wrapper.py:328} INFO - AWS Connection (conn_id='minio_conn', conn_type='aws') credentials retrieved from extra.
[2025-04-20T12:17:13.454+0000] {logging_mixin.py:190} INFO - <botocore.client.S3 object at 0x7f482ad4ba10>
[2025-04-20T12:17:13.522+0000] {hook.py:208} WARNING - Data lineage tracking is disabled. Register a hook lineage reader to start tracking hook lineage.
[2025-04-20T12:17:13.524+0000] {hook.py:208} WARNING - Data lineage tracking is disabled. Register a hook lineage reader to start tracking hook lineage.
[2025-04-20T12:17:13.548+0000] {connection.py:521} WARNING - Failed to parse headers (url=http://host.docker.internal:9000/tfl/data/raw/stop_points/snapshot_20250420_121713.json): [MissingHeaderBodySeparatorDefect()], unparsed data: 'HTTP/1.1 200 OK\r\nAccept-Ranges: bytes\r\nContent-Length: 0\r\nETag: "fe5dc244c5c201cb04e0ef3347c67ed7"\r\nServer: MinIO\r\nStrict-Transport-Security: max-age=31536000; includeSubDomains\r\nVary: Origin\r\nVary: Accept-Encoding\r\nX-Amz-Checksum-Crc32: 228ygw==\r\nX-Amz-Id-2: dd9025bab4ad464b049177c95eb6ebf374d3b3fd1af9251148b658df7ac2e3e8\r\nX-Amz-Request-Id: 183805FB8B0E3116\r\nX-Content-Type-Options: nosniff\r\nX-Ratelimit-Limit: 1537\r\nX-Ratelimit-Remaining: 1537\r\nX-Xss-Protection: 1; mode=block\r\nDate: Sun, 20 Apr 2025 12:17:13 GMT\r\n\r\n'
Traceback (most recent call last):
  File "/home/airflow/.local/lib/python3.12/site-packages/urllib3/connection.py", line 519, in getresponse
    assert_header_parsing(httplib_response.msg)
  File "/home/airflow/.local/lib/python3.12/site-packages/urllib3/util/response.py", line 88, in assert_header_parsing
    raise HeaderParsingError(defects=defects, unparsed_data=unparsed_data)
urllib3.exceptions.HeaderParsingError: [MissingHeaderBodySeparatorDefect()], unparsed data: 'HTTP/1.1 200 OK\r\nAccept-Ranges: bytes\r\nContent-Length: 0\r\nETag: "fe5dc244c5c201cb04e0ef3347c67ed7"\r\nServer: MinIO\r\nStrict-Transport-Security: max-age=31536000; includeSubDomains\r\nVary: Origin\r\nVary: Accept-Encoding\r\nX-Amz-Checksum-Crc32: 228ygw==\r\nX-Amz-Id-2: dd9025bab4ad464b049177c95eb6ebf374d3b3fd1af9251148b658df7ac2e3e8\r\nX-Amz-Request-Id: 183805FB8B0E3116\r\nX-Content-Type-Options: nosniff\r\nX-Ratelimit-Limit: 1537\r\nX-Ratelimit-Remaining: 1537\r\nX-Xss-Protection: 1; mode=block\r\nDate: Sun, 20 Apr 2025 12:17:13 GMT\r\n\r\n'
[2025-04-20T12:17:43.799+0000] {hook.py:208} WARNING - Data lineage tracking is disabled. Register a hook lineage reader to start tracking hook lineage.
[2025-04-20T12:17:43.801+0000] {hook.py:208} WARNING - Data lineage tracking is disabled. Register a hook lineage reader to start tracking hook lineage.
[2025-04-20T12:17:43.803+0000] {my_dag.py:51} INFO - Uploaded snapshot_20250420_121713.json to s3://tfl/data/raw/stop_points/snapshot_20250420_121713.json at timestamp 20250420_121713
[2025-04-20T12:17:45.109+0000] {base.py:84} INFO - Retrieving connection 'minio_conn'
[2025-04-20T12:17:45.111+0000] {connection_wrapper.py:328} INFO - AWS Connection (conn_id='minio_conn', conn_type='aws') credentials retrieved from extra.
[2025-04-20T12:17:45.201+0000] {logging_mixin.py:190} INFO - <botocore.client.S3 object at 0x7f48264562d0>
[2025-04-20T12:17:45.272+0000] {hook.py:208} WARNING - Data lineage tracking is disabled. Register a hook lineage reader to start tracking hook lineage.
[2025-04-20T12:17:45.275+0000] {hook.py:208} WARNING - Data lineage tracking is disabled. Register a hook lineage reader to start tracking hook lineage.
[2025-04-20T12:17:45.330+0000] {connection.py:521} WARNING - Failed to parse headers (url=http://host.docker.internal:9000/tfl/data/raw/timetables/snapshot_20250420_121745.json): [MissingHeaderBodySeparatorDefect()], unparsed data: 'HTTP/1.1 200 OK\r\nAccept-Ranges: bytes\r\nContent-Length: 0\r\nETag: "52d8be489460549ad63aae9f2d77d512"\r\nServer: MinIO\r\nStrict-Transport-Security: max-age=31536000; includeSubDomains\r\nVary: Origin\r\nVary: Accept-Encoding\r\nX-Amz-Checksum-Crc32: qcaOFA==\r\nX-Amz-Id-2: dd9025bab4ad464b049177c95eb6ebf374d3b3fd1af9251148b658df7ac2e3e8\r\nX-Amz-Request-Id: 18380602EFDB0A6A\r\nX-Content-Type-Options: nosniff\r\nX-Ratelimit-Limit: 1537\r\nX-Ratelimit-Remaining: 1537\r\nX-Xss-Protection: 1; mode=block\r\nDate: Sun, 20 Apr 2025 12:17:45 GMT\r\n\r\n'
Traceback (most recent call last):
  File "/home/airflow/.local/lib/python3.12/site-packages/urllib3/connection.py", line 519, in getresponse
    assert_header_parsing(httplib_response.msg)
  File "/home/airflow/.local/lib/python3.12/site-packages/urllib3/util/response.py", line 88, in assert_header_parsing
    raise HeaderParsingError(defects=defects, unparsed_data=unparsed_data)
urllib3.exceptions.HeaderParsingError: [MissingHeaderBodySeparatorDefect()], unparsed data: 'HTTP/1.1 200 OK\r\nAccept-Ranges: bytes\r\nContent-Length: 0\r\nETag: "52d8be489460549ad63aae9f2d77d512"\r\nServer: MinIO\r\nStrict-Transport-Security: max-age=31536000; includeSubDomains\r\nVary: Origin\r\nVary: Accept-Encoding\r\nX-Amz-Checksum-Crc32: qcaOFA==\r\nX-Amz-Id-2: dd9025bab4ad464b049177c95eb6ebf374d3b3fd1af9251148b658df7ac2e3e8\r\nX-Amz-Request-Id: 18380602EFDB0A6A\r\nX-Content-Type-Options: nosniff\r\nX-Ratelimit-Limit: 1537\r\nX-Ratelimit-Remaining: 1537\r\nX-Xss-Protection: 1; mode=block\r\nDate: Sun, 20 Apr 2025 12:17:45 GMT\r\n\r\n'
[2025-04-20T12:18:15.581+0000] {hook.py:208} WARNING - Data lineage tracking is disabled. Register a hook lineage reader to start tracking hook lineage.
[2025-04-20T12:18:15.583+0000] {hook.py:208} WARNING - Data lineage tracking is disabled. Register a hook lineage reader to start tracking hook lineage.
[2025-04-20T12:18:15.585+0000] {my_dag.py:51} INFO - Uploaded snapshot_20250420_121745.json to s3://tfl/data/raw/timetables/snapshot_20250420_121745.json at timestamp 20250420_121745
[2025-04-20T12:18:17.433+0000] {base.py:84} INFO - Retrieving connection 'minio_conn'
[2025-04-20T12:18:17.437+0000] {connection_wrapper.py:328} INFO - AWS Connection (conn_id='minio_conn', conn_type='aws') credentials retrieved from extra.
[2025-04-20T12:18:17.562+0000] {logging_mixin.py:190} INFO - <botocore.client.S3 object at 0x7f4826647c80>
[2025-04-20T12:18:17.604+0000] {hook.py:208} WARNING - Data lineage tracking is disabled. Register a hook lineage reader to start tracking hook lineage.
[2025-04-20T12:18:17.608+0000] {hook.py:208} WARNING - Data lineage tracking is disabled. Register a hook lineage reader to start tracking hook lineage.
[2025-04-20T12:18:17.638+0000] {connection.py:521} WARNING - Failed to parse headers (url=http://host.docker.internal:9000/tfl/data/raw/stop_points/snapshot_20250420_121817.json): [MissingHeaderBodySeparatorDefect()], unparsed data: 'HTTP/1.1 200 OK\r\nAccept-Ranges: bytes\r\nContent-Length: 0\r\nETag: "fe6727b5fad95354a7cf92f889499808"\r\nServer: MinIO\r\nStrict-Transport-Security: max-age=31536000; includeSubDomains\r\nVary: Origin\r\nVary: Accept-Encoding\r\nX-Amz-Checksum-Crc32: GZAfyQ==\r\nX-Amz-Id-2: dd9025bab4ad464b049177c95eb6ebf374d3b3fd1af9251148b658df7ac2e3e8\r\nX-Amz-Request-Id: 1838060A76F87875\r\nX-Content-Type-Options: nosniff\r\nX-Ratelimit-Limit: 1537\r\nX-Ratelimit-Remaining: 1537\r\nX-Xss-Protection: 1; mode=block\r\nDate: Sun, 20 Apr 2025 12:18:17 GMT\r\n\r\n'
Traceback (most recent call last):
  File "/home/airflow/.local/lib/python3.12/site-packages/urllib3/connection.py", line 519, in getresponse
    assert_header_parsing(httplib_response.msg)
  File "/home/airflow/.local/lib/python3.12/site-packages/urllib3/util/response.py", line 88, in assert_header_parsing
    raise HeaderParsingError(defects=defects, unparsed_data=unparsed_data)
urllib3.exceptions.HeaderParsingError: [MissingHeaderBodySeparatorDefect()], unparsed data: 'HTTP/1.1 200 OK\r\nAccept-Ranges: bytes\r\nContent-Length: 0\r\nETag: "fe6727b5fad95354a7cf92f889499808"\r\nServer: MinIO\r\nStrict-Transport-Security: max-age=31536000; includeSubDomains\r\nVary: Origin\r\nVary: Accept-Encoding\r\nX-Amz-Checksum-Crc32: GZAfyQ==\r\nX-Amz-Id-2: dd9025bab4ad464b049177c95eb6ebf374d3b3fd1af9251148b658df7ac2e3e8\r\nX-Amz-Request-Id: 1838060A76F87875\r\nX-Content-Type-Options: nosniff\r\nX-Ratelimit-Limit: 1537\r\nX-Ratelimit-Remaining: 1537\r\nX-Xss-Protection: 1; mode=block\r\nDate: Sun, 20 Apr 2025 12:18:17 GMT\r\n\r\n'
[2025-04-20T12:18:47.889+0000] {hook.py:208} WARNING - Data lineage tracking is disabled. Register a hook lineage reader to start tracking hook lineage.
[2025-04-20T12:18:47.891+0000] {hook.py:208} WARNING - Data lineage tracking is disabled. Register a hook lineage reader to start tracking hook lineage.
[2025-04-20T12:18:47.893+0000] {my_dag.py:51} INFO - Uploaded snapshot_20250420_121817.json to s3://tfl/data/raw/stop_points/snapshot_20250420_121817.json at timestamp 20250420_121817
[2025-04-20T12:18:49.836+0000] {base.py:84} INFO - Retrieving connection 'minio_conn'
[2025-04-20T12:18:49.845+0000] {connection_wrapper.py:328} INFO - AWS Connection (conn_id='minio_conn', conn_type='aws') credentials retrieved from extra.
[2025-04-20T12:18:49.951+0000] {logging_mixin.py:190} INFO - <botocore.client.S3 object at 0x7f482abd3b30>
[2025-04-20T12:18:49.999+0000] {hook.py:208} WARNING - Data lineage tracking is disabled. Register a hook lineage reader to start tracking hook lineage.
[2025-04-20T12:18:50.000+0000] {hook.py:208} WARNING - Data lineage tracking is disabled. Register a hook lineage reader to start tracking hook lineage.
[2025-04-20T12:18:50.033+0000] {connection.py:521} WARNING - Failed to parse headers (url=http://host.docker.internal:9000/tfl/data/raw/timetables/snapshot_20250420_121849.json): [MissingHeaderBodySeparatorDefect()], unparsed data: 'HTTP/1.1 200 OK\r\nAccept-Ranges: bytes\r\nContent-Length: 0\r\nETag: "bac22619a3c7d5903d5ad3af5ad22ee4"\r\nServer: MinIO\r\nStrict-Transport-Security: max-age=31536000; includeSubDomains\r\nVary: Origin\r\nVary: Accept-Encoding\r\nX-Amz-Checksum-Crc32: 8611ng==\r\nX-Amz-Id-2: dd9025bab4ad464b049177c95eb6ebf374d3b3fd1af9251148b658df7ac2e3e8\r\nX-Amz-Request-Id: 18380612016A3683\r\nX-Content-Type-Options: nosniff\r\nX-Ratelimit-Limit: 1537\r\nX-Ratelimit-Remaining: 1537\r\nX-Xss-Protection: 1; mode=block\r\nDate: Sun, 20 Apr 2025 12:18:50 GMT\r\n\r\n'
Traceback (most recent call last):
  File "/home/airflow/.local/lib/python3.12/site-packages/urllib3/connection.py", line 519, in getresponse
    assert_header_parsing(httplib_response.msg)
  File "/home/airflow/.local/lib/python3.12/site-packages/urllib3/util/response.py", line 88, in assert_header_parsing
    raise HeaderParsingError(defects=defects, unparsed_data=unparsed_data)
urllib3.exceptions.HeaderParsingError: [MissingHeaderBodySeparatorDefect()], unparsed data: 'HTTP/1.1 200 OK\r\nAccept-Ranges: bytes\r\nContent-Length: 0\r\nETag: "bac22619a3c7d5903d5ad3af5ad22ee4"\r\nServer: MinIO\r\nStrict-Transport-Security: max-age=31536000; includeSubDomains\r\nVary: Origin\r\nVary: Accept-Encoding\r\nX-Amz-Checksum-Crc32: 8611ng==\r\nX-Amz-Id-2: dd9025bab4ad464b049177c95eb6ebf374d3b3fd1af9251148b658df7ac2e3e8\r\nX-Amz-Request-Id: 18380612016A3683\r\nX-Content-Type-Options: nosniff\r\nX-Ratelimit-Limit: 1537\r\nX-Ratelimit-Remaining: 1537\r\nX-Xss-Protection: 1; mode=block\r\nDate: Sun, 20 Apr 2025 12:18:50 GMT\r\n\r\n'
[2025-04-20T12:19:20.284+0000] {hook.py:208} WARNING - Data lineage tracking is disabled. Register a hook lineage reader to start tracking hook lineage.
[2025-04-20T12:19:20.286+0000] {hook.py:208} WARNING - Data lineage tracking is disabled. Register a hook lineage reader to start tracking hook lineage.
[2025-04-20T12:19:20.287+0000] {my_dag.py:51} INFO - Uploaded snapshot_20250420_121849.json to s3://tfl/data/raw/timetables/snapshot_20250420_121849.json at timestamp 20250420_121849
[2025-04-20T12:19:21.373+0000] {base.py:84} INFO - Retrieving connection 'minio_conn'
[2025-04-20T12:19:21.375+0000] {connection_wrapper.py:328} INFO - AWS Connection (conn_id='minio_conn', conn_type='aws') credentials retrieved from extra.
[2025-04-20T12:19:21.478+0000] {logging_mixin.py:190} INFO - <botocore.client.S3 object at 0x7f482632b2f0>
[2025-04-20T12:19:21.521+0000] {hook.py:208} WARNING - Data lineage tracking is disabled. Register a hook lineage reader to start tracking hook lineage.
[2025-04-20T12:19:21.523+0000] {hook.py:208} WARNING - Data lineage tracking is disabled. Register a hook lineage reader to start tracking hook lineage.
[2025-04-20T12:19:21.539+0000] {connection.py:521} WARNING - Failed to parse headers (url=http://host.docker.internal:9000/tfl/data/raw/stop_points/snapshot_20250420_121921.json): [MissingHeaderBodySeparatorDefect()], unparsed data: 'HTTP/1.1 200 OK\r\nAccept-Ranges: bytes\r\nContent-Length: 0\r\nETag: "2b0e0a1a7fa6f0cd944bc01adeab3bb6"\r\nServer: MinIO\r\nStrict-Transport-Security: max-age=31536000; includeSubDomains\r\nVary: Origin\r\nVary: Accept-Encoding\r\nX-Amz-Checksum-Crc32: hDoVuQ==\r\nX-Amz-Id-2: dd9025bab4ad464b049177c95eb6ebf374d3b3fd1af9251148b658df7ac2e3e8\r\nX-Amz-Request-Id: 18380619583A4184\r\nX-Content-Type-Options: nosniff\r\nX-Ratelimit-Limit: 1537\r\nX-Ratelimit-Remaining: 1537\r\nX-Xss-Protection: 1; mode=block\r\nDate: Sun, 20 Apr 2025 12:19:21 GMT\r\n\r\n'
Traceback (most recent call last):
  File "/home/airflow/.local/lib/python3.12/site-packages/urllib3/connection.py", line 519, in getresponse
    assert_header_parsing(httplib_response.msg)
  File "/home/airflow/.local/lib/python3.12/site-packages/urllib3/util/response.py", line 88, in assert_header_parsing
    raise HeaderParsingError(defects=defects, unparsed_data=unparsed_data)
urllib3.exceptions.HeaderParsingError: [MissingHeaderBodySeparatorDefect()], unparsed data: 'HTTP/1.1 200 OK\r\nAccept-Ranges: bytes\r\nContent-Length: 0\r\nETag: "2b0e0a1a7fa6f0cd944bc01adeab3bb6"\r\nServer: MinIO\r\nStrict-Transport-Security: max-age=31536000; includeSubDomains\r\nVary: Origin\r\nVary: Accept-Encoding\r\nX-Amz-Checksum-Crc32: hDoVuQ==\r\nX-Amz-Id-2: dd9025bab4ad464b049177c95eb6ebf374d3b3fd1af9251148b658df7ac2e3e8\r\nX-Amz-Request-Id: 18380619583A4184\r\nX-Content-Type-Options: nosniff\r\nX-Ratelimit-Limit: 1537\r\nX-Ratelimit-Remaining: 1537\r\nX-Xss-Protection: 1; mode=block\r\nDate: Sun, 20 Apr 2025 12:19:21 GMT\r\n\r\n'
[2025-04-20T12:19:51.793+0000] {hook.py:208} WARNING - Data lineage tracking is disabled. Register a hook lineage reader to start tracking hook lineage.
[2025-04-20T12:19:51.796+0000] {hook.py:208} WARNING - Data lineage tracking is disabled. Register a hook lineage reader to start tracking hook lineage.
[2025-04-20T12:19:51.799+0000] {my_dag.py:51} INFO - Uploaded snapshot_20250420_121921.json to s3://tfl/data/raw/stop_points/snapshot_20250420_121921.json at timestamp 20250420_121921
[2025-04-20T12:19:54.418+0000] {base.py:84} INFO - Retrieving connection 'minio_conn'
[2025-04-20T12:19:54.422+0000] {connection_wrapper.py:328} INFO - AWS Connection (conn_id='minio_conn', conn_type='aws') credentials retrieved from extra.
[2025-04-20T12:19:54.599+0000] {logging_mixin.py:190} INFO - <botocore.client.S3 object at 0x7f4824aea7e0>
[2025-04-20T12:19:54.683+0000] {hook.py:208} WARNING - Data lineage tracking is disabled. Register a hook lineage reader to start tracking hook lineage.
[2025-04-20T12:19:54.686+0000] {hook.py:208} WARNING - Data lineage tracking is disabled. Register a hook lineage reader to start tracking hook lineage.
[2025-04-20T12:19:54.768+0000] {connection.py:521} WARNING - Failed to parse headers (url=http://host.docker.internal:9000/tfl/data/raw/timetables/snapshot_20250420_121954.json): [MissingHeaderBodySeparatorDefect()], unparsed data: 'HTTP/1.1 200 OK\r\nAccept-Ranges: bytes\r\nContent-Length: 0\r\nETag: "cc1313b0ff90a23e8307d8ae578fdb64"\r\nServer: MinIO\r\nStrict-Transport-Security: max-age=31536000; includeSubDomains\r\nVary: Origin\r\nVary: Accept-Encoding\r\nX-Amz-Checksum-Crc32: C1X8pQ==\r\nX-Amz-Id-2: dd9025bab4ad464b049177c95eb6ebf374d3b3fd1af9251148b658df7ac2e3e8\r\nX-Amz-Request-Id: 18380621116DC6BA\r\nX-Content-Type-Options: nosniff\r\nX-Ratelimit-Limit: 1537\r\nX-Ratelimit-Remaining: 1537\r\nX-Xss-Protection: 1; mode=block\r\nDate: Sun, 20 Apr 2025 12:19:54 GMT\r\n\r\n'
Traceback (most recent call last):
  File "/home/airflow/.local/lib/python3.12/site-packages/urllib3/connection.py", line 519, in getresponse
    assert_header_parsing(httplib_response.msg)
  File "/home/airflow/.local/lib/python3.12/site-packages/urllib3/util/response.py", line 88, in assert_header_parsing
    raise HeaderParsingError(defects=defects, unparsed_data=unparsed_data)
urllib3.exceptions.HeaderParsingError: [MissingHeaderBodySeparatorDefect()], unparsed data: 'HTTP/1.1 200 OK\r\nAccept-Ranges: bytes\r\nContent-Length: 0\r\nETag: "cc1313b0ff90a23e8307d8ae578fdb64"\r\nServer: MinIO\r\nStrict-Transport-Security: max-age=31536000; includeSubDomains\r\nVary: Origin\r\nVary: Accept-Encoding\r\nX-Amz-Checksum-Crc32: C1X8pQ==\r\nX-Amz-Id-2: dd9025bab4ad464b049177c95eb6ebf374d3b3fd1af9251148b658df7ac2e3e8\r\nX-Amz-Request-Id: 18380621116DC6BA\r\nX-Content-Type-Options: nosniff\r\nX-Ratelimit-Limit: 1537\r\nX-Ratelimit-Remaining: 1537\r\nX-Xss-Protection: 1; mode=block\r\nDate: Sun, 20 Apr 2025 12:19:54 GMT\r\n\r\n'
[2025-04-20T12:20:25.019+0000] {hook.py:208} WARNING - Data lineage tracking is disabled. Register a hook lineage reader to start tracking hook lineage.
[2025-04-20T12:20:25.021+0000] {hook.py:208} WARNING - Data lineage tracking is disabled. Register a hook lineage reader to start tracking hook lineage.
[2025-04-20T12:20:25.023+0000] {my_dag.py:51} INFO - Uploaded snapshot_20250420_121954.json to s3://tfl/data/raw/timetables/snapshot_20250420_121954.json at timestamp 20250420_121954
[2025-04-20T12:20:26.257+0000] {base.py:84} INFO - Retrieving connection 'minio_conn'
[2025-04-20T12:20:26.258+0000] {connection_wrapper.py:328} INFO - AWS Connection (conn_id='minio_conn', conn_type='aws') credentials retrieved from extra.
[2025-04-20T12:20:26.384+0000] {logging_mixin.py:190} INFO - <botocore.client.S3 object at 0x7f4824bf3a10>
[2025-04-20T12:20:26.422+0000] {hook.py:208} WARNING - Data lineage tracking is disabled. Register a hook lineage reader to start tracking hook lineage.
[2025-04-20T12:20:26.424+0000] {hook.py:208} WARNING - Data lineage tracking is disabled. Register a hook lineage reader to start tracking hook lineage.
[2025-04-20T12:20:26.440+0000] {connection.py:521} WARNING - Failed to parse headers (url=http://host.docker.internal:9000/tfl/data/raw/stop_points/snapshot_20250420_122026.json): [MissingHeaderBodySeparatorDefect()], unparsed data: 'HTTP/1.1 200 OK\r\nAccept-Ranges: bytes\r\nContent-Length: 0\r\nETag: "507e6d68410f9a02824ba032bcf9f65d"\r\nServer: MinIO\r\nStrict-Transport-Security: max-age=31536000; includeSubDomains\r\nVary: Origin\r\nVary: Accept-Encoding\r\nX-Amz-Checksum-Crc32: 1gBsJQ==\r\nX-Amz-Id-2: dd9025bab4ad464b049177c95eb6ebf374d3b3fd1af9251148b658df7ac2e3e8\r\nX-Amz-Request-Id: 183806287499CE91\r\nX-Content-Type-Options: nosniff\r\nX-Ratelimit-Limit: 1537\r\nX-Ratelimit-Remaining: 1537\r\nX-Xss-Protection: 1; mode=block\r\nDate: Sun, 20 Apr 2025 12:20:26 GMT\r\n\r\n'
Traceback (most recent call last):
  File "/home/airflow/.local/lib/python3.12/site-packages/urllib3/connection.py", line 519, in getresponse
    assert_header_parsing(httplib_response.msg)
  File "/home/airflow/.local/lib/python3.12/site-packages/urllib3/util/response.py", line 88, in assert_header_parsing
    raise HeaderParsingError(defects=defects, unparsed_data=unparsed_data)
urllib3.exceptions.HeaderParsingError: [MissingHeaderBodySeparatorDefect()], unparsed data: 'HTTP/1.1 200 OK\r\nAccept-Ranges: bytes\r\nContent-Length: 0\r\nETag: "507e6d68410f9a02824ba032bcf9f65d"\r\nServer: MinIO\r\nStrict-Transport-Security: max-age=31536000; includeSubDomains\r\nVary: Origin\r\nVary: Accept-Encoding\r\nX-Amz-Checksum-Crc32: 1gBsJQ==\r\nX-Amz-Id-2: dd9025bab4ad464b049177c95eb6ebf374d3b3fd1af9251148b658df7ac2e3e8\r\nX-Amz-Request-Id: 183806287499CE91\r\nX-Content-Type-Options: nosniff\r\nX-Ratelimit-Limit: 1537\r\nX-Ratelimit-Remaining: 1537\r\nX-Xss-Protection: 1; mode=block\r\nDate: Sun, 20 Apr 2025 12:20:26 GMT\r\n\r\n'
[2025-04-20T12:20:56.695+0000] {hook.py:208} WARNING - Data lineage tracking is disabled. Register a hook lineage reader to start tracking hook lineage.
[2025-04-20T12:20:56.698+0000] {hook.py:208} WARNING - Data lineage tracking is disabled. Register a hook lineage reader to start tracking hook lineage.
[2025-04-20T12:20:56.699+0000] {my_dag.py:51} INFO - Uploaded snapshot_20250420_122026.json to s3://tfl/data/raw/stop_points/snapshot_20250420_122026.json at timestamp 20250420_122026
[2025-04-20T12:21:27.791+0000] {logging_mixin.py:190} INFO - Error fetching data  HTTPSConnectionPool(host='api.tfl.gov.uk', port=443): Max retries exceeded with url: /Line/102/Timetable/490000067E?app_key=7d28b460f14e44c48e59a47afc904642 (Caused by SSLError(SSLEOFError(8, '[SSL: UNEXPECTED_EOF_WHILE_READING] EOF occurred in violation of protocol (_ssl.c:1010)')))
[2025-04-20T12:21:27.798+0000] {base.py:84} INFO - Retrieving connection 'minio_conn'
[2025-04-20T12:21:27.800+0000] {connection_wrapper.py:328} INFO - AWS Connection (conn_id='minio_conn', conn_type='aws') credentials retrieved from extra.
[2025-04-20T12:21:27.922+0000] {logging_mixin.py:190} INFO - <botocore.client.S3 object at 0x7f4824197920>
[2025-04-20T12:21:27.948+0000] {hook.py:208} WARNING - Data lineage tracking is disabled. Register a hook lineage reader to start tracking hook lineage.
[2025-04-20T12:21:27.950+0000] {hook.py:208} WARNING - Data lineage tracking is disabled. Register a hook lineage reader to start tracking hook lineage.
[2025-04-20T12:21:27.962+0000] {connection.py:521} WARNING - Failed to parse headers (url=http://host.docker.internal:9000/tfl/data/raw/timetables/snapshot_20250420_122127.json): [MissingHeaderBodySeparatorDefect()], unparsed data: 'HTTP/1.1 200 OK\r\nAccept-Ranges: bytes\r\nContent-Length: 0\r\nETag: "37a6259cc0c1dae299a7866489dff0bd"\r\nServer: MinIO\r\nStrict-Transport-Security: max-age=31536000; includeSubDomains\r\nVary: Origin\r\nVary: Accept-Encoding\r\nX-Amz-Checksum-Crc32: Jcv8Tw==\r\nX-Amz-Id-2: dd9025bab4ad464b049177c95eb6ebf374d3b3fd1af9251148b658df7ac2e3e8\r\nX-Amz-Request-Id: 18380636C7BCAA61\r\nX-Content-Type-Options: nosniff\r\nX-Ratelimit-Limit: 1537\r\nX-Ratelimit-Remaining: 1537\r\nX-Xss-Protection: 1; mode=block\r\nDate: Sun, 20 Apr 2025 12:21:27 GMT\r\n\r\n'
Traceback (most recent call last):
  File "/home/airflow/.local/lib/python3.12/site-packages/urllib3/connection.py", line 519, in getresponse
    assert_header_parsing(httplib_response.msg)
  File "/home/airflow/.local/lib/python3.12/site-packages/urllib3/util/response.py", line 88, in assert_header_parsing
    raise HeaderParsingError(defects=defects, unparsed_data=unparsed_data)
urllib3.exceptions.HeaderParsingError: [MissingHeaderBodySeparatorDefect()], unparsed data: 'HTTP/1.1 200 OK\r\nAccept-Ranges: bytes\r\nContent-Length: 0\r\nETag: "37a6259cc0c1dae299a7866489dff0bd"\r\nServer: MinIO\r\nStrict-Transport-Security: max-age=31536000; includeSubDomains\r\nVary: Origin\r\nVary: Accept-Encoding\r\nX-Amz-Checksum-Crc32: Jcv8Tw==\r\nX-Amz-Id-2: dd9025bab4ad464b049177c95eb6ebf374d3b3fd1af9251148b658df7ac2e3e8\r\nX-Amz-Request-Id: 18380636C7BCAA61\r\nX-Content-Type-Options: nosniff\r\nX-Ratelimit-Limit: 1537\r\nX-Ratelimit-Remaining: 1537\r\nX-Xss-Protection: 1; mode=block\r\nDate: Sun, 20 Apr 2025 12:21:27 GMT\r\n\r\n'
[2025-04-20T12:21:58.215+0000] {hook.py:208} WARNING - Data lineage tracking is disabled. Register a hook lineage reader to start tracking hook lineage.
[2025-04-20T12:21:58.218+0000] {hook.py:208} WARNING - Data lineage tracking is disabled. Register a hook lineage reader to start tracking hook lineage.
[2025-04-20T12:21:58.219+0000] {my_dag.py:51} INFO - Uploaded snapshot_20250420_122127.json to s3://tfl/data/raw/timetables/snapshot_20250420_122127.json at timestamp 20250420_122127
[2025-04-20T12:21:59.572+0000] {base.py:84} INFO - Retrieving connection 'minio_conn'
[2025-04-20T12:21:59.574+0000] {connection_wrapper.py:328} INFO - AWS Connection (conn_id='minio_conn', conn_type='aws') credentials retrieved from extra.
[2025-04-20T12:21:59.678+0000] {logging_mixin.py:190} INFO - <botocore.client.S3 object at 0x7f482384bb30>
[2025-04-20T12:21:59.713+0000] {hook.py:208} WARNING - Data lineage tracking is disabled. Register a hook lineage reader to start tracking hook lineage.
[2025-04-20T12:21:59.714+0000] {hook.py:208} WARNING - Data lineage tracking is disabled. Register a hook lineage reader to start tracking hook lineage.
[2025-04-20T12:21:59.727+0000] {connection.py:521} WARNING - Failed to parse headers (url=http://host.docker.internal:9000/tfl/data/raw/stop_points/snapshot_20250420_122159.json): [MissingHeaderBodySeparatorDefect()], unparsed data: 'HTTP/1.1 200 OK\r\nAccept-Ranges: bytes\r\nContent-Length: 0\r\nETag: "e6063089e3772a7665a59ed9058aa509"\r\nServer: MinIO\r\nStrict-Transport-Security: max-age=31536000; includeSubDomains\r\nVary: Origin\r\nVary: Accept-Encoding\r\nX-Amz-Checksum-Crc32: zT2nMA==\r\nX-Amz-Id-2: dd9025bab4ad464b049177c95eb6ebf374d3b3fd1af9251148b658df7ac2e3e8\r\nX-Amz-Request-Id: 1838063E2D071611\r\nX-Content-Type-Options: nosniff\r\nX-Ratelimit-Limit: 1537\r\nX-Ratelimit-Remaining: 1537\r\nX-Xss-Protection: 1; mode=block\r\nDate: Sun, 20 Apr 2025 12:21:59 GMT\r\n\r\n'
Traceback (most recent call last):
  File "/home/airflow/.local/lib/python3.12/site-packages/urllib3/connection.py", line 519, in getresponse
    assert_header_parsing(httplib_response.msg)
  File "/home/airflow/.local/lib/python3.12/site-packages/urllib3/util/response.py", line 88, in assert_header_parsing
    raise HeaderParsingError(defects=defects, unparsed_data=unparsed_data)
urllib3.exceptions.HeaderParsingError: [MissingHeaderBodySeparatorDefect()], unparsed data: 'HTTP/1.1 200 OK\r\nAccept-Ranges: bytes\r\nContent-Length: 0\r\nETag: "e6063089e3772a7665a59ed9058aa509"\r\nServer: MinIO\r\nStrict-Transport-Security: max-age=31536000; includeSubDomains\r\nVary: Origin\r\nVary: Accept-Encoding\r\nX-Amz-Checksum-Crc32: zT2nMA==\r\nX-Amz-Id-2: dd9025bab4ad464b049177c95eb6ebf374d3b3fd1af9251148b658df7ac2e3e8\r\nX-Amz-Request-Id: 1838063E2D071611\r\nX-Content-Type-Options: nosniff\r\nX-Ratelimit-Limit: 1537\r\nX-Ratelimit-Remaining: 1537\r\nX-Xss-Protection: 1; mode=block\r\nDate: Sun, 20 Apr 2025 12:21:59 GMT\r\n\r\n'
[2025-04-20T12:22:29.979+0000] {hook.py:208} WARNING - Data lineage tracking is disabled. Register a hook lineage reader to start tracking hook lineage.
[2025-04-20T12:22:29.981+0000] {hook.py:208} WARNING - Data lineage tracking is disabled. Register a hook lineage reader to start tracking hook lineage.
[2025-04-20T12:22:29.983+0000] {my_dag.py:51} INFO - Uploaded snapshot_20250420_122159.json to s3://tfl/data/raw/stop_points/snapshot_20250420_122159.json at timestamp 20250420_122159
[2025-04-20T12:22:31.748+0000] {logging_mixin.py:190} INFO - Error fetching data  'timetable'
[2025-04-20T12:22:31.764+0000] {base.py:84} INFO - Retrieving connection 'minio_conn'
[2025-04-20T12:22:31.767+0000] {connection_wrapper.py:328} INFO - AWS Connection (conn_id='minio_conn', conn_type='aws') credentials retrieved from extra.
[2025-04-20T12:22:31.882+0000] {logging_mixin.py:190} INFO - <botocore.client.S3 object at 0x7f482399a930>
[2025-04-20T12:22:31.917+0000] {hook.py:208} WARNING - Data lineage tracking is disabled. Register a hook lineage reader to start tracking hook lineage.
[2025-04-20T12:22:31.919+0000] {hook.py:208} WARNING - Data lineage tracking is disabled. Register a hook lineage reader to start tracking hook lineage.
[2025-04-20T12:22:31.936+0000] {connection.py:521} WARNING - Failed to parse headers (url=http://host.docker.internal:9000/tfl/data/raw/timetables/snapshot_20250420_122231.json): [MissingHeaderBodySeparatorDefect()], unparsed data: 'HTTP/1.1 200 OK\r\nAccept-Ranges: bytes\r\nContent-Length: 0\r\nETag: "37a6259cc0c1dae299a7866489dff0bd"\r\nServer: MinIO\r\nStrict-Transport-Security: max-age=31536000; includeSubDomains\r\nVary: Origin\r\nVary: Accept-Encoding\r\nX-Amz-Checksum-Crc32: Jcv8Tw==\r\nX-Amz-Id-2: dd9025bab4ad464b049177c95eb6ebf374d3b3fd1af9251148b658df7ac2e3e8\r\nX-Amz-Request-Id: 18380645ACAC5EB1\r\nX-Content-Type-Options: nosniff\r\nX-Ratelimit-Limit: 1537\r\nX-Ratelimit-Remaining: 1537\r\nX-Xss-Protection: 1; mode=block\r\nDate: Sun, 20 Apr 2025 12:22:31 GMT\r\n\r\n'
Traceback (most recent call last):
  File "/home/airflow/.local/lib/python3.12/site-packages/urllib3/connection.py", line 519, in getresponse
    assert_header_parsing(httplib_response.msg)
  File "/home/airflow/.local/lib/python3.12/site-packages/urllib3/util/response.py", line 88, in assert_header_parsing
    raise HeaderParsingError(defects=defects, unparsed_data=unparsed_data)
urllib3.exceptions.HeaderParsingError: [MissingHeaderBodySeparatorDefect()], unparsed data: 'HTTP/1.1 200 OK\r\nAccept-Ranges: bytes\r\nContent-Length: 0\r\nETag: "37a6259cc0c1dae299a7866489dff0bd"\r\nServer: MinIO\r\nStrict-Transport-Security: max-age=31536000; includeSubDomains\r\nVary: Origin\r\nVary: Accept-Encoding\r\nX-Amz-Checksum-Crc32: Jcv8Tw==\r\nX-Amz-Id-2: dd9025bab4ad464b049177c95eb6ebf374d3b3fd1af9251148b658df7ac2e3e8\r\nX-Amz-Request-Id: 18380645ACAC5EB1\r\nX-Content-Type-Options: nosniff\r\nX-Ratelimit-Limit: 1537\r\nX-Ratelimit-Remaining: 1537\r\nX-Xss-Protection: 1; mode=block\r\nDate: Sun, 20 Apr 2025 12:22:31 GMT\r\n\r\n'
[2025-04-20T12:23:02.194+0000] {hook.py:208} WARNING - Data lineage tracking is disabled. Register a hook lineage reader to start tracking hook lineage.
[2025-04-20T12:23:02.202+0000] {hook.py:208} WARNING - Data lineage tracking is disabled. Register a hook lineage reader to start tracking hook lineage.
[2025-04-20T12:23:02.204+0000] {my_dag.py:51} INFO - Uploaded snapshot_20250420_122231.json to s3://tfl/data/raw/timetables/snapshot_20250420_122231.json at timestamp 20250420_122231
[2025-04-20T12:23:03.179+0000] {base.py:84} INFO - Retrieving connection 'minio_conn'
[2025-04-20T12:23:03.183+0000] {connection_wrapper.py:328} INFO - AWS Connection (conn_id='minio_conn', conn_type='aws') credentials retrieved from extra.
[2025-04-20T12:23:03.315+0000] {logging_mixin.py:190} INFO - <botocore.client.S3 object at 0x7f4820f6af30>
[2025-04-20T12:23:03.377+0000] {hook.py:208} WARNING - Data lineage tracking is disabled. Register a hook lineage reader to start tracking hook lineage.
[2025-04-20T12:23:03.378+0000] {hook.py:208} WARNING - Data lineage tracking is disabled. Register a hook lineage reader to start tracking hook lineage.
[2025-04-20T12:23:03.394+0000] {connection.py:521} WARNING - Failed to parse headers (url=http://host.docker.internal:9000/tfl/data/raw/stop_points/snapshot_20250420_122303.json): [MissingHeaderBodySeparatorDefect()], unparsed data: 'HTTP/1.1 200 OK\r\nAccept-Ranges: bytes\r\nContent-Length: 0\r\nETag: "7af3725a9b83a209ad7ead7f88e65d6d"\r\nServer: MinIO\r\nStrict-Transport-Security: max-age=31536000; includeSubDomains\r\nVary: Origin\r\nVary: Accept-Encoding\r\nX-Amz-Checksum-Crc32: FVDriA==\r\nX-Amz-Id-2: dd9025bab4ad464b049177c95eb6ebf374d3b3fd1af9251148b658df7ac2e3e8\r\nX-Amz-Request-Id: 1838064CFFC8581E\r\nX-Content-Type-Options: nosniff\r\nX-Ratelimit-Limit: 1537\r\nX-Ratelimit-Remaining: 1537\r\nX-Xss-Protection: 1; mode=block\r\nDate: Sun, 20 Apr 2025 12:23:03 GMT\r\n\r\n'
Traceback (most recent call last):
  File "/home/airflow/.local/lib/python3.12/site-packages/urllib3/connection.py", line 519, in getresponse
    assert_header_parsing(httplib_response.msg)
  File "/home/airflow/.local/lib/python3.12/site-packages/urllib3/util/response.py", line 88, in assert_header_parsing
    raise HeaderParsingError(defects=defects, unparsed_data=unparsed_data)
urllib3.exceptions.HeaderParsingError: [MissingHeaderBodySeparatorDefect()], unparsed data: 'HTTP/1.1 200 OK\r\nAccept-Ranges: bytes\r\nContent-Length: 0\r\nETag: "7af3725a9b83a209ad7ead7f88e65d6d"\r\nServer: MinIO\r\nStrict-Transport-Security: max-age=31536000; includeSubDomains\r\nVary: Origin\r\nVary: Accept-Encoding\r\nX-Amz-Checksum-Crc32: FVDriA==\r\nX-Amz-Id-2: dd9025bab4ad464b049177c95eb6ebf374d3b3fd1af9251148b658df7ac2e3e8\r\nX-Amz-Request-Id: 1838064CFFC8581E\r\nX-Content-Type-Options: nosniff\r\nX-Ratelimit-Limit: 1537\r\nX-Ratelimit-Remaining: 1537\r\nX-Xss-Protection: 1; mode=block\r\nDate: Sun, 20 Apr 2025 12:23:03 GMT\r\n\r\n'
[2025-04-20T12:23:33.648+0000] {hook.py:208} WARNING - Data lineage tracking is disabled. Register a hook lineage reader to start tracking hook lineage.
[2025-04-20T12:23:33.650+0000] {hook.py:208} WARNING - Data lineage tracking is disabled. Register a hook lineage reader to start tracking hook lineage.
[2025-04-20T12:23:33.653+0000] {my_dag.py:51} INFO - Uploaded snapshot_20250420_122303.json to s3://tfl/data/raw/stop_points/snapshot_20250420_122303.json at timestamp 20250420_122303
[2025-04-20T12:23:34.804+0000] {base.py:84} INFO - Retrieving connection 'minio_conn'
[2025-04-20T12:23:34.807+0000] {connection_wrapper.py:328} INFO - AWS Connection (conn_id='minio_conn', conn_type='aws') credentials retrieved from extra.
[2025-04-20T12:23:34.928+0000] {logging_mixin.py:190} INFO - <botocore.client.S3 object at 0x7f4820691b20>
[2025-04-20T12:23:34.989+0000] {hook.py:208} WARNING - Data lineage tracking is disabled. Register a hook lineage reader to start tracking hook lineage.
[2025-04-20T12:23:34.991+0000] {hook.py:208} WARNING - Data lineage tracking is disabled. Register a hook lineage reader to start tracking hook lineage.
[2025-04-20T12:23:35.030+0000] {connection.py:521} WARNING - Failed to parse headers (url=http://host.docker.internal:9000/tfl/data/raw/timetables/snapshot_20250420_122334.json): [MissingHeaderBodySeparatorDefect()], unparsed data: 'HTTP/1.1 200 OK\r\nAccept-Ranges: bytes\r\nContent-Length: 0\r\nETag: "71cff760a77af8f371c7b838f5269ed0"\r\nServer: MinIO\r\nStrict-Transport-Security: max-age=31536000; includeSubDomains\r\nVary: Origin\r\nVary: Accept-Encoding\r\nX-Amz-Checksum-Crc32: D30weg==\r\nX-Amz-Id-2: dd9025bab4ad464b049177c95eb6ebf374d3b3fd1af9251148b658df7ac2e3e8\r\nX-Amz-Request-Id: 183806545C3D946C\r\nX-Content-Type-Options: nosniff\r\nX-Ratelimit-Limit: 1537\r\nX-Ratelimit-Remaining: 1537\r\nX-Xss-Protection: 1; mode=block\r\nDate: Sun, 20 Apr 2025 12:23:35 GMT\r\n\r\n'
Traceback (most recent call last):
  File "/home/airflow/.local/lib/python3.12/site-packages/urllib3/connection.py", line 519, in getresponse
    assert_header_parsing(httplib_response.msg)
  File "/home/airflow/.local/lib/python3.12/site-packages/urllib3/util/response.py", line 88, in assert_header_parsing
    raise HeaderParsingError(defects=defects, unparsed_data=unparsed_data)
urllib3.exceptions.HeaderParsingError: [MissingHeaderBodySeparatorDefect()], unparsed data: 'HTTP/1.1 200 OK\r\nAccept-Ranges: bytes\r\nContent-Length: 0\r\nETag: "71cff760a77af8f371c7b838f5269ed0"\r\nServer: MinIO\r\nStrict-Transport-Security: max-age=31536000; includeSubDomains\r\nVary: Origin\r\nVary: Accept-Encoding\r\nX-Amz-Checksum-Crc32: D30weg==\r\nX-Amz-Id-2: dd9025bab4ad464b049177c95eb6ebf374d3b3fd1af9251148b658df7ac2e3e8\r\nX-Amz-Request-Id: 183806545C3D946C\r\nX-Content-Type-Options: nosniff\r\nX-Ratelimit-Limit: 1537\r\nX-Ratelimit-Remaining: 1537\r\nX-Xss-Protection: 1; mode=block\r\nDate: Sun, 20 Apr 2025 12:23:35 GMT\r\n\r\n'
[2025-04-20T12:24:05.282+0000] {hook.py:208} WARNING - Data lineage tracking is disabled. Register a hook lineage reader to start tracking hook lineage.
[2025-04-20T12:24:05.284+0000] {hook.py:208} WARNING - Data lineage tracking is disabled. Register a hook lineage reader to start tracking hook lineage.
[2025-04-20T12:24:05.285+0000] {my_dag.py:51} INFO - Uploaded snapshot_20250420_122334.json to s3://tfl/data/raw/timetables/snapshot_20250420_122334.json at timestamp 20250420_122334
[2025-04-20T12:24:06.339+0000] {base.py:84} INFO - Retrieving connection 'minio_conn'
[2025-04-20T12:24:06.345+0000] {connection_wrapper.py:328} INFO - AWS Connection (conn_id='minio_conn', conn_type='aws') credentials retrieved from extra.
[2025-04-20T12:24:06.796+0000] {logging_mixin.py:190} INFO - <botocore.client.S3 object at 0x7f4821249160>
[2025-04-20T12:24:06.849+0000] {hook.py:208} WARNING - Data lineage tracking is disabled. Register a hook lineage reader to start tracking hook lineage.
[2025-04-20T12:24:06.850+0000] {hook.py:208} WARNING - Data lineage tracking is disabled. Register a hook lineage reader to start tracking hook lineage.
[2025-04-20T12:24:06.868+0000] {connection.py:521} WARNING - Failed to parse headers (url=http://host.docker.internal:9000/tfl/data/raw/stop_points/snapshot_20250420_122406.json): [MissingHeaderBodySeparatorDefect()], unparsed data: 'HTTP/1.1 200 OK\r\nAccept-Ranges: bytes\r\nContent-Length: 0\r\nETag: "db09c6be1887312232d470546acfba5c"\r\nServer: MinIO\r\nStrict-Transport-Security: max-age=31536000; includeSubDomains\r\nVary: Origin\r\nVary: Accept-Encoding\r\nX-Amz-Checksum-Crc32: kk4Elg==\r\nX-Amz-Id-2: dd9025bab4ad464b049177c95eb6ebf374d3b3fd1af9251148b658df7ac2e3e8\r\nX-Amz-Request-Id: 1838065BC70AE323\r\nX-Content-Type-Options: nosniff\r\nX-Ratelimit-Limit: 1537\r\nX-Ratelimit-Remaining: 1537\r\nX-Xss-Protection: 1; mode=block\r\nDate: Sun, 20 Apr 2025 12:24:06 GMT\r\n\r\n'
Traceback (most recent call last):
  File "/home/airflow/.local/lib/python3.12/site-packages/urllib3/connection.py", line 519, in getresponse
    assert_header_parsing(httplib_response.msg)
  File "/home/airflow/.local/lib/python3.12/site-packages/urllib3/util/response.py", line 88, in assert_header_parsing
    raise HeaderParsingError(defects=defects, unparsed_data=unparsed_data)
urllib3.exceptions.HeaderParsingError: [MissingHeaderBodySeparatorDefect()], unparsed data: 'HTTP/1.1 200 OK\r\nAccept-Ranges: bytes\r\nContent-Length: 0\r\nETag: "db09c6be1887312232d470546acfba5c"\r\nServer: MinIO\r\nStrict-Transport-Security: max-age=31536000; includeSubDomains\r\nVary: Origin\r\nVary: Accept-Encoding\r\nX-Amz-Checksum-Crc32: kk4Elg==\r\nX-Amz-Id-2: dd9025bab4ad464b049177c95eb6ebf374d3b3fd1af9251148b658df7ac2e3e8\r\nX-Amz-Request-Id: 1838065BC70AE323\r\nX-Content-Type-Options: nosniff\r\nX-Ratelimit-Limit: 1537\r\nX-Ratelimit-Remaining: 1537\r\nX-Xss-Protection: 1; mode=block\r\nDate: Sun, 20 Apr 2025 12:24:06 GMT\r\n\r\n'
[2025-04-20T12:24:37.121+0000] {hook.py:208} WARNING - Data lineage tracking is disabled. Register a hook lineage reader to start tracking hook lineage.
[2025-04-20T12:24:37.123+0000] {hook.py:208} WARNING - Data lineage tracking is disabled. Register a hook lineage reader to start tracking hook lineage.
[2025-04-20T12:24:37.125+0000] {my_dag.py:51} INFO - Uploaded snapshot_20250420_122406.json to s3://tfl/data/raw/stop_points/snapshot_20250420_122406.json at timestamp 20250420_122406
[2025-04-20T12:24:37.979+0000] {logging_mixin.py:190} INFO - Error fetching data  'timetable'
[2025-04-20T12:24:37.990+0000] {base.py:84} INFO - Retrieving connection 'minio_conn'
[2025-04-20T12:24:37.993+0000] {connection_wrapper.py:328} INFO - AWS Connection (conn_id='minio_conn', conn_type='aws') credentials retrieved from extra.
[2025-04-20T12:24:38.129+0000] {logging_mixin.py:190} INFO - <botocore.client.S3 object at 0x7f48253f7da0>
[2025-04-20T12:24:38.164+0000] {hook.py:208} WARNING - Data lineage tracking is disabled. Register a hook lineage reader to start tracking hook lineage.
[2025-04-20T12:24:38.165+0000] {hook.py:208} WARNING - Data lineage tracking is disabled. Register a hook lineage reader to start tracking hook lineage.
[2025-04-20T12:24:38.182+0000] {connection.py:521} WARNING - Failed to parse headers (url=http://host.docker.internal:9000/tfl/data/raw/timetables/snapshot_20250420_122438.json): [MissingHeaderBodySeparatorDefect()], unparsed data: 'HTTP/1.1 200 OK\r\nAccept-Ranges: bytes\r\nContent-Length: 0\r\nETag: "37a6259cc0c1dae299a7866489dff0bd"\r\nServer: MinIO\r\nStrict-Transport-Security: max-age=31536000; includeSubDomains\r\nVary: Origin\r\nVary: Accept-Encoding\r\nX-Amz-Checksum-Crc32: Jcv8Tw==\r\nX-Amz-Id-2: dd9025bab4ad464b049177c95eb6ebf374d3b3fd1af9251148b658df7ac2e3e8\r\nX-Amz-Request-Id: 18380663118A5CAE\r\nX-Content-Type-Options: nosniff\r\nX-Ratelimit-Limit: 1537\r\nX-Ratelimit-Remaining: 1537\r\nX-Xss-Protection: 1; mode=block\r\nDate: Sun, 20 Apr 2025 12:24:38 GMT\r\n\r\n'
Traceback (most recent call last):
  File "/home/airflow/.local/lib/python3.12/site-packages/urllib3/connection.py", line 519, in getresponse
    assert_header_parsing(httplib_response.msg)
  File "/home/airflow/.local/lib/python3.12/site-packages/urllib3/util/response.py", line 88, in assert_header_parsing
    raise HeaderParsingError(defects=defects, unparsed_data=unparsed_data)
urllib3.exceptions.HeaderParsingError: [MissingHeaderBodySeparatorDefect()], unparsed data: 'HTTP/1.1 200 OK\r\nAccept-Ranges: bytes\r\nContent-Length: 0\r\nETag: "37a6259cc0c1dae299a7866489dff0bd"\r\nServer: MinIO\r\nStrict-Transport-Security: max-age=31536000; includeSubDomains\r\nVary: Origin\r\nVary: Accept-Encoding\r\nX-Amz-Checksum-Crc32: Jcv8Tw==\r\nX-Amz-Id-2: dd9025bab4ad464b049177c95eb6ebf374d3b3fd1af9251148b658df7ac2e3e8\r\nX-Amz-Request-Id: 18380663118A5CAE\r\nX-Content-Type-Options: nosniff\r\nX-Ratelimit-Limit: 1537\r\nX-Ratelimit-Remaining: 1537\r\nX-Xss-Protection: 1; mode=block\r\nDate: Sun, 20 Apr 2025 12:24:38 GMT\r\n\r\n'
[2025-04-20T12:25:08.436+0000] {hook.py:208} WARNING - Data lineage tracking is disabled. Register a hook lineage reader to start tracking hook lineage.
[2025-04-20T12:25:08.438+0000] {hook.py:208} WARNING - Data lineage tracking is disabled. Register a hook lineage reader to start tracking hook lineage.
[2025-04-20T12:25:08.440+0000] {my_dag.py:51} INFO - Uploaded snapshot_20250420_122438.json to s3://tfl/data/raw/timetables/snapshot_20250420_122438.json at timestamp 20250420_122438
[2025-04-20T12:25:09.432+0000] {base.py:84} INFO - Retrieving connection 'minio_conn'
[2025-04-20T12:25:09.434+0000] {connection_wrapper.py:328} INFO - AWS Connection (conn_id='minio_conn', conn_type='aws') credentials retrieved from extra.
[2025-04-20T12:25:09.538+0000] {logging_mixin.py:190} INFO - <botocore.client.S3 object at 0x7f482b9d56a0>
[2025-04-20T12:25:09.585+0000] {hook.py:208} WARNING - Data lineage tracking is disabled. Register a hook lineage reader to start tracking hook lineage.
[2025-04-20T12:25:09.587+0000] {hook.py:208} WARNING - Data lineage tracking is disabled. Register a hook lineage reader to start tracking hook lineage.
[2025-04-20T12:25:09.601+0000] {connection.py:521} WARNING - Failed to parse headers (url=http://host.docker.internal:9000/tfl/data/raw/stop_points/snapshot_20250420_122509.json): [MissingHeaderBodySeparatorDefect()], unparsed data: 'HTTP/1.1 200 OK\r\nAccept-Ranges: bytes\r\nContent-Length: 0\r\nETag: "d22722d6c4df0d8700e7e128c68260ee"\r\nServer: MinIO\r\nStrict-Transport-Security: max-age=31536000; includeSubDomains\r\nVary: Origin\r\nVary: Accept-Encoding\r\nX-Amz-Checksum-Crc32: aJ/jmA==\r\nX-Amz-Id-2: dd9025bab4ad464b049177c95eb6ebf374d3b3fd1af9251148b658df7ac2e3e8\r\nX-Amz-Request-Id: 1838066A625F7E45\r\nX-Content-Type-Options: nosniff\r\nX-Ratelimit-Limit: 1537\r\nX-Ratelimit-Remaining: 1537\r\nX-Xss-Protection: 1; mode=block\r\nDate: Sun, 20 Apr 2025 12:25:09 GMT\r\n\r\n'
Traceback (most recent call last):
  File "/home/airflow/.local/lib/python3.12/site-packages/urllib3/connection.py", line 519, in getresponse
    assert_header_parsing(httplib_response.msg)
  File "/home/airflow/.local/lib/python3.12/site-packages/urllib3/util/response.py", line 88, in assert_header_parsing
    raise HeaderParsingError(defects=defects, unparsed_data=unparsed_data)
urllib3.exceptions.HeaderParsingError: [MissingHeaderBodySeparatorDefect()], unparsed data: 'HTTP/1.1 200 OK\r\nAccept-Ranges: bytes\r\nContent-Length: 0\r\nETag: "d22722d6c4df0d8700e7e128c68260ee"\r\nServer: MinIO\r\nStrict-Transport-Security: max-age=31536000; includeSubDomains\r\nVary: Origin\r\nVary: Accept-Encoding\r\nX-Amz-Checksum-Crc32: aJ/jmA==\r\nX-Amz-Id-2: dd9025bab4ad464b049177c95eb6ebf374d3b3fd1af9251148b658df7ac2e3e8\r\nX-Amz-Request-Id: 1838066A625F7E45\r\nX-Content-Type-Options: nosniff\r\nX-Ratelimit-Limit: 1537\r\nX-Ratelimit-Remaining: 1537\r\nX-Xss-Protection: 1; mode=block\r\nDate: Sun, 20 Apr 2025 12:25:09 GMT\r\n\r\n'
[2025-04-20T12:25:39.855+0000] {hook.py:208} WARNING - Data lineage tracking is disabled. Register a hook lineage reader to start tracking hook lineage.
[2025-04-20T12:25:39.858+0000] {hook.py:208} WARNING - Data lineage tracking is disabled. Register a hook lineage reader to start tracking hook lineage.
[2025-04-20T12:25:39.860+0000] {my_dag.py:51} INFO - Uploaded snapshot_20250420_122509.json to s3://tfl/data/raw/stop_points/snapshot_20250420_122509.json at timestamp 20250420_122509
[2025-04-20T12:25:40.810+0000] {logging_mixin.py:190} INFO - Error fetching data  'timetable'
[2025-04-20T12:25:40.822+0000] {base.py:84} INFO - Retrieving connection 'minio_conn'
[2025-04-20T12:25:40.824+0000] {connection_wrapper.py:328} INFO - AWS Connection (conn_id='minio_conn', conn_type='aws') credentials retrieved from extra.
[2025-04-20T12:25:40.940+0000] {logging_mixin.py:190} INFO - <botocore.client.S3 object at 0x7f482650fb60>
[2025-04-20T12:25:40.978+0000] {hook.py:208} WARNING - Data lineage tracking is disabled. Register a hook lineage reader to start tracking hook lineage.
[2025-04-20T12:25:40.980+0000] {hook.py:208} WARNING - Data lineage tracking is disabled. Register a hook lineage reader to start tracking hook lineage.
[2025-04-20T12:25:40.997+0000] {connection.py:521} WARNING - Failed to parse headers (url=http://host.docker.internal:9000/tfl/data/raw/timetables/snapshot_20250420_122540.json): [MissingHeaderBodySeparatorDefect()], unparsed data: 'HTTP/1.1 200 OK\r\nAccept-Ranges: bytes\r\nContent-Length: 0\r\nETag: "37a6259cc0c1dae299a7866489dff0bd"\r\nServer: MinIO\r\nStrict-Transport-Security: max-age=31536000; includeSubDomains\r\nVary: Origin\r\nVary: Accept-Encoding\r\nX-Amz-Checksum-Crc32: Jcv8Tw==\r\nX-Amz-Id-2: dd9025bab4ad464b049177c95eb6ebf374d3b3fd1af9251148b658df7ac2e3e8\r\nX-Amz-Request-Id: 18380671B199A22E\r\nX-Content-Type-Options: nosniff\r\nX-Ratelimit-Limit: 1537\r\nX-Ratelimit-Remaining: 1537\r\nX-Xss-Protection: 1; mode=block\r\nDate: Sun, 20 Apr 2025 12:25:40 GMT\r\n\r\n'
Traceback (most recent call last):
  File "/home/airflow/.local/lib/python3.12/site-packages/urllib3/connection.py", line 519, in getresponse
    assert_header_parsing(httplib_response.msg)
  File "/home/airflow/.local/lib/python3.12/site-packages/urllib3/util/response.py", line 88, in assert_header_parsing
    raise HeaderParsingError(defects=defects, unparsed_data=unparsed_data)
urllib3.exceptions.HeaderParsingError: [MissingHeaderBodySeparatorDefect()], unparsed data: 'HTTP/1.1 200 OK\r\nAccept-Ranges: bytes\r\nContent-Length: 0\r\nETag: "37a6259cc0c1dae299a7866489dff0bd"\r\nServer: MinIO\r\nStrict-Transport-Security: max-age=31536000; includeSubDomains\r\nVary: Origin\r\nVary: Accept-Encoding\r\nX-Amz-Checksum-Crc32: Jcv8Tw==\r\nX-Amz-Id-2: dd9025bab4ad464b049177c95eb6ebf374d3b3fd1af9251148b658df7ac2e3e8\r\nX-Amz-Request-Id: 18380671B199A22E\r\nX-Content-Type-Options: nosniff\r\nX-Ratelimit-Limit: 1537\r\nX-Ratelimit-Remaining: 1537\r\nX-Xss-Protection: 1; mode=block\r\nDate: Sun, 20 Apr 2025 12:25:40 GMT\r\n\r\n'
[2025-04-20T12:26:11.250+0000] {hook.py:208} WARNING - Data lineage tracking is disabled. Register a hook lineage reader to start tracking hook lineage.
[2025-04-20T12:26:11.252+0000] {hook.py:208} WARNING - Data lineage tracking is disabled. Register a hook lineage reader to start tracking hook lineage.
[2025-04-20T12:26:11.253+0000] {my_dag.py:51} INFO - Uploaded snapshot_20250420_122540.json to s3://tfl/data/raw/timetables/snapshot_20250420_122540.json at timestamp 20250420_122540
[2025-04-20T12:26:12.600+0000] {base.py:84} INFO - Retrieving connection 'minio_conn'
[2025-04-20T12:26:12.601+0000] {connection_wrapper.py:328} INFO - AWS Connection (conn_id='minio_conn', conn_type='aws') credentials retrieved from extra.
[2025-04-20T12:26:12.669+0000] {logging_mixin.py:190} INFO - <botocore.client.S3 object at 0x7f4836d18aa0>
[2025-04-20T12:26:12.694+0000] {hook.py:208} WARNING - Data lineage tracking is disabled. Register a hook lineage reader to start tracking hook lineage.
[2025-04-20T12:26:12.695+0000] {hook.py:208} WARNING - Data lineage tracking is disabled. Register a hook lineage reader to start tracking hook lineage.
[2025-04-20T12:26:12.707+0000] {connection.py:521} WARNING - Failed to parse headers (url=http://host.docker.internal:9000/tfl/data/raw/stop_points/snapshot_20250420_122612.json): [MissingHeaderBodySeparatorDefect()], unparsed data: 'HTTP/1.1 200 OK\r\nAccept-Ranges: bytes\r\nContent-Length: 0\r\nETag: "fe48f43f032331396214a744d55cbda6"\r\nServer: MinIO\r\nStrict-Transport-Security: max-age=31536000; includeSubDomains\r\nVary: Origin\r\nVary: Accept-Encoding\r\nX-Amz-Checksum-Crc32: 1GzdEw==\r\nX-Amz-Id-2: dd9025bab4ad464b049177c95eb6ebf374d3b3fd1af9251148b658df7ac2e3e8\r\nX-Amz-Request-Id: 1838067913E0085C\r\nX-Content-Type-Options: nosniff\r\nX-Ratelimit-Limit: 1537\r\nX-Ratelimit-Remaining: 1537\r\nX-Xss-Protection: 1; mode=block\r\nDate: Sun, 20 Apr 2025 12:26:12 GMT\r\n\r\n'
Traceback (most recent call last):
  File "/home/airflow/.local/lib/python3.12/site-packages/urllib3/connection.py", line 519, in getresponse
    assert_header_parsing(httplib_response.msg)
  File "/home/airflow/.local/lib/python3.12/site-packages/urllib3/util/response.py", line 88, in assert_header_parsing
    raise HeaderParsingError(defects=defects, unparsed_data=unparsed_data)
urllib3.exceptions.HeaderParsingError: [MissingHeaderBodySeparatorDefect()], unparsed data: 'HTTP/1.1 200 OK\r\nAccept-Ranges: bytes\r\nContent-Length: 0\r\nETag: "fe48f43f032331396214a744d55cbda6"\r\nServer: MinIO\r\nStrict-Transport-Security: max-age=31536000; includeSubDomains\r\nVary: Origin\r\nVary: Accept-Encoding\r\nX-Amz-Checksum-Crc32: 1GzdEw==\r\nX-Amz-Id-2: dd9025bab4ad464b049177c95eb6ebf374d3b3fd1af9251148b658df7ac2e3e8\r\nX-Amz-Request-Id: 1838067913E0085C\r\nX-Content-Type-Options: nosniff\r\nX-Ratelimit-Limit: 1537\r\nX-Ratelimit-Remaining: 1537\r\nX-Xss-Protection: 1; mode=block\r\nDate: Sun, 20 Apr 2025 12:26:12 GMT\r\n\r\n'
[2025-04-20T12:26:42.962+0000] {hook.py:208} WARNING - Data lineage tracking is disabled. Register a hook lineage reader to start tracking hook lineage.
[2025-04-20T12:26:42.964+0000] {hook.py:208} WARNING - Data lineage tracking is disabled. Register a hook lineage reader to start tracking hook lineage.
[2025-04-20T12:26:42.966+0000] {my_dag.py:51} INFO - Uploaded snapshot_20250420_122612.json to s3://tfl/data/raw/stop_points/snapshot_20250420_122612.json at timestamp 20250420_122612
[2025-04-20T12:26:43.831+0000] {logging_mixin.py:190} INFO - Error fetching data  'timetable'
[2025-04-20T12:26:43.847+0000] {base.py:84} INFO - Retrieving connection 'minio_conn'
[2025-04-20T12:26:43.850+0000] {connection_wrapper.py:328} INFO - AWS Connection (conn_id='minio_conn', conn_type='aws') credentials retrieved from extra.
[2025-04-20T12:26:43.953+0000] {logging_mixin.py:190} INFO - <botocore.client.S3 object at 0x7f482b963e60>
[2025-04-20T12:26:43.994+0000] {hook.py:208} WARNING - Data lineage tracking is disabled. Register a hook lineage reader to start tracking hook lineage.
[2025-04-20T12:26:43.997+0000] {hook.py:208} WARNING - Data lineage tracking is disabled. Register a hook lineage reader to start tracking hook lineage.
[2025-04-20T12:26:44.017+0000] {connection.py:521} WARNING - Failed to parse headers (url=http://host.docker.internal:9000/tfl/data/raw/timetables/snapshot_20250420_122643.json): [MissingHeaderBodySeparatorDefect()], unparsed data: 'HTTP/1.1 200 OK\r\nAccept-Ranges: bytes\r\nContent-Length: 0\r\nETag: "37a6259cc0c1dae299a7866489dff0bd"\r\nServer: MinIO\r\nStrict-Transport-Security: max-age=31536000; includeSubDomains\r\nVary: Origin\r\nVary: Accept-Encoding\r\nX-Amz-Checksum-Crc32: Jcv8Tw==\r\nX-Amz-Id-2: dd9025bab4ad464b049177c95eb6ebf374d3b3fd1af9251148b658df7ac2e3e8\r\nX-Amz-Request-Id: 183806805DB6ECDA\r\nX-Content-Type-Options: nosniff\r\nX-Ratelimit-Limit: 1537\r\nX-Ratelimit-Remaining: 1537\r\nX-Xss-Protection: 1; mode=block\r\nDate: Sun, 20 Apr 2025 12:26:44 GMT\r\n\r\n'
Traceback (most recent call last):
  File "/home/airflow/.local/lib/python3.12/site-packages/urllib3/connection.py", line 519, in getresponse
    assert_header_parsing(httplib_response.msg)
  File "/home/airflow/.local/lib/python3.12/site-packages/urllib3/util/response.py", line 88, in assert_header_parsing
    raise HeaderParsingError(defects=defects, unparsed_data=unparsed_data)
urllib3.exceptions.HeaderParsingError: [MissingHeaderBodySeparatorDefect()], unparsed data: 'HTTP/1.1 200 OK\r\nAccept-Ranges: bytes\r\nContent-Length: 0\r\nETag: "37a6259cc0c1dae299a7866489dff0bd"\r\nServer: MinIO\r\nStrict-Transport-Security: max-age=31536000; includeSubDomains\r\nVary: Origin\r\nVary: Accept-Encoding\r\nX-Amz-Checksum-Crc32: Jcv8Tw==\r\nX-Amz-Id-2: dd9025bab4ad464b049177c95eb6ebf374d3b3fd1af9251148b658df7ac2e3e8\r\nX-Amz-Request-Id: 183806805DB6ECDA\r\nX-Content-Type-Options: nosniff\r\nX-Ratelimit-Limit: 1537\r\nX-Ratelimit-Remaining: 1537\r\nX-Xss-Protection: 1; mode=block\r\nDate: Sun, 20 Apr 2025 12:26:44 GMT\r\n\r\n'
[2025-04-20T12:27:14.266+0000] {hook.py:208} WARNING - Data lineage tracking is disabled. Register a hook lineage reader to start tracking hook lineage.
[2025-04-20T12:27:14.268+0000] {hook.py:208} WARNING - Data lineage tracking is disabled. Register a hook lineage reader to start tracking hook lineage.
[2025-04-20T12:27:14.271+0000] {my_dag.py:51} INFO - Uploaded snapshot_20250420_122643.json to s3://tfl/data/raw/timetables/snapshot_20250420_122643.json at timestamp 20250420_122643
[2025-04-20T12:27:16.908+0000] {base.py:84} INFO - Retrieving connection 'minio_conn'
[2025-04-20T12:27:16.909+0000] {connection_wrapper.py:328} INFO - AWS Connection (conn_id='minio_conn', conn_type='aws') credentials retrieved from extra.
[2025-04-20T12:27:16.982+0000] {logging_mixin.py:190} INFO - <botocore.client.S3 object at 0x7f482ca53b90>
[2025-04-20T12:27:17.007+0000] {hook.py:208} WARNING - Data lineage tracking is disabled. Register a hook lineage reader to start tracking hook lineage.
[2025-04-20T12:27:17.008+0000] {hook.py:208} WARNING - Data lineage tracking is disabled. Register a hook lineage reader to start tracking hook lineage.
[2025-04-20T12:27:17.021+0000] {connection.py:521} WARNING - Failed to parse headers (url=http://host.docker.internal:9000/tfl/data/raw/stop_points/snapshot_20250420_122716.json): [MissingHeaderBodySeparatorDefect()], unparsed data: 'HTTP/1.1 200 OK\r\nAccept-Ranges: bytes\r\nContent-Length: 0\r\nETag: "239fdad806d2124c24b82d96ca3541c2"\r\nServer: MinIO\r\nStrict-Transport-Security: max-age=31536000; includeSubDomains\r\nVary: Origin\r\nVary: Accept-Encoding\r\nX-Amz-Checksum-Crc32: 3q4o7A==\r\nX-Amz-Id-2: dd9025bab4ad464b049177c95eb6ebf374d3b3fd1af9251148b658df7ac2e3e8\r\nX-Amz-Request-Id: 183806880D3E5C90\r\nX-Content-Type-Options: nosniff\r\nX-Ratelimit-Limit: 1537\r\nX-Ratelimit-Remaining: 1537\r\nX-Xss-Protection: 1; mode=block\r\nDate: Sun, 20 Apr 2025 12:27:17 GMT\r\n\r\n'
Traceback (most recent call last):
  File "/home/airflow/.local/lib/python3.12/site-packages/urllib3/connection.py", line 519, in getresponse
    assert_header_parsing(httplib_response.msg)
  File "/home/airflow/.local/lib/python3.12/site-packages/urllib3/util/response.py", line 88, in assert_header_parsing
    raise HeaderParsingError(defects=defects, unparsed_data=unparsed_data)
urllib3.exceptions.HeaderParsingError: [MissingHeaderBodySeparatorDefect()], unparsed data: 'HTTP/1.1 200 OK\r\nAccept-Ranges: bytes\r\nContent-Length: 0\r\nETag: "239fdad806d2124c24b82d96ca3541c2"\r\nServer: MinIO\r\nStrict-Transport-Security: max-age=31536000; includeSubDomains\r\nVary: Origin\r\nVary: Accept-Encoding\r\nX-Amz-Checksum-Crc32: 3q4o7A==\r\nX-Amz-Id-2: dd9025bab4ad464b049177c95eb6ebf374d3b3fd1af9251148b658df7ac2e3e8\r\nX-Amz-Request-Id: 183806880D3E5C90\r\nX-Content-Type-Options: nosniff\r\nX-Ratelimit-Limit: 1537\r\nX-Ratelimit-Remaining: 1537\r\nX-Xss-Protection: 1; mode=block\r\nDate: Sun, 20 Apr 2025 12:27:17 GMT\r\n\r\n'
[2025-04-20T12:27:47.274+0000] {hook.py:208} WARNING - Data lineage tracking is disabled. Register a hook lineage reader to start tracking hook lineage.
[2025-04-20T12:27:47.278+0000] {hook.py:208} WARNING - Data lineage tracking is disabled. Register a hook lineage reader to start tracking hook lineage.
[2025-04-20T12:27:47.280+0000] {my_dag.py:51} INFO - Uploaded snapshot_20250420_122716.json to s3://tfl/data/raw/stop_points/snapshot_20250420_122716.json at timestamp 20250420_122716
[2025-04-20T12:27:47.950+0000] {logging_mixin.py:190} INFO - Error fetching data  'timetable'
[2025-04-20T12:27:47.959+0000] {base.py:84} INFO - Retrieving connection 'minio_conn'
[2025-04-20T12:27:47.961+0000] {connection_wrapper.py:328} INFO - AWS Connection (conn_id='minio_conn', conn_type='aws') credentials retrieved from extra.
[2025-04-20T12:27:48.096+0000] {logging_mixin.py:190} INFO - <botocore.client.S3 object at 0x7f4824a5b080>
[2025-04-20T12:27:48.126+0000] {hook.py:208} WARNING - Data lineage tracking is disabled. Register a hook lineage reader to start tracking hook lineage.
[2025-04-20T12:27:48.128+0000] {hook.py:208} WARNING - Data lineage tracking is disabled. Register a hook lineage reader to start tracking hook lineage.
[2025-04-20T12:27:48.141+0000] {connection.py:521} WARNING - Failed to parse headers (url=http://host.docker.internal:9000/tfl/data/raw/timetables/snapshot_20250420_122748.json): [MissingHeaderBodySeparatorDefect()], unparsed data: 'HTTP/1.1 200 OK\r\nAccept-Ranges: bytes\r\nContent-Length: 0\r\nETag: "37a6259cc0c1dae299a7866489dff0bd"\r\nServer: MinIO\r\nStrict-Transport-Security: max-age=31536000; includeSubDomains\r\nVary: Origin\r\nVary: Accept-Encoding\r\nX-Amz-Checksum-Crc32: Jcv8Tw==\r\nX-Amz-Id-2: dd9025bab4ad464b049177c95eb6ebf374d3b3fd1af9251148b658df7ac2e3e8\r\nX-Amz-Request-Id: 1838068F4C36FFC6\r\nX-Content-Type-Options: nosniff\r\nX-Ratelimit-Limit: 1537\r\nX-Ratelimit-Remaining: 1537\r\nX-Xss-Protection: 1; mode=block\r\nDate: Sun, 20 Apr 2025 12:27:48 GMT\r\n\r\n'
Traceback (most recent call last):
  File "/home/airflow/.local/lib/python3.12/site-packages/urllib3/connection.py", line 519, in getresponse
    assert_header_parsing(httplib_response.msg)
  File "/home/airflow/.local/lib/python3.12/site-packages/urllib3/util/response.py", line 88, in assert_header_parsing
    raise HeaderParsingError(defects=defects, unparsed_data=unparsed_data)
urllib3.exceptions.HeaderParsingError: [MissingHeaderBodySeparatorDefect()], unparsed data: 'HTTP/1.1 200 OK\r\nAccept-Ranges: bytes\r\nContent-Length: 0\r\nETag: "37a6259cc0c1dae299a7866489dff0bd"\r\nServer: MinIO\r\nStrict-Transport-Security: max-age=31536000; includeSubDomains\r\nVary: Origin\r\nVary: Accept-Encoding\r\nX-Amz-Checksum-Crc32: Jcv8Tw==\r\nX-Amz-Id-2: dd9025bab4ad464b049177c95eb6ebf374d3b3fd1af9251148b658df7ac2e3e8\r\nX-Amz-Request-Id: 1838068F4C36FFC6\r\nX-Content-Type-Options: nosniff\r\nX-Ratelimit-Limit: 1537\r\nX-Ratelimit-Remaining: 1537\r\nX-Xss-Protection: 1; mode=block\r\nDate: Sun, 20 Apr 2025 12:27:48 GMT\r\n\r\n'
[2025-04-20T12:28:18.394+0000] {hook.py:208} WARNING - Data lineage tracking is disabled. Register a hook lineage reader to start tracking hook lineage.
[2025-04-20T12:28:18.395+0000] {hook.py:208} WARNING - Data lineage tracking is disabled. Register a hook lineage reader to start tracking hook lineage.
[2025-04-20T12:28:18.397+0000] {my_dag.py:51} INFO - Uploaded snapshot_20250420_122748.json to s3://tfl/data/raw/timetables/snapshot_20250420_122748.json at timestamp 20250420_122748
[2025-04-20T12:28:18.398+0000] {taskinstance.py:3313} ERROR - Task failed with exception
Traceback (most recent call last):
  File "/home/airflow/.local/lib/python3.12/site-packages/airflow/models/taskinstance.py", line 768, in _execute_task
    result = _execute_callable(context=context, **execute_callable_kwargs)
             ^^^^^^^^^^^^^^^^^^^^^^^^^^^^^^^^^^^^^^^^^^^^^^^^^^^^^^^^^^^^^
  File "/home/airflow/.local/lib/python3.12/site-packages/airflow/models/taskinstance.py", line 734, in _execute_callable
    return ExecutionCallableRunner(
           ^^^^^^^^^^^^^^^^^^^^^^^^
  File "/home/airflow/.local/lib/python3.12/site-packages/airflow/utils/operator_helpers.py", line 252, in run
    return self.func(*args, **kwargs)
           ^^^^^^^^^^^^^^^^^^^^^^^^^^
  File "/home/airflow/.local/lib/python3.12/site-packages/airflow/models/baseoperator.py", line 424, in wrapper
    return func(self, *args, **kwargs)
           ^^^^^^^^^^^^^^^^^^^^^^^^^^^
  File "/home/airflow/.local/lib/python3.12/site-packages/airflow/operators/python.py", line 238, in execute
    return_value = self.execute_callable()
                   ^^^^^^^^^^^^^^^^^^^^^^^
  File "/home/airflow/.local/lib/python3.12/site-packages/airflow/operators/python.py", line 256, in execute_callable
    return runner.run(*self.op_args, **self.op_kwargs)
           ^^^^^^^^^^^^^^^^^^^^^^^^^^^^^^^^^^^^^^^^^^^
  File "/home/airflow/.local/lib/python3.12/site-packages/airflow/utils/operator_helpers.py", line 252, in run
    return self.func(*args, **kwargs)
           ^^^^^^^^^^^^^^^^^^^^^^^^^^
  File "/opt/airflow/dags/my_dag.py", line 90, in get_api_data
    ti.xcom_push(key="sp-keys", values=sp_keys)
  File "/home/airflow/.local/lib/python3.12/site-packages/airflow/utils/session.py", line 97, in wrapper
    return func(*args, session=session, **kwargs)
           ^^^^^^^^^^^^^^^^^^^^^^^^^^^^^^^^^^^^^^
TypeError: TaskInstance.xcom_push() got an unexpected keyword argument 'values'
[2025-04-20T12:28:18.412+0000] {taskinstance.py:1226} INFO - Marking task as UP_FOR_RETRY. dag_id=TFL_DATA_DAG, task_id=api_call_static_data, run_id=scheduled__2025-04-19T00:00:00+00:00, execution_date=20250419T000000, start_date=20250420T095317, end_date=20250420T122818
[2025-04-20T12:28:18.453+0000] {taskinstance.py:341} INFO - ::group::Post task execution logs
[2025-04-20T12:28:18.455+0000] {standard_task_runner.py:124} ERROR - Failed to execute job 213 for task api_call_static_data (TaskInstance.xcom_push() got an unexpected keyword argument 'values'; 17377)
Traceback (most recent call last):
  File "/home/airflow/.local/lib/python3.12/site-packages/airflow/task/task_runner/standard_task_runner.py", line 117, in _start_by_fork
    ret = args.func(args, dag=self.dag)
          ^^^^^^^^^^^^^^^^^^^^^^^^^^^^^
  File "/home/airflow/.local/lib/python3.12/site-packages/airflow/cli/cli_config.py", line 49, in command
    return func(*args, **kwargs)
           ^^^^^^^^^^^^^^^^^^^^^
  File "/home/airflow/.local/lib/python3.12/site-packages/airflow/utils/cli.py", line 116, in wrapper
    return f(*args, **kwargs)
           ^^^^^^^^^^^^^^^^^^
  File "/home/airflow/.local/lib/python3.12/site-packages/airflow/cli/commands/task_command.py", line 483, in task_run
    task_return_code = _run_task_by_selected_method(args, _dag, ti)
                       ^^^^^^^^^^^^^^^^^^^^^^^^^^^^^^^^^^^^^^^^^^^^
  File "/home/airflow/.local/lib/python3.12/site-packages/airflow/cli/commands/task_command.py", line 256, in _run_task_by_selected_method
    return _run_raw_task(args, ti)
           ^^^^^^^^^^^^^^^^^^^^^^^
  File "/home/airflow/.local/lib/python3.12/site-packages/airflow/cli/commands/task_command.py", line 341, in _run_raw_task
    return ti._run_raw_task(
           ^^^^^^^^^^^^^^^^^
  File "/home/airflow/.local/lib/python3.12/site-packages/airflow/utils/session.py", line 97, in wrapper
    return func(*args, session=session, **kwargs)
           ^^^^^^^^^^^^^^^^^^^^^^^^^^^^^^^^^^^^^^
  File "/home/airflow/.local/lib/python3.12/site-packages/airflow/models/taskinstance.py", line 3006, in _run_raw_task
    return _run_raw_task(
           ^^^^^^^^^^^^^^
  File "/home/airflow/.local/lib/python3.12/site-packages/airflow/models/taskinstance.py", line 274, in _run_raw_task
    TaskInstance._execute_task_with_callbacks(
  File "/home/airflow/.local/lib/python3.12/site-packages/airflow/models/taskinstance.py", line 3161, in _execute_task_with_callbacks
    result = self._execute_task(context, task_orig)
             ^^^^^^^^^^^^^^^^^^^^^^^^^^^^^^^^^^^^^^
  File "/home/airflow/.local/lib/python3.12/site-packages/airflow/models/taskinstance.py", line 3185, in _execute_task
    return _execute_task(self, context, task_orig)
           ^^^^^^^^^^^^^^^^^^^^^^^^^^^^^^^^^^^^^^^
  File "/home/airflow/.local/lib/python3.12/site-packages/airflow/models/taskinstance.py", line 768, in _execute_task
    result = _execute_callable(context=context, **execute_callable_kwargs)
             ^^^^^^^^^^^^^^^^^^^^^^^^^^^^^^^^^^^^^^^^^^^^^^^^^^^^^^^^^^^^^
  File "/home/airflow/.local/lib/python3.12/site-packages/airflow/models/taskinstance.py", line 734, in _execute_callable
    return ExecutionCallableRunner(
           ^^^^^^^^^^^^^^^^^^^^^^^^
  File "/home/airflow/.local/lib/python3.12/site-packages/airflow/utils/operator_helpers.py", line 252, in run
    return self.func(*args, **kwargs)
           ^^^^^^^^^^^^^^^^^^^^^^^^^^
  File "/home/airflow/.local/lib/python3.12/site-packages/airflow/models/baseoperator.py", line 424, in wrapper
    return func(self, *args, **kwargs)
           ^^^^^^^^^^^^^^^^^^^^^^^^^^^
  File "/home/airflow/.local/lib/python3.12/site-packages/airflow/operators/python.py", line 238, in execute
    return_value = self.execute_callable()
                   ^^^^^^^^^^^^^^^^^^^^^^^
  File "/home/airflow/.local/lib/python3.12/site-packages/airflow/operators/python.py", line 256, in execute_callable
    return runner.run(*self.op_args, **self.op_kwargs)
           ^^^^^^^^^^^^^^^^^^^^^^^^^^^^^^^^^^^^^^^^^^^
  File "/home/airflow/.local/lib/python3.12/site-packages/airflow/utils/operator_helpers.py", line 252, in run
    return self.func(*args, **kwargs)
           ^^^^^^^^^^^^^^^^^^^^^^^^^^
  File "/opt/airflow/dags/my_dag.py", line 90, in get_api_data
    ti.xcom_push(key="sp-keys", values=sp_keys)
  File "/home/airflow/.local/lib/python3.12/site-packages/airflow/utils/session.py", line 97, in wrapper
    return func(*args, session=session, **kwargs)
           ^^^^^^^^^^^^^^^^^^^^^^^^^^^^^^^^^^^^^^
TypeError: TaskInstance.xcom_push() got an unexpected keyword argument 'values'
[2025-04-20T12:28:18.480+0000] {local_task_job_runner.py:266} INFO - Task exited with return code 1
[2025-04-20T12:28:18.508+0000] {taskinstance.py:3901} INFO - 0 downstream tasks scheduled from follow-on schedule check
[2025-04-20T12:28:18.513+0000] {local_task_job_runner.py:245} INFO - ::endgroup::
