[2025-05-01T04:46:19.397+0000] {processor.py:186} INFO - Started process (PID=5496) to work on /opt/airflow/dags/dag_with_python_operator.py
[2025-05-01T04:46:19.399+0000] {processor.py:914} INFO - Processing file /opt/airflow/dags/dag_with_python_operator.py for tasks to queue
[2025-05-01T04:46:19.402+0000] {logging_mixin.py:190} INFO - [2025-05-01T04:46:19.402+0000] {dagbag.py:588} INFO - Filling up the DagBag from /opt/airflow/dags/dag_with_python_operator.py
[2025-05-01T04:46:19.422+0000] {processor.py:925} INFO - DAG(s) 'first_with_python_v4' retrieved from /opt/airflow/dags/dag_with_python_operator.py
[2025-05-01T04:46:19.440+0000] {logging_mixin.py:190} INFO - [2025-05-01T04:46:19.440+0000] {dag.py:3239} INFO - Sync 1 DAGs
[2025-05-01T04:46:19.456+0000] {logging_mixin.py:190} INFO - [2025-05-01T04:46:19.456+0000] {dag.py:4180} INFO - Setting next_dagrun for first_with_python_v4 to 2025-02-28 00:00:00+00:00, run_after=2025-03-01 00:00:00+00:00
[2025-05-01T04:46:19.469+0000] {processor.py:208} INFO - Processing /opt/airflow/dags/dag_with_python_operator.py took 0.076 seconds
[2025-05-01T11:46:02.886+0000] {processor.py:186} INFO - Started process (PID=5526) to work on /opt/airflow/dags/dag_with_python_operator.py
[2025-05-01T11:46:02.896+0000] {processor.py:914} INFO - Processing file /opt/airflow/dags/dag_with_python_operator.py for tasks to queue
[2025-05-01T11:46:02.903+0000] {logging_mixin.py:190} INFO - [2025-05-01T11:46:02.902+0000] {dagbag.py:588} INFO - Filling up the DagBag from /opt/airflow/dags/dag_with_python_operator.py
[2025-05-01T11:46:02.947+0000] {processor.py:925} INFO - DAG(s) 'first_with_python_v4' retrieved from /opt/airflow/dags/dag_with_python_operator.py
[2025-05-01T11:46:02.988+0000] {logging_mixin.py:190} INFO - [2025-05-01T11:46:02.987+0000] {dag.py:3239} INFO - Sync 1 DAGs
[2025-05-01T11:46:03.025+0000] {logging_mixin.py:190} INFO - [2025-05-01T11:46:03.025+0000] {dag.py:4180} INFO - Setting next_dagrun for first_with_python_v4 to 2025-02-28 00:00:00+00:00, run_after=2025-03-01 00:00:00+00:00
[2025-05-01T11:46:03.054+0000] {processor.py:208} INFO - Processing /opt/airflow/dags/dag_with_python_operator.py took 0.178 seconds
[2025-05-01T11:46:33.303+0000] {processor.py:186} INFO - Started process (PID=5552) to work on /opt/airflow/dags/dag_with_python_operator.py
[2025-05-01T11:46:33.305+0000] {processor.py:914} INFO - Processing file /opt/airflow/dags/dag_with_python_operator.py for tasks to queue
[2025-05-01T11:46:33.308+0000] {logging_mixin.py:190} INFO - [2025-05-01T11:46:33.308+0000] {dagbag.py:588} INFO - Filling up the DagBag from /opt/airflow/dags/dag_with_python_operator.py
[2025-05-01T11:46:33.333+0000] {processor.py:925} INFO - DAG(s) 'first_with_python_v4' retrieved from /opt/airflow/dags/dag_with_python_operator.py
[2025-05-01T11:46:33.365+0000] {logging_mixin.py:190} INFO - [2025-05-01T11:46:33.364+0000] {dag.py:3239} INFO - Sync 1 DAGs
[2025-05-01T11:46:33.388+0000] {logging_mixin.py:190} INFO - [2025-05-01T11:46:33.388+0000] {dag.py:4180} INFO - Setting next_dagrun for first_with_python_v4 to 2025-02-28 00:00:00+00:00, run_after=2025-03-01 00:00:00+00:00
[2025-05-01T11:46:33.417+0000] {processor.py:208} INFO - Processing /opt/airflow/dags/dag_with_python_operator.py took 0.120 seconds
[2025-05-01T11:47:03.758+0000] {processor.py:186} INFO - Started process (PID=5577) to work on /opt/airflow/dags/dag_with_python_operator.py
[2025-05-01T11:47:03.760+0000] {processor.py:914} INFO - Processing file /opt/airflow/dags/dag_with_python_operator.py for tasks to queue
[2025-05-01T11:47:03.764+0000] {logging_mixin.py:190} INFO - [2025-05-01T11:47:03.763+0000] {dagbag.py:588} INFO - Filling up the DagBag from /opt/airflow/dags/dag_with_python_operator.py
[2025-05-01T11:47:03.790+0000] {processor.py:925} INFO - DAG(s) 'first_with_python_v4' retrieved from /opt/airflow/dags/dag_with_python_operator.py
[2025-05-01T11:47:03.820+0000] {logging_mixin.py:190} INFO - [2025-05-01T11:47:03.820+0000] {dag.py:3239} INFO - Sync 1 DAGs
[2025-05-01T11:47:03.844+0000] {logging_mixin.py:190} INFO - [2025-05-01T11:47:03.844+0000] {dag.py:4180} INFO - Setting next_dagrun for first_with_python_v4 to 2025-02-28 00:00:00+00:00, run_after=2025-03-01 00:00:00+00:00
[2025-05-01T11:47:03.869+0000] {processor.py:208} INFO - Processing /opt/airflow/dags/dag_with_python_operator.py took 0.117 seconds
[2025-05-01T11:47:34.494+0000] {processor.py:186} INFO - Started process (PID=5602) to work on /opt/airflow/dags/dag_with_python_operator.py
[2025-05-01T11:47:34.500+0000] {processor.py:914} INFO - Processing file /opt/airflow/dags/dag_with_python_operator.py for tasks to queue
[2025-05-01T11:47:34.508+0000] {logging_mixin.py:190} INFO - [2025-05-01T11:47:34.507+0000] {dagbag.py:588} INFO - Filling up the DagBag from /opt/airflow/dags/dag_with_python_operator.py
[2025-05-01T11:47:34.552+0000] {processor.py:925} INFO - DAG(s) 'first_with_python_v4' retrieved from /opt/airflow/dags/dag_with_python_operator.py
[2025-05-01T11:47:34.575+0000] {logging_mixin.py:190} INFO - [2025-05-01T11:47:34.575+0000] {dag.py:3239} INFO - Sync 1 DAGs
[2025-05-01T11:47:34.597+0000] {logging_mixin.py:190} INFO - [2025-05-01T11:47:34.597+0000] {dag.py:4180} INFO - Setting next_dagrun for first_with_python_v4 to 2025-02-28 00:00:00+00:00, run_after=2025-03-01 00:00:00+00:00
[2025-05-01T11:47:34.653+0000] {processor.py:208} INFO - Processing /opt/airflow/dags/dag_with_python_operator.py took 0.168 seconds
[2025-05-01T11:48:04.985+0000] {processor.py:186} INFO - Started process (PID=5632) to work on /opt/airflow/dags/dag_with_python_operator.py
[2025-05-01T11:48:04.989+0000] {processor.py:914} INFO - Processing file /opt/airflow/dags/dag_with_python_operator.py for tasks to queue
[2025-05-01T11:48:04.993+0000] {logging_mixin.py:190} INFO - [2025-05-01T11:48:04.993+0000] {dagbag.py:588} INFO - Filling up the DagBag from /opt/airflow/dags/dag_with_python_operator.py
[2025-05-01T11:48:05.043+0000] {processor.py:925} INFO - DAG(s) 'first_with_python_v4' retrieved from /opt/airflow/dags/dag_with_python_operator.py
[2025-05-01T11:48:05.065+0000] {logging_mixin.py:190} INFO - [2025-05-01T11:48:05.064+0000] {dag.py:3239} INFO - Sync 1 DAGs
[2025-05-01T11:48:05.084+0000] {logging_mixin.py:190} INFO - [2025-05-01T11:48:05.084+0000] {dag.py:4180} INFO - Setting next_dagrun for first_with_python_v4 to 2025-02-28 00:00:00+00:00, run_after=2025-03-01 00:00:00+00:00
[2025-05-01T11:48:05.103+0000] {processor.py:208} INFO - Processing /opt/airflow/dags/dag_with_python_operator.py took 0.123 seconds
[2025-05-01T11:48:35.515+0000] {processor.py:186} INFO - Started process (PID=5657) to work on /opt/airflow/dags/dag_with_python_operator.py
[2025-05-01T11:48:35.518+0000] {processor.py:914} INFO - Processing file /opt/airflow/dags/dag_with_python_operator.py for tasks to queue
[2025-05-01T11:48:35.522+0000] {logging_mixin.py:190} INFO - [2025-05-01T11:48:35.522+0000] {dagbag.py:588} INFO - Filling up the DagBag from /opt/airflow/dags/dag_with_python_operator.py
[2025-05-01T11:48:35.552+0000] {processor.py:925} INFO - DAG(s) 'first_with_python_v4' retrieved from /opt/airflow/dags/dag_with_python_operator.py
[2025-05-01T11:48:35.600+0000] {logging_mixin.py:190} INFO - [2025-05-01T11:48:35.599+0000] {dag.py:3239} INFO - Sync 1 DAGs
[2025-05-01T11:48:35.638+0000] {logging_mixin.py:190} INFO - [2025-05-01T11:48:35.638+0000] {dag.py:4180} INFO - Setting next_dagrun for first_with_python_v4 to 2025-02-28 00:00:00+00:00, run_after=2025-03-01 00:00:00+00:00
[2025-05-01T11:48:35.670+0000] {processor.py:208} INFO - Processing /opt/airflow/dags/dag_with_python_operator.py took 0.164 seconds
[2025-05-01T11:49:06.291+0000] {processor.py:186} INFO - Started process (PID=5678) to work on /opt/airflow/dags/dag_with_python_operator.py
[2025-05-01T11:49:06.294+0000] {processor.py:914} INFO - Processing file /opt/airflow/dags/dag_with_python_operator.py for tasks to queue
[2025-05-01T11:49:06.299+0000] {logging_mixin.py:190} INFO - [2025-05-01T11:49:06.299+0000] {dagbag.py:588} INFO - Filling up the DagBag from /opt/airflow/dags/dag_with_python_operator.py
[2025-05-01T11:49:06.335+0000] {processor.py:925} INFO - DAG(s) 'first_with_python_v4' retrieved from /opt/airflow/dags/dag_with_python_operator.py
[2025-05-01T11:49:06.359+0000] {logging_mixin.py:190} INFO - [2025-05-01T11:49:06.358+0000] {dag.py:3239} INFO - Sync 1 DAGs
[2025-05-01T11:49:06.378+0000] {logging_mixin.py:190} INFO - [2025-05-01T11:49:06.378+0000] {dag.py:4180} INFO - Setting next_dagrun for first_with_python_v4 to 2025-02-28 00:00:00+00:00, run_after=2025-03-01 00:00:00+00:00
[2025-05-01T11:49:06.400+0000] {processor.py:208} INFO - Processing /opt/airflow/dags/dag_with_python_operator.py took 0.120 seconds
[2025-05-01T11:49:36.906+0000] {processor.py:186} INFO - Started process (PID=5702) to work on /opt/airflow/dags/dag_with_python_operator.py
[2025-05-01T11:49:36.911+0000] {processor.py:914} INFO - Processing file /opt/airflow/dags/dag_with_python_operator.py for tasks to queue
[2025-05-01T11:49:36.921+0000] {logging_mixin.py:190} INFO - [2025-05-01T11:49:36.919+0000] {dagbag.py:588} INFO - Filling up the DagBag from /opt/airflow/dags/dag_with_python_operator.py
[2025-05-01T11:49:37.004+0000] {processor.py:925} INFO - DAG(s) 'first_with_python_v4' retrieved from /opt/airflow/dags/dag_with_python_operator.py
[2025-05-01T11:49:37.090+0000] {logging_mixin.py:190} INFO - [2025-05-01T11:49:37.089+0000] {dag.py:3239} INFO - Sync 1 DAGs
[2025-05-01T11:49:37.176+0000] {logging_mixin.py:190} INFO - [2025-05-01T11:49:37.175+0000] {dag.py:4180} INFO - Setting next_dagrun for first_with_python_v4 to 2025-02-28 00:00:00+00:00, run_after=2025-03-01 00:00:00+00:00
[2025-05-01T11:49:37.259+0000] {processor.py:208} INFO - Processing /opt/airflow/dags/dag_with_python_operator.py took 0.368 seconds
[2025-05-01T11:50:07.575+0000] {processor.py:186} INFO - Started process (PID=5727) to work on /opt/airflow/dags/dag_with_python_operator.py
[2025-05-01T11:50:07.578+0000] {processor.py:914} INFO - Processing file /opt/airflow/dags/dag_with_python_operator.py for tasks to queue
[2025-05-01T11:50:07.582+0000] {logging_mixin.py:190} INFO - [2025-05-01T11:50:07.581+0000] {dagbag.py:588} INFO - Filling up the DagBag from /opt/airflow/dags/dag_with_python_operator.py
[2025-05-01T11:50:07.618+0000] {processor.py:925} INFO - DAG(s) 'first_with_python_v4' retrieved from /opt/airflow/dags/dag_with_python_operator.py
[2025-05-01T11:50:07.645+0000] {logging_mixin.py:190} INFO - [2025-05-01T11:50:07.644+0000] {dag.py:3239} INFO - Sync 1 DAGs
[2025-05-01T11:50:07.666+0000] {logging_mixin.py:190} INFO - [2025-05-01T11:50:07.666+0000] {dag.py:4180} INFO - Setting next_dagrun for first_with_python_v4 to 2025-02-28 00:00:00+00:00, run_after=2025-03-01 00:00:00+00:00
[2025-05-01T11:50:07.686+0000] {processor.py:208} INFO - Processing /opt/airflow/dags/dag_with_python_operator.py took 0.119 seconds
[2025-05-01T11:50:38.054+0000] {processor.py:186} INFO - Started process (PID=5752) to work on /opt/airflow/dags/dag_with_python_operator.py
[2025-05-01T11:50:38.056+0000] {processor.py:914} INFO - Processing file /opt/airflow/dags/dag_with_python_operator.py for tasks to queue
[2025-05-01T11:50:38.060+0000] {logging_mixin.py:190} INFO - [2025-05-01T11:50:38.060+0000] {dagbag.py:588} INFO - Filling up the DagBag from /opt/airflow/dags/dag_with_python_operator.py
[2025-05-01T11:50:38.090+0000] {processor.py:925} INFO - DAG(s) 'first_with_python_v4' retrieved from /opt/airflow/dags/dag_with_python_operator.py
[2025-05-01T11:50:38.113+0000] {logging_mixin.py:190} INFO - [2025-05-01T11:50:38.112+0000] {dag.py:3239} INFO - Sync 1 DAGs
[2025-05-01T11:50:38.138+0000] {logging_mixin.py:190} INFO - [2025-05-01T11:50:38.137+0000] {dag.py:4180} INFO - Setting next_dagrun for first_with_python_v4 to 2025-02-28 00:00:00+00:00, run_after=2025-03-01 00:00:00+00:00
[2025-05-01T11:50:38.158+0000] {processor.py:208} INFO - Processing /opt/airflow/dags/dag_with_python_operator.py took 0.109 seconds
[2025-05-01T11:51:08.656+0000] {processor.py:186} INFO - Started process (PID=5777) to work on /opt/airflow/dags/dag_with_python_operator.py
[2025-05-01T11:51:08.658+0000] {processor.py:914} INFO - Processing file /opt/airflow/dags/dag_with_python_operator.py for tasks to queue
[2025-05-01T11:51:08.664+0000] {logging_mixin.py:190} INFO - [2025-05-01T11:51:08.663+0000] {dagbag.py:588} INFO - Filling up the DagBag from /opt/airflow/dags/dag_with_python_operator.py
[2025-05-01T11:51:08.690+0000] {processor.py:925} INFO - DAG(s) 'first_with_python_v4' retrieved from /opt/airflow/dags/dag_with_python_operator.py
[2025-05-01T11:51:08.728+0000] {logging_mixin.py:190} INFO - [2025-05-01T11:51:08.727+0000] {dag.py:3239} INFO - Sync 1 DAGs
[2025-05-01T11:51:08.771+0000] {logging_mixin.py:190} INFO - [2025-05-01T11:51:08.771+0000] {dag.py:4180} INFO - Setting next_dagrun for first_with_python_v4 to 2025-02-28 00:00:00+00:00, run_after=2025-03-01 00:00:00+00:00
[2025-05-01T11:51:08.804+0000] {processor.py:208} INFO - Processing /opt/airflow/dags/dag_with_python_operator.py took 0.159 seconds
[2025-05-01T11:51:39.177+0000] {processor.py:186} INFO - Started process (PID=5802) to work on /opt/airflow/dags/dag_with_python_operator.py
[2025-05-01T11:51:39.179+0000] {processor.py:914} INFO - Processing file /opt/airflow/dags/dag_with_python_operator.py for tasks to queue
[2025-05-01T11:51:39.184+0000] {logging_mixin.py:190} INFO - [2025-05-01T11:51:39.183+0000] {dagbag.py:588} INFO - Filling up the DagBag from /opt/airflow/dags/dag_with_python_operator.py
[2025-05-01T11:51:39.207+0000] {processor.py:925} INFO - DAG(s) 'first_with_python_v4' retrieved from /opt/airflow/dags/dag_with_python_operator.py
[2025-05-01T11:51:39.240+0000] {logging_mixin.py:190} INFO - [2025-05-01T11:51:39.239+0000] {dag.py:3239} INFO - Sync 1 DAGs
[2025-05-01T11:51:39.277+0000] {logging_mixin.py:190} INFO - [2025-05-01T11:51:39.277+0000] {dag.py:4180} INFO - Setting next_dagrun for first_with_python_v4 to 2025-02-28 00:00:00+00:00, run_after=2025-03-01 00:00:00+00:00
[2025-05-01T11:51:39.308+0000] {processor.py:208} INFO - Processing /opt/airflow/dags/dag_with_python_operator.py took 0.139 seconds
[2025-05-01T11:52:09.720+0000] {processor.py:186} INFO - Started process (PID=5827) to work on /opt/airflow/dags/dag_with_python_operator.py
[2025-05-01T11:52:09.723+0000] {processor.py:914} INFO - Processing file /opt/airflow/dags/dag_with_python_operator.py for tasks to queue
[2025-05-01T11:52:09.729+0000] {logging_mixin.py:190} INFO - [2025-05-01T11:52:09.728+0000] {dagbag.py:588} INFO - Filling up the DagBag from /opt/airflow/dags/dag_with_python_operator.py
[2025-05-01T11:52:09.761+0000] {processor.py:925} INFO - DAG(s) 'first_with_python_v4' retrieved from /opt/airflow/dags/dag_with_python_operator.py
[2025-05-01T11:52:09.809+0000] {logging_mixin.py:190} INFO - [2025-05-01T11:52:09.808+0000] {dag.py:3239} INFO - Sync 1 DAGs
[2025-05-01T11:52:09.861+0000] {logging_mixin.py:190} INFO - [2025-05-01T11:52:09.861+0000] {dag.py:4180} INFO - Setting next_dagrun for first_with_python_v4 to 2025-02-28 00:00:00+00:00, run_after=2025-03-01 00:00:00+00:00
[2025-05-01T11:52:09.912+0000] {processor.py:208} INFO - Processing /opt/airflow/dags/dag_with_python_operator.py took 0.203 seconds
[2025-05-01T11:52:40.292+0000] {processor.py:186} INFO - Started process (PID=5851) to work on /opt/airflow/dags/dag_with_python_operator.py
[2025-05-01T11:52:40.298+0000] {processor.py:914} INFO - Processing file /opt/airflow/dags/dag_with_python_operator.py for tasks to queue
[2025-05-01T11:52:40.304+0000] {logging_mixin.py:190} INFO - [2025-05-01T11:52:40.304+0000] {dagbag.py:588} INFO - Filling up the DagBag from /opt/airflow/dags/dag_with_python_operator.py
[2025-05-01T11:52:40.338+0000] {processor.py:925} INFO - DAG(s) 'first_with_python_v4' retrieved from /opt/airflow/dags/dag_with_python_operator.py
[2025-05-01T11:52:40.389+0000] {logging_mixin.py:190} INFO - [2025-05-01T11:52:40.389+0000] {dag.py:3239} INFO - Sync 1 DAGs
[2025-05-01T11:52:40.436+0000] {logging_mixin.py:190} INFO - [2025-05-01T11:52:40.436+0000] {dag.py:4180} INFO - Setting next_dagrun for first_with_python_v4 to 2025-02-28 00:00:00+00:00, run_after=2025-03-01 00:00:00+00:00
[2025-05-01T11:52:40.467+0000] {processor.py:208} INFO - Processing /opt/airflow/dags/dag_with_python_operator.py took 0.187 seconds
[2025-05-01T11:53:10.812+0000] {processor.py:186} INFO - Started process (PID=5877) to work on /opt/airflow/dags/dag_with_python_operator.py
[2025-05-01T11:53:10.815+0000] {processor.py:914} INFO - Processing file /opt/airflow/dags/dag_with_python_operator.py for tasks to queue
[2025-05-01T11:53:10.821+0000] {logging_mixin.py:190} INFO - [2025-05-01T11:53:10.820+0000] {dagbag.py:588} INFO - Filling up the DagBag from /opt/airflow/dags/dag_with_python_operator.py
[2025-05-01T11:53:10.858+0000] {processor.py:925} INFO - DAG(s) 'first_with_python_v4' retrieved from /opt/airflow/dags/dag_with_python_operator.py
[2025-05-01T11:53:10.899+0000] {logging_mixin.py:190} INFO - [2025-05-01T11:53:10.898+0000] {dag.py:3239} INFO - Sync 1 DAGs
[2025-05-01T11:53:10.938+0000] {logging_mixin.py:190} INFO - [2025-05-01T11:53:10.937+0000] {dag.py:4180} INFO - Setting next_dagrun for first_with_python_v4 to 2025-02-28 00:00:00+00:00, run_after=2025-03-01 00:00:00+00:00
[2025-05-01T11:53:10.977+0000] {processor.py:208} INFO - Processing /opt/airflow/dags/dag_with_python_operator.py took 0.175 seconds
[2025-05-01T11:53:41.312+0000] {processor.py:186} INFO - Started process (PID=5898) to work on /opt/airflow/dags/dag_with_python_operator.py
[2025-05-01T11:53:41.314+0000] {processor.py:914} INFO - Processing file /opt/airflow/dags/dag_with_python_operator.py for tasks to queue
[2025-05-01T11:53:41.319+0000] {logging_mixin.py:190} INFO - [2025-05-01T11:53:41.319+0000] {dagbag.py:588} INFO - Filling up the DagBag from /opt/airflow/dags/dag_with_python_operator.py
[2025-05-01T11:53:41.359+0000] {processor.py:925} INFO - DAG(s) 'first_with_python_v4' retrieved from /opt/airflow/dags/dag_with_python_operator.py
[2025-05-01T11:53:41.382+0000] {logging_mixin.py:190} INFO - [2025-05-01T11:53:41.382+0000] {dag.py:3239} INFO - Sync 1 DAGs
[2025-05-01T11:53:41.402+0000] {logging_mixin.py:190} INFO - [2025-05-01T11:53:41.402+0000] {dag.py:4180} INFO - Setting next_dagrun for first_with_python_v4 to 2025-02-28 00:00:00+00:00, run_after=2025-03-01 00:00:00+00:00
[2025-05-01T11:53:41.423+0000] {processor.py:208} INFO - Processing /opt/airflow/dags/dag_with_python_operator.py took 0.122 seconds
[2025-05-01T11:54:11.757+0000] {processor.py:186} INFO - Started process (PID=5924) to work on /opt/airflow/dags/dag_with_python_operator.py
[2025-05-01T11:54:11.759+0000] {processor.py:914} INFO - Processing file /opt/airflow/dags/dag_with_python_operator.py for tasks to queue
[2025-05-01T11:54:11.763+0000] {logging_mixin.py:190} INFO - [2025-05-01T11:54:11.763+0000] {dagbag.py:588} INFO - Filling up the DagBag from /opt/airflow/dags/dag_with_python_operator.py
[2025-05-01T11:54:11.788+0000] {processor.py:925} INFO - DAG(s) 'first_with_python_v4' retrieved from /opt/airflow/dags/dag_with_python_operator.py
[2025-05-01T11:54:11.823+0000] {logging_mixin.py:190} INFO - [2025-05-01T11:54:11.822+0000] {dag.py:3239} INFO - Sync 1 DAGs
[2025-05-01T11:54:11.860+0000] {logging_mixin.py:190} INFO - [2025-05-01T11:54:11.860+0000] {dag.py:4180} INFO - Setting next_dagrun for first_with_python_v4 to 2025-02-28 00:00:00+00:00, run_after=2025-03-01 00:00:00+00:00
[2025-05-01T11:54:11.884+0000] {processor.py:208} INFO - Processing /opt/airflow/dags/dag_with_python_operator.py took 0.135 seconds
[2025-05-01T11:54:42.361+0000] {processor.py:186} INFO - Started process (PID=5945) to work on /opt/airflow/dags/dag_with_python_operator.py
[2025-05-01T11:54:42.365+0000] {processor.py:914} INFO - Processing file /opt/airflow/dags/dag_with_python_operator.py for tasks to queue
[2025-05-01T11:54:42.372+0000] {logging_mixin.py:190} INFO - [2025-05-01T11:54:42.371+0000] {dagbag.py:588} INFO - Filling up the DagBag from /opt/airflow/dags/dag_with_python_operator.py
[2025-05-01T11:54:42.408+0000] {processor.py:925} INFO - DAG(s) 'first_with_python_v4' retrieved from /opt/airflow/dags/dag_with_python_operator.py
[2025-05-01T11:54:42.445+0000] {logging_mixin.py:190} INFO - [2025-05-01T11:54:42.445+0000] {dag.py:3239} INFO - Sync 1 DAGs
[2025-05-01T11:54:42.484+0000] {logging_mixin.py:190} INFO - [2025-05-01T11:54:42.483+0000] {dag.py:4180} INFO - Setting next_dagrun for first_with_python_v4 to 2025-02-28 00:00:00+00:00, run_after=2025-03-01 00:00:00+00:00
[2025-05-01T11:54:42.515+0000] {processor.py:208} INFO - Processing /opt/airflow/dags/dag_with_python_operator.py took 0.172 seconds
[2025-05-01T11:55:12.933+0000] {processor.py:186} INFO - Started process (PID=5971) to work on /opt/airflow/dags/dag_with_python_operator.py
[2025-05-01T11:55:12.936+0000] {processor.py:914} INFO - Processing file /opt/airflow/dags/dag_with_python_operator.py for tasks to queue
[2025-05-01T11:55:12.941+0000] {logging_mixin.py:190} INFO - [2025-05-01T11:55:12.941+0000] {dagbag.py:588} INFO - Filling up the DagBag from /opt/airflow/dags/dag_with_python_operator.py
[2025-05-01T11:55:12.976+0000] {processor.py:925} INFO - DAG(s) 'first_with_python_v4' retrieved from /opt/airflow/dags/dag_with_python_operator.py
[2025-05-01T11:55:13.020+0000] {logging_mixin.py:190} INFO - [2025-05-01T11:55:13.019+0000] {dag.py:3239} INFO - Sync 1 DAGs
[2025-05-01T11:55:13.070+0000] {logging_mixin.py:190} INFO - [2025-05-01T11:55:13.069+0000] {dag.py:4180} INFO - Setting next_dagrun for first_with_python_v4 to 2025-02-28 00:00:00+00:00, run_after=2025-03-01 00:00:00+00:00
[2025-05-01T11:55:13.099+0000] {processor.py:208} INFO - Processing /opt/airflow/dags/dag_with_python_operator.py took 0.177 seconds
[2025-05-01T11:55:43.581+0000] {processor.py:186} INFO - Started process (PID=5993) to work on /opt/airflow/dags/dag_with_python_operator.py
[2025-05-01T11:55:43.585+0000] {processor.py:914} INFO - Processing file /opt/airflow/dags/dag_with_python_operator.py for tasks to queue
[2025-05-01T11:55:43.593+0000] {logging_mixin.py:190} INFO - [2025-05-01T11:55:43.592+0000] {dagbag.py:588} INFO - Filling up the DagBag from /opt/airflow/dags/dag_with_python_operator.py
[2025-05-01T11:55:43.627+0000] {processor.py:925} INFO - DAG(s) 'first_with_python_v4' retrieved from /opt/airflow/dags/dag_with_python_operator.py
[2025-05-01T11:55:43.666+0000] {logging_mixin.py:190} INFO - [2025-05-01T11:55:43.665+0000] {dag.py:3239} INFO - Sync 1 DAGs
[2025-05-01T11:55:43.706+0000] {logging_mixin.py:190} INFO - [2025-05-01T11:55:43.705+0000] {dag.py:4180} INFO - Setting next_dagrun for first_with_python_v4 to 2025-02-28 00:00:00+00:00, run_after=2025-03-01 00:00:00+00:00
[2025-05-01T11:55:43.736+0000] {processor.py:208} INFO - Processing /opt/airflow/dags/dag_with_python_operator.py took 0.168 seconds
[2025-05-01T11:56:14.260+0000] {processor.py:186} INFO - Started process (PID=6019) to work on /opt/airflow/dags/dag_with_python_operator.py
[2025-05-01T11:56:14.263+0000] {processor.py:914} INFO - Processing file /opt/airflow/dags/dag_with_python_operator.py for tasks to queue
[2025-05-01T11:56:14.268+0000] {logging_mixin.py:190} INFO - [2025-05-01T11:56:14.268+0000] {dagbag.py:588} INFO - Filling up the DagBag from /opt/airflow/dags/dag_with_python_operator.py
[2025-05-01T11:56:14.296+0000] {processor.py:925} INFO - DAG(s) 'first_with_python_v4' retrieved from /opt/airflow/dags/dag_with_python_operator.py
[2025-05-01T11:56:14.341+0000] {logging_mixin.py:190} INFO - [2025-05-01T11:56:14.340+0000] {dag.py:3239} INFO - Sync 1 DAGs
[2025-05-01T11:56:14.383+0000] {logging_mixin.py:190} INFO - [2025-05-01T11:56:14.383+0000] {dag.py:4180} INFO - Setting next_dagrun for first_with_python_v4 to 2025-02-28 00:00:00+00:00, run_after=2025-03-01 00:00:00+00:00
[2025-05-01T11:56:14.416+0000] {processor.py:208} INFO - Processing /opt/airflow/dags/dag_with_python_operator.py took 0.164 seconds
[2025-05-01T11:56:44.877+0000] {processor.py:186} INFO - Started process (PID=6040) to work on /opt/airflow/dags/dag_with_python_operator.py
[2025-05-01T11:56:44.881+0000] {processor.py:914} INFO - Processing file /opt/airflow/dags/dag_with_python_operator.py for tasks to queue
[2025-05-01T11:56:44.887+0000] {logging_mixin.py:190} INFO - [2025-05-01T11:56:44.886+0000] {dagbag.py:588} INFO - Filling up the DagBag from /opt/airflow/dags/dag_with_python_operator.py
[2025-05-01T11:56:44.925+0000] {processor.py:925} INFO - DAG(s) 'first_with_python_v4' retrieved from /opt/airflow/dags/dag_with_python_operator.py
[2025-05-01T11:56:44.988+0000] {logging_mixin.py:190} INFO - [2025-05-01T11:56:44.987+0000] {dag.py:3239} INFO - Sync 1 DAGs
[2025-05-01T11:56:45.044+0000] {logging_mixin.py:190} INFO - [2025-05-01T11:56:45.044+0000] {dag.py:4180} INFO - Setting next_dagrun for first_with_python_v4 to 2025-02-28 00:00:00+00:00, run_after=2025-03-01 00:00:00+00:00
[2025-05-01T11:56:45.103+0000] {processor.py:208} INFO - Processing /opt/airflow/dags/dag_with_python_operator.py took 0.234 seconds
[2025-05-01T11:57:15.505+0000] {processor.py:186} INFO - Started process (PID=6066) to work on /opt/airflow/dags/dag_with_python_operator.py
[2025-05-01T11:57:15.508+0000] {processor.py:914} INFO - Processing file /opt/airflow/dags/dag_with_python_operator.py for tasks to queue
[2025-05-01T11:57:15.518+0000] {logging_mixin.py:190} INFO - [2025-05-01T11:57:15.517+0000] {dagbag.py:588} INFO - Filling up the DagBag from /opt/airflow/dags/dag_with_python_operator.py
[2025-05-01T11:57:15.584+0000] {processor.py:925} INFO - DAG(s) 'first_with_python_v4' retrieved from /opt/airflow/dags/dag_with_python_operator.py
[2025-05-01T11:57:15.618+0000] {logging_mixin.py:190} INFO - [2025-05-01T11:57:15.617+0000] {dag.py:3239} INFO - Sync 1 DAGs
[2025-05-01T11:57:15.646+0000] {logging_mixin.py:190} INFO - [2025-05-01T11:57:15.646+0000] {dag.py:4180} INFO - Setting next_dagrun for first_with_python_v4 to 2025-02-28 00:00:00+00:00, run_after=2025-03-01 00:00:00+00:00
[2025-05-01T11:57:15.673+0000] {processor.py:208} INFO - Processing /opt/airflow/dags/dag_with_python_operator.py took 0.176 seconds
[2025-05-01T11:57:46.134+0000] {processor.py:186} INFO - Started process (PID=6087) to work on /opt/airflow/dags/dag_with_python_operator.py
[2025-05-01T11:57:46.138+0000] {processor.py:914} INFO - Processing file /opt/airflow/dags/dag_with_python_operator.py for tasks to queue
[2025-05-01T11:57:46.143+0000] {logging_mixin.py:190} INFO - [2025-05-01T11:57:46.143+0000] {dagbag.py:588} INFO - Filling up the DagBag from /opt/airflow/dags/dag_with_python_operator.py
[2025-05-01T11:57:46.188+0000] {processor.py:925} INFO - DAG(s) 'first_with_python_v4' retrieved from /opt/airflow/dags/dag_with_python_operator.py
[2025-05-01T11:57:46.244+0000] {logging_mixin.py:190} INFO - [2025-05-01T11:57:46.242+0000] {dag.py:3239} INFO - Sync 1 DAGs
[2025-05-01T11:57:46.288+0000] {logging_mixin.py:190} INFO - [2025-05-01T11:57:46.287+0000] {dag.py:4180} INFO - Setting next_dagrun for first_with_python_v4 to 2025-02-28 00:00:00+00:00, run_after=2025-03-01 00:00:00+00:00
[2025-05-01T11:57:46.333+0000] {processor.py:208} INFO - Processing /opt/airflow/dags/dag_with_python_operator.py took 0.208 seconds
[2025-05-01T11:58:16.754+0000] {processor.py:186} INFO - Started process (PID=6113) to work on /opt/airflow/dags/dag_with_python_operator.py
[2025-05-01T11:58:16.759+0000] {processor.py:914} INFO - Processing file /opt/airflow/dags/dag_with_python_operator.py for tasks to queue
[2025-05-01T11:58:16.768+0000] {logging_mixin.py:190} INFO - [2025-05-01T11:58:16.767+0000] {dagbag.py:588} INFO - Filling up the DagBag from /opt/airflow/dags/dag_with_python_operator.py
[2025-05-01T11:58:16.816+0000] {processor.py:925} INFO - DAG(s) 'first_with_python_v4' retrieved from /opt/airflow/dags/dag_with_python_operator.py
[2025-05-01T11:58:16.885+0000] {logging_mixin.py:190} INFO - [2025-05-01T11:58:16.884+0000] {dag.py:3239} INFO - Sync 1 DAGs
[2025-05-01T11:58:16.932+0000] {logging_mixin.py:190} INFO - [2025-05-01T11:58:16.931+0000] {dag.py:4180} INFO - Setting next_dagrun for first_with_python_v4 to 2025-02-28 00:00:00+00:00, run_after=2025-03-01 00:00:00+00:00
[2025-05-01T11:58:16.962+0000] {processor.py:208} INFO - Processing /opt/airflow/dags/dag_with_python_operator.py took 0.221 seconds
[2025-05-01T11:58:47.478+0000] {processor.py:186} INFO - Started process (PID=6134) to work on /opt/airflow/dags/dag_with_python_operator.py
[2025-05-01T11:58:47.482+0000] {processor.py:914} INFO - Processing file /opt/airflow/dags/dag_with_python_operator.py for tasks to queue
[2025-05-01T11:58:47.491+0000] {logging_mixin.py:190} INFO - [2025-05-01T11:58:47.491+0000] {dagbag.py:588} INFO - Filling up the DagBag from /opt/airflow/dags/dag_with_python_operator.py
[2025-05-01T11:58:47.541+0000] {processor.py:925} INFO - DAG(s) 'first_with_python_v4' retrieved from /opt/airflow/dags/dag_with_python_operator.py
[2025-05-01T11:58:47.600+0000] {logging_mixin.py:190} INFO - [2025-05-01T11:58:47.599+0000] {dag.py:3239} INFO - Sync 1 DAGs
[2025-05-01T11:58:47.631+0000] {logging_mixin.py:190} INFO - [2025-05-01T11:58:47.631+0000] {dag.py:4180} INFO - Setting next_dagrun for first_with_python_v4 to 2025-02-28 00:00:00+00:00, run_after=2025-03-01 00:00:00+00:00
[2025-05-01T11:58:47.658+0000] {processor.py:208} INFO - Processing /opt/airflow/dags/dag_with_python_operator.py took 0.194 seconds
[2025-05-01T11:59:18.049+0000] {processor.py:186} INFO - Started process (PID=6155) to work on /opt/airflow/dags/dag_with_python_operator.py
[2025-05-01T11:59:18.052+0000] {processor.py:914} INFO - Processing file /opt/airflow/dags/dag_with_python_operator.py for tasks to queue
[2025-05-01T11:59:18.058+0000] {logging_mixin.py:190} INFO - [2025-05-01T11:59:18.057+0000] {dagbag.py:588} INFO - Filling up the DagBag from /opt/airflow/dags/dag_with_python_operator.py
[2025-05-01T11:59:18.090+0000] {processor.py:925} INFO - DAG(s) 'first_with_python_v4' retrieved from /opt/airflow/dags/dag_with_python_operator.py
[2025-05-01T11:59:18.139+0000] {logging_mixin.py:190} INFO - [2025-05-01T11:59:18.138+0000] {dag.py:3239} INFO - Sync 1 DAGs
[2025-05-01T11:59:18.175+0000] {logging_mixin.py:190} INFO - [2025-05-01T11:59:18.175+0000] {dag.py:4180} INFO - Setting next_dagrun for first_with_python_v4 to 2025-02-28 00:00:00+00:00, run_after=2025-03-01 00:00:00+00:00
[2025-05-01T11:59:18.208+0000] {processor.py:208} INFO - Processing /opt/airflow/dags/dag_with_python_operator.py took 0.167 seconds
[2025-05-01T11:59:48.694+0000] {processor.py:186} INFO - Started process (PID=6176) to work on /opt/airflow/dags/dag_with_python_operator.py
[2025-05-01T11:59:48.699+0000] {processor.py:914} INFO - Processing file /opt/airflow/dags/dag_with_python_operator.py for tasks to queue
[2025-05-01T11:59:48.712+0000] {logging_mixin.py:190} INFO - [2025-05-01T11:59:48.711+0000] {dagbag.py:588} INFO - Filling up the DagBag from /opt/airflow/dags/dag_with_python_operator.py
[2025-05-01T11:59:48.751+0000] {processor.py:925} INFO - DAG(s) 'first_with_python_v4' retrieved from /opt/airflow/dags/dag_with_python_operator.py
[2025-05-01T11:59:48.800+0000] {logging_mixin.py:190} INFO - [2025-05-01T11:59:48.798+0000] {dag.py:3239} INFO - Sync 1 DAGs
[2025-05-01T11:59:48.854+0000] {logging_mixin.py:190} INFO - [2025-05-01T11:59:48.854+0000] {dag.py:4180} INFO - Setting next_dagrun for first_with_python_v4 to 2025-02-28 00:00:00+00:00, run_after=2025-03-01 00:00:00+00:00
[2025-05-01T11:59:48.898+0000] {processor.py:208} INFO - Processing /opt/airflow/dags/dag_with_python_operator.py took 0.220 seconds
[2025-05-01T12:00:19.307+0000] {processor.py:186} INFO - Started process (PID=6197) to work on /opt/airflow/dags/dag_with_python_operator.py
[2025-05-01T12:00:19.310+0000] {processor.py:914} INFO - Processing file /opt/airflow/dags/dag_with_python_operator.py for tasks to queue
[2025-05-01T12:00:19.319+0000] {logging_mixin.py:190} INFO - [2025-05-01T12:00:19.318+0000] {dagbag.py:588} INFO - Filling up the DagBag from /opt/airflow/dags/dag_with_python_operator.py
[2025-05-01T12:00:19.355+0000] {processor.py:925} INFO - DAG(s) 'first_with_python_v4' retrieved from /opt/airflow/dags/dag_with_python_operator.py
[2025-05-01T12:00:19.406+0000] {logging_mixin.py:190} INFO - [2025-05-01T12:00:19.405+0000] {dag.py:3239} INFO - Sync 1 DAGs
[2025-05-01T12:00:19.444+0000] {logging_mixin.py:190} INFO - [2025-05-01T12:00:19.443+0000] {dag.py:4180} INFO - Setting next_dagrun for first_with_python_v4 to 2025-02-28 00:00:00+00:00, run_after=2025-03-01 00:00:00+00:00
[2025-05-01T12:00:19.476+0000] {processor.py:208} INFO - Processing /opt/airflow/dags/dag_with_python_operator.py took 0.184 seconds
[2025-05-01T12:00:49.878+0000] {processor.py:186} INFO - Started process (PID=6218) to work on /opt/airflow/dags/dag_with_python_operator.py
[2025-05-01T12:00:49.881+0000] {processor.py:914} INFO - Processing file /opt/airflow/dags/dag_with_python_operator.py for tasks to queue
[2025-05-01T12:00:49.888+0000] {logging_mixin.py:190} INFO - [2025-05-01T12:00:49.887+0000] {dagbag.py:588} INFO - Filling up the DagBag from /opt/airflow/dags/dag_with_python_operator.py
[2025-05-01T12:00:49.922+0000] {processor.py:925} INFO - DAG(s) 'first_with_python_v4' retrieved from /opt/airflow/dags/dag_with_python_operator.py
[2025-05-01T12:00:49.970+0000] {logging_mixin.py:190} INFO - [2025-05-01T12:00:49.970+0000] {dag.py:3239} INFO - Sync 1 DAGs
[2025-05-01T12:00:50.009+0000] {logging_mixin.py:190} INFO - [2025-05-01T12:00:50.009+0000] {dag.py:4180} INFO - Setting next_dagrun for first_with_python_v4 to 2025-02-28 00:00:00+00:00, run_after=2025-03-01 00:00:00+00:00
[2025-05-01T12:00:50.044+0000] {processor.py:208} INFO - Processing /opt/airflow/dags/dag_with_python_operator.py took 0.174 seconds
[2025-05-01T12:01:20.636+0000] {processor.py:186} INFO - Started process (PID=6239) to work on /opt/airflow/dags/dag_with_python_operator.py
[2025-05-01T12:01:20.639+0000] {processor.py:914} INFO - Processing file /opt/airflow/dags/dag_with_python_operator.py for tasks to queue
[2025-05-01T12:01:20.648+0000] {logging_mixin.py:190} INFO - [2025-05-01T12:01:20.647+0000] {dagbag.py:588} INFO - Filling up the DagBag from /opt/airflow/dags/dag_with_python_operator.py
[2025-05-01T12:01:20.687+0000] {processor.py:925} INFO - DAG(s) 'first_with_python_v4' retrieved from /opt/airflow/dags/dag_with_python_operator.py
[2025-05-01T12:01:20.746+0000] {logging_mixin.py:190} INFO - [2025-05-01T12:01:20.745+0000] {dag.py:3239} INFO - Sync 1 DAGs
[2025-05-01T12:01:20.785+0000] {logging_mixin.py:190} INFO - [2025-05-01T12:01:20.785+0000] {dag.py:4180} INFO - Setting next_dagrun for first_with_python_v4 to 2025-02-28 00:00:00+00:00, run_after=2025-03-01 00:00:00+00:00
[2025-05-01T12:01:20.820+0000] {processor.py:208} INFO - Processing /opt/airflow/dags/dag_with_python_operator.py took 0.198 seconds
[2025-05-01T12:01:51.218+0000] {processor.py:186} INFO - Started process (PID=6260) to work on /opt/airflow/dags/dag_with_python_operator.py
[2025-05-01T12:01:51.221+0000] {processor.py:914} INFO - Processing file /opt/airflow/dags/dag_with_python_operator.py for tasks to queue
[2025-05-01T12:01:51.226+0000] {logging_mixin.py:190} INFO - [2025-05-01T12:01:51.226+0000] {dagbag.py:588} INFO - Filling up the DagBag from /opt/airflow/dags/dag_with_python_operator.py
[2025-05-01T12:01:51.258+0000] {processor.py:925} INFO - DAG(s) 'first_with_python_v4' retrieved from /opt/airflow/dags/dag_with_python_operator.py
[2025-05-01T12:01:51.303+0000] {logging_mixin.py:190} INFO - [2025-05-01T12:01:51.302+0000] {dag.py:3239} INFO - Sync 1 DAGs
[2025-05-01T12:01:51.344+0000] {logging_mixin.py:190} INFO - [2025-05-01T12:01:51.344+0000] {dag.py:4180} INFO - Setting next_dagrun for first_with_python_v4 to 2025-02-28 00:00:00+00:00, run_after=2025-03-01 00:00:00+00:00
[2025-05-01T12:01:51.371+0000] {processor.py:208} INFO - Processing /opt/airflow/dags/dag_with_python_operator.py took 0.161 seconds
[2025-05-01T12:02:21.753+0000] {processor.py:186} INFO - Started process (PID=6281) to work on /opt/airflow/dags/dag_with_python_operator.py
[2025-05-01T12:02:21.757+0000] {processor.py:914} INFO - Processing file /opt/airflow/dags/dag_with_python_operator.py for tasks to queue
[2025-05-01T12:02:21.761+0000] {logging_mixin.py:190} INFO - [2025-05-01T12:02:21.760+0000] {dagbag.py:588} INFO - Filling up the DagBag from /opt/airflow/dags/dag_with_python_operator.py
[2025-05-01T12:02:21.788+0000] {processor.py:925} INFO - DAG(s) 'first_with_python_v4' retrieved from /opt/airflow/dags/dag_with_python_operator.py
[2025-05-01T12:02:21.835+0000] {logging_mixin.py:190} INFO - [2025-05-01T12:02:21.834+0000] {dag.py:3239} INFO - Sync 1 DAGs
[2025-05-01T12:02:21.868+0000] {logging_mixin.py:190} INFO - [2025-05-01T12:02:21.868+0000] {dag.py:4180} INFO - Setting next_dagrun for first_with_python_v4 to 2025-02-28 00:00:00+00:00, run_after=2025-03-01 00:00:00+00:00
[2025-05-01T12:02:21.889+0000] {processor.py:208} INFO - Processing /opt/airflow/dags/dag_with_python_operator.py took 0.152 seconds
[2025-05-01T12:02:52.588+0000] {processor.py:186} INFO - Started process (PID=6302) to work on /opt/airflow/dags/dag_with_python_operator.py
[2025-05-01T12:02:52.592+0000] {processor.py:914} INFO - Processing file /opt/airflow/dags/dag_with_python_operator.py for tasks to queue
[2025-05-01T12:02:52.597+0000] {logging_mixin.py:190} INFO - [2025-05-01T12:02:52.597+0000] {dagbag.py:588} INFO - Filling up the DagBag from /opt/airflow/dags/dag_with_python_operator.py
[2025-05-01T12:02:52.655+0000] {processor.py:925} INFO - DAG(s) 'first_with_python_v4' retrieved from /opt/airflow/dags/dag_with_python_operator.py
[2025-05-01T12:02:52.699+0000] {logging_mixin.py:190} INFO - [2025-05-01T12:02:52.698+0000] {dag.py:3239} INFO - Sync 1 DAGs
[2025-05-01T12:02:52.749+0000] {logging_mixin.py:190} INFO - [2025-05-01T12:02:52.748+0000] {dag.py:4180} INFO - Setting next_dagrun for first_with_python_v4 to 2025-02-28 00:00:00+00:00, run_after=2025-03-01 00:00:00+00:00
[2025-05-01T12:02:52.800+0000] {processor.py:208} INFO - Processing /opt/airflow/dags/dag_with_python_operator.py took 0.222 seconds
[2025-05-01T12:03:23.181+0000] {processor.py:186} INFO - Started process (PID=6323) to work on /opt/airflow/dags/dag_with_python_operator.py
[2025-05-01T12:03:23.183+0000] {processor.py:914} INFO - Processing file /opt/airflow/dags/dag_with_python_operator.py for tasks to queue
[2025-05-01T12:03:23.188+0000] {logging_mixin.py:190} INFO - [2025-05-01T12:03:23.187+0000] {dagbag.py:588} INFO - Filling up the DagBag from /opt/airflow/dags/dag_with_python_operator.py
[2025-05-01T12:03:23.248+0000] {processor.py:925} INFO - DAG(s) 'first_with_python_v4' retrieved from /opt/airflow/dags/dag_with_python_operator.py
[2025-05-01T12:03:23.284+0000] {logging_mixin.py:190} INFO - [2025-05-01T12:03:23.283+0000] {dag.py:3239} INFO - Sync 1 DAGs
[2025-05-01T12:03:23.321+0000] {logging_mixin.py:190} INFO - [2025-05-01T12:03:23.320+0000] {dag.py:4180} INFO - Setting next_dagrun for first_with_python_v4 to 2025-02-28 00:00:00+00:00, run_after=2025-03-01 00:00:00+00:00
[2025-05-01T12:03:23.368+0000] {processor.py:208} INFO - Processing /opt/airflow/dags/dag_with_python_operator.py took 0.194 seconds
[2025-05-01T12:03:53.737+0000] {processor.py:186} INFO - Started process (PID=6344) to work on /opt/airflow/dags/dag_with_python_operator.py
[2025-05-01T12:03:53.739+0000] {processor.py:914} INFO - Processing file /opt/airflow/dags/dag_with_python_operator.py for tasks to queue
[2025-05-01T12:03:53.745+0000] {logging_mixin.py:190} INFO - [2025-05-01T12:03:53.744+0000] {dagbag.py:588} INFO - Filling up the DagBag from /opt/airflow/dags/dag_with_python_operator.py
[2025-05-01T12:03:53.792+0000] {processor.py:925} INFO - DAG(s) 'first_with_python_v4' retrieved from /opt/airflow/dags/dag_with_python_operator.py
[2025-05-01T12:03:53.846+0000] {logging_mixin.py:190} INFO - [2025-05-01T12:03:53.845+0000] {dag.py:3239} INFO - Sync 1 DAGs
[2025-05-01T12:03:53.886+0000] {logging_mixin.py:190} INFO - [2025-05-01T12:03:53.885+0000] {dag.py:4180} INFO - Setting next_dagrun for first_with_python_v4 to 2025-02-28 00:00:00+00:00, run_after=2025-03-01 00:00:00+00:00
[2025-05-01T12:03:53.915+0000] {processor.py:208} INFO - Processing /opt/airflow/dags/dag_with_python_operator.py took 0.185 seconds
[2025-05-01T12:04:24.467+0000] {processor.py:186} INFO - Started process (PID=6365) to work on /opt/airflow/dags/dag_with_python_operator.py
[2025-05-01T12:04:24.472+0000] {processor.py:914} INFO - Processing file /opt/airflow/dags/dag_with_python_operator.py for tasks to queue
[2025-05-01T12:04:24.477+0000] {logging_mixin.py:190} INFO - [2025-05-01T12:04:24.476+0000] {dagbag.py:588} INFO - Filling up the DagBag from /opt/airflow/dags/dag_with_python_operator.py
[2025-05-01T12:04:24.514+0000] {processor.py:925} INFO - DAG(s) 'first_with_python_v4' retrieved from /opt/airflow/dags/dag_with_python_operator.py
[2025-05-01T12:04:24.556+0000] {logging_mixin.py:190} INFO - [2025-05-01T12:04:24.555+0000] {dag.py:3239} INFO - Sync 1 DAGs
[2025-05-01T12:04:24.597+0000] {logging_mixin.py:190} INFO - [2025-05-01T12:04:24.597+0000] {dag.py:4180} INFO - Setting next_dagrun for first_with_python_v4 to 2025-02-28 00:00:00+00:00, run_after=2025-03-01 00:00:00+00:00
[2025-05-01T12:04:24.624+0000] {processor.py:208} INFO - Processing /opt/airflow/dags/dag_with_python_operator.py took 0.163 seconds
