[2025-05-01T04:46:19.156+0000] {processor.py:186} INFO - Started process (PID=5487) to work on /opt/airflow/dags/my_dag.py
[2025-05-01T04:46:19.158+0000] {processor.py:914} INFO - Processing file /opt/airflow/dags/my_dag.py for tasks to queue
[2025-05-01T04:46:19.161+0000] {logging_mixin.py:190} INFO - [2025-05-01T04:46:19.160+0000] {dagbag.py:588} INFO - Filling up the DagBag from /opt/airflow/dags/my_dag.py
[2025-05-01T04:46:19.192+0000] {processor.py:925} INFO - DAG(s) 'TFL_DATA_DAG_V2' retrieved from /opt/airflow/dags/my_dag.py
[2025-05-01T04:46:19.420+0000] {logging_mixin.py:190} INFO - [2025-05-01T04:46:19.419+0000] {dag.py:3239} INFO - Sync 1 DAGs
[2025-05-01T04:46:19.437+0000] {logging_mixin.py:190} INFO - [2025-05-01T04:46:19.437+0000] {dag.py:4180} INFO - Setting next_dagrun for TFL_DATA_DAG_V2 to 2025-05-01 00:00:00+00:00, run_after=2025-05-02 00:00:00+00:00
[2025-05-01T04:46:19.451+0000] {processor.py:208} INFO - Processing /opt/airflow/dags/my_dag.py took 0.315 seconds
[2025-05-01T11:46:02.364+0000] {processor.py:186} INFO - Started process (PID=5517) to work on /opt/airflow/dags/my_dag.py
[2025-05-01T11:46:02.375+0000] {processor.py:914} INFO - Processing file /opt/airflow/dags/my_dag.py for tasks to queue
[2025-05-01T11:46:02.389+0000] {logging_mixin.py:190} INFO - [2025-05-01T11:46:02.387+0000] {dagbag.py:588} INFO - Filling up the DagBag from /opt/airflow/dags/my_dag.py
[2025-05-01T11:46:02.582+0000] {processor.py:925} INFO - DAG(s) 'TFL_DATA_DAG_V2' retrieved from /opt/airflow/dags/my_dag.py
[2025-05-01T11:46:02.631+0000] {logging_mixin.py:190} INFO - [2025-05-01T11:46:02.630+0000] {dag.py:3239} INFO - Sync 1 DAGs
[2025-05-01T11:46:02.683+0000] {logging_mixin.py:190} INFO - [2025-05-01T11:46:02.683+0000] {dag.py:4180} INFO - Setting next_dagrun for TFL_DATA_DAG_V2 to 2025-05-01 00:00:00+00:00, run_after=2025-05-02 00:00:00+00:00
[2025-05-01T11:46:02.724+0000] {processor.py:208} INFO - Processing /opt/airflow/dags/my_dag.py took 0.373 seconds
[2025-05-01T11:46:33.105+0000] {processor.py:186} INFO - Started process (PID=5542) to work on /opt/airflow/dags/my_dag.py
[2025-05-01T11:46:33.107+0000] {processor.py:914} INFO - Processing file /opt/airflow/dags/my_dag.py for tasks to queue
[2025-05-01T11:46:33.110+0000] {logging_mixin.py:190} INFO - [2025-05-01T11:46:33.110+0000] {dagbag.py:588} INFO - Filling up the DagBag from /opt/airflow/dags/my_dag.py
[2025-05-01T11:46:33.156+0000] {processor.py:925} INFO - DAG(s) 'TFL_DATA_DAG_V2' retrieved from /opt/airflow/dags/my_dag.py
[2025-05-01T11:46:33.180+0000] {logging_mixin.py:190} INFO - [2025-05-01T11:46:33.179+0000] {dag.py:3239} INFO - Sync 1 DAGs
[2025-05-01T11:46:33.201+0000] {logging_mixin.py:190} INFO - [2025-05-01T11:46:33.201+0000] {dag.py:4180} INFO - Setting next_dagrun for TFL_DATA_DAG_V2 to 2025-05-01 00:00:00+00:00, run_after=2025-05-02 00:00:00+00:00
[2025-05-01T11:46:33.236+0000] {processor.py:208} INFO - Processing /opt/airflow/dags/my_dag.py took 0.137 seconds
[2025-05-01T11:47:03.523+0000] {processor.py:186} INFO - Started process (PID=5567) to work on /opt/airflow/dags/my_dag.py
[2025-05-01T11:47:03.527+0000] {processor.py:914} INFO - Processing file /opt/airflow/dags/my_dag.py for tasks to queue
[2025-05-01T11:47:03.534+0000] {logging_mixin.py:190} INFO - [2025-05-01T11:47:03.533+0000] {dagbag.py:588} INFO - Filling up the DagBag from /opt/airflow/dags/my_dag.py
[2025-05-01T11:47:03.586+0000] {processor.py:925} INFO - DAG(s) 'TFL_DATA_DAG_V2' retrieved from /opt/airflow/dags/my_dag.py
[2025-05-01T11:47:03.621+0000] {logging_mixin.py:190} INFO - [2025-05-01T11:47:03.621+0000] {dag.py:3239} INFO - Sync 1 DAGs
[2025-05-01T11:47:03.654+0000] {logging_mixin.py:190} INFO - [2025-05-01T11:47:03.654+0000] {dag.py:4180} INFO - Setting next_dagrun for TFL_DATA_DAG_V2 to 2025-05-01 00:00:00+00:00, run_after=2025-05-02 00:00:00+00:00
[2025-05-01T11:47:03.685+0000] {processor.py:208} INFO - Processing /opt/airflow/dags/my_dag.py took 0.170 seconds
[2025-05-01T11:47:34.101+0000] {processor.py:186} INFO - Started process (PID=5592) to work on /opt/airflow/dags/my_dag.py
[2025-05-01T11:47:34.114+0000] {processor.py:914} INFO - Processing file /opt/airflow/dags/my_dag.py for tasks to queue
[2025-05-01T11:47:34.125+0000] {logging_mixin.py:190} INFO - [2025-05-01T11:47:34.124+0000] {dagbag.py:588} INFO - Filling up the DagBag from /opt/airflow/dags/my_dag.py
[2025-05-01T11:47:34.210+0000] {processor.py:925} INFO - DAG(s) 'TFL_DATA_DAG_V2' retrieved from /opt/airflow/dags/my_dag.py
[2025-05-01T11:47:34.297+0000] {logging_mixin.py:190} INFO - [2025-05-01T11:47:34.295+0000] {dag.py:3239} INFO - Sync 1 DAGs
[2025-05-01T11:47:34.349+0000] {logging_mixin.py:190} INFO - [2025-05-01T11:47:34.348+0000] {dag.py:4180} INFO - Setting next_dagrun for TFL_DATA_DAG_V2 to 2025-05-01 00:00:00+00:00, run_after=2025-05-02 00:00:00+00:00
[2025-05-01T11:47:34.382+0000] {processor.py:208} INFO - Processing /opt/airflow/dags/my_dag.py took 0.300 seconds
[2025-05-01T11:48:04.717+0000] {processor.py:186} INFO - Started process (PID=5627) to work on /opt/airflow/dags/my_dag.py
[2025-05-01T11:48:04.721+0000] {processor.py:914} INFO - Processing file /opt/airflow/dags/my_dag.py for tasks to queue
[2025-05-01T11:48:04.726+0000] {logging_mixin.py:190} INFO - [2025-05-01T11:48:04.725+0000] {dagbag.py:588} INFO - Filling up the DagBag from /opt/airflow/dags/my_dag.py
[2025-05-01T11:48:04.778+0000] {processor.py:925} INFO - DAG(s) 'TFL_DATA_DAG_V2' retrieved from /opt/airflow/dags/my_dag.py
[2025-05-01T11:48:04.801+0000] {logging_mixin.py:190} INFO - [2025-05-01T11:48:04.801+0000] {dag.py:3239} INFO - Sync 1 DAGs
[2025-05-01T11:48:04.826+0000] {logging_mixin.py:190} INFO - [2025-05-01T11:48:04.826+0000] {dag.py:4180} INFO - Setting next_dagrun for TFL_DATA_DAG_V2 to 2025-05-01 00:00:00+00:00, run_after=2025-05-02 00:00:00+00:00
[2025-05-01T11:48:04.892+0000] {processor.py:208} INFO - Processing /opt/airflow/dags/my_dag.py took 0.180 seconds
[2025-05-01T11:48:35.293+0000] {processor.py:186} INFO - Started process (PID=5647) to work on /opt/airflow/dags/my_dag.py
[2025-05-01T11:48:35.295+0000] {processor.py:914} INFO - Processing file /opt/airflow/dags/my_dag.py for tasks to queue
[2025-05-01T11:48:35.300+0000] {logging_mixin.py:190} INFO - [2025-05-01T11:48:35.299+0000] {dagbag.py:588} INFO - Filling up the DagBag from /opt/airflow/dags/my_dag.py
[2025-05-01T11:48:35.338+0000] {processor.py:925} INFO - DAG(s) 'TFL_DATA_DAG_V2' retrieved from /opt/airflow/dags/my_dag.py
[2025-05-01T11:48:35.376+0000] {logging_mixin.py:190} INFO - [2025-05-01T11:48:35.375+0000] {dag.py:3239} INFO - Sync 1 DAGs
[2025-05-01T11:48:35.411+0000] {logging_mixin.py:190} INFO - [2025-05-01T11:48:35.411+0000] {dag.py:4180} INFO - Setting next_dagrun for TFL_DATA_DAG_V2 to 2025-05-01 00:00:00+00:00, run_after=2025-05-02 00:00:00+00:00
[2025-05-01T11:48:35.435+0000] {processor.py:208} INFO - Processing /opt/airflow/dags/my_dag.py took 0.155 seconds
[2025-05-01T11:49:05.888+0000] {processor.py:186} INFO - Started process (PID=5668) to work on /opt/airflow/dags/my_dag.py
[2025-05-01T11:49:05.892+0000] {processor.py:914} INFO - Processing file /opt/airflow/dags/my_dag.py for tasks to queue
[2025-05-01T11:49:05.906+0000] {logging_mixin.py:190} INFO - [2025-05-01T11:49:05.905+0000] {dagbag.py:588} INFO - Filling up the DagBag from /opt/airflow/dags/my_dag.py
[2025-05-01T11:49:05.988+0000] {processor.py:925} INFO - DAG(s) 'TFL_DATA_DAG_V2' retrieved from /opt/airflow/dags/my_dag.py
[2025-05-01T11:49:06.089+0000] {logging_mixin.py:190} INFO - [2025-05-01T11:49:06.087+0000] {dag.py:3239} INFO - Sync 1 DAGs
[2025-05-01T11:49:06.173+0000] {logging_mixin.py:190} INFO - [2025-05-01T11:49:06.173+0000] {dag.py:4180} INFO - Setting next_dagrun for TFL_DATA_DAG_V2 to 2025-05-01 00:00:00+00:00, run_after=2025-05-02 00:00:00+00:00
[2025-05-01T11:49:06.202+0000] {processor.py:208} INFO - Processing /opt/airflow/dags/my_dag.py took 0.331 seconds
[2025-05-01T11:49:36.652+0000] {processor.py:186} INFO - Started process (PID=5692) to work on /opt/airflow/dags/my_dag.py
[2025-05-01T11:49:36.655+0000] {processor.py:914} INFO - Processing file /opt/airflow/dags/my_dag.py for tasks to queue
[2025-05-01T11:49:36.660+0000] {logging_mixin.py:190} INFO - [2025-05-01T11:49:36.660+0000] {dagbag.py:588} INFO - Filling up the DagBag from /opt/airflow/dags/my_dag.py
[2025-05-01T11:49:36.715+0000] {processor.py:925} INFO - DAG(s) 'TFL_DATA_DAG_V2' retrieved from /opt/airflow/dags/my_dag.py
[2025-05-01T11:49:36.752+0000] {logging_mixin.py:190} INFO - [2025-05-01T11:49:36.751+0000] {dag.py:3239} INFO - Sync 1 DAGs
[2025-05-01T11:49:36.786+0000] {logging_mixin.py:190} INFO - [2025-05-01T11:49:36.786+0000] {dag.py:4180} INFO - Setting next_dagrun for TFL_DATA_DAG_V2 to 2025-05-01 00:00:00+00:00, run_after=2025-05-02 00:00:00+00:00
[2025-05-01T11:49:36.806+0000] {processor.py:208} INFO - Processing /opt/airflow/dags/my_dag.py took 0.160 seconds
[2025-05-01T11:50:07.325+0000] {processor.py:186} INFO - Started process (PID=5717) to work on /opt/airflow/dags/my_dag.py
[2025-05-01T11:50:07.328+0000] {processor.py:914} INFO - Processing file /opt/airflow/dags/my_dag.py for tasks to queue
[2025-05-01T11:50:07.339+0000] {logging_mixin.py:190} INFO - [2025-05-01T11:50:07.338+0000] {dagbag.py:588} INFO - Filling up the DagBag from /opt/airflow/dags/my_dag.py
[2025-05-01T11:50:07.391+0000] {processor.py:925} INFO - DAG(s) 'TFL_DATA_DAG_V2' retrieved from /opt/airflow/dags/my_dag.py
[2025-05-01T11:50:07.417+0000] {logging_mixin.py:190} INFO - [2025-05-01T11:50:07.416+0000] {dag.py:3239} INFO - Sync 1 DAGs
[2025-05-01T11:50:07.444+0000] {logging_mixin.py:190} INFO - [2025-05-01T11:50:07.444+0000] {dag.py:4180} INFO - Setting next_dagrun for TFL_DATA_DAG_V2 to 2025-05-01 00:00:00+00:00, run_after=2025-05-02 00:00:00+00:00
[2025-05-01T11:50:07.474+0000] {processor.py:208} INFO - Processing /opt/airflow/dags/my_dag.py took 0.165 seconds
[2025-05-01T11:50:37.864+0000] {processor.py:186} INFO - Started process (PID=5742) to work on /opt/airflow/dags/my_dag.py
[2025-05-01T11:50:37.866+0000] {processor.py:914} INFO - Processing file /opt/airflow/dags/my_dag.py for tasks to queue
[2025-05-01T11:50:37.870+0000] {logging_mixin.py:190} INFO - [2025-05-01T11:50:37.870+0000] {dagbag.py:588} INFO - Filling up the DagBag from /opt/airflow/dags/my_dag.py
[2025-05-01T11:50:37.904+0000] {processor.py:925} INFO - DAG(s) 'TFL_DATA_DAG_V2' retrieved from /opt/airflow/dags/my_dag.py
[2025-05-01T11:50:37.934+0000] {logging_mixin.py:190} INFO - [2025-05-01T11:50:37.933+0000] {dag.py:3239} INFO - Sync 1 DAGs
[2025-05-01T11:50:37.958+0000] {logging_mixin.py:190} INFO - [2025-05-01T11:50:37.958+0000] {dag.py:4180} INFO - Setting next_dagrun for TFL_DATA_DAG_V2 to 2025-05-01 00:00:00+00:00, run_after=2025-05-02 00:00:00+00:00
[2025-05-01T11:50:37.978+0000] {processor.py:208} INFO - Processing /opt/airflow/dags/my_dag.py took 0.119 seconds
[2025-05-01T11:51:08.424+0000] {processor.py:186} INFO - Started process (PID=5767) to work on /opt/airflow/dags/my_dag.py
[2025-05-01T11:51:08.426+0000] {processor.py:914} INFO - Processing file /opt/airflow/dags/my_dag.py for tasks to queue
[2025-05-01T11:51:08.432+0000] {logging_mixin.py:190} INFO - [2025-05-01T11:51:08.431+0000] {dagbag.py:588} INFO - Filling up the DagBag from /opt/airflow/dags/my_dag.py
[2025-05-01T11:51:08.468+0000] {processor.py:925} INFO - DAG(s) 'TFL_DATA_DAG_V2' retrieved from /opt/airflow/dags/my_dag.py
[2025-05-01T11:51:08.508+0000] {logging_mixin.py:190} INFO - [2025-05-01T11:51:08.508+0000] {dag.py:3239} INFO - Sync 1 DAGs
[2025-05-01T11:51:08.546+0000] {logging_mixin.py:190} INFO - [2025-05-01T11:51:08.546+0000] {dag.py:4180} INFO - Setting next_dagrun for TFL_DATA_DAG_V2 to 2025-05-01 00:00:00+00:00, run_after=2025-05-02 00:00:00+00:00
[2025-05-01T11:51:08.580+0000] {processor.py:208} INFO - Processing /opt/airflow/dags/my_dag.py took 0.166 seconds
[2025-05-01T11:51:38.971+0000] {processor.py:186} INFO - Started process (PID=5792) to work on /opt/airflow/dags/my_dag.py
[2025-05-01T11:51:38.975+0000] {processor.py:914} INFO - Processing file /opt/airflow/dags/my_dag.py for tasks to queue
[2025-05-01T11:51:38.980+0000] {logging_mixin.py:190} INFO - [2025-05-01T11:51:38.979+0000] {dagbag.py:588} INFO - Filling up the DagBag from /opt/airflow/dags/my_dag.py
[2025-05-01T11:51:39.018+0000] {processor.py:925} INFO - DAG(s) 'TFL_DATA_DAG_V2' retrieved from /opt/airflow/dags/my_dag.py
[2025-05-01T11:51:39.053+0000] {logging_mixin.py:190} INFO - [2025-05-01T11:51:39.052+0000] {dag.py:3239} INFO - Sync 1 DAGs
[2025-05-01T11:51:39.083+0000] {logging_mixin.py:190} INFO - [2025-05-01T11:51:39.083+0000] {dag.py:4180} INFO - Setting next_dagrun for TFL_DATA_DAG_V2 to 2025-05-01 00:00:00+00:00, run_after=2025-05-02 00:00:00+00:00
[2025-05-01T11:51:39.109+0000] {processor.py:208} INFO - Processing /opt/airflow/dags/my_dag.py took 0.153 seconds
[2025-05-01T11:52:09.498+0000] {processor.py:186} INFO - Started process (PID=5817) to work on /opt/airflow/dags/my_dag.py
[2025-05-01T11:52:09.501+0000] {processor.py:914} INFO - Processing file /opt/airflow/dags/my_dag.py for tasks to queue
[2025-05-01T11:52:09.505+0000] {logging_mixin.py:190} INFO - [2025-05-01T11:52:09.505+0000] {dagbag.py:588} INFO - Filling up the DagBag from /opt/airflow/dags/my_dag.py
[2025-05-01T11:52:09.545+0000] {processor.py:925} INFO - DAG(s) 'TFL_DATA_DAG_V2' retrieved from /opt/airflow/dags/my_dag.py
[2025-05-01T11:52:09.583+0000] {logging_mixin.py:190} INFO - [2025-05-01T11:52:09.582+0000] {dag.py:3239} INFO - Sync 1 DAGs
[2025-05-01T11:52:09.618+0000] {logging_mixin.py:190} INFO - [2025-05-01T11:52:09.617+0000] {dag.py:4180} INFO - Setting next_dagrun for TFL_DATA_DAG_V2 to 2025-05-01 00:00:00+00:00, run_after=2025-05-02 00:00:00+00:00
[2025-05-01T11:52:09.644+0000] {processor.py:208} INFO - Processing /opt/airflow/dags/my_dag.py took 0.155 seconds
[2025-05-01T11:52:40.038+0000] {processor.py:186} INFO - Started process (PID=5841) to work on /opt/airflow/dags/my_dag.py
[2025-05-01T11:52:40.041+0000] {processor.py:914} INFO - Processing file /opt/airflow/dags/my_dag.py for tasks to queue
[2025-05-01T11:52:40.048+0000] {logging_mixin.py:190} INFO - [2025-05-01T11:52:40.047+0000] {dagbag.py:588} INFO - Filling up the DagBag from /opt/airflow/dags/my_dag.py
[2025-05-01T11:52:40.087+0000] {processor.py:925} INFO - DAG(s) 'TFL_DATA_DAG_V2' retrieved from /opt/airflow/dags/my_dag.py
[2025-05-01T11:52:40.128+0000] {logging_mixin.py:190} INFO - [2025-05-01T11:52:40.126+0000] {dag.py:3239} INFO - Sync 1 DAGs
[2025-05-01T11:52:40.176+0000] {logging_mixin.py:190} INFO - [2025-05-01T11:52:40.175+0000] {dag.py:4180} INFO - Setting next_dagrun for TFL_DATA_DAG_V2 to 2025-05-01 00:00:00+00:00, run_after=2025-05-02 00:00:00+00:00
[2025-05-01T11:52:40.209+0000] {processor.py:208} INFO - Processing /opt/airflow/dags/my_dag.py took 0.186 seconds
[2025-05-01T11:53:10.567+0000] {processor.py:186} INFO - Started process (PID=5867) to work on /opt/airflow/dags/my_dag.py
[2025-05-01T11:53:10.569+0000] {processor.py:914} INFO - Processing file /opt/airflow/dags/my_dag.py for tasks to queue
[2025-05-01T11:53:10.576+0000] {logging_mixin.py:190} INFO - [2025-05-01T11:53:10.575+0000] {dagbag.py:588} INFO - Filling up the DagBag from /opt/airflow/dags/my_dag.py
[2025-05-01T11:53:10.615+0000] {processor.py:925} INFO - DAG(s) 'TFL_DATA_DAG_V2' retrieved from /opt/airflow/dags/my_dag.py
[2025-05-01T11:53:10.662+0000] {logging_mixin.py:190} INFO - [2025-05-01T11:53:10.661+0000] {dag.py:3239} INFO - Sync 1 DAGs
[2025-05-01T11:53:10.703+0000] {logging_mixin.py:190} INFO - [2025-05-01T11:53:10.703+0000] {dag.py:4180} INFO - Setting next_dagrun for TFL_DATA_DAG_V2 to 2025-05-01 00:00:00+00:00, run_after=2025-05-02 00:00:00+00:00
[2025-05-01T11:53:10.734+0000] {processor.py:208} INFO - Processing /opt/airflow/dags/my_dag.py took 0.178 seconds
[2025-05-01T11:53:41.094+0000] {processor.py:186} INFO - Started process (PID=5888) to work on /opt/airflow/dags/my_dag.py
[2025-05-01T11:53:41.097+0000] {processor.py:914} INFO - Processing file /opt/airflow/dags/my_dag.py for tasks to queue
[2025-05-01T11:53:41.100+0000] {logging_mixin.py:190} INFO - [2025-05-01T11:53:41.100+0000] {dagbag.py:588} INFO - Filling up the DagBag from /opt/airflow/dags/my_dag.py
[2025-05-01T11:53:41.151+0000] {processor.py:925} INFO - DAG(s) 'TFL_DATA_DAG_V2' retrieved from /opt/airflow/dags/my_dag.py
[2025-05-01T11:53:41.183+0000] {logging_mixin.py:190} INFO - [2025-05-01T11:53:41.183+0000] {dag.py:3239} INFO - Sync 1 DAGs
[2025-05-01T11:53:41.204+0000] {logging_mixin.py:190} INFO - [2025-05-01T11:53:41.204+0000] {dag.py:4180} INFO - Setting next_dagrun for TFL_DATA_DAG_V2 to 2025-05-01 00:00:00+00:00, run_after=2025-05-02 00:00:00+00:00
[2025-05-01T11:53:41.226+0000] {processor.py:208} INFO - Processing /opt/airflow/dags/my_dag.py took 0.138 seconds
[2025-05-01T11:54:11.538+0000] {processor.py:186} INFO - Started process (PID=5914) to work on /opt/airflow/dags/my_dag.py
[2025-05-01T11:54:11.540+0000] {processor.py:914} INFO - Processing file /opt/airflow/dags/my_dag.py for tasks to queue
[2025-05-01T11:54:11.544+0000] {logging_mixin.py:190} INFO - [2025-05-01T11:54:11.544+0000] {dagbag.py:588} INFO - Filling up the DagBag from /opt/airflow/dags/my_dag.py
[2025-05-01T11:54:11.579+0000] {processor.py:925} INFO - DAG(s) 'TFL_DATA_DAG_V2' retrieved from /opt/airflow/dags/my_dag.py
[2025-05-01T11:54:11.617+0000] {logging_mixin.py:190} INFO - [2025-05-01T11:54:11.616+0000] {dag.py:3239} INFO - Sync 1 DAGs
[2025-05-01T11:54:11.659+0000] {logging_mixin.py:190} INFO - [2025-05-01T11:54:11.658+0000] {dag.py:4180} INFO - Setting next_dagrun for TFL_DATA_DAG_V2 to 2025-05-01 00:00:00+00:00, run_after=2025-05-02 00:00:00+00:00
[2025-05-01T11:54:11.689+0000] {processor.py:208} INFO - Processing /opt/airflow/dags/my_dag.py took 0.163 seconds
[2025-05-01T11:54:42.122+0000] {processor.py:186} INFO - Started process (PID=5935) to work on /opt/airflow/dags/my_dag.py
[2025-05-01T11:54:42.125+0000] {processor.py:914} INFO - Processing file /opt/airflow/dags/my_dag.py for tasks to queue
[2025-05-01T11:54:42.130+0000] {logging_mixin.py:190} INFO - [2025-05-01T11:54:42.130+0000] {dagbag.py:588} INFO - Filling up the DagBag from /opt/airflow/dags/my_dag.py
[2025-05-01T11:54:42.162+0000] {processor.py:925} INFO - DAG(s) 'TFL_DATA_DAG_V2' retrieved from /opt/airflow/dags/my_dag.py
[2025-05-01T11:54:42.197+0000] {logging_mixin.py:190} INFO - [2025-05-01T11:54:42.196+0000] {dag.py:3239} INFO - Sync 1 DAGs
[2025-05-01T11:54:42.233+0000] {logging_mixin.py:190} INFO - [2025-05-01T11:54:42.233+0000] {dag.py:4180} INFO - Setting next_dagrun for TFL_DATA_DAG_V2 to 2025-05-01 00:00:00+00:00, run_after=2025-05-02 00:00:00+00:00
[2025-05-01T11:54:42.266+0000] {processor.py:208} INFO - Processing /opt/airflow/dags/my_dag.py took 0.156 seconds
[2025-05-01T11:55:12.714+0000] {processor.py:186} INFO - Started process (PID=5961) to work on /opt/airflow/dags/my_dag.py
[2025-05-01T11:55:12.717+0000] {processor.py:914} INFO - Processing file /opt/airflow/dags/my_dag.py for tasks to queue
[2025-05-01T11:55:12.722+0000] {logging_mixin.py:190} INFO - [2025-05-01T11:55:12.721+0000] {dagbag.py:588} INFO - Filling up the DagBag from /opt/airflow/dags/my_dag.py
[2025-05-01T11:55:12.758+0000] {processor.py:925} INFO - DAG(s) 'TFL_DATA_DAG_V2' retrieved from /opt/airflow/dags/my_dag.py
[2025-05-01T11:55:12.800+0000] {logging_mixin.py:190} INFO - [2025-05-01T11:55:12.799+0000] {dag.py:3239} INFO - Sync 1 DAGs
[2025-05-01T11:55:12.835+0000] {logging_mixin.py:190} INFO - [2025-05-01T11:55:12.834+0000] {dag.py:4180} INFO - Setting next_dagrun for TFL_DATA_DAG_V2 to 2025-05-01 00:00:00+00:00, run_after=2025-05-02 00:00:00+00:00
[2025-05-01T11:55:12.863+0000] {processor.py:208} INFO - Processing /opt/airflow/dags/my_dag.py took 0.163 seconds
[2025-05-01T11:55:43.332+0000] {processor.py:186} INFO - Started process (PID=5983) to work on /opt/airflow/dags/my_dag.py
[2025-05-01T11:55:43.336+0000] {processor.py:914} INFO - Processing file /opt/airflow/dags/my_dag.py for tasks to queue
[2025-05-01T11:55:43.343+0000] {logging_mixin.py:190} INFO - [2025-05-01T11:55:43.342+0000] {dagbag.py:588} INFO - Filling up the DagBag from /opt/airflow/dags/my_dag.py
[2025-05-01T11:55:43.386+0000] {processor.py:925} INFO - DAG(s) 'TFL_DATA_DAG_V2' retrieved from /opt/airflow/dags/my_dag.py
[2025-05-01T11:55:43.435+0000] {logging_mixin.py:190} INFO - [2025-05-01T11:55:43.432+0000] {dag.py:3239} INFO - Sync 1 DAGs
[2025-05-01T11:55:43.470+0000] {logging_mixin.py:190} INFO - [2025-05-01T11:55:43.470+0000] {dag.py:4180} INFO - Setting next_dagrun for TFL_DATA_DAG_V2 to 2025-05-01 00:00:00+00:00, run_after=2025-05-02 00:00:00+00:00
[2025-05-01T11:55:43.497+0000] {processor.py:208} INFO - Processing /opt/airflow/dags/my_dag.py took 0.180 seconds
[2025-05-01T11:56:14.016+0000] {processor.py:186} INFO - Started process (PID=6009) to work on /opt/airflow/dags/my_dag.py
[2025-05-01T11:56:14.019+0000] {processor.py:914} INFO - Processing file /opt/airflow/dags/my_dag.py for tasks to queue
[2025-05-01T11:56:14.026+0000] {logging_mixin.py:190} INFO - [2025-05-01T11:56:14.025+0000] {dagbag.py:588} INFO - Filling up the DagBag from /opt/airflow/dags/my_dag.py
[2025-05-01T11:56:14.059+0000] {processor.py:925} INFO - DAG(s) 'TFL_DATA_DAG_V2' retrieved from /opt/airflow/dags/my_dag.py
[2025-05-01T11:56:14.103+0000] {logging_mixin.py:190} INFO - [2025-05-01T11:56:14.102+0000] {dag.py:3239} INFO - Sync 1 DAGs
[2025-05-01T11:56:14.146+0000] {logging_mixin.py:190} INFO - [2025-05-01T11:56:14.146+0000] {dag.py:4180} INFO - Setting next_dagrun for TFL_DATA_DAG_V2 to 2025-05-01 00:00:00+00:00, run_after=2025-05-02 00:00:00+00:00
[2025-05-01T11:56:14.183+0000] {processor.py:208} INFO - Processing /opt/airflow/dags/my_dag.py took 0.177 seconds
[2025-05-01T11:56:44.642+0000] {processor.py:186} INFO - Started process (PID=6030) to work on /opt/airflow/dags/my_dag.py
[2025-05-01T11:56:44.645+0000] {processor.py:914} INFO - Processing file /opt/airflow/dags/my_dag.py for tasks to queue
[2025-05-01T11:56:44.654+0000] {logging_mixin.py:190} INFO - [2025-05-01T11:56:44.653+0000] {dagbag.py:588} INFO - Filling up the DagBag from /opt/airflow/dags/my_dag.py
[2025-05-01T11:56:44.697+0000] {processor.py:925} INFO - DAG(s) 'TFL_DATA_DAG_V2' retrieved from /opt/airflow/dags/my_dag.py
[2025-05-01T11:56:44.741+0000] {logging_mixin.py:190} INFO - [2025-05-01T11:56:44.740+0000] {dag.py:3239} INFO - Sync 1 DAGs
[2025-05-01T11:56:44.778+0000] {logging_mixin.py:190} INFO - [2025-05-01T11:56:44.778+0000] {dag.py:4180} INFO - Setting next_dagrun for TFL_DATA_DAG_V2 to 2025-05-01 00:00:00+00:00, run_after=2025-05-02 00:00:00+00:00
[2025-05-01T11:56:44.804+0000] {processor.py:208} INFO - Processing /opt/airflow/dags/my_dag.py took 0.172 seconds
[2025-05-01T11:57:15.294+0000] {processor.py:186} INFO - Started process (PID=6056) to work on /opt/airflow/dags/my_dag.py
[2025-05-01T11:57:15.297+0000] {processor.py:914} INFO - Processing file /opt/airflow/dags/my_dag.py for tasks to queue
[2025-05-01T11:57:15.305+0000] {logging_mixin.py:190} INFO - [2025-05-01T11:57:15.304+0000] {dagbag.py:588} INFO - Filling up the DagBag from /opt/airflow/dags/my_dag.py
[2025-05-01T11:57:15.346+0000] {processor.py:925} INFO - DAG(s) 'TFL_DATA_DAG_V2' retrieved from /opt/airflow/dags/my_dag.py
[2025-05-01T11:57:15.379+0000] {logging_mixin.py:190} INFO - [2025-05-01T11:57:15.379+0000] {dag.py:3239} INFO - Sync 1 DAGs
[2025-05-01T11:57:15.414+0000] {logging_mixin.py:190} INFO - [2025-05-01T11:57:15.414+0000] {dag.py:4180} INFO - Setting next_dagrun for TFL_DATA_DAG_V2 to 2025-05-01 00:00:00+00:00, run_after=2025-05-02 00:00:00+00:00
[2025-05-01T11:57:15.442+0000] {processor.py:208} INFO - Processing /opt/airflow/dags/my_dag.py took 0.161 seconds
[2025-05-01T11:57:45.900+0000] {processor.py:186} INFO - Started process (PID=6077) to work on /opt/airflow/dags/my_dag.py
[2025-05-01T11:57:45.903+0000] {processor.py:914} INFO - Processing file /opt/airflow/dags/my_dag.py for tasks to queue
[2025-05-01T11:57:45.910+0000] {logging_mixin.py:190} INFO - [2025-05-01T11:57:45.910+0000] {dagbag.py:588} INFO - Filling up the DagBag from /opt/airflow/dags/my_dag.py
[2025-05-01T11:57:45.943+0000] {processor.py:925} INFO - DAG(s) 'TFL_DATA_DAG_V2' retrieved from /opt/airflow/dags/my_dag.py
[2025-05-01T11:57:45.985+0000] {logging_mixin.py:190} INFO - [2025-05-01T11:57:45.984+0000] {dag.py:3239} INFO - Sync 1 DAGs
[2025-05-01T11:57:46.024+0000] {logging_mixin.py:190} INFO - [2025-05-01T11:57:46.024+0000] {dag.py:4180} INFO - Setting next_dagrun for TFL_DATA_DAG_V2 to 2025-05-01 00:00:00+00:00, run_after=2025-05-02 00:00:00+00:00
[2025-05-01T11:57:46.055+0000] {processor.py:208} INFO - Processing /opt/airflow/dags/my_dag.py took 0.164 seconds
[2025-05-01T11:58:16.516+0000] {processor.py:186} INFO - Started process (PID=6103) to work on /opt/airflow/dags/my_dag.py
[2025-05-01T11:58:16.519+0000] {processor.py:914} INFO - Processing file /opt/airflow/dags/my_dag.py for tasks to queue
[2025-05-01T11:58:16.526+0000] {logging_mixin.py:190} INFO - [2025-05-01T11:58:16.525+0000] {dagbag.py:588} INFO - Filling up the DagBag from /opt/airflow/dags/my_dag.py
[2025-05-01T11:58:16.562+0000] {processor.py:925} INFO - DAG(s) 'TFL_DATA_DAG_V2' retrieved from /opt/airflow/dags/my_dag.py
[2025-05-01T11:58:16.607+0000] {logging_mixin.py:190} INFO - [2025-05-01T11:58:16.607+0000] {dag.py:3239} INFO - Sync 1 DAGs
[2025-05-01T11:58:16.640+0000] {logging_mixin.py:190} INFO - [2025-05-01T11:58:16.640+0000] {dag.py:4180} INFO - Setting next_dagrun for TFL_DATA_DAG_V2 to 2025-05-01 00:00:00+00:00, run_after=2025-05-02 00:00:00+00:00
[2025-05-01T11:58:16.675+0000] {processor.py:208} INFO - Processing /opt/airflow/dags/my_dag.py took 0.171 seconds
[2025-05-01T11:58:47.174+0000] {processor.py:186} INFO - Started process (PID=6124) to work on /opt/airflow/dags/my_dag.py
[2025-05-01T11:58:47.178+0000] {processor.py:914} INFO - Processing file /opt/airflow/dags/my_dag.py for tasks to queue
[2025-05-01T11:58:47.188+0000] {logging_mixin.py:190} INFO - [2025-05-01T11:58:47.186+0000] {dagbag.py:588} INFO - Filling up the DagBag from /opt/airflow/dags/my_dag.py
[2025-05-01T11:58:47.270+0000] {processor.py:925} INFO - DAG(s) 'TFL_DATA_DAG_V2' retrieved from /opt/airflow/dags/my_dag.py
[2025-05-01T11:58:47.312+0000] {logging_mixin.py:190} INFO - [2025-05-01T11:58:47.312+0000] {dag.py:3239} INFO - Sync 1 DAGs
[2025-05-01T11:58:47.342+0000] {logging_mixin.py:190} INFO - [2025-05-01T11:58:47.342+0000] {dag.py:4180} INFO - Setting next_dagrun for TFL_DATA_DAG_V2 to 2025-05-01 00:00:00+00:00, run_after=2025-05-02 00:00:00+00:00
[2025-05-01T11:58:47.369+0000] {processor.py:208} INFO - Processing /opt/airflow/dags/my_dag.py took 0.203 seconds
[2025-05-01T11:59:17.839+0000] {processor.py:186} INFO - Started process (PID=6145) to work on /opt/airflow/dags/my_dag.py
[2025-05-01T11:59:17.842+0000] {processor.py:914} INFO - Processing file /opt/airflow/dags/my_dag.py for tasks to queue
[2025-05-01T11:59:17.847+0000] {logging_mixin.py:190} INFO - [2025-05-01T11:59:17.846+0000] {dagbag.py:588} INFO - Filling up the DagBag from /opt/airflow/dags/my_dag.py
[2025-05-01T11:59:17.883+0000] {processor.py:925} INFO - DAG(s) 'TFL_DATA_DAG_V2' retrieved from /opt/airflow/dags/my_dag.py
[2025-05-01T11:59:17.917+0000] {logging_mixin.py:190} INFO - [2025-05-01T11:59:17.916+0000] {dag.py:3239} INFO - Sync 1 DAGs
[2025-05-01T11:59:17.953+0000] {logging_mixin.py:190} INFO - [2025-05-01T11:59:17.953+0000] {dag.py:4180} INFO - Setting next_dagrun for TFL_DATA_DAG_V2 to 2025-05-01 00:00:00+00:00, run_after=2025-05-02 00:00:00+00:00
[2025-05-01T11:59:17.979+0000] {processor.py:208} INFO - Processing /opt/airflow/dags/my_dag.py took 0.149 seconds
[2025-05-01T11:59:48.431+0000] {processor.py:186} INFO - Started process (PID=6166) to work on /opt/airflow/dags/my_dag.py
[2025-05-01T11:59:48.434+0000] {processor.py:914} INFO - Processing file /opt/airflow/dags/my_dag.py for tasks to queue
[2025-05-01T11:59:48.440+0000] {logging_mixin.py:190} INFO - [2025-05-01T11:59:48.440+0000] {dagbag.py:588} INFO - Filling up the DagBag from /opt/airflow/dags/my_dag.py
[2025-05-01T11:59:48.479+0000] {processor.py:925} INFO - DAG(s) 'TFL_DATA_DAG_V2' retrieved from /opt/airflow/dags/my_dag.py
[2025-05-01T11:59:48.524+0000] {logging_mixin.py:190} INFO - [2025-05-01T11:59:48.523+0000] {dag.py:3239} INFO - Sync 1 DAGs
[2025-05-01T11:59:48.563+0000] {logging_mixin.py:190} INFO - [2025-05-01T11:59:48.563+0000] {dag.py:4180} INFO - Setting next_dagrun for TFL_DATA_DAG_V2 to 2025-05-01 00:00:00+00:00, run_after=2025-05-02 00:00:00+00:00
[2025-05-01T11:59:48.599+0000] {processor.py:208} INFO - Processing /opt/airflow/dags/my_dag.py took 0.177 seconds
[2025-05-01T12:00:19.057+0000] {processor.py:186} INFO - Started process (PID=6187) to work on /opt/airflow/dags/my_dag.py
[2025-05-01T12:00:19.059+0000] {processor.py:914} INFO - Processing file /opt/airflow/dags/my_dag.py for tasks to queue
[2025-05-01T12:00:19.064+0000] {logging_mixin.py:190} INFO - [2025-05-01T12:00:19.063+0000] {dagbag.py:588} INFO - Filling up the DagBag from /opt/airflow/dags/my_dag.py
[2025-05-01T12:00:19.113+0000] {processor.py:925} INFO - DAG(s) 'TFL_DATA_DAG_V2' retrieved from /opt/airflow/dags/my_dag.py
[2025-05-01T12:00:19.163+0000] {logging_mixin.py:190} INFO - [2025-05-01T12:00:19.162+0000] {dag.py:3239} INFO - Sync 1 DAGs
[2025-05-01T12:00:19.195+0000] {logging_mixin.py:190} INFO - [2025-05-01T12:00:19.195+0000] {dag.py:4180} INFO - Setting next_dagrun for TFL_DATA_DAG_V2 to 2025-05-01 00:00:00+00:00, run_after=2025-05-02 00:00:00+00:00
[2025-05-01T12:00:19.225+0000] {processor.py:208} INFO - Processing /opt/airflow/dags/my_dag.py took 0.177 seconds
[2025-05-01T12:00:49.663+0000] {processor.py:186} INFO - Started process (PID=6208) to work on /opt/airflow/dags/my_dag.py
[2025-05-01T12:00:49.666+0000] {processor.py:914} INFO - Processing file /opt/airflow/dags/my_dag.py for tasks to queue
[2025-05-01T12:00:49.671+0000] {logging_mixin.py:190} INFO - [2025-05-01T12:00:49.671+0000] {dagbag.py:588} INFO - Filling up the DagBag from /opt/airflow/dags/my_dag.py
[2025-05-01T12:00:49.711+0000] {processor.py:925} INFO - DAG(s) 'TFL_DATA_DAG_V2' retrieved from /opt/airflow/dags/my_dag.py
[2025-05-01T12:00:49.749+0000] {logging_mixin.py:190} INFO - [2025-05-01T12:00:49.748+0000] {dag.py:3239} INFO - Sync 1 DAGs
[2025-05-01T12:00:49.783+0000] {logging_mixin.py:190} INFO - [2025-05-01T12:00:49.782+0000] {dag.py:4180} INFO - Setting next_dagrun for TFL_DATA_DAG_V2 to 2025-05-01 00:00:00+00:00, run_after=2025-05-02 00:00:00+00:00
[2025-05-01T12:00:49.809+0000] {processor.py:208} INFO - Processing /opt/airflow/dags/my_dag.py took 0.154 seconds
[2025-05-01T12:01:20.407+0000] {processor.py:186} INFO - Started process (PID=6229) to work on /opt/airflow/dags/my_dag.py
[2025-05-01T12:01:20.409+0000] {processor.py:914} INFO - Processing file /opt/airflow/dags/my_dag.py for tasks to queue
[2025-05-01T12:01:20.415+0000] {logging_mixin.py:190} INFO - [2025-05-01T12:01:20.414+0000] {dagbag.py:588} INFO - Filling up the DagBag from /opt/airflow/dags/my_dag.py
[2025-05-01T12:01:20.450+0000] {processor.py:925} INFO - DAG(s) 'TFL_DATA_DAG_V2' retrieved from /opt/airflow/dags/my_dag.py
[2025-05-01T12:01:20.487+0000] {logging_mixin.py:190} INFO - [2025-05-01T12:01:20.486+0000] {dag.py:3239} INFO - Sync 1 DAGs
[2025-05-01T12:01:20.522+0000] {logging_mixin.py:190} INFO - [2025-05-01T12:01:20.522+0000] {dag.py:4180} INFO - Setting next_dagrun for TFL_DATA_DAG_V2 to 2025-05-01 00:00:00+00:00, run_after=2025-05-02 00:00:00+00:00
[2025-05-01T12:01:20.553+0000] {processor.py:208} INFO - Processing /opt/airflow/dags/my_dag.py took 0.158 seconds
[2025-05-01T12:01:51.000+0000] {processor.py:186} INFO - Started process (PID=6250) to work on /opt/airflow/dags/my_dag.py
[2025-05-01T12:01:51.003+0000] {processor.py:914} INFO - Processing file /opt/airflow/dags/my_dag.py for tasks to queue
[2025-05-01T12:01:51.009+0000] {logging_mixin.py:190} INFO - [2025-05-01T12:01:51.008+0000] {dagbag.py:588} INFO - Filling up the DagBag from /opt/airflow/dags/my_dag.py
[2025-05-01T12:01:51.043+0000] {processor.py:925} INFO - DAG(s) 'TFL_DATA_DAG_V2' retrieved from /opt/airflow/dags/my_dag.py
[2025-05-01T12:01:51.083+0000] {logging_mixin.py:190} INFO - [2025-05-01T12:01:51.082+0000] {dag.py:3239} INFO - Sync 1 DAGs
[2025-05-01T12:01:51.118+0000] {logging_mixin.py:190} INFO - [2025-05-01T12:01:51.118+0000] {dag.py:4180} INFO - Setting next_dagrun for TFL_DATA_DAG_V2 to 2025-05-01 00:00:00+00:00, run_after=2025-05-02 00:00:00+00:00
[2025-05-01T12:01:51.145+0000] {processor.py:208} INFO - Processing /opt/airflow/dags/my_dag.py took 0.156 seconds
[2025-05-01T12:02:21.535+0000] {processor.py:186} INFO - Started process (PID=6271) to work on /opt/airflow/dags/my_dag.py
[2025-05-01T12:02:21.537+0000] {processor.py:914} INFO - Processing file /opt/airflow/dags/my_dag.py for tasks to queue
[2025-05-01T12:02:21.542+0000] {logging_mixin.py:190} INFO - [2025-05-01T12:02:21.542+0000] {dagbag.py:588} INFO - Filling up the DagBag from /opt/airflow/dags/my_dag.py
[2025-05-01T12:02:21.576+0000] {processor.py:925} INFO - DAG(s) 'TFL_DATA_DAG_V2' retrieved from /opt/airflow/dags/my_dag.py
[2025-05-01T12:02:21.613+0000] {logging_mixin.py:190} INFO - [2025-05-01T12:02:21.612+0000] {dag.py:3239} INFO - Sync 1 DAGs
[2025-05-01T12:02:21.650+0000] {logging_mixin.py:190} INFO - [2025-05-01T12:02:21.649+0000] {dag.py:4180} INFO - Setting next_dagrun for TFL_DATA_DAG_V2 to 2025-05-01 00:00:00+00:00, run_after=2025-05-02 00:00:00+00:00
[2025-05-01T12:02:21.678+0000] {processor.py:208} INFO - Processing /opt/airflow/dags/my_dag.py took 0.152 seconds
[2025-05-01T12:02:52.189+0000] {processor.py:186} INFO - Started process (PID=6292) to work on /opt/airflow/dags/my_dag.py
[2025-05-01T12:02:52.195+0000] {processor.py:914} INFO - Processing file /opt/airflow/dags/my_dag.py for tasks to queue
[2025-05-01T12:02:52.210+0000] {logging_mixin.py:190} INFO - [2025-05-01T12:02:52.208+0000] {dagbag.py:588} INFO - Filling up the DagBag from /opt/airflow/dags/my_dag.py
[2025-05-01T12:02:52.292+0000] {processor.py:925} INFO - DAG(s) 'TFL_DATA_DAG_V2' retrieved from /opt/airflow/dags/my_dag.py
[2025-05-01T12:02:52.373+0000] {logging_mixin.py:190} INFO - [2025-05-01T12:02:52.371+0000] {dag.py:3239} INFO - Sync 1 DAGs
[2025-05-01T12:02:52.451+0000] {logging_mixin.py:190} INFO - [2025-05-01T12:02:52.450+0000] {dag.py:4180} INFO - Setting next_dagrun for TFL_DATA_DAG_V2 to 2025-05-01 00:00:00+00:00, run_after=2025-05-02 00:00:00+00:00
[2025-05-01T12:02:52.483+0000] {processor.py:208} INFO - Processing /opt/airflow/dags/my_dag.py took 0.319 seconds
[2025-05-01T12:03:22.914+0000] {processor.py:186} INFO - Started process (PID=6313) to work on /opt/airflow/dags/my_dag.py
[2025-05-01T12:03:22.916+0000] {processor.py:914} INFO - Processing file /opt/airflow/dags/my_dag.py for tasks to queue
[2025-05-01T12:03:22.924+0000] {logging_mixin.py:190} INFO - [2025-05-01T12:03:22.923+0000] {dagbag.py:588} INFO - Filling up the DagBag from /opt/airflow/dags/my_dag.py
[2025-05-01T12:03:22.975+0000] {processor.py:925} INFO - DAG(s) 'TFL_DATA_DAG_V2' retrieved from /opt/airflow/dags/my_dag.py
[2025-05-01T12:03:23.019+0000] {logging_mixin.py:190} INFO - [2025-05-01T12:03:23.018+0000] {dag.py:3239} INFO - Sync 1 DAGs
[2025-05-01T12:03:23.051+0000] {logging_mixin.py:190} INFO - [2025-05-01T12:03:23.051+0000] {dag.py:4180} INFO - Setting next_dagrun for TFL_DATA_DAG_V2 to 2025-05-01 00:00:00+00:00, run_after=2025-05-02 00:00:00+00:00
[2025-05-01T12:03:23.078+0000] {processor.py:208} INFO - Processing /opt/airflow/dags/my_dag.py took 0.173 seconds
[2025-05-01T12:03:53.493+0000] {processor.py:186} INFO - Started process (PID=6334) to work on /opt/airflow/dags/my_dag.py
[2025-05-01T12:03:53.495+0000] {processor.py:914} INFO - Processing file /opt/airflow/dags/my_dag.py for tasks to queue
[2025-05-01T12:03:53.499+0000] {logging_mixin.py:190} INFO - [2025-05-01T12:03:53.499+0000] {dagbag.py:588} INFO - Filling up the DagBag from /opt/airflow/dags/my_dag.py
[2025-05-01T12:03:53.548+0000] {processor.py:925} INFO - DAG(s) 'TFL_DATA_DAG_V2' retrieved from /opt/airflow/dags/my_dag.py
[2025-05-01T12:03:53.585+0000] {logging_mixin.py:190} INFO - [2025-05-01T12:03:53.585+0000] {dag.py:3239} INFO - Sync 1 DAGs
[2025-05-01T12:03:53.617+0000] {logging_mixin.py:190} INFO - [2025-05-01T12:03:53.617+0000] {dag.py:4180} INFO - Setting next_dagrun for TFL_DATA_DAG_V2 to 2025-05-01 00:00:00+00:00, run_after=2025-05-02 00:00:00+00:00
[2025-05-01T12:03:53.642+0000] {processor.py:208} INFO - Processing /opt/airflow/dags/my_dag.py took 0.155 seconds
[2025-05-01T12:04:24.146+0000] {processor.py:186} INFO - Started process (PID=6355) to work on /opt/airflow/dags/my_dag.py
[2025-05-01T12:04:24.152+0000] {processor.py:914} INFO - Processing file /opt/airflow/dags/my_dag.py for tasks to queue
[2025-05-01T12:04:24.167+0000] {logging_mixin.py:190} INFO - [2025-05-01T12:04:24.166+0000] {dagbag.py:588} INFO - Filling up the DagBag from /opt/airflow/dags/my_dag.py
[2025-05-01T12:04:24.242+0000] {processor.py:925} INFO - DAG(s) 'TFL_DATA_DAG_V2' retrieved from /opt/airflow/dags/my_dag.py
[2025-05-01T12:04:24.298+0000] {logging_mixin.py:190} INFO - [2025-05-01T12:04:24.297+0000] {dag.py:3239} INFO - Sync 1 DAGs
[2025-05-01T12:04:24.349+0000] {logging_mixin.py:190} INFO - [2025-05-01T12:04:24.349+0000] {dag.py:4180} INFO - Setting next_dagrun for TFL_DATA_DAG_V2 to 2025-05-01 00:00:00+00:00, run_after=2025-05-02 00:00:00+00:00
[2025-05-01T12:04:24.375+0000] {processor.py:208} INFO - Processing /opt/airflow/dags/my_dag.py took 0.248 seconds
