[2025-04-22T22:01:07.207+0000] {local_task_job_runner.py:123} INFO - ::group::Pre task execution logs
[2025-04-22T22:01:07.220+0000] {taskinstance.py:2614} INFO - Dependencies all met for dep_context=non-requeueable deps ti=<TaskInstance: snowflake_hook.run_query manual__2025-04-22T22:01:05.973271+00:00 [queued]>
[2025-04-22T22:01:07.228+0000] {taskinstance.py:2614} INFO - Dependencies all met for dep_context=requeueable deps ti=<TaskInstance: snowflake_hook.run_query manual__2025-04-22T22:01:05.973271+00:00 [queued]>
[2025-04-22T22:01:07.229+0000] {taskinstance.py:2867} INFO - Starting attempt 1 of 3
[2025-04-22T22:01:07.243+0000] {taskinstance.py:2890} INFO - Executing <Task(PythonOperator): run_query> on 2025-04-22 22:01:05.973271+00:00
[2025-04-22T22:01:07.250+0000] {standard_task_runner.py:104} INFO - Running: ['***', 'tasks', 'run', 'snowflake_hook', 'run_query', 'manual__2025-04-22T22:01:05.973271+00:00', '--job-id', '301', '--raw', '--subdir', 'DAGS_FOLDER/snowflake_hook.py', '--cfg-path', '/tmp/tmph_eyjl9z']
[2025-04-22T22:01:07.253+0000] {standard_task_runner.py:105} INFO - Job 301: Subtask run_query
[2025-04-22T22:01:07.254+0000] {logging_mixin.py:190} WARNING - /home/***/.local/lib/python3.12/site-packages/***/task/task_runner/standard_task_runner.py:70 DeprecationWarning: This process (pid=1239) is multi-threaded, use of fork() may lead to deadlocks in the child.
[2025-04-22T22:01:07.255+0000] {standard_task_runner.py:72} INFO - Started process 1244 to run task
[2025-04-22T22:01:07.299+0000] {task_command.py:467} INFO - Running <TaskInstance: snowflake_hook.run_query manual__2025-04-22T22:01:05.973271+00:00 [running]> on host 197005dfdcea
[2025-04-22T22:01:07.355+0000] {taskinstance.py:3134} INFO - Exporting env vars: AIRFLOW_CTX_DAG_OWNER='abdulsalam' AIRFLOW_CTX_DAG_ID='snowflake_hook' AIRFLOW_CTX_TASK_ID='run_query' AIRFLOW_CTX_EXECUTION_DATE='2025-04-22T22:01:05.973271+00:00' AIRFLOW_CTX_TRY_NUMBER='1' AIRFLOW_CTX_DAG_RUN_ID='manual__2025-04-22T22:01:05.973271+00:00'
[2025-04-22T22:01:07.357+0000] {taskinstance.py:732} INFO - ::endgroup::
[2025-04-22T22:01:07.376+0000] {base.py:84} INFO - Retrieving connection 'snowflake_conn'
[2025-04-22T22:01:07.378+0000] {connection.py:424} INFO - Snowflake Connector for Python Version: 3.13.2, Python Version: 3.12.9, Platform: Linux-6.10.0-linuxkit-x86_64-with-glibc2.36
[2025-04-22T22:01:07.379+0000] {connection.py:1213} INFO - Connecting to GLOBAL Snowflake domain
[2025-04-22T22:01:07.380+0000] {connection.py:1295} INFO - This connection is in OCSP Fail Open Mode. TLS Certificates would be checked for validity and revocation status. Any other Certificate Revocation related exceptions or OCSP Responder failures would be disregarded in favor of connectivity.
[2025-04-22T22:01:16.703+0000] {logging_mixin.py:190} INFO - conn:  <snowflake.connector.connection.SnowflakeConnection object at 0x7fb1a19714c0>
[2025-04-22T22:01:17.325+0000] {logging_mixin.py:190} INFO - Snowflake version: 9.10.3
[2025-04-22T22:01:17.327+0000] {python.py:240} INFO - Done. Returned value was: None
[2025-04-22T22:01:17.344+0000] {taskinstance.py:341} INFO - ::group::Post task execution logs
[2025-04-22T22:01:17.345+0000] {taskinstance.py:353} INFO - Marking task as SUCCESS. dag_id=snowflake_hook, task_id=run_query, run_id=manual__2025-04-22T22:01:05.973271+00:00, execution_date=20250422T220105, start_date=20250422T220107, end_date=20250422T220117
[2025-04-22T22:01:17.413+0000] {local_task_job_runner.py:266} INFO - Task exited with return code 0
[2025-04-22T22:01:17.430+0000] {taskinstance.py:3901} INFO - 0 downstream tasks scheduled from follow-on schedule check
[2025-04-22T22:01:17.435+0000] {local_task_job_runner.py:245} INFO - ::endgroup::
