[2025-04-30T17:30:18.577+0000] {local_task_job_runner.py:123} INFO - ::group::Pre task execution logs
[2025-04-30T17:30:18.611+0000] {taskinstance.py:2614} INFO - Dependencies all met for dep_context=non-requeueable deps ti=<TaskInstance: TFL_DATA_DAG_V2.transform_data manual__2025-04-30T17:22:54.081203+00:00 [queued]>
[2025-04-30T17:30:18.632+0000] {taskinstance.py:2614} INFO - Dependencies all met for dep_context=requeueable deps ti=<TaskInstance: TFL_DATA_DAG_V2.transform_data manual__2025-04-30T17:22:54.081203+00:00 [queued]>
[2025-04-30T17:30:18.635+0000] {taskinstance.py:2867} INFO - Starting attempt 1 of 6
[2025-04-30T17:30:18.663+0000] {taskinstance.py:2890} INFO - Executing <Task(PythonOperator): transform_data> on 2025-04-30 17:22:54.081203+00:00
[2025-04-30T17:30:18.679+0000] {standard_task_runner.py:104} INFO - Running: ['***', 'tasks', 'run', 'TFL_DATA_DAG_V2', 'transform_data', 'manual__2025-04-30T17:22:54.081203+00:00', '--job-id', '468', '--raw', '--subdir', 'DAGS_FOLDER/my_dag.py', '--cfg-path', '/tmp/tmp8f8bk5ni']
[2025-04-30T17:30:18.682+0000] {logging_mixin.py:190} WARNING - /home/***/.local/lib/python3.12/site-packages/***/task/task_runner/standard_task_runner.py:70 DeprecationWarning: This process (pid=591) is multi-threaded, use of fork() may lead to deadlocks in the child.
[2025-04-30T17:30:18.684+0000] {standard_task_runner.py:105} INFO - Job 468: Subtask transform_data
[2025-04-30T17:30:18.685+0000] {standard_task_runner.py:72} INFO - Started process 594 to run task
[2025-04-30T17:30:18.770+0000] {task_command.py:467} INFO - Running <TaskInstance: TFL_DATA_DAG_V2.transform_data manual__2025-04-30T17:22:54.081203+00:00 [running]> on host 605a3e254bf1
[2025-04-30T17:30:18.884+0000] {taskinstance.py:3134} INFO - Exporting env vars: AIRFLOW_CTX_DAG_OWNER='abdulsalam' AIRFLOW_CTX_DAG_ID='TFL_DATA_DAG_V2' AIRFLOW_CTX_TASK_ID='transform_data' AIRFLOW_CTX_EXECUTION_DATE='2025-04-30T17:22:54.081203+00:00' AIRFLOW_CTX_TRY_NUMBER='1' AIRFLOW_CTX_DAG_RUN_ID='manual__2025-04-30T17:22:54.081203+00:00'
[2025-04-30T17:30:18.888+0000] {taskinstance.py:732} INFO - ::endgroup::
[2025-04-30T17:30:18.938+0000] {base.py:84} INFO - Retrieving connection 'minio_conn'
[2025-04-30T17:30:18.940+0000] {connection_wrapper.py:328} INFO - AWS Connection (conn_id='minio_conn', conn_type='aws') credentials retrieved from extra.
[2025-04-30T17:30:19.433+0000] {hook.py:208} WARNING - Data lineage tracking is disabled. Register a hook lineage reader to start tracking hook lineage.
[2025-04-30T17:30:19.435+0000] {my_dag.py:121} INFO - Uploaded stop_points_cleaned_20250430_173019_08428.json to s3://tfl/data/cleaned/stop_points/snapshot_20250430_182257_28625.json at timestamp 20250430_173019_08428
[2025-04-30T17:30:19.482+0000] {hook.py:208} WARNING - Data lineage tracking is disabled. Register a hook lineage reader to start tracking hook lineage.
[2025-04-30T17:30:19.484+0000] {hook.py:208} WARNING - Data lineage tracking is disabled. Register a hook lineage reader to start tracking hook lineage.
[2025-04-30T17:30:19.486+0000] {my_dag.py:121} INFO - Uploaded stop_points_cleaned_20250430_173019_46015.json to s3://tfl/data/cleaned/stop_points/snapshot_20250430_182359_49546.json at timestamp 20250430_173019_46015
[2025-04-30T17:30:19.520+0000] {hook.py:208} WARNING - Data lineage tracking is disabled. Register a hook lineage reader to start tracking hook lineage.
[2025-04-30T17:30:19.522+0000] {hook.py:208} WARNING - Data lineage tracking is disabled. Register a hook lineage reader to start tracking hook lineage.
[2025-04-30T17:30:19.524+0000] {my_dag.py:121} INFO - Uploaded stop_points_cleaned_20250430_173019_50303.json to s3://tfl/data/cleaned/stop_points/snapshot_20250430_182502_14115.json at timestamp 20250430_173019_50303
[2025-04-30T17:30:19.559+0000] {hook.py:208} WARNING - Data lineage tracking is disabled. Register a hook lineage reader to start tracking hook lineage.
[2025-04-30T17:30:19.561+0000] {hook.py:208} WARNING - Data lineage tracking is disabled. Register a hook lineage reader to start tracking hook lineage.
[2025-04-30T17:30:19.563+0000] {my_dag.py:121} INFO - Uploaded stop_points_cleaned_20250430_173019_54420.json to s3://tfl/data/cleaned/stop_points/snapshot_20250430_182604_08108.json at timestamp 20250430_173019_54420
[2025-04-30T17:30:19.594+0000] {hook.py:208} WARNING - Data lineage tracking is disabled. Register a hook lineage reader to start tracking hook lineage.
[2025-04-30T17:30:19.596+0000] {hook.py:208} WARNING - Data lineage tracking is disabled. Register a hook lineage reader to start tracking hook lineage.
[2025-04-30T17:30:19.597+0000] {my_dag.py:121} INFO - Uploaded stop_points_cleaned_20250430_173019_57912.json to s3://tfl/data/cleaned/stop_points/snapshot_20250430_182738_67399.json at timestamp 20250430_173019_57912
[2025-04-30T17:30:19.636+0000] {hook.py:208} WARNING - Data lineage tracking is disabled. Register a hook lineage reader to start tracking hook lineage.
[2025-04-30T17:30:19.637+0000] {hook.py:208} WARNING - Data lineage tracking is disabled. Register a hook lineage reader to start tracking hook lineage.
[2025-04-30T17:30:19.638+0000] {my_dag.py:121} INFO - Uploaded stop_points_cleaned_20250430_173019_62241.json to s3://tfl/data/cleaned/stop_points/snapshot_20250430_182842_43483.json at timestamp 20250430_173019_62241
[2025-04-30T17:30:19.679+0000] {logging_mixin.py:190} INFO - raw data:  dict_keys(['$type', 'lineId', 'lineName', 'direction', 'stations', 'stops', 'timetable'])
[2025-04-30T17:30:19.725+0000] {hook.py:208} WARNING - Data lineage tracking is disabled. Register a hook lineage reader to start tracking hook lineage.
[2025-04-30T17:30:19.726+0000] {hook.py:208} WARNING - Data lineage tracking is disabled. Register a hook lineage reader to start tracking hook lineage.
[2025-04-30T17:30:19.728+0000] {my_dag.py:121} INFO - Uploaded timetable_cleaned_20250430_173019_68564.json to s3://tfl/data/cleaned/timetables/snapshot_20250430_182328_35823.json at timestamp 20250430_173019_68564
[2025-04-30T17:30:19.773+0000] {logging_mixin.py:190} INFO - raw data:  dict_keys(['$type', 'lineId', 'lineName', 'direction', 'stations', 'stops', 'timetable'])
[2025-04-30T17:30:19.820+0000] {hook.py:208} WARNING - Data lineage tracking is disabled. Register a hook lineage reader to start tracking hook lineage.
[2025-04-30T17:30:19.822+0000] {hook.py:208} WARNING - Data lineage tracking is disabled. Register a hook lineage reader to start tracking hook lineage.
[2025-04-30T17:30:19.824+0000] {my_dag.py:121} INFO - Uploaded timetable_cleaned_20250430_173019_78663.json to s3://tfl/data/cleaned/timetables/snapshot_20250430_182430_91745.json at timestamp 20250430_173019_78663
[2025-04-30T17:30:19.871+0000] {logging_mixin.py:190} INFO - raw data:  dict_keys(['$type', 'lineId', 'lineName', 'direction', 'stations', 'stops', 'timetable'])
[2025-04-30T17:30:19.917+0000] {hook.py:208} WARNING - Data lineage tracking is disabled. Register a hook lineage reader to start tracking hook lineage.
[2025-04-30T17:30:19.920+0000] {hook.py:208} WARNING - Data lineage tracking is disabled. Register a hook lineage reader to start tracking hook lineage.
[2025-04-30T17:30:19.922+0000] {my_dag.py:121} INFO - Uploaded timetable_cleaned_20250430_173019_87728.json to s3://tfl/data/cleaned/timetables/snapshot_20250430_182532_97467.json at timestamp 20250430_173019_87728
[2025-04-30T17:30:19.989+0000] {logging_mixin.py:190} INFO - raw data:  dict_keys(['$type', 'lineId', 'lineName', 'direction', 'stations', 'stops', 'timetable'])
[2025-04-30T17:30:20.279+0000] {hook.py:208} WARNING - Data lineage tracking is disabled. Register a hook lineage reader to start tracking hook lineage.
[2025-04-30T17:30:20.281+0000] {hook.py:208} WARNING - Data lineage tracking is disabled. Register a hook lineage reader to start tracking hook lineage.
[2025-04-30T17:30:20.282+0000] {my_dag.py:121} INFO - Uploaded timetable_cleaned_20250430_173020_23475.json to s3://tfl/data/cleaned/timetables/snapshot_20250430_182637_16579.json at timestamp 20250430_173020_23475
[2025-04-30T17:30:20.326+0000] {logging_mixin.py:190} INFO - raw data:  dict_keys(['$type', 'lineId', 'lineName', 'direction', 'stations', 'stops', 'timetable'])
[2025-04-30T17:30:20.471+0000] {hook.py:208} WARNING - Data lineage tracking is disabled. Register a hook lineage reader to start tracking hook lineage.
[2025-04-30T17:30:20.474+0000] {hook.py:208} WARNING - Data lineage tracking is disabled. Register a hook lineage reader to start tracking hook lineage.
[2025-04-30T17:30:20.476+0000] {my_dag.py:121} INFO - Uploaded timetable_cleaned_20250430_173020_34648.json to s3://tfl/data/cleaned/timetables/snapshot_20250430_182707_67325.json at timestamp 20250430_173020_34648
[2025-04-30T17:30:20.543+0000] {logging_mixin.py:190} INFO - raw data:  dict_keys(['$type', 'lineId', 'lineName', 'direction', 'stations', 'stops', 'timetable'])
[2025-04-30T17:30:20.739+0000] {hook.py:208} WARNING - Data lineage tracking is disabled. Register a hook lineage reader to start tracking hook lineage.
[2025-04-30T17:30:20.741+0000] {hook.py:208} WARNING - Data lineage tracking is disabled. Register a hook lineage reader to start tracking hook lineage.
[2025-04-30T17:30:20.743+0000] {my_dag.py:121} INFO - Uploaded timetable_cleaned_20250430_173020_57582.json to s3://tfl/data/cleaned/timetables/snapshot_20250430_182809_86831.json at timestamp 20250430_173020_57582
[2025-04-30T17:30:20.812+0000] {logging_mixin.py:190} INFO - raw data:  dict_keys(['$type', 'lineId', 'lineName', 'direction', 'stations', 'stops', 'timetable'])
[2025-04-30T17:30:20.924+0000] {hook.py:208} WARNING - Data lineage tracking is disabled. Register a hook lineage reader to start tracking hook lineage.
[2025-04-30T17:30:20.926+0000] {hook.py:208} WARNING - Data lineage tracking is disabled. Register a hook lineage reader to start tracking hook lineage.
[2025-04-30T17:30:20.928+0000] {my_dag.py:121} INFO - Uploaded timetable_cleaned_20250430_173020_83280.json to s3://tfl/data/cleaned/timetables/snapshot_20250430_182916_04135.json at timestamp 20250430_173020_83280
[2025-04-30T17:30:20.997+0000] {logging_mixin.py:190} INFO - raw data:  dict_keys(['$type', 'lineId', 'lineName', 'direction', 'stations', 'stops', 'timetable'])
[2025-04-30T17:30:21.092+0000] {hook.py:208} WARNING - Data lineage tracking is disabled. Register a hook lineage reader to start tracking hook lineage.
[2025-04-30T17:30:21.094+0000] {hook.py:208} WARNING - Data lineage tracking is disabled. Register a hook lineage reader to start tracking hook lineage.
[2025-04-30T17:30:21.095+0000] {my_dag.py:121} INFO - Uploaded timetable_cleaned_20250430_173021_02176.json to s3://tfl/data/cleaned/timetables/snapshot_20250430_182946_50700.json at timestamp 20250430_173021_02176
[2025-04-30T17:30:21.135+0000] {python.py:240} INFO - Done. Returned value was: None
[2025-04-30T17:30:21.150+0000] {taskinstance.py:341} INFO - ::group::Post task execution logs
[2025-04-30T17:30:21.152+0000] {taskinstance.py:353} INFO - Marking task as SUCCESS. dag_id=TFL_DATA_DAG_V2, task_id=transform_data, run_id=manual__2025-04-30T17:22:54.081203+00:00, execution_date=20250430T172254, start_date=20250430T173018, end_date=20250430T173021
[2025-04-30T17:30:21.210+0000] {local_task_job_runner.py:266} INFO - Task exited with return code 0
[2025-04-30T17:30:21.244+0000] {taskinstance.py:3901} INFO - 1 downstream tasks scheduled from follow-on schedule check
[2025-04-30T17:30:21.249+0000] {local_task_job_runner.py:245} INFO - ::endgroup::
