[2025-04-26T18:55:22.236+0000] {local_task_job_runner.py:123} INFO - ::group::Pre task execution logs
[2025-04-26T18:55:22.248+0000] {taskinstance.py:2614} INFO - Dependencies all met for dep_context=non-requeueable deps ti=<TaskInstance: TFL_DATA_DAG.api_call_static_data manual__2025-04-26T18:55:20.470746+00:00 [queued]>
[2025-04-26T18:55:22.255+0000] {taskinstance.py:2614} INFO - Dependencies all met for dep_context=requeueable deps ti=<TaskInstance: TFL_DATA_DAG.api_call_static_data manual__2025-04-26T18:55:20.470746+00:00 [queued]>
[2025-04-26T18:55:22.257+0000] {taskinstance.py:2867} INFO - Starting attempt 1 of 6
[2025-04-26T18:55:22.269+0000] {taskinstance.py:2890} INFO - Executing <Task(PythonOperator): api_call_static_data> on 2025-04-26 18:55:20.470746+00:00
[2025-04-26T18:55:22.276+0000] {logging_mixin.py:190} WARNING - /home/***/.local/lib/python3.12/site-packages/***/task/task_runner/standard_task_runner.py:70 DeprecationWarning: This process (pid=3224) is multi-threaded, use of fork() may lead to deadlocks in the child.
[2025-04-26T18:55:22.277+0000] {standard_task_runner.py:72} INFO - Started process 3227 to run task
[2025-04-26T18:55:22.276+0000] {standard_task_runner.py:104} INFO - Running: ['***', 'tasks', 'run', 'TFL_DATA_DAG', 'api_call_static_data', 'manual__2025-04-26T18:55:20.470746+00:00', '--job-id', '414', '--raw', '--subdir', 'DAGS_FOLDER/my_dag.py', '--cfg-path', '/tmp/tmpgvcc9jem']
[2025-04-26T18:55:22.280+0000] {standard_task_runner.py:105} INFO - Job 414: Subtask api_call_static_data
[2025-04-26T18:55:22.325+0000] {task_command.py:467} INFO - Running <TaskInstance: TFL_DATA_DAG.api_call_static_data manual__2025-04-26T18:55:20.470746+00:00 [running]> on host 605a3e254bf1
[2025-04-26T18:55:22.386+0000] {taskinstance.py:3134} INFO - Exporting env vars: AIRFLOW_CTX_DAG_OWNER='abdulsalam' AIRFLOW_CTX_DAG_ID='TFL_DATA_DAG' AIRFLOW_CTX_TASK_ID='api_call_static_data' AIRFLOW_CTX_EXECUTION_DATE='2025-04-26T18:55:20.470746+00:00' AIRFLOW_CTX_TRY_NUMBER='1' AIRFLOW_CTX_DAG_RUN_ID='manual__2025-04-26T18:55:20.470746+00:00'
[2025-04-26T18:55:22.389+0000] {taskinstance.py:732} INFO - ::endgroup::
[2025-04-26T18:55:24.339+0000] {base.py:84} INFO - Retrieving connection 'minio_conn'
[2025-04-26T18:55:24.342+0000] {connection_wrapper.py:328} INFO - AWS Connection (conn_id='minio_conn', conn_type='aws') credentials retrieved from extra.
[2025-04-26T18:55:24.681+0000] {logging_mixin.py:190} INFO - <botocore.client.S3 object at 0x7f6eb8abfec0>
[2025-04-26T18:55:24.737+0000] {hook.py:208} WARNING - Data lineage tracking is disabled. Register a hook lineage reader to start tracking hook lineage.
[2025-04-26T18:55:24.763+0000] {connection.py:521} WARNING - Failed to parse headers (url=http://host.docker.internal:9000/tfl/data/raw/stop_points/snapshot_20250426_185524_70296.json): [MissingHeaderBodySeparatorDefect()], unparsed data: 'HTTP/1.1 200 OK\r\nAccept-Ranges: bytes\r\nContent-Length: 0\r\nETag: "8383ed107cfaa841bbfaaad9cd58b593"\r\nServer: MinIO\r\nStrict-Transport-Security: max-age=31536000; includeSubDomains\r\nVary: Origin\r\nVary: Accept-Encoding\r\nX-Amz-Checksum-Crc32: wXladg==\r\nX-Amz-Id-2: dd9025bab4ad464b049177c95eb6ebf374d3b3fd1af9251148b658df7ac2e3e8\r\nX-Amz-Request-Id: 1839F3318E2D3CF4\r\nX-Content-Type-Options: nosniff\r\nX-Ratelimit-Limit: 1293\r\nX-Ratelimit-Remaining: 1293\r\nX-Xss-Protection: 1; mode=block\r\nDate: Sat, 26 Apr 2025 18:55:24 GMT\r\n\r\n'
Traceback (most recent call last):
  File "/home/airflow/.local/lib/python3.12/site-packages/urllib3/connection.py", line 519, in getresponse
    assert_header_parsing(httplib_response.msg)
  File "/home/airflow/.local/lib/python3.12/site-packages/urllib3/util/response.py", line 88, in assert_header_parsing
    raise HeaderParsingError(defects=defects, unparsed_data=unparsed_data)
urllib3.exceptions.HeaderParsingError: [MissingHeaderBodySeparatorDefect()], unparsed data: 'HTTP/1.1 200 OK\r\nAccept-Ranges: bytes\r\nContent-Length: 0\r\nETag: "8383ed107cfaa841bbfaaad9cd58b593"\r\nServer: MinIO\r\nStrict-Transport-Security: max-age=31536000; includeSubDomains\r\nVary: Origin\r\nVary: Accept-Encoding\r\nX-Amz-Checksum-Crc32: wXladg==\r\nX-Amz-Id-2: dd9025bab4ad464b049177c95eb6ebf374d3b3fd1af9251148b658df7ac2e3e8\r\nX-Amz-Request-Id: 1839F3318E2D3CF4\r\nX-Content-Type-Options: nosniff\r\nX-Ratelimit-Limit: 1293\r\nX-Ratelimit-Remaining: 1293\r\nX-Xss-Protection: 1; mode=block\r\nDate: Sat, 26 Apr 2025 18:55:24 GMT\r\n\r\n'
[2025-04-26T18:55:55.015+0000] {hook.py:208} WARNING - Data lineage tracking is disabled. Register a hook lineage reader to start tracking hook lineage.
[2025-04-26T18:55:55.017+0000] {hook.py:208} WARNING - Data lineage tracking is disabled. Register a hook lineage reader to start tracking hook lineage.
[2025-04-26T18:55:55.019+0000] {my_dag.py:73} INFO - Uploaded snapshot_20250426_185524_70296.json to s3://tfl/data/raw/stop_points/snapshot_20250426_185524_70296.json at timestamp 20250426_185524_70296
[2025-04-26T18:55:57.623+0000] {base.py:84} INFO - Retrieving connection 'minio_conn'
[2025-04-26T18:55:57.625+0000] {connection_wrapper.py:328} INFO - AWS Connection (conn_id='minio_conn', conn_type='aws') credentials retrieved from extra.
[2025-04-26T18:55:57.721+0000] {logging_mixin.py:190} INFO - <botocore.client.S3 object at 0x7f6eb7f7e750>
[2025-04-26T18:55:57.782+0000] {hook.py:208} WARNING - Data lineage tracking is disabled. Register a hook lineage reader to start tracking hook lineage.
[2025-04-26T18:55:57.784+0000] {hook.py:208} WARNING - Data lineage tracking is disabled. Register a hook lineage reader to start tracking hook lineage.
[2025-04-26T18:55:57.834+0000] {connection.py:521} WARNING - Failed to parse headers (url=http://host.docker.internal:9000/tfl/data/raw/timetables/snapshot_20250426_185557_74595.json): [MissingHeaderBodySeparatorDefect()], unparsed data: 'HTTP/1.1 200 OK\r\nAccept-Ranges: bytes\r\nContent-Length: 0\r\nETag: "7d3d7741aaafc159a7384e08e506dd11"\r\nServer: MinIO\r\nStrict-Transport-Security: max-age=31536000; includeSubDomains\r\nVary: Origin\r\nVary: Accept-Encoding\r\nX-Amz-Checksum-Crc32: vQMDDA==\r\nX-Amz-Id-2: dd9025bab4ad464b049177c95eb6ebf374d3b3fd1af9251148b658df7ac2e3e8\r\nX-Amz-Request-Id: 1839F3393FE2B72F\r\nX-Content-Type-Options: nosniff\r\nX-Ratelimit-Limit: 1293\r\nX-Ratelimit-Remaining: 1293\r\nX-Xss-Protection: 1; mode=block\r\nDate: Sat, 26 Apr 2025 18:55:57 GMT\r\n\r\n'
Traceback (most recent call last):
  File "/home/airflow/.local/lib/python3.12/site-packages/urllib3/connection.py", line 519, in getresponse
    assert_header_parsing(httplib_response.msg)
  File "/home/airflow/.local/lib/python3.12/site-packages/urllib3/util/response.py", line 88, in assert_header_parsing
    raise HeaderParsingError(defects=defects, unparsed_data=unparsed_data)
urllib3.exceptions.HeaderParsingError: [MissingHeaderBodySeparatorDefect()], unparsed data: 'HTTP/1.1 200 OK\r\nAccept-Ranges: bytes\r\nContent-Length: 0\r\nETag: "7d3d7741aaafc159a7384e08e506dd11"\r\nServer: MinIO\r\nStrict-Transport-Security: max-age=31536000; includeSubDomains\r\nVary: Origin\r\nVary: Accept-Encoding\r\nX-Amz-Checksum-Crc32: vQMDDA==\r\nX-Amz-Id-2: dd9025bab4ad464b049177c95eb6ebf374d3b3fd1af9251148b658df7ac2e3e8\r\nX-Amz-Request-Id: 1839F3393FE2B72F\r\nX-Content-Type-Options: nosniff\r\nX-Ratelimit-Limit: 1293\r\nX-Ratelimit-Remaining: 1293\r\nX-Xss-Protection: 1; mode=block\r\nDate: Sat, 26 Apr 2025 18:55:57 GMT\r\n\r\n'
[2025-04-26T18:56:28.087+0000] {hook.py:208} WARNING - Data lineage tracking is disabled. Register a hook lineage reader to start tracking hook lineage.
[2025-04-26T18:56:28.089+0000] {hook.py:208} WARNING - Data lineage tracking is disabled. Register a hook lineage reader to start tracking hook lineage.
[2025-04-26T18:56:28.092+0000] {my_dag.py:73} INFO - Uploaded snapshot_20250426_185557_74595.json to s3://tfl/data/raw/timetables/snapshot_20250426_185557_74595.json at timestamp 20250426_185557_74595
[2025-04-26T18:56:28.950+0000] {base.py:84} INFO - Retrieving connection 'minio_conn'
[2025-04-26T18:56:28.953+0000] {connection_wrapper.py:328} INFO - AWS Connection (conn_id='minio_conn', conn_type='aws') credentials retrieved from extra.
[2025-04-26T18:56:29.078+0000] {logging_mixin.py:190} INFO - <botocore.client.S3 object at 0x7f6eb8391df0>
[2025-04-26T18:56:29.123+0000] {hook.py:208} WARNING - Data lineage tracking is disabled. Register a hook lineage reader to start tracking hook lineage.
[2025-04-26T18:56:29.125+0000] {hook.py:208} WARNING - Data lineage tracking is disabled. Register a hook lineage reader to start tracking hook lineage.
[2025-04-26T18:56:29.147+0000] {connection.py:521} WARNING - Failed to parse headers (url=http://host.docker.internal:9000/tfl/data/raw/stop_points/snapshot_20250426_185629_09821.json): [MissingHeaderBodySeparatorDefect()], unparsed data: 'HTTP/1.1 200 OK\r\nAccept-Ranges: bytes\r\nContent-Length: 0\r\nETag: "cc6b741cd4e3020dfc3dc5f045d6e4fe"\r\nServer: MinIO\r\nStrict-Transport-Security: max-age=31536000; includeSubDomains\r\nVary: Origin\r\nVary: Accept-Encoding\r\nX-Amz-Checksum-Crc32: O4ERcg==\r\nX-Amz-Id-2: dd9025bab4ad464b049177c95eb6ebf374d3b3fd1af9251148b658df7ac2e3e8\r\nX-Amz-Request-Id: 1839F3408BE82985\r\nX-Content-Type-Options: nosniff\r\nX-Ratelimit-Limit: 1293\r\nX-Ratelimit-Remaining: 1293\r\nX-Xss-Protection: 1; mode=block\r\nDate: Sat, 26 Apr 2025 18:56:29 GMT\r\n\r\n'
Traceback (most recent call last):
  File "/home/airflow/.local/lib/python3.12/site-packages/urllib3/connection.py", line 519, in getresponse
    assert_header_parsing(httplib_response.msg)
  File "/home/airflow/.local/lib/python3.12/site-packages/urllib3/util/response.py", line 88, in assert_header_parsing
    raise HeaderParsingError(defects=defects, unparsed_data=unparsed_data)
urllib3.exceptions.HeaderParsingError: [MissingHeaderBodySeparatorDefect()], unparsed data: 'HTTP/1.1 200 OK\r\nAccept-Ranges: bytes\r\nContent-Length: 0\r\nETag: "cc6b741cd4e3020dfc3dc5f045d6e4fe"\r\nServer: MinIO\r\nStrict-Transport-Security: max-age=31536000; includeSubDomains\r\nVary: Origin\r\nVary: Accept-Encoding\r\nX-Amz-Checksum-Crc32: O4ERcg==\r\nX-Amz-Id-2: dd9025bab4ad464b049177c95eb6ebf374d3b3fd1af9251148b658df7ac2e3e8\r\nX-Amz-Request-Id: 1839F3408BE82985\r\nX-Content-Type-Options: nosniff\r\nX-Ratelimit-Limit: 1293\r\nX-Ratelimit-Remaining: 1293\r\nX-Xss-Protection: 1; mode=block\r\nDate: Sat, 26 Apr 2025 18:56:29 GMT\r\n\r\n'
[2025-04-26T18:56:59.402+0000] {hook.py:208} WARNING - Data lineage tracking is disabled. Register a hook lineage reader to start tracking hook lineage.
[2025-04-26T18:56:59.405+0000] {hook.py:208} WARNING - Data lineage tracking is disabled. Register a hook lineage reader to start tracking hook lineage.
[2025-04-26T18:56:59.406+0000] {my_dag.py:73} INFO - Uploaded snapshot_20250426_185629_09821.json to s3://tfl/data/raw/stop_points/snapshot_20250426_185629_09821.json at timestamp 20250426_185629_09821
[2025-04-26T18:57:02.871+0000] {base.py:84} INFO - Retrieving connection 'minio_conn'
[2025-04-26T18:57:02.874+0000] {connection_wrapper.py:328} INFO - AWS Connection (conn_id='minio_conn', conn_type='aws') credentials retrieved from extra.
[2025-04-26T18:57:03.279+0000] {logging_mixin.py:190} INFO - <botocore.client.S3 object at 0x7f6eb803ec60>
[2025-04-26T18:57:03.338+0000] {hook.py:208} WARNING - Data lineage tracking is disabled. Register a hook lineage reader to start tracking hook lineage.
[2025-04-26T18:57:03.339+0000] {hook.py:208} WARNING - Data lineage tracking is disabled. Register a hook lineage reader to start tracking hook lineage.
[2025-04-26T18:57:03.388+0000] {connection.py:521} WARNING - Failed to parse headers (url=http://host.docker.internal:9000/tfl/data/raw/timetables/snapshot_20250426_185703_30484.json): [MissingHeaderBodySeparatorDefect()], unparsed data: 'HTTP/1.1 200 OK\r\nAccept-Ranges: bytes\r\nContent-Length: 0\r\nETag: "6f49b842f714f0f3b8d1f76b47385c65"\r\nServer: MinIO\r\nStrict-Transport-Security: max-age=31536000; includeSubDomains\r\nVary: Origin\r\nVary: Accept-Encoding\r\nX-Amz-Checksum-Crc32: bDpwoQ==\r\nX-Amz-Id-2: dd9025bab4ad464b049177c95eb6ebf374d3b3fd1af9251148b658df7ac2e3e8\r\nX-Amz-Request-Id: 1839F3488345335D\r\nX-Content-Type-Options: nosniff\r\nX-Ratelimit-Limit: 1293\r\nX-Ratelimit-Remaining: 1293\r\nX-Xss-Protection: 1; mode=block\r\nDate: Sat, 26 Apr 2025 18:57:03 GMT\r\n\r\n'
Traceback (most recent call last):
  File "/home/airflow/.local/lib/python3.12/site-packages/urllib3/connection.py", line 519, in getresponse
    assert_header_parsing(httplib_response.msg)
  File "/home/airflow/.local/lib/python3.12/site-packages/urllib3/util/response.py", line 88, in assert_header_parsing
    raise HeaderParsingError(defects=defects, unparsed_data=unparsed_data)
urllib3.exceptions.HeaderParsingError: [MissingHeaderBodySeparatorDefect()], unparsed data: 'HTTP/1.1 200 OK\r\nAccept-Ranges: bytes\r\nContent-Length: 0\r\nETag: "6f49b842f714f0f3b8d1f76b47385c65"\r\nServer: MinIO\r\nStrict-Transport-Security: max-age=31536000; includeSubDomains\r\nVary: Origin\r\nVary: Accept-Encoding\r\nX-Amz-Checksum-Crc32: bDpwoQ==\r\nX-Amz-Id-2: dd9025bab4ad464b049177c95eb6ebf374d3b3fd1af9251148b658df7ac2e3e8\r\nX-Amz-Request-Id: 1839F3488345335D\r\nX-Content-Type-Options: nosniff\r\nX-Ratelimit-Limit: 1293\r\nX-Ratelimit-Remaining: 1293\r\nX-Xss-Protection: 1; mode=block\r\nDate: Sat, 26 Apr 2025 18:57:03 GMT\r\n\r\n'
[2025-04-26T18:57:33.642+0000] {hook.py:208} WARNING - Data lineage tracking is disabled. Register a hook lineage reader to start tracking hook lineage.
[2025-04-26T18:57:33.644+0000] {hook.py:208} WARNING - Data lineage tracking is disabled. Register a hook lineage reader to start tracking hook lineage.
[2025-04-26T18:57:33.647+0000] {my_dag.py:73} INFO - Uploaded snapshot_20250426_185703_30484.json to s3://tfl/data/raw/timetables/snapshot_20250426_185703_30484.json at timestamp 20250426_185703_30484
[2025-04-26T18:57:33.698+0000] {python.py:240} INFO - Done. Returned value was: None
[2025-04-26T18:57:33.718+0000] {taskinstance.py:341} INFO - ::group::Post task execution logs
[2025-04-26T18:57:33.720+0000] {taskinstance.py:353} INFO - Marking task as SUCCESS. dag_id=TFL_DATA_DAG, task_id=api_call_static_data, run_id=manual__2025-04-26T18:55:20.470746+00:00, execution_date=20250426T185520, start_date=20250426T185522, end_date=20250426T185733
[2025-04-26T18:57:33.815+0000] {local_task_job_runner.py:266} INFO - Task exited with return code 0
[2025-04-26T18:57:33.860+0000] {taskinstance.py:3901} INFO - 1 downstream tasks scheduled from follow-on schedule check
[2025-04-26T18:57:33.868+0000] {local_task_job_runner.py:245} INFO - ::endgroup::
