[2025-04-23T17:39:33.393+0000] {local_task_job_runner.py:123} INFO - ::group::Pre task execution logs
[2025-04-23T17:39:33.427+0000] {taskinstance.py:2614} INFO - Dependencies all met for dep_context=non-requeueable deps ti=<TaskInstance: TFL_DATA_DAG.transform_data manual__2025-04-23T17:35:05.998350+00:00 [queued]>
[2025-04-23T17:39:33.446+0000] {taskinstance.py:2614} INFO - Dependencies all met for dep_context=requeueable deps ti=<TaskInstance: TFL_DATA_DAG.transform_data manual__2025-04-23T17:35:05.998350+00:00 [queued]>
[2025-04-23T17:39:33.449+0000] {taskinstance.py:2867} INFO - Starting attempt 1 of 6
[2025-04-23T17:39:33.482+0000] {taskinstance.py:2890} INFO - Executing <Task(PythonOperator): transform_data> on 2025-04-23 17:35:05.998350+00:00
[2025-04-23T17:39:33.491+0000] {standard_task_runner.py:104} INFO - Running: ['***', 'tasks', 'run', 'TFL_DATA_DAG', 'transform_data', 'manual__2025-04-23T17:35:05.998350+00:00', '--job-id', '324', '--raw', '--subdir', 'DAGS_FOLDER/my_dag.py', '--cfg-path', '/tmp/tmpidt_xm56']
[2025-04-23T17:39:33.493+0000] {logging_mixin.py:190} WARNING - /home/***/.local/lib/python3.12/site-packages/***/task/task_runner/standard_task_runner.py:70 DeprecationWarning: This process (pid=264) is multi-threaded, use of fork() may lead to deadlocks in the child.
[2025-04-23T17:39:33.494+0000] {standard_task_runner.py:105} INFO - Job 324: Subtask transform_data
[2025-04-23T17:39:33.495+0000] {standard_task_runner.py:72} INFO - Started process 267 to run task
[2025-04-23T17:39:33.551+0000] {task_command.py:467} INFO - Running <TaskInstance: TFL_DATA_DAG.transform_data manual__2025-04-23T17:35:05.998350+00:00 [running]> on host 605a3e254bf1
[2025-04-23T17:39:33.621+0000] {taskinstance.py:3134} INFO - Exporting env vars: AIRFLOW_CTX_DAG_OWNER='abdulsalam' AIRFLOW_CTX_DAG_ID='TFL_DATA_DAG' AIRFLOW_CTX_TASK_ID='transform_data' AIRFLOW_CTX_EXECUTION_DATE='2025-04-23T17:35:05.998350+00:00' AIRFLOW_CTX_TRY_NUMBER='1' AIRFLOW_CTX_DAG_RUN_ID='manual__2025-04-23T17:35:05.998350+00:00'
[2025-04-23T17:39:33.622+0000] {taskinstance.py:732} INFO - ::endgroup::
[2025-04-23T17:39:33.646+0000] {base.py:84} INFO - Retrieving connection 'minio_conn'
[2025-04-23T17:39:33.647+0000] {connection_wrapper.py:328} INFO - AWS Connection (conn_id='minio_conn', conn_type='aws') credentials retrieved from extra.
[2025-04-23T17:39:33.873+0000] {hook.py:208} WARNING - Data lineage tracking is disabled. Register a hook lineage reader to start tracking hook lineage.
[2025-04-23T17:39:33.874+0000] {my_dag.py:115} INFO - Uploaded stop_points_cleaned_20250423_173933_72270.json to s3://tfl/data/cleaned/stop_points/snapshot_20250423_173828_74633.json at timestamp 20250423_173933_72270
[2025-04-23T17:39:33.895+0000] {hook.py:208} WARNING - Data lineage tracking is disabled. Register a hook lineage reader to start tracking hook lineage.
[2025-04-23T17:39:33.896+0000] {hook.py:208} WARNING - Data lineage tracking is disabled. Register a hook lineage reader to start tracking hook lineage.
[2025-04-23T17:39:33.897+0000] {my_dag.py:115} INFO - Uploaded stop_points_cleaned_20250423_173933_88541.json to s3://tfl/data/cleaned/stop_points/snapshot_20250423_173901_74841.json at timestamp 20250423_173933_88541
[2025-04-23T17:39:33.911+0000] {python.py:240} INFO - Done. Returned value was: None
[2025-04-23T17:39:33.917+0000] {taskinstance.py:341} INFO - ::group::Post task execution logs
[2025-04-23T17:39:33.918+0000] {taskinstance.py:353} INFO - Marking task as SUCCESS. dag_id=TFL_DATA_DAG, task_id=transform_data, run_id=manual__2025-04-23T17:35:05.998350+00:00, execution_date=20250423T173505, start_date=20250423T173933, end_date=20250423T173933
[2025-04-23T17:39:33.965+0000] {local_task_job_runner.py:266} INFO - Task exited with return code 0
[2025-04-23T17:39:33.982+0000] {taskinstance.py:3901} INFO - 1 downstream tasks scheduled from follow-on schedule check
[2025-04-23T17:39:33.985+0000] {local_task_job_runner.py:245} INFO - ::endgroup::
