[2025-04-23T18:00:34.558+0000] {local_task_job_runner.py:123} INFO - ::group::Pre task execution logs
[2025-04-23T18:00:34.571+0000] {taskinstance.py:2614} INFO - Dependencies all met for dep_context=non-requeueable deps ti=<TaskInstance: TFL_DATA_DAG.transform_data manual__2025-04-23T17:35:05.998350+00:00 [queued]>
[2025-04-23T18:00:34.578+0000] {taskinstance.py:2614} INFO - Dependencies all met for dep_context=requeueable deps ti=<TaskInstance: TFL_DATA_DAG.transform_data manual__2025-04-23T17:35:05.998350+00:00 [queued]>
[2025-04-23T18:00:34.580+0000] {taskinstance.py:2867} INFO - Starting attempt 4 of 9
[2025-04-23T18:00:34.589+0000] {taskinstance.py:2890} INFO - Executing <Task(PythonOperator): transform_data> on 2025-04-23 17:35:05.998350+00:00
[2025-04-23T18:00:34.595+0000] {standard_task_runner.py:104} INFO - Running: ['***', 'tasks', 'run', 'TFL_DATA_DAG', 'transform_data', 'manual__2025-04-23T17:35:05.998350+00:00', '--job-id', '345', '--raw', '--subdir', 'DAGS_FOLDER/my_dag.py', '--cfg-path', '/tmp/tmp3px45go8']
[2025-04-23T18:00:34.597+0000] {logging_mixin.py:190} WARNING - /home/***/.local/lib/python3.12/site-packages/***/task/task_runner/standard_task_runner.py:70 DeprecationWarning: This process (pid=1276) is multi-threaded, use of fork() may lead to deadlocks in the child.
[2025-04-23T18:00:34.598+0000] {standard_task_runner.py:105} INFO - Job 345: Subtask transform_data
[2025-04-23T18:00:34.599+0000] {standard_task_runner.py:72} INFO - Started process 1279 to run task
[2025-04-23T18:00:34.640+0000] {task_command.py:467} INFO - Running <TaskInstance: TFL_DATA_DAG.transform_data manual__2025-04-23T17:35:05.998350+00:00 [running]> on host 605a3e254bf1
[2025-04-23T18:00:34.695+0000] {taskinstance.py:3134} INFO - Exporting env vars: AIRFLOW_CTX_DAG_OWNER='abdulsalam' AIRFLOW_CTX_DAG_ID='TFL_DATA_DAG' AIRFLOW_CTX_TASK_ID='transform_data' AIRFLOW_CTX_EXECUTION_DATE='2025-04-23T17:35:05.998350+00:00' AIRFLOW_CTX_TRY_NUMBER='4' AIRFLOW_CTX_DAG_RUN_ID='manual__2025-04-23T17:35:05.998350+00:00'
[2025-04-23T18:00:34.697+0000] {taskinstance.py:732} INFO - ::endgroup::
[2025-04-23T18:00:34.729+0000] {base.py:84} INFO - Retrieving connection 'minio_conn'
[2025-04-23T18:00:34.730+0000] {connection_wrapper.py:328} INFO - AWS Connection (conn_id='minio_conn', conn_type='aws') credentials retrieved from extra.
[2025-04-23T18:00:35.537+0000] {hook.py:208} WARNING - Data lineage tracking is disabled. Register a hook lineage reader to start tracking hook lineage.
[2025-04-23T18:00:35.538+0000] {my_dag.py:115} INFO - Uploaded stop_points_cleaned_20250423_180034_80728.json to s3://tfl/data/cleaned/stop_points/snapshot_20250423_173828_74633.json at timestamp 20250423_180034_80728
[2025-04-23T18:00:35.673+0000] {hook.py:208} WARNING - Data lineage tracking is disabled. Register a hook lineage reader to start tracking hook lineage.
[2025-04-23T18:00:35.675+0000] {hook.py:208} WARNING - Data lineage tracking is disabled. Register a hook lineage reader to start tracking hook lineage.
[2025-04-23T18:00:35.676+0000] {my_dag.py:115} INFO - Uploaded stop_points_cleaned_20250423_180035_55132.json to s3://tfl/data/cleaned/stop_points/snapshot_20250423_173901_74841.json at timestamp 20250423_180035_55132
[2025-04-23T18:00:35.720+0000] {python.py:240} INFO - Done. Returned value was: None
[2025-04-23T18:00:35.727+0000] {taskinstance.py:341} INFO - ::group::Post task execution logs
[2025-04-23T18:00:35.728+0000] {taskinstance.py:353} INFO - Marking task as SUCCESS. dag_id=TFL_DATA_DAG, task_id=transform_data, run_id=manual__2025-04-23T17:35:05.998350+00:00, execution_date=20250423T173505, start_date=20250423T180034, end_date=20250423T180035
[2025-04-23T18:00:35.766+0000] {local_task_job_runner.py:266} INFO - Task exited with return code 0
[2025-04-23T18:00:35.780+0000] {taskinstance.py:3901} INFO - 1 downstream tasks scheduled from follow-on schedule check
[2025-04-23T18:00:35.782+0000] {local_task_job_runner.py:245} INFO - ::endgroup::
