[2025-04-23T17:50:36.524+0000] {local_task_job_runner.py:123} INFO - ::group::Pre task execution logs
[2025-04-23T17:50:36.538+0000] {taskinstance.py:2614} INFO - Dependencies all met for dep_context=non-requeueable deps ti=<TaskInstance: TFL_DATA_DAG.transform_data manual__2025-04-23T17:35:05.998350+00:00 [queued]>
[2025-04-23T17:50:36.545+0000] {taskinstance.py:2614} INFO - Dependencies all met for dep_context=requeueable deps ti=<TaskInstance: TFL_DATA_DAG.transform_data manual__2025-04-23T17:35:05.998350+00:00 [queued]>
[2025-04-23T17:50:36.546+0000] {taskinstance.py:2867} INFO - Starting attempt 2 of 7
[2025-04-23T17:50:36.557+0000] {taskinstance.py:2890} INFO - Executing <Task(PythonOperator): transform_data> on 2025-04-23 17:35:05.998350+00:00
[2025-04-23T17:50:36.562+0000] {standard_task_runner.py:104} INFO - Running: ['***', 'tasks', 'run', 'TFL_DATA_DAG', 'transform_data', 'manual__2025-04-23T17:35:05.998350+00:00', '--job-id', '335', '--raw', '--subdir', 'DAGS_FOLDER/my_dag.py', '--cfg-path', '/tmp/tmpld0142_b']
[2025-04-23T17:50:36.564+0000] {logging_mixin.py:190} WARNING - /home/***/.local/lib/python3.12/site-packages/***/task/task_runner/standard_task_runner.py:70 DeprecationWarning: This process (pid=798) is multi-threaded, use of fork() may lead to deadlocks in the child.
[2025-04-23T17:50:36.564+0000] {standard_task_runner.py:105} INFO - Job 335: Subtask transform_data
[2025-04-23T17:50:36.565+0000] {standard_task_runner.py:72} INFO - Started process 801 to run task
[2025-04-23T17:50:36.612+0000] {task_command.py:467} INFO - Running <TaskInstance: TFL_DATA_DAG.transform_data manual__2025-04-23T17:35:05.998350+00:00 [running]> on host 605a3e254bf1
[2025-04-23T17:50:36.665+0000] {taskinstance.py:3134} INFO - Exporting env vars: AIRFLOW_CTX_DAG_OWNER='abdulsalam' AIRFLOW_CTX_DAG_ID='TFL_DATA_DAG' AIRFLOW_CTX_TASK_ID='transform_data' AIRFLOW_CTX_EXECUTION_DATE='2025-04-23T17:35:05.998350+00:00' AIRFLOW_CTX_TRY_NUMBER='2' AIRFLOW_CTX_DAG_RUN_ID='manual__2025-04-23T17:35:05.998350+00:00'
[2025-04-23T17:50:36.666+0000] {taskinstance.py:732} INFO - ::endgroup::
[2025-04-23T17:50:36.689+0000] {base.py:84} INFO - Retrieving connection 'minio_conn'
[2025-04-23T17:50:36.690+0000] {connection_wrapper.py:328} INFO - AWS Connection (conn_id='minio_conn', conn_type='aws') credentials retrieved from extra.
[2025-04-23T17:50:36.918+0000] {hook.py:208} WARNING - Data lineage tracking is disabled. Register a hook lineage reader to start tracking hook lineage.
[2025-04-23T17:50:36.919+0000] {my_dag.py:115} INFO - Uploaded stop_points_cleaned_20250423_175036_75697.json to s3://tfl/data/cleaned/stop_points/snapshot_20250423_173828_74633.json at timestamp 20250423_175036_75697
[2025-04-23T17:50:36.920+0000] {logging_mixin.py:190} INFO - The key in saved_cleaned_data is:  data/raw/stop_points/snapshot_20250423_173828_74633.json
[2025-04-23T17:50:36.921+0000] {logging_mixin.py:190} INFO - The key in transformation is data/raw/stop_points/snapshot_20250423_173828_74633.json
[2025-04-23T17:50:36.942+0000] {hook.py:208} WARNING - Data lineage tracking is disabled. Register a hook lineage reader to start tracking hook lineage.
[2025-04-23T17:50:36.943+0000] {hook.py:208} WARNING - Data lineage tracking is disabled. Register a hook lineage reader to start tracking hook lineage.
[2025-04-23T17:50:36.944+0000] {my_dag.py:115} INFO - Uploaded stop_points_cleaned_20250423_175036_93215.json to s3://tfl/data/cleaned/stop_points/snapshot_20250423_173901_74841.json at timestamp 20250423_175036_93215
[2025-04-23T17:50:36.945+0000] {logging_mixin.py:190} INFO - The key in saved_cleaned_data is:  data/raw/stop_points/snapshot_20250423_173901_74841.json
[2025-04-23T17:50:36.946+0000] {logging_mixin.py:190} INFO - The key in transformation is data/raw/stop_points/snapshot_20250423_173901_74841.json
[2025-04-23T17:50:36.960+0000] {python.py:240} INFO - Done. Returned value was: None
[2025-04-23T17:50:36.966+0000] {taskinstance.py:341} INFO - ::group::Post task execution logs
[2025-04-23T17:50:36.967+0000] {taskinstance.py:353} INFO - Marking task as SUCCESS. dag_id=TFL_DATA_DAG, task_id=transform_data, run_id=manual__2025-04-23T17:35:05.998350+00:00, execution_date=20250423T173505, start_date=20250423T175036, end_date=20250423T175036
[2025-04-23T17:50:36.992+0000] {local_task_job_runner.py:266} INFO - Task exited with return code 0
[2025-04-23T17:50:37.001+0000] {taskinstance.py:3901} INFO - 0 downstream tasks scheduled from follow-on schedule check
[2025-04-23T17:50:37.003+0000] {local_task_job_runner.py:245} INFO - ::endgroup::
