[2025-04-25T00:00:01.601+0000] {local_task_job_runner.py:123} INFO - ::group::Pre task execution logs
[2025-04-25T00:00:01.610+0000] {taskinstance.py:2614} INFO - Dependencies all met for dep_context=non-requeueable deps ti=<TaskInstance: TFL_DATA_DAG.api_call_static_data scheduled__2025-04-24T00:00:00+00:00 [queued]>
[2025-04-25T00:00:01.615+0000] {taskinstance.py:2614} INFO - Dependencies all met for dep_context=requeueable deps ti=<TaskInstance: TFL_DATA_DAG.api_call_static_data scheduled__2025-04-24T00:00:00+00:00 [queued]>
[2025-04-25T00:00:01.616+0000] {taskinstance.py:2867} INFO - Starting attempt 1 of 6
[2025-04-25T00:00:01.623+0000] {taskinstance.py:2890} INFO - Executing <Task(PythonOperator): api_call_static_data> on 2025-04-24 00:00:00+00:00
[2025-04-25T00:00:01.629+0000] {standard_task_runner.py:104} INFO - Running: ['***', 'tasks', 'run', 'TFL_DATA_DAG', 'api_call_static_data', 'scheduled__2025-04-24T00:00:00+00:00', '--job-id', '374', '--raw', '--subdir', 'DAGS_FOLDER/my_dag.py', '--cfg-path', '/tmp/tmph5mj3sre']
[2025-04-25T00:00:01.631+0000] {logging_mixin.py:190} WARNING - /home/***/.local/lib/python3.12/site-packages/***/task/task_runner/standard_task_runner.py:70 DeprecationWarning: This process (pid=22173) is multi-threaded, use of fork() may lead to deadlocks in the child.
[2025-04-25T00:00:01.631+0000] {standard_task_runner.py:105} INFO - Job 374: Subtask api_call_static_data
[2025-04-25T00:00:01.633+0000] {standard_task_runner.py:72} INFO - Started process 22176 to run task
[2025-04-25T00:00:01.668+0000] {task_command.py:467} INFO - Running <TaskInstance: TFL_DATA_DAG.api_call_static_data scheduled__2025-04-24T00:00:00+00:00 [running]> on host 605a3e254bf1
[2025-04-25T00:00:01.714+0000] {taskinstance.py:3134} INFO - Exporting env vars: AIRFLOW_CTX_DAG_OWNER='abdulsalam' AIRFLOW_CTX_DAG_ID='TFL_DATA_DAG' AIRFLOW_CTX_TASK_ID='api_call_static_data' AIRFLOW_CTX_EXECUTION_DATE='2025-04-24T00:00:00+00:00' AIRFLOW_CTX_TRY_NUMBER='1' AIRFLOW_CTX_DAG_RUN_ID='scheduled__2025-04-24T00:00:00+00:00'
[2025-04-25T00:00:01.716+0000] {taskinstance.py:732} INFO - ::endgroup::
[2025-04-25T00:00:04.944+0000] {base.py:84} INFO - Retrieving connection 'minio_conn'
[2025-04-25T00:00:04.946+0000] {connection_wrapper.py:328} INFO - AWS Connection (conn_id='minio_conn', conn_type='aws') credentials retrieved from extra.
[2025-04-25T00:00:05.106+0000] {logging_mixin.py:190} INFO - <botocore.client.S3 object at 0x7f9f902b20c0>
[2025-04-25T00:00:05.132+0000] {hook.py:208} WARNING - Data lineage tracking is disabled. Register a hook lineage reader to start tracking hook lineage.
[2025-04-25T00:00:05.139+0000] {connection.py:521} WARNING - Failed to parse headers (url=http://host.docker.internal:9000/tfl/data/raw/stop_points/snapshot_20250425_000005_12146.json): [MissingHeaderBodySeparatorDefect()], unparsed data: 'HTTP/1.1 200 OK\r\nAccept-Ranges: bytes\r\nContent-Length: 0\r\nETag: "8383ed107cfaa841bbfaaad9cd58b593"\r\nServer: MinIO\r\nStrict-Transport-Security: max-age=31536000; includeSubDomains\r\nVary: Origin\r\nVary: Accept-Encoding\r\nX-Amz-Checksum-Crc32: wXladg==\r\nX-Amz-Id-2: dd9025bab4ad464b049177c95eb6ebf374d3b3fd1af9251148b658df7ac2e3e8\r\nX-Amz-Request-Id: 183966A8A799612A\r\nX-Content-Type-Options: nosniff\r\nX-Ratelimit-Limit: 1534\r\nX-Ratelimit-Remaining: 1534\r\nX-Xss-Protection: 1; mode=block\r\nDate: Fri, 25 Apr 2025 00:00:05 GMT\r\n\r\n'
Traceback (most recent call last):
  File "/home/airflow/.local/lib/python3.12/site-packages/urllib3/connection.py", line 519, in getresponse
    assert_header_parsing(httplib_response.msg)
  File "/home/airflow/.local/lib/python3.12/site-packages/urllib3/util/response.py", line 88, in assert_header_parsing
    raise HeaderParsingError(defects=defects, unparsed_data=unparsed_data)
urllib3.exceptions.HeaderParsingError: [MissingHeaderBodySeparatorDefect()], unparsed data: 'HTTP/1.1 200 OK\r\nAccept-Ranges: bytes\r\nContent-Length: 0\r\nETag: "8383ed107cfaa841bbfaaad9cd58b593"\r\nServer: MinIO\r\nStrict-Transport-Security: max-age=31536000; includeSubDomains\r\nVary: Origin\r\nVary: Accept-Encoding\r\nX-Amz-Checksum-Crc32: wXladg==\r\nX-Amz-Id-2: dd9025bab4ad464b049177c95eb6ebf374d3b3fd1af9251148b658df7ac2e3e8\r\nX-Amz-Request-Id: 183966A8A799612A\r\nX-Content-Type-Options: nosniff\r\nX-Ratelimit-Limit: 1534\r\nX-Ratelimit-Remaining: 1534\r\nX-Xss-Protection: 1; mode=block\r\nDate: Fri, 25 Apr 2025 00:00:05 GMT\r\n\r\n'
[2025-04-25T00:00:35.390+0000] {hook.py:208} WARNING - Data lineage tracking is disabled. Register a hook lineage reader to start tracking hook lineage.
[2025-04-25T00:00:35.392+0000] {hook.py:208} WARNING - Data lineage tracking is disabled. Register a hook lineage reader to start tracking hook lineage.
[2025-04-25T00:00:35.393+0000] {my_dag.py:73} INFO - Uploaded snapshot_20250425_000005_12146.json to s3://tfl/data/raw/stop_points/snapshot_20250425_000005_12146.json at timestamp 20250425_000005_12146
[2025-04-25T00:00:37.298+0000] {base.py:84} INFO - Retrieving connection 'minio_conn'
[2025-04-25T00:00:37.299+0000] {connection_wrapper.py:328} INFO - AWS Connection (conn_id='minio_conn', conn_type='aws') credentials retrieved from extra.
[2025-04-25T00:00:37.343+0000] {logging_mixin.py:190} INFO - <botocore.client.S3 object at 0x7f9f90130320>
[2025-04-25T00:00:37.374+0000] {hook.py:208} WARNING - Data lineage tracking is disabled. Register a hook lineage reader to start tracking hook lineage.
[2025-04-25T00:00:37.375+0000] {hook.py:208} WARNING - Data lineage tracking is disabled. Register a hook lineage reader to start tracking hook lineage.
[2025-04-25T00:00:37.422+0000] {connection.py:521} WARNING - Failed to parse headers (url=http://host.docker.internal:9000/tfl/data/raw/timetables/snapshot_20250425_000037_35798.json): [MissingHeaderBodySeparatorDefect()], unparsed data: 'HTTP/1.1 200 OK\r\nAccept-Ranges: bytes\r\nContent-Length: 0\r\nETag: "7d3d7741aaafc159a7384e08e506dd11"\r\nServer: MinIO\r\nStrict-Transport-Security: max-age=31536000; includeSubDomains\r\nVary: Origin\r\nVary: Accept-Encoding\r\nX-Amz-Checksum-Crc32: vQMDDA==\r\nX-Amz-Id-2: dd9025bab4ad464b049177c95eb6ebf374d3b3fd1af9251148b658df7ac2e3e8\r\nX-Amz-Request-Id: 183966B0298B1756\r\nX-Content-Type-Options: nosniff\r\nX-Ratelimit-Limit: 1534\r\nX-Ratelimit-Remaining: 1534\r\nX-Xss-Protection: 1; mode=block\r\nDate: Fri, 25 Apr 2025 00:00:37 GMT\r\n\r\n'
Traceback (most recent call last):
  File "/home/airflow/.local/lib/python3.12/site-packages/urllib3/connection.py", line 519, in getresponse
    assert_header_parsing(httplib_response.msg)
  File "/home/airflow/.local/lib/python3.12/site-packages/urllib3/util/response.py", line 88, in assert_header_parsing
    raise HeaderParsingError(defects=defects, unparsed_data=unparsed_data)
urllib3.exceptions.HeaderParsingError: [MissingHeaderBodySeparatorDefect()], unparsed data: 'HTTP/1.1 200 OK\r\nAccept-Ranges: bytes\r\nContent-Length: 0\r\nETag: "7d3d7741aaafc159a7384e08e506dd11"\r\nServer: MinIO\r\nStrict-Transport-Security: max-age=31536000; includeSubDomains\r\nVary: Origin\r\nVary: Accept-Encoding\r\nX-Amz-Checksum-Crc32: vQMDDA==\r\nX-Amz-Id-2: dd9025bab4ad464b049177c95eb6ebf374d3b3fd1af9251148b658df7ac2e3e8\r\nX-Amz-Request-Id: 183966B0298B1756\r\nX-Content-Type-Options: nosniff\r\nX-Ratelimit-Limit: 1534\r\nX-Ratelimit-Remaining: 1534\r\nX-Xss-Protection: 1; mode=block\r\nDate: Fri, 25 Apr 2025 00:00:37 GMT\r\n\r\n'
[2025-04-25T00:01:07.672+0000] {hook.py:208} WARNING - Data lineage tracking is disabled. Register a hook lineage reader to start tracking hook lineage.
[2025-04-25T00:01:07.673+0000] {hook.py:208} WARNING - Data lineage tracking is disabled. Register a hook lineage reader to start tracking hook lineage.
[2025-04-25T00:01:07.674+0000] {my_dag.py:73} INFO - Uploaded snapshot_20250425_000037_35798.json to s3://tfl/data/raw/timetables/snapshot_20250425_000037_35798.json at timestamp 20250425_000037_35798
[2025-04-25T00:01:08.948+0000] {base.py:84} INFO - Retrieving connection 'minio_conn'
[2025-04-25T00:01:08.955+0000] {connection_wrapper.py:328} INFO - AWS Connection (conn_id='minio_conn', conn_type='aws') credentials retrieved from extra.
[2025-04-25T00:01:08.998+0000] {logging_mixin.py:190} INFO - <botocore.client.S3 object at 0x7f9f8fd4a2a0>
[2025-04-25T00:01:09.058+0000] {hook.py:208} WARNING - Data lineage tracking is disabled. Register a hook lineage reader to start tracking hook lineage.
[2025-04-25T00:01:09.058+0000] {hook.py:208} WARNING - Data lineage tracking is disabled. Register a hook lineage reader to start tracking hook lineage.
[2025-04-25T00:01:09.107+0000] {connection.py:521} WARNING - Failed to parse headers (url=http://host.docker.internal:9000/tfl/data/raw/stop_points/snapshot_20250425_000109_04430.json): [MissingHeaderBodySeparatorDefect()], unparsed data: 'HTTP/1.1 200 OK\r\nAccept-Ranges: bytes\r\nContent-Length: 0\r\nETag: "cc6b741cd4e3020dfc3dc5f045d6e4fe"\r\nServer: MinIO\r\nStrict-Transport-Security: max-age=31536000; includeSubDomains\r\nVary: Origin\r\nVary: Accept-Encoding\r\nX-Amz-Checksum-Crc32: O4ERcg==\r\nX-Amz-Id-2: dd9025bab4ad464b049177c95eb6ebf374d3b3fd1af9251148b658df7ac2e3e8\r\nX-Amz-Request-Id: 183966B78A72D731\r\nX-Content-Type-Options: nosniff\r\nX-Ratelimit-Limit: 1534\r\nX-Ratelimit-Remaining: 1534\r\nX-Xss-Protection: 1; mode=block\r\nDate: Fri, 25 Apr 2025 00:01:09 GMT\r\n\r\n'
Traceback (most recent call last):
  File "/home/airflow/.local/lib/python3.12/site-packages/urllib3/connection.py", line 519, in getresponse
    assert_header_parsing(httplib_response.msg)
  File "/home/airflow/.local/lib/python3.12/site-packages/urllib3/util/response.py", line 88, in assert_header_parsing
    raise HeaderParsingError(defects=defects, unparsed_data=unparsed_data)
urllib3.exceptions.HeaderParsingError: [MissingHeaderBodySeparatorDefect()], unparsed data: 'HTTP/1.1 200 OK\r\nAccept-Ranges: bytes\r\nContent-Length: 0\r\nETag: "cc6b741cd4e3020dfc3dc5f045d6e4fe"\r\nServer: MinIO\r\nStrict-Transport-Security: max-age=31536000; includeSubDomains\r\nVary: Origin\r\nVary: Accept-Encoding\r\nX-Amz-Checksum-Crc32: O4ERcg==\r\nX-Amz-Id-2: dd9025bab4ad464b049177c95eb6ebf374d3b3fd1af9251148b658df7ac2e3e8\r\nX-Amz-Request-Id: 183966B78A72D731\r\nX-Content-Type-Options: nosniff\r\nX-Ratelimit-Limit: 1534\r\nX-Ratelimit-Remaining: 1534\r\nX-Xss-Protection: 1; mode=block\r\nDate: Fri, 25 Apr 2025 00:01:09 GMT\r\n\r\n'
[2025-04-25T00:01:39.359+0000] {hook.py:208} WARNING - Data lineage tracking is disabled. Register a hook lineage reader to start tracking hook lineage.
[2025-04-25T00:01:39.361+0000] {hook.py:208} WARNING - Data lineage tracking is disabled. Register a hook lineage reader to start tracking hook lineage.
[2025-04-25T00:01:39.363+0000] {my_dag.py:73} INFO - Uploaded snapshot_20250425_000109_04430.json to s3://tfl/data/raw/stop_points/snapshot_20250425_000109_04430.json at timestamp 20250425_000109_04430
[2025-04-25T00:01:41.588+0000] {base.py:84} INFO - Retrieving connection 'minio_conn'
[2025-04-25T00:01:41.590+0000] {connection_wrapper.py:328} INFO - AWS Connection (conn_id='minio_conn', conn_type='aws') credentials retrieved from extra.
[2025-04-25T00:01:41.759+0000] {logging_mixin.py:190} INFO - <botocore.client.S3 object at 0x7f9f8fa758b0>
[2025-04-25T00:01:41.786+0000] {hook.py:208} WARNING - Data lineage tracking is disabled. Register a hook lineage reader to start tracking hook lineage.
[2025-04-25T00:01:41.787+0000] {hook.py:208} WARNING - Data lineage tracking is disabled. Register a hook lineage reader to start tracking hook lineage.
[2025-04-25T00:01:41.809+0000] {connection.py:521} WARNING - Failed to parse headers (url=http://host.docker.internal:9000/tfl/data/raw/timetables/snapshot_20250425_000141_76919.json): [MissingHeaderBodySeparatorDefect()], unparsed data: 'HTTP/1.1 200 OK\r\nAccept-Ranges: bytes\r\nContent-Length: 0\r\nETag: "6f49b842f714f0f3b8d1f76b47385c65"\r\nServer: MinIO\r\nStrict-Transport-Security: max-age=31536000; includeSubDomains\r\nVary: Origin\r\nVary: Accept-Encoding\r\nX-Amz-Checksum-Crc32: bDpwoQ==\r\nX-Amz-Id-2: dd9025bab4ad464b049177c95eb6ebf374d3b3fd1af9251148b658df7ac2e3e8\r\nX-Amz-Request-Id: 183966BF28BEA5A7\r\nX-Content-Type-Options: nosniff\r\nX-Ratelimit-Limit: 1534\r\nX-Ratelimit-Remaining: 1534\r\nX-Xss-Protection: 1; mode=block\r\nDate: Fri, 25 Apr 2025 00:01:41 GMT\r\n\r\n'
Traceback (most recent call last):
  File "/home/airflow/.local/lib/python3.12/site-packages/urllib3/connection.py", line 519, in getresponse
    assert_header_parsing(httplib_response.msg)
  File "/home/airflow/.local/lib/python3.12/site-packages/urllib3/util/response.py", line 88, in assert_header_parsing
    raise HeaderParsingError(defects=defects, unparsed_data=unparsed_data)
urllib3.exceptions.HeaderParsingError: [MissingHeaderBodySeparatorDefect()], unparsed data: 'HTTP/1.1 200 OK\r\nAccept-Ranges: bytes\r\nContent-Length: 0\r\nETag: "6f49b842f714f0f3b8d1f76b47385c65"\r\nServer: MinIO\r\nStrict-Transport-Security: max-age=31536000; includeSubDomains\r\nVary: Origin\r\nVary: Accept-Encoding\r\nX-Amz-Checksum-Crc32: bDpwoQ==\r\nX-Amz-Id-2: dd9025bab4ad464b049177c95eb6ebf374d3b3fd1af9251148b658df7ac2e3e8\r\nX-Amz-Request-Id: 183966BF28BEA5A7\r\nX-Content-Type-Options: nosniff\r\nX-Ratelimit-Limit: 1534\r\nX-Ratelimit-Remaining: 1534\r\nX-Xss-Protection: 1; mode=block\r\nDate: Fri, 25 Apr 2025 00:01:41 GMT\r\n\r\n'
[2025-04-25T00:02:12.061+0000] {hook.py:208} WARNING - Data lineage tracking is disabled. Register a hook lineage reader to start tracking hook lineage.
[2025-04-25T00:02:12.062+0000] {hook.py:208} WARNING - Data lineage tracking is disabled. Register a hook lineage reader to start tracking hook lineage.
[2025-04-25T00:02:12.062+0000] {my_dag.py:73} INFO - Uploaded snapshot_20250425_000141_76919.json to s3://tfl/data/raw/timetables/snapshot_20250425_000141_76919.json at timestamp 20250425_000141_76919
[2025-04-25T00:02:12.078+0000] {python.py:240} INFO - Done. Returned value was: None
[2025-04-25T00:02:12.083+0000] {taskinstance.py:341} INFO - ::group::Post task execution logs
[2025-04-25T00:02:12.083+0000] {taskinstance.py:353} INFO - Marking task as SUCCESS. dag_id=TFL_DATA_DAG, task_id=api_call_static_data, run_id=scheduled__2025-04-24T00:00:00+00:00, execution_date=20250424T000000, start_date=20250425T000001, end_date=20250425T000212
[2025-04-25T00:02:12.134+0000] {local_task_job_runner.py:266} INFO - Task exited with return code 0
[2025-04-25T00:02:12.149+0000] {taskinstance.py:3901} INFO - 1 downstream tasks scheduled from follow-on schedule check
[2025-04-25T00:02:12.152+0000] {local_task_job_runner.py:245} INFO - ::endgroup::
