[2025-04-30T13:08:14.471+0000] {processor.py:186} INFO - Started process (PID=6287) to work on /opt/airflow/dags/my_dag.py
[2025-04-30T13:08:14.475+0000] {processor.py:914} INFO - Processing file /opt/airflow/dags/my_dag.py for tasks to queue
[2025-04-30T13:08:14.482+0000] {logging_mixin.py:190} INFO - [2025-04-30T13:08:14.481+0000] {dagbag.py:588} INFO - Filling up the DagBag from /opt/airflow/dags/my_dag.py
[2025-04-30T13:08:14.559+0000] {processor.py:925} INFO - DAG(s) 'TFL_DATA_DAG' retrieved from /opt/airflow/dags/my_dag.py
[2025-04-30T13:08:14.731+0000] {logging_mixin.py:190} INFO - [2025-04-30T13:08:14.730+0000] {dag.py:3239} INFO - Sync 1 DAGs
[2025-04-30T13:08:14.766+0000] {logging_mixin.py:190} INFO - [2025-04-30T13:08:14.765+0000] {dag.py:4180} INFO - Setting next_dagrun for TFL_DATA_DAG to 2025-04-30 00:00:00+00:00, run_after=2025-05-01 00:00:00+00:00
[2025-04-30T13:08:14.799+0000] {processor.py:208} INFO - Processing /opt/airflow/dags/my_dag.py took 0.335 seconds
[2025-04-30T13:08:45.123+0000] {processor.py:186} INFO - Started process (PID=6314) to work on /opt/airflow/dags/my_dag.py
[2025-04-30T13:08:45.125+0000] {processor.py:914} INFO - Processing file /opt/airflow/dags/my_dag.py for tasks to queue
[2025-04-30T13:08:45.130+0000] {logging_mixin.py:190} INFO - [2025-04-30T13:08:45.130+0000] {dagbag.py:588} INFO - Filling up the DagBag from /opt/airflow/dags/my_dag.py
[2025-04-30T13:08:45.158+0000] {processor.py:925} INFO - DAG(s) 'TFL_DATA_DAG' retrieved from /opt/airflow/dags/my_dag.py
[2025-04-30T13:08:45.185+0000] {logging_mixin.py:190} INFO - [2025-04-30T13:08:45.184+0000] {dag.py:3239} INFO - Sync 1 DAGs
[2025-04-30T13:08:45.209+0000] {logging_mixin.py:190} INFO - [2025-04-30T13:08:45.209+0000] {dag.py:4180} INFO - Setting next_dagrun for TFL_DATA_DAG to 2025-04-30 00:00:00+00:00, run_after=2025-05-01 00:00:00+00:00
[2025-04-30T13:08:45.230+0000] {processor.py:208} INFO - Processing /opt/airflow/dags/my_dag.py took 0.113 seconds
[2025-04-30T13:09:15.504+0000] {processor.py:186} INFO - Started process (PID=6339) to work on /opt/airflow/dags/my_dag.py
[2025-04-30T13:09:15.506+0000] {processor.py:914} INFO - Processing file /opt/airflow/dags/my_dag.py for tasks to queue
[2025-04-30T13:09:15.509+0000] {logging_mixin.py:190} INFO - [2025-04-30T13:09:15.508+0000] {dagbag.py:588} INFO - Filling up the DagBag from /opt/airflow/dags/my_dag.py
[2025-04-30T13:09:15.539+0000] {processor.py:925} INFO - DAG(s) 'TFL_DATA_DAG' retrieved from /opt/airflow/dags/my_dag.py
[2025-04-30T13:09:15.564+0000] {logging_mixin.py:190} INFO - [2025-04-30T13:09:15.564+0000] {dag.py:3239} INFO - Sync 1 DAGs
[2025-04-30T13:09:15.590+0000] {logging_mixin.py:190} INFO - [2025-04-30T13:09:15.590+0000] {dag.py:4180} INFO - Setting next_dagrun for TFL_DATA_DAG to 2025-04-30 00:00:00+00:00, run_after=2025-05-01 00:00:00+00:00
[2025-04-30T13:09:15.613+0000] {processor.py:208} INFO - Processing /opt/airflow/dags/my_dag.py took 0.115 seconds
