[2025-04-17T20:09:24.019+0000] {local_task_job_runner.py:123} INFO - ::group::Pre task execution logs
[2025-04-17T20:09:24.045+0000] {taskinstance.py:2614} INFO - Dependencies all met for dep_context=non-requeueable deps ti=<TaskInstance: TFL_DATA_DAG.api_call_static_data scheduled__2025-04-16T00:00:00+00:00 [queued]>
[2025-04-17T20:09:24.060+0000] {taskinstance.py:2614} INFO - Dependencies all met for dep_context=requeueable deps ti=<TaskInstance: TFL_DATA_DAG.api_call_static_data scheduled__2025-04-16T00:00:00+00:00 [queued]>
[2025-04-17T20:09:24.062+0000] {taskinstance.py:2867} INFO - Starting attempt 1 of 6
[2025-04-17T20:09:24.084+0000] {taskinstance.py:2890} INFO - Executing <Task(PythonOperator): api_call_static_data> on 2025-04-16 00:00:00+00:00
[2025-04-17T20:09:24.092+0000] {standard_task_runner.py:104} INFO - Running: ['***', 'tasks', 'run', 'TFL_DATA_DAG', 'api_call_static_data', 'scheduled__2025-04-16T00:00:00+00:00', '--job-id', '206', '--raw', '--subdir', 'DAGS_FOLDER/my_dag.py', '--cfg-path', '/tmp/tmpdzi0p7bd']
[2025-04-17T20:09:24.096+0000] {standard_task_runner.py:105} INFO - Job 206: Subtask api_call_static_data
[2025-04-17T20:09:24.099+0000] {logging_mixin.py:190} WARNING - /home/***/.local/lib/python3.12/site-packages/***/task/task_runner/standard_task_runner.py:70 DeprecationWarning: This process (pid=673) is multi-threaded, use of fork() may lead to deadlocks in the child.
[2025-04-17T20:09:24.100+0000] {standard_task_runner.py:72} INFO - Started process 679 to run task
[2025-04-17T20:09:24.173+0000] {task_command.py:467} INFO - Running <TaskInstance: TFL_DATA_DAG.api_call_static_data scheduled__2025-04-16T00:00:00+00:00 [running]> on host 197005dfdcea
[2025-04-17T20:09:24.275+0000] {taskinstance.py:3134} INFO - Exporting env vars: AIRFLOW_CTX_DAG_OWNER='abdulsalam' AIRFLOW_CTX_DAG_ID='TFL_DATA_DAG' AIRFLOW_CTX_TASK_ID='api_call_static_data' AIRFLOW_CTX_EXECUTION_DATE='2025-04-16T00:00:00+00:00' AIRFLOW_CTX_TRY_NUMBER='1' AIRFLOW_CTX_DAG_RUN_ID='scheduled__2025-04-16T00:00:00+00:00'
[2025-04-17T20:09:24.277+0000] {taskinstance.py:732} INFO - ::endgroup::
[2025-04-17T20:09:25.253+0000] {base.py:84} INFO - Retrieving connection 'minio_conn'
[2025-04-17T20:09:25.257+0000] {connection_wrapper.py:328} INFO - AWS Connection (conn_id='minio_conn', conn_type='aws') credentials retrieved from extra.
[2025-04-17T20:09:25.717+0000] {logging_mixin.py:190} INFO - <botocore.client.S3 object at 0x7f482d2467b0>
[2025-04-17T20:09:25.783+0000] {hook.py:208} WARNING - Data lineage tracking is disabled. Register a hook lineage reader to start tracking hook lineage.
[2025-04-17T20:09:25.786+0000] {my_dag.py:45} INFO - Uploaded snapshot_20250417_200925.json to s3://tfl/data/raw/stop_points/snapshot_20250417_200925.json at timestamp 20250417_200925
[2025-04-17T20:09:26.978+0000] {base.py:84} INFO - Retrieving connection 'minio_conn'
[2025-04-17T20:09:26.979+0000] {connection_wrapper.py:328} INFO - AWS Connection (conn_id='minio_conn', conn_type='aws') credentials retrieved from extra.
[2025-04-17T20:09:27.094+0000] {logging_mixin.py:190} INFO - <botocore.client.S3 object at 0x7f482bf9b0b0>
[2025-04-17T20:09:27.155+0000] {hook.py:208} WARNING - Data lineage tracking is disabled. Register a hook lineage reader to start tracking hook lineage.
[2025-04-17T20:09:27.156+0000] {hook.py:208} WARNING - Data lineage tracking is disabled. Register a hook lineage reader to start tracking hook lineage.
[2025-04-17T20:09:27.158+0000] {my_dag.py:45} INFO - Uploaded snapshot_20250417_200927.json to s3://tfl/data/raw/timetables/snapshot_20250417_200927.json at timestamp 20250417_200927
[2025-04-17T20:09:28.346+0000] {base.py:84} INFO - Retrieving connection 'minio_conn'
[2025-04-17T20:09:28.349+0000] {connection_wrapper.py:328} INFO - AWS Connection (conn_id='minio_conn', conn_type='aws') credentials retrieved from extra.
[2025-04-17T20:09:28.456+0000] {logging_mixin.py:190} INFO - <botocore.client.S3 object at 0x7f482b64ef30>
[2025-04-17T20:09:28.489+0000] {hook.py:208} WARNING - Data lineage tracking is disabled. Register a hook lineage reader to start tracking hook lineage.
[2025-04-17T20:09:28.492+0000] {hook.py:208} WARNING - Data lineage tracking is disabled. Register a hook lineage reader to start tracking hook lineage.
[2025-04-17T20:09:28.493+0000] {my_dag.py:45} INFO - Uploaded snapshot_20250417_200928.json to s3://tfl/data/raw/stop_points/snapshot_20250417_200928.json at timestamp 20250417_200928
[2025-04-17T20:09:29.855+0000] {base.py:84} INFO - Retrieving connection 'minio_conn'
[2025-04-17T20:09:29.858+0000] {connection_wrapper.py:328} INFO - AWS Connection (conn_id='minio_conn', conn_type='aws') credentials retrieved from extra.
[2025-04-17T20:09:29.978+0000] {logging_mixin.py:190} INFO - <botocore.client.S3 object at 0x7f482bb973e0>
[2025-04-17T20:09:30.037+0000] {hook.py:208} WARNING - Data lineage tracking is disabled. Register a hook lineage reader to start tracking hook lineage.
[2025-04-17T20:09:30.039+0000] {hook.py:208} WARNING - Data lineage tracking is disabled. Register a hook lineage reader to start tracking hook lineage.
[2025-04-17T20:09:30.040+0000] {my_dag.py:45} INFO - Uploaded snapshot_20250417_200929.json to s3://tfl/data/raw/timetables/snapshot_20250417_200929.json at timestamp 20250417_200929
[2025-04-17T20:09:31.629+0000] {base.py:84} INFO - Retrieving connection 'minio_conn'
[2025-04-17T20:09:31.631+0000] {connection_wrapper.py:328} INFO - AWS Connection (conn_id='minio_conn', conn_type='aws') credentials retrieved from extra.
[2025-04-17T20:09:31.783+0000] {logging_mixin.py:190} INFO - <botocore.client.S3 object at 0x7f482b00b050>
[2025-04-17T20:09:31.819+0000] {hook.py:208} WARNING - Data lineage tracking is disabled. Register a hook lineage reader to start tracking hook lineage.
[2025-04-17T20:09:31.821+0000] {hook.py:208} WARNING - Data lineage tracking is disabled. Register a hook lineage reader to start tracking hook lineage.
[2025-04-17T20:09:31.822+0000] {my_dag.py:45} INFO - Uploaded snapshot_20250417_200931.json to s3://tfl/data/raw/stop_points/snapshot_20250417_200931.json at timestamp 20250417_200931
[2025-04-17T20:09:33.315+0000] {logging_mixin.py:190} INFO - Error fetching data  500 Server Error: Internal Server Error for url: https://api.tfl.gov.uk/Line/24/Timetable/490000135A?app_key=7d28b460f14e44c48e59a47afc904642
[2025-04-17T20:09:33.327+0000] {base.py:84} INFO - Retrieving connection 'minio_conn'
[2025-04-17T20:09:33.330+0000] {connection_wrapper.py:328} INFO - AWS Connection (conn_id='minio_conn', conn_type='aws') credentials retrieved from extra.
[2025-04-17T20:09:33.433+0000] {logging_mixin.py:190} INFO - <botocore.client.S3 object at 0x7f482640f590>
[2025-04-17T20:09:33.471+0000] {hook.py:208} WARNING - Data lineage tracking is disabled. Register a hook lineage reader to start tracking hook lineage.
[2025-04-17T20:09:33.473+0000] {hook.py:208} WARNING - Data lineage tracking is disabled. Register a hook lineage reader to start tracking hook lineage.
[2025-04-17T20:09:33.474+0000] {my_dag.py:45} INFO - Uploaded snapshot_20250417_200933.json to s3://tfl/data/raw/timetables/snapshot_20250417_200933.json at timestamp 20250417_200933
[2025-04-17T20:09:34.096+0000] {base.py:84} INFO - Retrieving connection 'minio_conn'
[2025-04-17T20:09:34.099+0000] {connection_wrapper.py:328} INFO - AWS Connection (conn_id='minio_conn', conn_type='aws') credentials retrieved from extra.
[2025-04-17T20:09:34.209+0000] {logging_mixin.py:190} INFO - <botocore.client.S3 object at 0x7f482644bb00>
[2025-04-17T20:09:34.249+0000] {hook.py:208} WARNING - Data lineage tracking is disabled. Register a hook lineage reader to start tracking hook lineage.
[2025-04-17T20:09:34.251+0000] {hook.py:208} WARNING - Data lineage tracking is disabled. Register a hook lineage reader to start tracking hook lineage.
[2025-04-17T20:09:34.252+0000] {my_dag.py:45} INFO - Uploaded snapshot_20250417_200934.json to s3://tfl/data/raw/stop_points/snapshot_20250417_200934.json at timestamp 20250417_200934
[2025-04-17T20:09:35.579+0000] {base.py:84} INFO - Retrieving connection 'minio_conn'
[2025-04-17T20:09:35.582+0000] {connection_wrapper.py:328} INFO - AWS Connection (conn_id='minio_conn', conn_type='aws') credentials retrieved from extra.
[2025-04-17T20:09:35.692+0000] {logging_mixin.py:190} INFO - <botocore.client.S3 object at 0x7f482abfc620>
[2025-04-17T20:09:35.749+0000] {hook.py:208} WARNING - Data lineage tracking is disabled. Register a hook lineage reader to start tracking hook lineage.
[2025-04-17T20:09:35.752+0000] {hook.py:208} WARNING - Data lineage tracking is disabled. Register a hook lineage reader to start tracking hook lineage.
[2025-04-17T20:09:35.753+0000] {my_dag.py:45} INFO - Uploaded snapshot_20250417_200935.json to s3://tfl/data/raw/timetables/snapshot_20250417_200935.json at timestamp 20250417_200935
[2025-04-17T20:09:36.454+0000] {base.py:84} INFO - Retrieving connection 'minio_conn'
[2025-04-17T20:09:36.457+0000] {connection_wrapper.py:328} INFO - AWS Connection (conn_id='minio_conn', conn_type='aws') credentials retrieved from extra.
[2025-04-17T20:09:36.552+0000] {logging_mixin.py:190} INFO - <botocore.client.S3 object at 0x7f48253eb8f0>
[2025-04-17T20:09:36.612+0000] {hook.py:208} WARNING - Data lineage tracking is disabled. Register a hook lineage reader to start tracking hook lineage.
[2025-04-17T20:09:36.613+0000] {hook.py:208} WARNING - Data lineage tracking is disabled. Register a hook lineage reader to start tracking hook lineage.
[2025-04-17T20:09:36.614+0000] {my_dag.py:45} INFO - Uploaded snapshot_20250417_200936.json to s3://tfl/data/raw/stop_points/snapshot_20250417_200936.json at timestamp 20250417_200936
[2025-04-17T20:09:38.149+0000] {base.py:84} INFO - Retrieving connection 'minio_conn'
[2025-04-17T20:09:38.152+0000] {connection_wrapper.py:328} INFO - AWS Connection (conn_id='minio_conn', conn_type='aws') credentials retrieved from extra.
[2025-04-17T20:09:38.258+0000] {logging_mixin.py:190} INFO - <botocore.client.S3 object at 0x7f4824ae4530>
[2025-04-17T20:09:38.318+0000] {hook.py:208} WARNING - Data lineage tracking is disabled. Register a hook lineage reader to start tracking hook lineage.
[2025-04-17T20:09:38.319+0000] {hook.py:208} WARNING - Data lineage tracking is disabled. Register a hook lineage reader to start tracking hook lineage.
[2025-04-17T20:09:38.321+0000] {my_dag.py:45} INFO - Uploaded snapshot_20250417_200938.json to s3://tfl/data/raw/timetables/snapshot_20250417_200938.json at timestamp 20250417_200938
[2025-04-17T20:09:38.894+0000] {base.py:84} INFO - Retrieving connection 'minio_conn'
[2025-04-17T20:09:38.898+0000] {connection_wrapper.py:328} INFO - AWS Connection (conn_id='minio_conn', conn_type='aws') credentials retrieved from extra.
[2025-04-17T20:09:39.032+0000] {logging_mixin.py:190} INFO - <botocore.client.S3 object at 0x7f4824a19a00>
[2025-04-17T20:09:39.071+0000] {hook.py:208} WARNING - Data lineage tracking is disabled. Register a hook lineage reader to start tracking hook lineage.
[2025-04-17T20:09:39.073+0000] {hook.py:208} WARNING - Data lineage tracking is disabled. Register a hook lineage reader to start tracking hook lineage.
[2025-04-17T20:09:39.074+0000] {my_dag.py:45} INFO - Uploaded snapshot_20250417_200939.json to s3://tfl/data/raw/stop_points/snapshot_20250417_200939.json at timestamp 20250417_200939
[2025-04-17T20:09:41.228+0000] {logging_mixin.py:190} INFO - Error fetching data  500 Server Error: Internal Server Error for url: https://api.tfl.gov.uk/Line/102/Timetable/490000067E?app_key=7d28b460f14e44c48e59a47afc904642
[2025-04-17T20:09:41.241+0000] {base.py:84} INFO - Retrieving connection 'minio_conn'
[2025-04-17T20:09:41.243+0000] {connection_wrapper.py:328} INFO - AWS Connection (conn_id='minio_conn', conn_type='aws') credentials retrieved from extra.
[2025-04-17T20:09:41.374+0000] {logging_mixin.py:190} INFO - <botocore.client.S3 object at 0x7f4824a188f0>
[2025-04-17T20:09:41.410+0000] {hook.py:208} WARNING - Data lineage tracking is disabled. Register a hook lineage reader to start tracking hook lineage.
[2025-04-17T20:09:41.412+0000] {hook.py:208} WARNING - Data lineage tracking is disabled. Register a hook lineage reader to start tracking hook lineage.
[2025-04-17T20:09:41.414+0000] {my_dag.py:45} INFO - Uploaded snapshot_20250417_200941.json to s3://tfl/data/raw/timetables/snapshot_20250417_200941.json at timestamp 20250417_200941
[2025-04-17T20:09:42.134+0000] {base.py:84} INFO - Retrieving connection 'minio_conn'
[2025-04-17T20:09:42.136+0000] {connection_wrapper.py:328} INFO - AWS Connection (conn_id='minio_conn', conn_type='aws') credentials retrieved from extra.
[2025-04-17T20:09:42.268+0000] {logging_mixin.py:190} INFO - <botocore.client.S3 object at 0x7f4823887e30>
[2025-04-17T20:09:42.302+0000] {hook.py:208} WARNING - Data lineage tracking is disabled. Register a hook lineage reader to start tracking hook lineage.
[2025-04-17T20:09:42.304+0000] {hook.py:208} WARNING - Data lineage tracking is disabled. Register a hook lineage reader to start tracking hook lineage.
[2025-04-17T20:09:42.305+0000] {my_dag.py:45} INFO - Uploaded snapshot_20250417_200942.json to s3://tfl/data/raw/stop_points/snapshot_20250417_200942.json at timestamp 20250417_200942
[2025-04-17T20:09:42.885+0000] {logging_mixin.py:190} INFO - Error fetching data  'timetable'
[2025-04-17T20:09:42.905+0000] {base.py:84} INFO - Retrieving connection 'minio_conn'
[2025-04-17T20:09:42.908+0000] {connection_wrapper.py:328} INFO - AWS Connection (conn_id='minio_conn', conn_type='aws') credentials retrieved from extra.
[2025-04-17T20:09:43.027+0000] {logging_mixin.py:190} INFO - <botocore.client.S3 object at 0x7f48212601a0>
[2025-04-17T20:09:43.063+0000] {hook.py:208} WARNING - Data lineage tracking is disabled. Register a hook lineage reader to start tracking hook lineage.
[2025-04-17T20:09:43.065+0000] {hook.py:208} WARNING - Data lineage tracking is disabled. Register a hook lineage reader to start tracking hook lineage.
[2025-04-17T20:09:43.067+0000] {my_dag.py:45} INFO - Uploaded snapshot_20250417_200943.json to s3://tfl/data/raw/timetables/snapshot_20250417_200943.json at timestamp 20250417_200943
[2025-04-17T20:09:43.688+0000] {base.py:84} INFO - Retrieving connection 'minio_conn'
[2025-04-17T20:09:43.690+0000] {connection_wrapper.py:328} INFO - AWS Connection (conn_id='minio_conn', conn_type='aws') credentials retrieved from extra.
[2025-04-17T20:09:43.798+0000] {logging_mixin.py:190} INFO - <botocore.client.S3 object at 0x7f4820f69580>
[2025-04-17T20:09:43.848+0000] {hook.py:208} WARNING - Data lineage tracking is disabled. Register a hook lineage reader to start tracking hook lineage.
[2025-04-17T20:09:43.849+0000] {hook.py:208} WARNING - Data lineage tracking is disabled. Register a hook lineage reader to start tracking hook lineage.
[2025-04-17T20:09:43.851+0000] {my_dag.py:45} INFO - Uploaded snapshot_20250417_200943.json to s3://tfl/data/raw/stop_points/snapshot_20250417_200943.json at timestamp 20250417_200943
[2025-04-17T20:09:44.411+0000] {base.py:84} INFO - Retrieving connection 'minio_conn'
[2025-04-17T20:09:44.413+0000] {connection_wrapper.py:328} INFO - AWS Connection (conn_id='minio_conn', conn_type='aws') credentials retrieved from extra.
[2025-04-17T20:09:44.516+0000] {logging_mixin.py:190} INFO - <botocore.client.S3 object at 0x7f482052bbc0>
[2025-04-17T20:09:44.612+0000] {hook.py:208} WARNING - Data lineage tracking is disabled. Register a hook lineage reader to start tracking hook lineage.
[2025-04-17T20:09:44.615+0000] {hook.py:208} WARNING - Data lineage tracking is disabled. Register a hook lineage reader to start tracking hook lineage.
[2025-04-17T20:09:44.616+0000] {my_dag.py:45} INFO - Uploaded snapshot_20250417_200944.json to s3://tfl/data/raw/timetables/snapshot_20250417_200944.json at timestamp 20250417_200944
[2025-04-17T20:09:46.740+0000] {base.py:84} INFO - Retrieving connection 'minio_conn'
[2025-04-17T20:09:46.741+0000] {connection_wrapper.py:328} INFO - AWS Connection (conn_id='minio_conn', conn_type='aws') credentials retrieved from extra.
[2025-04-17T20:09:47.097+0000] {logging_mixin.py:190} INFO - <botocore.client.S3 object at 0x7f48241a6b10>
[2025-04-17T20:09:47.119+0000] {hook.py:208} WARNING - Data lineage tracking is disabled. Register a hook lineage reader to start tracking hook lineage.
[2025-04-17T20:09:47.120+0000] {hook.py:208} WARNING - Data lineage tracking is disabled. Register a hook lineage reader to start tracking hook lineage.
[2025-04-17T20:09:47.121+0000] {my_dag.py:45} INFO - Uploaded snapshot_20250417_200947.json to s3://tfl/data/raw/stop_points/snapshot_20250417_200947.json at timestamp 20250417_200947
[2025-04-17T20:09:47.751+0000] {logging_mixin.py:190} INFO - Error fetching data  'timetable'
[2025-04-17T20:09:47.759+0000] {base.py:84} INFO - Retrieving connection 'minio_conn'
[2025-04-17T20:09:47.762+0000] {connection_wrapper.py:328} INFO - AWS Connection (conn_id='minio_conn', conn_type='aws') credentials retrieved from extra.
[2025-04-17T20:09:47.836+0000] {logging_mixin.py:190} INFO - <botocore.client.S3 object at 0x7f48241204a0>
[2025-04-17T20:09:47.864+0000] {hook.py:208} WARNING - Data lineage tracking is disabled. Register a hook lineage reader to start tracking hook lineage.
[2025-04-17T20:09:47.865+0000] {hook.py:208} WARNING - Data lineage tracking is disabled. Register a hook lineage reader to start tracking hook lineage.
[2025-04-17T20:09:47.866+0000] {my_dag.py:45} INFO - Uploaded snapshot_20250417_200947.json to s3://tfl/data/raw/timetables/snapshot_20250417_200947.json at timestamp 20250417_200947
[2025-04-17T20:09:48.410+0000] {base.py:84} INFO - Retrieving connection 'minio_conn'
[2025-04-17T20:09:48.411+0000] {connection_wrapper.py:328} INFO - AWS Connection (conn_id='minio_conn', conn_type='aws') credentials retrieved from extra.
[2025-04-17T20:09:48.465+0000] {logging_mixin.py:190} INFO - <botocore.client.S3 object at 0x7f482640fe00>
[2025-04-17T20:09:48.491+0000] {hook.py:208} WARNING - Data lineage tracking is disabled. Register a hook lineage reader to start tracking hook lineage.
[2025-04-17T20:09:48.492+0000] {hook.py:208} WARNING - Data lineage tracking is disabled. Register a hook lineage reader to start tracking hook lineage.
[2025-04-17T20:09:48.493+0000] {my_dag.py:45} INFO - Uploaded snapshot_20250417_200948.json to s3://tfl/data/raw/stop_points/snapshot_20250417_200948.json at timestamp 20250417_200948
[2025-04-17T20:09:49.027+0000] {logging_mixin.py:190} INFO - Error fetching data  'timetable'
[2025-04-17T20:09:49.040+0000] {base.py:84} INFO - Retrieving connection 'minio_conn'
[2025-04-17T20:09:49.041+0000] {connection_wrapper.py:328} INFO - AWS Connection (conn_id='minio_conn', conn_type='aws') credentials retrieved from extra.
[2025-04-17T20:09:49.120+0000] {logging_mixin.py:190} INFO - <botocore.client.S3 object at 0x7f482640ec30>
[2025-04-17T20:09:49.146+0000] {hook.py:208} WARNING - Data lineage tracking is disabled. Register a hook lineage reader to start tracking hook lineage.
[2025-04-17T20:09:49.147+0000] {hook.py:208} WARNING - Data lineage tracking is disabled. Register a hook lineage reader to start tracking hook lineage.
[2025-04-17T20:09:49.149+0000] {my_dag.py:45} INFO - Uploaded snapshot_20250417_200949.json to s3://tfl/data/raw/timetables/snapshot_20250417_200949.json at timestamp 20250417_200949
[2025-04-17T20:09:49.944+0000] {base.py:84} INFO - Retrieving connection 'minio_conn'
[2025-04-17T20:09:49.946+0000] {connection_wrapper.py:328} INFO - AWS Connection (conn_id='minio_conn', conn_type='aws') credentials retrieved from extra.
[2025-04-17T20:09:50.025+0000] {logging_mixin.py:190} INFO - <botocore.client.S3 object at 0x7f482ae4dee0>
[2025-04-17T20:09:50.054+0000] {hook.py:208} WARNING - Data lineage tracking is disabled. Register a hook lineage reader to start tracking hook lineage.
[2025-04-17T20:09:50.055+0000] {hook.py:208} WARNING - Data lineage tracking is disabled. Register a hook lineage reader to start tracking hook lineage.
[2025-04-17T20:09:50.057+0000] {my_dag.py:45} INFO - Uploaded snapshot_20250417_200950.json to s3://tfl/data/raw/stop_points/snapshot_20250417_200950.json at timestamp 20250417_200950
[2025-04-17T20:09:50.658+0000] {logging_mixin.py:190} INFO - Error fetching data  'timetable'
[2025-04-17T20:09:50.666+0000] {base.py:84} INFO - Retrieving connection 'minio_conn'
[2025-04-17T20:09:50.668+0000] {connection_wrapper.py:328} INFO - AWS Connection (conn_id='minio_conn', conn_type='aws') credentials retrieved from extra.
[2025-04-17T20:09:50.722+0000] {logging_mixin.py:190} INFO - <botocore.client.S3 object at 0x7f482c693380>
[2025-04-17T20:09:50.749+0000] {hook.py:208} WARNING - Data lineage tracking is disabled. Register a hook lineage reader to start tracking hook lineage.
[2025-04-17T20:09:50.750+0000] {hook.py:208} WARNING - Data lineage tracking is disabled. Register a hook lineage reader to start tracking hook lineage.
[2025-04-17T20:09:50.752+0000] {my_dag.py:45} INFO - Uploaded snapshot_20250417_200950.json to s3://tfl/data/raw/timetables/snapshot_20250417_200950.json at timestamp 20250417_200950
[2025-04-17T20:09:51.546+0000] {base.py:84} INFO - Retrieving connection 'minio_conn'
[2025-04-17T20:09:51.547+0000] {connection_wrapper.py:328} INFO - AWS Connection (conn_id='minio_conn', conn_type='aws') credentials retrieved from extra.
[2025-04-17T20:09:51.615+0000] {logging_mixin.py:190} INFO - <botocore.client.S3 object at 0x7f482c6f3a70>
[2025-04-17T20:09:51.641+0000] {hook.py:208} WARNING - Data lineage tracking is disabled. Register a hook lineage reader to start tracking hook lineage.
[2025-04-17T20:09:51.642+0000] {hook.py:208} WARNING - Data lineage tracking is disabled. Register a hook lineage reader to start tracking hook lineage.
[2025-04-17T20:09:51.643+0000] {my_dag.py:45} INFO - Uploaded snapshot_20250417_200951.json to s3://tfl/data/raw/stop_points/snapshot_20250417_200951.json at timestamp 20250417_200951
[2025-04-17T20:09:52.184+0000] {logging_mixin.py:190} INFO - Error fetching data  'timetable'
[2025-04-17T20:09:52.200+0000] {base.py:84} INFO - Retrieving connection 'minio_conn'
[2025-04-17T20:09:52.202+0000] {connection_wrapper.py:328} INFO - AWS Connection (conn_id='minio_conn', conn_type='aws') credentials retrieved from extra.
[2025-04-17T20:09:52.281+0000] {logging_mixin.py:190} INFO - <botocore.client.S3 object at 0x7f482bd931d0>
[2025-04-17T20:09:52.301+0000] {hook.py:208} WARNING - Data lineage tracking is disabled. Register a hook lineage reader to start tracking hook lineage.
[2025-04-17T20:09:52.301+0000] {hook.py:208} WARNING - Data lineage tracking is disabled. Register a hook lineage reader to start tracking hook lineage.
[2025-04-17T20:09:52.303+0000] {my_dag.py:45} INFO - Uploaded snapshot_20250417_200952.json to s3://tfl/data/raw/timetables/snapshot_20250417_200952.json at timestamp 20250417_200952
[2025-04-17T20:09:52.304+0000] {python.py:240} INFO - Done. Returned value was: None
[2025-04-17T20:09:52.311+0000] {taskinstance.py:341} INFO - ::group::Post task execution logs
[2025-04-17T20:09:52.312+0000] {taskinstance.py:353} INFO - Marking task as SUCCESS. dag_id=TFL_DATA_DAG, task_id=api_call_static_data, run_id=scheduled__2025-04-16T00:00:00+00:00, execution_date=20250416T000000, start_date=20250417T200924, end_date=20250417T200952
[2025-04-17T20:09:52.384+0000] {local_task_job_runner.py:266} INFO - Task exited with return code 0
[2025-04-17T20:09:52.397+0000] {taskinstance.py:3901} INFO - 0 downstream tasks scheduled from follow-on schedule check
[2025-04-17T20:09:52.400+0000] {local_task_job_runner.py:245} INFO - ::endgroup::
