[2025-04-23T18:03:53.186+0000] {local_task_job_runner.py:123} INFO - ::group::Pre task execution logs
[2025-04-23T18:03:53.198+0000] {taskinstance.py:2614} INFO - Dependencies all met for dep_context=non-requeueable deps ti=<TaskInstance: TFL_DATA_DAG.load_data manual__2025-04-23T17:35:05.998350+00:00 [queued]>
[2025-04-23T18:03:53.204+0000] {taskinstance.py:2614} INFO - Dependencies all met for dep_context=requeueable deps ti=<TaskInstance: TFL_DATA_DAG.load_data manual__2025-04-23T17:35:05.998350+00:00 [queued]>
[2025-04-23T18:03:53.206+0000] {taskinstance.py:2867} INFO - Starting attempt 23 of 28
[2025-04-23T18:03:53.215+0000] {taskinstance.py:2890} INFO - Executing <Task(PythonOperator): load_data> on 2025-04-23 17:35:05.998350+00:00
[2025-04-23T18:03:53.221+0000] {standard_task_runner.py:104} INFO - Running: ['***', 'tasks', 'run', 'TFL_DATA_DAG', 'load_data', 'manual__2025-04-23T17:35:05.998350+00:00', '--job-id', '350', '--raw', '--subdir', 'DAGS_FOLDER/my_dag.py', '--cfg-path', '/tmp/tmp3j7708vf']
[2025-04-23T18:03:53.223+0000] {standard_task_runner.py:105} INFO - Job 350: Subtask load_data
[2025-04-23T18:03:53.222+0000] {logging_mixin.py:190} WARNING - /home/***/.local/lib/python3.12/site-packages/***/task/task_runner/standard_task_runner.py:70 DeprecationWarning: This process (pid=1446) is multi-threaded, use of fork() may lead to deadlocks in the child.
[2025-04-23T18:03:53.225+0000] {standard_task_runner.py:72} INFO - Started process 1449 to run task
[2025-04-23T18:03:53.255+0000] {task_command.py:467} INFO - Running <TaskInstance: TFL_DATA_DAG.load_data manual__2025-04-23T17:35:05.998350+00:00 [running]> on host 605a3e254bf1
[2025-04-23T18:03:53.298+0000] {taskinstance.py:3134} INFO - Exporting env vars: AIRFLOW_CTX_DAG_OWNER='abdulsalam' AIRFLOW_CTX_DAG_ID='TFL_DATA_DAG' AIRFLOW_CTX_TASK_ID='load_data' AIRFLOW_CTX_EXECUTION_DATE='2025-04-23T17:35:05.998350+00:00' AIRFLOW_CTX_TRY_NUMBER='23' AIRFLOW_CTX_DAG_RUN_ID='manual__2025-04-23T17:35:05.998350+00:00'
[2025-04-23T18:03:53.299+0000] {taskinstance.py:732} INFO - ::endgroup::
[2025-04-23T18:03:53.312+0000] {base.py:84} INFO - Retrieving connection 'snowflake_conn'
[2025-04-23T18:03:53.314+0000] {connection.py:424} INFO - Snowflake Connector for Python Version: 3.13.2, Python Version: 3.12.9, Platform: Linux-6.10.0-linuxkit-x86_64-with-glibc2.36
[2025-04-23T18:03:53.315+0000] {connection.py:1213} INFO - Connecting to GLOBAL Snowflake domain
[2025-04-23T18:03:53.316+0000] {connection.py:1295} INFO - This connection is in OCSP Fail Open Mode. TLS Certificates would be checked for validity and revocation status. Any other Certificate Revocation related exceptions or OCSP Responder failures would be disregarded in favor of connectivity.
[2025-04-23T18:03:54.719+0000] {logging_mixin.py:190} INFO - snowflake conn:  <snowflake.connector.connection.SnowflakeConnection object at 0x7f8a163a78f0>
[2025-04-23T18:03:54.734+0000] {base.py:84} INFO - Retrieving connection 'minio_conn'
[2025-04-23T18:03:54.736+0000] {connection_wrapper.py:328} INFO - AWS Connection (conn_id='minio_conn', conn_type='aws') credentials retrieved from extra.
[2025-04-23T18:03:54.796+0000] {logging_mixin.py:190} INFO - The sp key is:  data/cleaned/stop_points/snapshot_20250423_173828_74633.json
[2025-04-23T18:03:54.798+0000] {logging_mixin.py:190} INFO - The data is:  {'naptan_id': '490000036S', 'stop_point_id': '490000036S', 'common_name': 'Camden Town Station', 'lat': 51.5398, 'lon': -0.14135, 'indicator': 'Stop S', 'zone': None, 'borough': None, 'modes': ['bus'], 'stop_type': 'NaptanPublicBusCoachTram'}
[2025-04-23T18:03:55.686+0000] {logging_mixin.py:190} INFO - The sp key is:  data/cleaned/stop_points/snapshot_20250423_173901_74841.json
[2025-04-23T18:03:55.689+0000] {logging_mixin.py:190} INFO - The data is:  {'naptan_id': '490000089A', 'stop_point_id': '490000089A', 'common_name': 'Goodge Street Station', 'lat': 51.52113, 'lon': -0.13505, 'indicator': 'Stop A', 'zone': None, 'borough': None, 'modes': ['bus'], 'stop_type': 'NaptanPublicBusCoachTram'}
[2025-04-23T18:03:56.839+0000] {my_dag.py:253} INFO - Successfully Inserted stop_points_metadata and timetable for 2025-04-23 18:03:56.839172
[2025-04-23T18:03:56.843+0000] {python.py:240} INFO - Done. Returned value was: None
[2025-04-23T18:03:56.850+0000] {taskinstance.py:341} INFO - ::group::Post task execution logs
[2025-04-23T18:03:56.852+0000] {taskinstance.py:353} INFO - Marking task as SUCCESS. dag_id=TFL_DATA_DAG, task_id=load_data, run_id=manual__2025-04-23T17:35:05.998350+00:00, execution_date=20250423T173505, start_date=20250423T180353, end_date=20250423T180356
[2025-04-23T18:03:56.890+0000] {local_task_job_runner.py:266} INFO - Task exited with return code 0
[2025-04-23T18:03:56.904+0000] {taskinstance.py:3901} INFO - 0 downstream tasks scheduled from follow-on schedule check
[2025-04-23T18:03:56.913+0000] {local_task_job_runner.py:245} INFO - ::endgroup::
