[2025-04-23T18:10:48.262+0000] {local_task_job_runner.py:123} INFO - ::group::Pre task execution logs
[2025-04-23T18:10:48.276+0000] {taskinstance.py:2614} INFO - Dependencies all met for dep_context=non-requeueable deps ti=<TaskInstance: TFL_DATA_DAG.transform_data manual__2025-04-23T18:09:41.683232+00:00 [queued]>
[2025-04-23T18:10:48.281+0000] {taskinstance.py:2614} INFO - Dependencies all met for dep_context=requeueable deps ti=<TaskInstance: TFL_DATA_DAG.transform_data manual__2025-04-23T18:09:41.683232+00:00 [queued]>
[2025-04-23T18:10:48.282+0000] {taskinstance.py:2867} INFO - Starting attempt 1 of 6
[2025-04-23T18:10:48.291+0000] {taskinstance.py:2890} INFO - Executing <Task(PythonOperator): transform_data> on 2025-04-23 18:09:41.683232+00:00
[2025-04-23T18:10:48.297+0000] {standard_task_runner.py:104} INFO - Running: ['***', 'tasks', 'run', 'TFL_DATA_DAG', 'transform_data', 'manual__2025-04-23T18:09:41.683232+00:00', '--job-id', '352', '--raw', '--subdir', 'DAGS_FOLDER/my_dag.py', '--cfg-path', '/tmp/tmpqe6kgl57']
[2025-04-23T18:10:48.298+0000] {logging_mixin.py:190} WARNING - /home/***/.local/lib/python3.12/site-packages/***/task/task_runner/standard_task_runner.py:70 DeprecationWarning: This process (pid=1761) is multi-threaded, use of fork() may lead to deadlocks in the child.
[2025-04-23T18:10:48.299+0000] {standard_task_runner.py:72} INFO - Started process 1764 to run task
[2025-04-23T18:10:48.299+0000] {standard_task_runner.py:105} INFO - Job 352: Subtask transform_data
[2025-04-23T18:10:48.334+0000] {task_command.py:467} INFO - Running <TaskInstance: TFL_DATA_DAG.transform_data manual__2025-04-23T18:09:41.683232+00:00 [running]> on host 605a3e254bf1
[2025-04-23T18:10:48.376+0000] {taskinstance.py:3134} INFO - Exporting env vars: AIRFLOW_CTX_DAG_OWNER='abdulsalam' AIRFLOW_CTX_DAG_ID='TFL_DATA_DAG' AIRFLOW_CTX_TASK_ID='transform_data' AIRFLOW_CTX_EXECUTION_DATE='2025-04-23T18:09:41.683232+00:00' AIRFLOW_CTX_TRY_NUMBER='1' AIRFLOW_CTX_DAG_RUN_ID='manual__2025-04-23T18:09:41.683232+00:00'
[2025-04-23T18:10:48.378+0000] {taskinstance.py:732} INFO - ::endgroup::
[2025-04-23T18:10:48.399+0000] {base.py:84} INFO - Retrieving connection 'minio_conn'
[2025-04-23T18:10:48.400+0000] {connection_wrapper.py:328} INFO - AWS Connection (conn_id='minio_conn', conn_type='aws') credentials retrieved from extra.
[2025-04-23T18:10:48.606+0000] {hook.py:208} WARNING - Data lineage tracking is disabled. Register a hook lineage reader to start tracking hook lineage.
[2025-04-23T18:10:48.607+0000] {my_dag.py:120} INFO - Uploaded stop_points_cleaned_20250423_181048_46483.json to s3://tfl/data/cleaned/stop_points/snapshot_20250423_180943_53958.json at timestamp 20250423_181048_46483
[2025-04-23T18:10:48.622+0000] {hook.py:208} WARNING - Data lineage tracking is disabled. Register a hook lineage reader to start tracking hook lineage.
[2025-04-23T18:10:48.623+0000] {hook.py:208} WARNING - Data lineage tracking is disabled. Register a hook lineage reader to start tracking hook lineage.
[2025-04-23T18:10:48.625+0000] {my_dag.py:120} INFO - Uploaded stop_points_cleaned_20250423_181048_61496.json to s3://tfl/data/cleaned/stop_points/snapshot_20250423_181015_53680.json at timestamp 20250423_181048_61496
[2025-04-23T18:10:48.638+0000] {python.py:240} INFO - Done. Returned value was: None
[2025-04-23T18:10:48.643+0000] {taskinstance.py:341} INFO - ::group::Post task execution logs
[2025-04-23T18:10:48.644+0000] {taskinstance.py:353} INFO - Marking task as SUCCESS. dag_id=TFL_DATA_DAG, task_id=transform_data, run_id=manual__2025-04-23T18:09:41.683232+00:00, execution_date=20250423T180941, start_date=20250423T181048, end_date=20250423T181048
[2025-04-23T18:10:48.686+0000] {local_task_job_runner.py:266} INFO - Task exited with return code 0
[2025-04-23T18:10:48.704+0000] {taskinstance.py:3901} INFO - 1 downstream tasks scheduled from follow-on schedule check
[2025-04-23T18:10:48.708+0000] {local_task_job_runner.py:245} INFO - ::endgroup::
