[2025-04-30T17:06:56.773+0000] {local_task_job_runner.py:123} INFO - ::group::Pre task execution logs
[2025-04-30T17:06:56.802+0000] {taskinstance.py:2614} INFO - Dependencies all met for dep_context=non-requeueable deps ti=<TaskInstance: TFL_DATA_DAG_V2.transform_data manual__2025-04-30T16:56:46.946261+00:00 [queued]>
[2025-04-30T17:06:56.820+0000] {taskinstance.py:2614} INFO - Dependencies all met for dep_context=requeueable deps ti=<TaskInstance: TFL_DATA_DAG_V2.transform_data manual__2025-04-30T16:56:46.946261+00:00 [queued]>
[2025-04-30T17:06:56.823+0000] {taskinstance.py:2867} INFO - Starting attempt 1 of 6
[2025-04-30T17:06:56.843+0000] {taskinstance.py:2890} INFO - Executing <Task(PythonOperator): transform_data> on 2025-04-30 16:56:46.946261+00:00
[2025-04-30T17:06:56.855+0000] {standard_task_runner.py:104} INFO - Running: ['***', 'tasks', 'run', 'TFL_DATA_DAG_V2', 'transform_data', 'manual__2025-04-30T16:56:46.946261+00:00', '--job-id', '457', '--raw', '--subdir', 'DAGS_FOLDER/my_dag.py', '--cfg-path', '/tmp/tmpk1mvtmxi']
[2025-04-30T17:06:56.861+0000] {standard_task_runner.py:105} INFO - Job 457: Subtask transform_data
[2025-04-30T17:06:56.865+0000] {logging_mixin.py:190} WARNING - /home/***/.local/lib/python3.12/site-packages/***/task/task_runner/standard_task_runner.py:70 DeprecationWarning: This process (pid=785) is multi-threaded, use of fork() may lead to deadlocks in the child.
[2025-04-30T17:06:56.867+0000] {standard_task_runner.py:72} INFO - Started process 788 to run task
[2025-04-30T17:06:56.944+0000] {task_command.py:467} INFO - Running <TaskInstance: TFL_DATA_DAG_V2.transform_data manual__2025-04-30T16:56:46.946261+00:00 [running]> on host 605a3e254bf1
[2025-04-30T17:06:57.062+0000] {taskinstance.py:3134} INFO - Exporting env vars: AIRFLOW_CTX_DAG_OWNER='abdulsalam' AIRFLOW_CTX_DAG_ID='TFL_DATA_DAG_V2' AIRFLOW_CTX_TASK_ID='transform_data' AIRFLOW_CTX_EXECUTION_DATE='2025-04-30T16:56:46.946261+00:00' AIRFLOW_CTX_TRY_NUMBER='1' AIRFLOW_CTX_DAG_RUN_ID='manual__2025-04-30T16:56:46.946261+00:00'
[2025-04-30T17:06:57.065+0000] {taskinstance.py:732} INFO - ::endgroup::
[2025-04-30T17:06:57.119+0000] {base.py:84} INFO - Retrieving connection 'minio_conn'
[2025-04-30T17:06:57.121+0000] {connection_wrapper.py:328} INFO - AWS Connection (conn_id='minio_conn', conn_type='aws') credentials retrieved from extra.
[2025-04-30T17:06:57.614+0000] {hook.py:208} WARNING - Data lineage tracking is disabled. Register a hook lineage reader to start tracking hook lineage.
[2025-04-30T17:06:57.617+0000] {my_dag.py:121} INFO - Uploaded stop_points_cleaned_20250430_170657_25019.json to s3://tfl/data/cleaned/stop_points/snapshot_20250430_180138_94298.json at timestamp 20250430_170657_25019
[2025-04-30T17:06:57.689+0000] {hook.py:208} WARNING - Data lineage tracking is disabled. Register a hook lineage reader to start tracking hook lineage.
[2025-04-30T17:06:57.693+0000] {hook.py:208} WARNING - Data lineage tracking is disabled. Register a hook lineage reader to start tracking hook lineage.
[2025-04-30T17:06:57.697+0000] {my_dag.py:121} INFO - Uploaded stop_points_cleaned_20250430_170657_65761.json to s3://tfl/data/cleaned/stop_points/snapshot_20250430_180241_27537.json at timestamp 20250430_170657_65761
[2025-04-30T17:06:57.779+0000] {hook.py:208} WARNING - Data lineage tracking is disabled. Register a hook lineage reader to start tracking hook lineage.
[2025-04-30T17:06:57.783+0000] {hook.py:208} WARNING - Data lineage tracking is disabled. Register a hook lineage reader to start tracking hook lineage.
[2025-04-30T17:06:57.787+0000] {my_dag.py:121} INFO - Uploaded stop_points_cleaned_20250430_170657_73715.json to s3://tfl/data/cleaned/stop_points/snapshot_20250430_180344_68186.json at timestamp 20250430_170657_73715
[2025-04-30T17:06:57.863+0000] {hook.py:208} WARNING - Data lineage tracking is disabled. Register a hook lineage reader to start tracking hook lineage.
[2025-04-30T17:06:57.868+0000] {hook.py:208} WARNING - Data lineage tracking is disabled. Register a hook lineage reader to start tracking hook lineage.
[2025-04-30T17:06:57.874+0000] {my_dag.py:121} INFO - Uploaded stop_points_cleaned_20250430_170657_82824.json to s3://tfl/data/cleaned/stop_points/snapshot_20250430_180449_11603.json at timestamp 20250430_170657_82824
[2025-04-30T17:06:57.945+0000] {hook.py:208} WARNING - Data lineage tracking is disabled. Register a hook lineage reader to start tracking hook lineage.
[2025-04-30T17:06:57.949+0000] {hook.py:208} WARNING - Data lineage tracking is disabled. Register a hook lineage reader to start tracking hook lineage.
[2025-04-30T17:06:57.952+0000] {my_dag.py:121} INFO - Uploaded stop_points_cleaned_20250430_170657_91458.json to s3://tfl/data/cleaned/stop_points/snapshot_20250430_180521_80765.json at timestamp 20250430_170657_91458
[2025-04-30T17:06:58.035+0000] {hook.py:208} WARNING - Data lineage tracking is disabled. Register a hook lineage reader to start tracking hook lineage.
[2025-04-30T17:06:58.039+0000] {hook.py:208} WARNING - Data lineage tracking is disabled. Register a hook lineage reader to start tracking hook lineage.
[2025-04-30T17:06:58.042+0000] {my_dag.py:121} INFO - Uploaded stop_points_cleaned_20250430_170657_99833.json to s3://tfl/data/cleaned/stop_points/snapshot_20250430_180623_92116.json at timestamp 20250430_170657_99833
[2025-04-30T17:06:58.115+0000] {logging_mixin.py:190} INFO - raw data:  dict_keys(['$type', 'lineId', 'lineName', 'direction', 'stations', 'stops', 'timetable'])
[2025-04-30T17:06:58.219+0000] {hook.py:208} WARNING - Data lineage tracking is disabled. Register a hook lineage reader to start tracking hook lineage.
[2025-04-30T17:06:58.222+0000] {hook.py:208} WARNING - Data lineage tracking is disabled. Register a hook lineage reader to start tracking hook lineage.
[2025-04-30T17:06:58.224+0000] {my_dag.py:121} INFO - Uploaded timetable_cleaned_20250430_170658_13002.json to s3://tfl/data/cleaned/timetables/snapshot_20250430_180210_07278.json at timestamp 20250430_170658_13002
[2025-04-30T17:06:58.271+0000] {logging_mixin.py:190} INFO - raw data:  dict_keys(['$type', 'lineId', 'lineName', 'direction', 'stations', 'stops', 'timetable'])
[2025-04-30T17:06:58.310+0000] {hook.py:208} WARNING - Data lineage tracking is disabled. Register a hook lineage reader to start tracking hook lineage.
[2025-04-30T17:06:58.312+0000] {hook.py:208} WARNING - Data lineage tracking is disabled. Register a hook lineage reader to start tracking hook lineage.
[2025-04-30T17:06:58.314+0000] {my_dag.py:121} INFO - Uploaded timetable_cleaned_20250430_170658_27846.json to s3://tfl/data/cleaned/timetables/snapshot_20250430_180313_66252.json at timestamp 20250430_170658_27846
[2025-04-30T17:06:58.351+0000] {logging_mixin.py:190} INFO - raw data:  dict_keys(['$type', 'lineId', 'lineName', 'direction', 'stations', 'stops', 'timetable'])
[2025-04-30T17:06:58.404+0000] {hook.py:208} WARNING - Data lineage tracking is disabled. Register a hook lineage reader to start tracking hook lineage.
[2025-04-30T17:06:58.406+0000] {hook.py:208} WARNING - Data lineage tracking is disabled. Register a hook lineage reader to start tracking hook lineage.
[2025-04-30T17:06:58.407+0000] {my_dag.py:121} INFO - Uploaded timetable_cleaned_20250430_170658_35692.json to s3://tfl/data/cleaned/timetables/snapshot_20250430_180418_06895.json at timestamp 20250430_170658_35692
[2025-04-30T17:06:58.455+0000] {logging_mixin.py:190} INFO - raw data:  dict_keys(['$type', 'lineId', 'lineName', 'direction', 'stations', 'stops', 'timetable'])
[2025-04-30T17:06:58.872+0000] {hook.py:208} WARNING - Data lineage tracking is disabled. Register a hook lineage reader to start tracking hook lineage.
[2025-04-30T17:06:58.875+0000] {hook.py:208} WARNING - Data lineage tracking is disabled. Register a hook lineage reader to start tracking hook lineage.
[2025-04-30T17:06:58.878+0000] {my_dag.py:121} INFO - Uploaded timetable_cleaned_20250430_170658_70590.json to s3://tfl/data/cleaned/timetables/snapshot_20250430_180552_93580.json at timestamp 20250430_170658_70590
[2025-04-30T17:06:58.933+0000] {python.py:240} INFO - Done. Returned value was: None
[2025-04-30T17:06:58.954+0000] {taskinstance.py:341} INFO - ::group::Post task execution logs
[2025-04-30T17:06:58.958+0000] {taskinstance.py:353} INFO - Marking task as SUCCESS. dag_id=TFL_DATA_DAG_V2, task_id=transform_data, run_id=manual__2025-04-30T16:56:46.946261+00:00, execution_date=20250430T165646, start_date=20250430T170656, end_date=20250430T170658
[2025-04-30T17:06:59.064+0000] {local_task_job_runner.py:266} INFO - Task exited with return code 0
[2025-04-30T17:06:59.102+0000] {taskinstance.py:3901} INFO - 1 downstream tasks scheduled from follow-on schedule check
[2025-04-30T17:06:59.109+0000] {local_task_job_runner.py:245} INFO - ::endgroup::
