[2025-04-26T18:22:09.470+0000] {local_task_job_runner.py:123} INFO - ::group::Pre task execution logs
[2025-04-26T18:22:09.481+0000] {taskinstance.py:2614} INFO - Dependencies all met for dep_context=non-requeueable deps ti=<TaskInstance: TFL_DATA_DAG.load_data manual__2025-04-26T18:12:24.153502+00:00 [queued]>
[2025-04-26T18:22:09.487+0000] {taskinstance.py:2614} INFO - Dependencies all met for dep_context=requeueable deps ti=<TaskInstance: TFL_DATA_DAG.load_data manual__2025-04-26T18:12:24.153502+00:00 [queued]>
[2025-04-26T18:22:09.488+0000] {taskinstance.py:2867} INFO - Starting attempt 2 of 7
[2025-04-26T18:22:09.496+0000] {taskinstance.py:2890} INFO - Executing <Task(PythonOperator): load_data> on 2025-04-26 18:12:24.153502+00:00
[2025-04-26T18:22:09.501+0000] {standard_task_runner.py:104} INFO - Running: ['***', 'tasks', 'run', 'TFL_DATA_DAG', 'load_data', 'manual__2025-04-26T18:12:24.153502+00:00', '--job-id', '392', '--raw', '--subdir', 'DAGS_FOLDER/my_dag.py', '--cfg-path', '/tmp/tmpa8o0hige']
[2025-04-26T18:22:09.503+0000] {standard_task_runner.py:105} INFO - Job 392: Subtask load_data
[2025-04-26T18:22:09.502+0000] {logging_mixin.py:190} WARNING - /home/***/.local/lib/python3.12/site-packages/***/task/task_runner/standard_task_runner.py:70 DeprecationWarning: This process (pid=1616) is multi-threaded, use of fork() may lead to deadlocks in the child.
[2025-04-26T18:22:09.505+0000] {standard_task_runner.py:72} INFO - Started process 1619 to run task
[2025-04-26T18:22:09.559+0000] {task_command.py:467} INFO - Running <TaskInstance: TFL_DATA_DAG.load_data manual__2025-04-26T18:12:24.153502+00:00 [running]> on host 605a3e254bf1
[2025-04-26T18:22:09.608+0000] {taskinstance.py:3134} INFO - Exporting env vars: AIRFLOW_CTX_DAG_OWNER='abdulsalam' AIRFLOW_CTX_DAG_ID='TFL_DATA_DAG' AIRFLOW_CTX_TASK_ID='load_data' AIRFLOW_CTX_EXECUTION_DATE='2025-04-26T18:12:24.153502+00:00' AIRFLOW_CTX_TRY_NUMBER='2' AIRFLOW_CTX_DAG_RUN_ID='manual__2025-04-26T18:12:24.153502+00:00'
[2025-04-26T18:22:09.612+0000] {taskinstance.py:732} INFO - ::endgroup::
[2025-04-26T18:22:09.633+0000] {base.py:84} INFO - Retrieving connection 'snowflake_conn'
[2025-04-26T18:22:09.639+0000] {connection.py:424} INFO - Snowflake Connector for Python Version: 3.13.2, Python Version: 3.12.9, Platform: Linux-6.10.0-linuxkit-x86_64-with-glibc2.36
[2025-04-26T18:22:09.644+0000] {connection.py:1213} INFO - Connecting to GLOBAL Snowflake domain
[2025-04-26T18:22:09.652+0000] {connection.py:1295} INFO - This connection is in OCSP Fail Open Mode. TLS Certificates would be checked for validity and revocation status. Any other Certificate Revocation related exceptions or OCSP Responder failures would be disregarded in favor of connectivity.
[2025-04-26T18:22:11.570+0000] {logging_mixin.py:190} INFO - snowflake conn:  <snowflake.connector.connection.SnowflakeConnection object at 0x7f6ebb6494c0>
[2025-04-26T18:22:11.580+0000] {logging_mixin.py:190} INFO - tt_keys []
[2025-04-26T18:22:11.584+0000] {base.py:84} INFO - Retrieving connection 'minio_conn'
[2025-04-26T18:22:11.585+0000] {connection_wrapper.py:328} INFO - AWS Connection (conn_id='minio_conn', conn_type='aws') credentials retrieved from extra.
[2025-04-26T18:22:13.595+0000] {my_dag.py:289} INFO - Successfully Inserted stop_points_metadata and timetable for 2025-04-26 18:22:13.595170
[2025-04-26T18:22:13.600+0000] {python.py:240} INFO - Done. Returned value was: None
[2025-04-26T18:22:13.610+0000] {taskinstance.py:341} INFO - ::group::Post task execution logs
[2025-04-26T18:22:13.614+0000] {taskinstance.py:353} INFO - Marking task as SUCCESS. dag_id=TFL_DATA_DAG, task_id=load_data, run_id=manual__2025-04-26T18:12:24.153502+00:00, execution_date=20250426T181224, start_date=20250426T182209, end_date=20250426T182213
[2025-04-26T18:22:13.662+0000] {local_task_job_runner.py:266} INFO - Task exited with return code 0
[2025-04-26T18:22:13.677+0000] {taskinstance.py:3901} INFO - 0 downstream tasks scheduled from follow-on schedule check
[2025-04-26T18:22:13.684+0000] {local_task_job_runner.py:245} INFO - ::endgroup::
