[2025-04-26T18:48:33.790+0000] {local_task_job_runner.py:123} INFO - ::group::Pre task execution logs
[2025-04-26T18:48:33.817+0000] {taskinstance.py:2614} INFO - Dependencies all met for dep_context=non-requeueable deps ti=<TaskInstance: TFL_DATA_DAG.load_data manual__2025-04-26T18:12:24.153502+00:00 [queued]>
[2025-04-26T18:48:33.832+0000] {taskinstance.py:2614} INFO - Dependencies all met for dep_context=requeueable deps ti=<TaskInstance: TFL_DATA_DAG.load_data manual__2025-04-26T18:12:24.153502+00:00 [queued]>
[2025-04-26T18:48:33.833+0000] {taskinstance.py:2867} INFO - Starting attempt 12 of 17
[2025-04-26T18:48:33.854+0000] {taskinstance.py:2890} INFO - Executing <Task(PythonOperator): load_data> on 2025-04-26 18:12:24.153502+00:00
[2025-04-26T18:48:33.866+0000] {logging_mixin.py:190} WARNING - /home/***/.local/lib/python3.12/site-packages/***/task/task_runner/standard_task_runner.py:70 DeprecationWarning: This process (pid=2923) is multi-threaded, use of fork() may lead to deadlocks in the child.
[2025-04-26T18:48:33.869+0000] {standard_task_runner.py:72} INFO - Started process 2926 to run task
[2025-04-26T18:48:33.867+0000] {standard_task_runner.py:104} INFO - Running: ['***', 'tasks', 'run', 'TFL_DATA_DAG', 'load_data', 'manual__2025-04-26T18:12:24.153502+00:00', '--job-id', '413', '--raw', '--subdir', 'DAGS_FOLDER/my_dag.py', '--cfg-path', '/tmp/tmpl9w72600']
[2025-04-26T18:48:33.871+0000] {standard_task_runner.py:105} INFO - Job 413: Subtask load_data
[2025-04-26T18:48:33.950+0000] {task_command.py:467} INFO - Running <TaskInstance: TFL_DATA_DAG.load_data manual__2025-04-26T18:12:24.153502+00:00 [running]> on host 605a3e254bf1
[2025-04-26T18:48:34.045+0000] {taskinstance.py:3134} INFO - Exporting env vars: AIRFLOW_CTX_DAG_OWNER='abdulsalam' AIRFLOW_CTX_DAG_ID='TFL_DATA_DAG' AIRFLOW_CTX_TASK_ID='load_data' AIRFLOW_CTX_EXECUTION_DATE='2025-04-26T18:12:24.153502+00:00' AIRFLOW_CTX_TRY_NUMBER='12' AIRFLOW_CTX_DAG_RUN_ID='manual__2025-04-26T18:12:24.153502+00:00'
[2025-04-26T18:48:34.048+0000] {taskinstance.py:732} INFO - ::endgroup::
[2025-04-26T18:48:34.082+0000] {base.py:84} INFO - Retrieving connection 'snowflake_conn'
[2025-04-26T18:48:34.085+0000] {connection.py:424} INFO - Snowflake Connector for Python Version: 3.13.2, Python Version: 3.12.9, Platform: Linux-6.10.0-linuxkit-x86_64-with-glibc2.36
[2025-04-26T18:48:34.089+0000] {connection.py:1213} INFO - Connecting to GLOBAL Snowflake domain
[2025-04-26T18:48:34.092+0000] {connection.py:1295} INFO - This connection is in OCSP Fail Open Mode. TLS Certificates would be checked for validity and revocation status. Any other Certificate Revocation related exceptions or OCSP Responder failures would be disregarded in favor of connectivity.
[2025-04-26T18:48:36.174+0000] {logging_mixin.py:190} INFO - snowflake conn:  <snowflake.connector.connection.SnowflakeConnection object at 0x7f6eb958f830>
[2025-04-26T18:48:36.200+0000] {logging_mixin.py:190} INFO - tt_keys ['data/cleaned/timetables/snapshot_20250426_181342_69709.json', 'data/cleaned/timetables/snapshot_20250426_181455_18260.json']
[2025-04-26T18:48:36.211+0000] {base.py:84} INFO - Retrieving connection 'minio_conn'
[2025-04-26T18:48:36.213+0000] {connection_wrapper.py:328} INFO - AWS Connection (conn_id='minio_conn', conn_type='aws') credentials retrieved from extra.
[2025-04-26T18:48:39.947+0000] {logging_mixin.py:190} INFO - Inserting into timetables with id:  403
[2025-04-26T18:48:39.949+0000] {logging_mixin.py:190} INFO - starting
[2025-04-26T18:48:39.951+0000] {logging_mixin.py:190} INFO - for key:  Friday
[2025-04-26T18:48:40.663+0000] {logging_mixin.py:190} INFO - sched len:  115
[2025-04-26T18:48:40.667+0000] {logging_mixin.py:190} INFO - ti len:  115
[2025-04-26T18:48:40.669+0000] {logging_mixin.py:190} INFO - 1900-01-01T00:09:00
[2025-04-26T18:48:44.072+0000] {logging_mixin.py:190} INFO - 1900-01-01T00:24:00
[2025-04-26T18:48:45.939+0000] {logging_mixin.py:190} INFO - 1900-01-01T00:41:00
[2025-04-26T18:48:50.766+0000] {logging_mixin.py:190} INFO - 1900-01-01T01:11:00
[2025-04-26T18:48:53.515+0000] {logging_mixin.py:190} INFO - 1900-01-01T01:41:00
[2025-04-26T18:48:54.682+0000] {logging_mixin.py:190} INFO - 1900-01-01T02:10:00
[2025-04-26T18:48:56.842+0000] {logging_mixin.py:190} INFO - 1900-01-01T02:40:00
[2025-04-26T18:48:58.734+0000] {logging_mixin.py:190} INFO - 1900-01-01T03:10:00
[2025-04-26T18:49:00.416+0000] {logging_mixin.py:190} INFO - 1900-01-01T03:40:00
[2025-04-26T18:49:02.772+0000] {logging_mixin.py:190} INFO - 1900-01-01T04:10:00
[2025-04-26T18:49:04.308+0000] {logging_mixin.py:190} INFO - 1900-01-01T04:40:00
[2025-04-26T18:49:06.461+0000] {logging_mixin.py:190} INFO - 1900-01-01T04:54:00
[2025-04-26T18:49:09.837+0000] {logging_mixin.py:190} INFO - 1900-01-01T05:09:00
[2025-04-26T18:49:14.958+0000] {logging_mixin.py:190} INFO - 1900-01-01T05:23:00
[2025-04-26T18:49:17.529+0000] {logging_mixin.py:190} INFO - 1900-01-01T05:35:00
[2025-04-26T18:49:20.899+0000] {logging_mixin.py:190} INFO - 1900-01-01T05:45:00
[2025-04-26T18:49:24.511+0000] {logging_mixin.py:190} INFO - 1900-01-01T05:55:00
[2025-04-26T18:49:26.136+0000] {logging_mixin.py:190} INFO - 1900-01-01T06:05:00
[2025-04-26T18:49:28.168+0000] {logging_mixin.py:190} INFO - 1900-01-01T06:16:00
[2025-04-26T18:49:32.676+0000] {logging_mixin.py:190} INFO - 1900-01-01T06:26:00
[2025-04-26T18:49:34.925+0000] {logging_mixin.py:190} INFO - 1900-01-01T06:36:00
[2025-04-26T18:49:37.077+0000] {logging_mixin.py:190} INFO - 1900-01-01T06:46:00
[2025-04-26T18:49:45.269+0000] {logging_mixin.py:190} INFO - 1900-01-01T06:56:00
[2025-04-26T18:49:46.908+0000] {logging_mixin.py:190} INFO - 1900-01-01T07:05:00
[2025-04-26T18:49:54.574+0000] {logging_mixin.py:190} INFO - 1900-01-01T07:17:00
[2025-04-26T18:50:04.731+0000] {local_task_job_runner.py:346} WARNING - State of this instance has been externally set to success. Terminating instance.
[2025-04-26T18:50:04.735+0000] {local_task_job_runner.py:245} INFO - ::endgroup::
[2025-04-26T18:50:04.741+0000] {process_utils.py:132} INFO - Sending 15 to group 2926. PIDs of all processes in the group: [2926]
[2025-04-26T18:50:04.745+0000] {process_utils.py:87} INFO - Sending the signal 15 to group 2926
[2025-04-26T18:50:04.754+0000] {taskinstance.py:3094} ERROR - Received SIGTERM. Terminating subprocesses.
[2025-04-26T18:50:04.777+0000] {taskinstance.py:3095} ERROR - Stacktrace: 
  File "/home/***/.local/bin/***", line 8, in <module>
    sys.exit(main())
  File "/home/***/.local/lib/python3.12/site-packages/***/__main__.py", line 62, in main
    args.func(args)
  File "/home/***/.local/lib/python3.12/site-packages/***/cli/cli_config.py", line 49, in command
    return func(*args, **kwargs)
  File "/home/***/.local/lib/python3.12/site-packages/***/utils/cli.py", line 116, in wrapper
    return f(*args, **kwargs)
  File "/home/***/.local/lib/python3.12/site-packages/***/utils/providers_configuration_loader.py", line 55, in wrapped_function
    return func(*args, **kwargs)
  File "/home/***/.local/lib/python3.12/site-packages/***/cli/commands/scheduler_command.py", line 56, in scheduler
    run_command_with_daemon_option(
  File "/home/***/.local/lib/python3.12/site-packages/***/cli/commands/daemon_utils.py", line 86, in run_command_with_daemon_option
    callback()
  File "/home/***/.local/lib/python3.12/site-packages/***/cli/commands/scheduler_command.py", line 59, in <lambda>
    callback=lambda: _run_scheduler_job(args),
  File "/home/***/.local/lib/python3.12/site-packages/***/cli/commands/scheduler_command.py", line 47, in _run_scheduler_job
    run_job(job=job_runner.job, execute_callable=job_runner._execute)
  File "/home/***/.local/lib/python3.12/site-packages/***/utils/session.py", line 97, in wrapper
    return func(*args, session=session, **kwargs)
  File "/home/***/.local/lib/python3.12/site-packages/***/jobs/job.py", line 421, in run_job
    return execute_job(job, execute_callable=execute_callable)
  File "/home/***/.local/lib/python3.12/site-packages/***/jobs/job.py", line 450, in execute_job
    ret = execute_callable()
  File "/home/***/.local/lib/python3.12/site-packages/***/jobs/scheduler_job_runner.py", line 990, in _execute
    executor.start()
  File "/home/***/.local/lib/python3.12/site-packages/***/executors/local_executor.py", line 392, in start
    self.impl.start()
  File "/home/***/.local/lib/python3.12/site-packages/***/executors/local_executor.py", line 330, in start
    worker.start()
  File "/usr/local/lib/python3.12/multiprocessing/process.py", line 121, in start
    self._popen = self._Popen(self)
  File "/usr/local/lib/python3.12/multiprocessing/context.py", line 224, in _Popen
    return _default_context.get_context().Process._Popen(process_obj)
  File "/usr/local/lib/python3.12/multiprocessing/context.py", line 282, in _Popen
    return Popen(process_obj)
  File "/usr/local/lib/python3.12/multiprocessing/popen_fork.py", line 19, in __init__
    self._launch(process_obj)
  File "/usr/local/lib/python3.12/multiprocessing/popen_fork.py", line 71, in _launch
    code = process_obj._bootstrap(parent_sentinel=child_r)
  File "/usr/local/lib/python3.12/multiprocessing/process.py", line 314, in _bootstrap
    self.run()
  File "/home/***/.local/lib/python3.12/site-packages/***/executors/local_executor.py", line 80, in run
    return super().run()
  File "/usr/local/lib/python3.12/multiprocessing/process.py", line 108, in run
    self._target(*self._args, **self._kwargs)
  File "/home/***/.local/lib/python3.12/site-packages/***/traces/tracer.py", line 58, in wrapper
    return func(*args, **kwargs)
  File "/home/***/.local/lib/python3.12/site-packages/***/executors/local_executor.py", line 211, in do_work
    self.execute_work(key=key, command=command)
  File "/home/***/.local/lib/python3.12/site-packages/***/traces/tracer.py", line 58, in wrapper
    return func(*args, **kwargs)
  File "/home/***/.local/lib/python3.12/site-packages/***/executors/local_executor.py", line 100, in execute_work
    state = self._execute_work_in_fork(command)
  File "/home/***/.local/lib/python3.12/site-packages/***/traces/tracer.py", line 58, in wrapper
    return func(*args, **kwargs)
  File "/home/***/.local/lib/python3.12/site-packages/***/executors/local_executor.py", line 142, in _execute_work_in_fork
    args.func(args)
  File "/home/***/.local/lib/python3.12/site-packages/***/cli/cli_config.py", line 49, in command
    return func(*args, **kwargs)
  File "/home/***/.local/lib/python3.12/site-packages/***/utils/cli.py", line 116, in wrapper
    return f(*args, **kwargs)
  File "/home/***/.local/lib/python3.12/site-packages/***/cli/commands/task_command.py", line 483, in task_run
    task_return_code = _run_task_by_selected_method(args, _dag, ti)
  File "/home/***/.local/lib/python3.12/site-packages/***/cli/commands/task_command.py", line 254, in _run_task_by_selected_method
    return _run_task_by_local_task_job(args, ti)
  File "/home/***/.local/lib/python3.12/site-packages/***/cli/commands/task_command.py", line 322, in _run_task_by_local_task_job
    ret = run_job(job=job_runner.job, execute_callable=job_runner._execute)
  File "/home/***/.local/lib/python3.12/site-packages/***/utils/session.py", line 97, in wrapper
    return func(*args, session=session, **kwargs)
  File "/home/***/.local/lib/python3.12/site-packages/***/jobs/job.py", line 421, in run_job
    return execute_job(job, execute_callable=execute_callable)
  File "/home/***/.local/lib/python3.12/site-packages/***/jobs/job.py", line 450, in execute_job
    ret = execute_callable()
  File "/home/***/.local/lib/python3.12/site-packages/***/jobs/local_task_job_runner.py", line 171, in _execute
    self.task_runner.start()
  File "/home/***/.local/lib/python3.12/site-packages/***/task/task_runner/standard_task_runner.py", line 55, in start
    self.process = self._start_by_fork()
  File "/home/***/.local/lib/python3.12/site-packages/***/task/task_runner/standard_task_runner.py", line 117, in _start_by_fork
    ret = args.func(args, dag=self.dag)
  File "/home/***/.local/lib/python3.12/site-packages/***/cli/cli_config.py", line 49, in command
    return func(*args, **kwargs)
  File "/home/***/.local/lib/python3.12/site-packages/***/utils/cli.py", line 116, in wrapper
    return f(*args, **kwargs)
  File "/home/***/.local/lib/python3.12/site-packages/***/cli/commands/task_command.py", line 483, in task_run
    task_return_code = _run_task_by_selected_method(args, _dag, ti)
  File "/home/***/.local/lib/python3.12/site-packages/***/cli/commands/task_command.py", line 256, in _run_task_by_selected_method
    return _run_raw_task(args, ti)
  File "/home/***/.local/lib/python3.12/site-packages/***/cli/commands/task_command.py", line 341, in _run_raw_task
    return ti._run_raw_task(
  File "/home/***/.local/lib/python3.12/site-packages/***/utils/session.py", line 97, in wrapper
    return func(*args, session=session, **kwargs)
  File "/home/***/.local/lib/python3.12/site-packages/***/models/taskinstance.py", line 3006, in _run_raw_task
    return _run_raw_task(
  File "/home/***/.local/lib/python3.12/site-packages/***/models/taskinstance.py", line 274, in _run_raw_task
    TaskInstance._execute_task_with_callbacks(
  File "/home/***/.local/lib/python3.12/site-packages/***/models/taskinstance.py", line 3161, in _execute_task_with_callbacks
    result = self._execute_task(context, task_orig)
  File "/home/***/.local/lib/python3.12/site-packages/***/models/taskinstance.py", line 3185, in _execute_task
    return _execute_task(self, context, task_orig)
  File "/home/***/.local/lib/python3.12/site-packages/***/models/taskinstance.py", line 768, in _execute_task
    result = _execute_callable(context=context, **execute_callable_kwargs)
  File "/home/***/.local/lib/python3.12/site-packages/***/models/taskinstance.py", line 734, in _execute_callable
    return ExecutionCallableRunner(
  File "/home/***/.local/lib/python3.12/site-packages/***/utils/operator_helpers.py", line 252, in run
    return self.func(*args, **kwargs)
  File "/home/***/.local/lib/python3.12/site-packages/***/models/baseoperator.py", line 424, in wrapper
    return func(self, *args, **kwargs)
  File "/home/***/.local/lib/python3.12/site-packages/***/operators/python.py", line 238, in execute
    return_value = self.execute_callable()
  File "/home/***/.local/lib/python3.12/site-packages/***/operators/python.py", line 256, in execute_callable
    return runner.run(*self.op_args, **self.op_kwargs)
  File "/home/***/.local/lib/python3.12/site-packages/***/utils/operator_helpers.py", line 252, in run
    return self.func(*args, **kwargs)
  File "/opt/***/dags/my_dag.py", line 276, in load_data
    rows = ins.fetchall()
  File "/home/***/.local/lib/python3.12/site-packages/snowflake/connector/cursor.py", line 994, in execute
    ret = self._execute_helper(query, **kwargs)
  File "/home/***/.local/lib/python3.12/site-packages/snowflake/connector/cursor.py", line 700, in _execute_helper
    ret = self._connection.cmd_query(
  File "/home/***/.local/lib/python3.12/site-packages/snowflake/connector/connection.py", line 1368, in cmd_query
    ret = self.rest.request(
  File "/home/***/.local/lib/python3.12/site-packages/snowflake/connector/network.py", line 501, in request
    return self._post_request(
  File "/home/***/.local/lib/python3.12/site-packages/snowflake/connector/network.py", line 749, in _post_request
    ret = self.fetch(
  File "/home/***/.local/lib/python3.12/site-packages/snowflake/connector/network.py", line 864, in fetch
    ret = self._request_exec_wrapper(
  File "/home/***/.local/lib/python3.12/site-packages/snowflake/connector/network.py", line 914, in _request_exec_wrapper
    return_object = self._request_exec(
  File "/home/***/.local/lib/python3.12/site-packages/snowflake/connector/network.py", line 1081, in _request_exec
    raw_ret = session.request(
  File "/home/***/.local/lib/python3.12/site-packages/snowflake/connector/vendored/requests/sessions.py", line 589, in request
    resp = self.send(prep, **send_kwargs)
  File "/home/***/.local/lib/python3.12/site-packages/snowflake/connector/vendored/requests/sessions.py", line 747, in send
    r.content
  File "/home/***/.local/lib/python3.12/site-packages/snowflake/connector/vendored/requests/models.py", line 899, in content
    self._content = b"".join(self.iter_content(CONTENT_CHUNK_SIZE)) or b""
  File "/home/***/.local/lib/python3.12/site-packages/snowflake/connector/vendored/requests/models.py", line 816, in generate
    yield from self.raw.stream(chunk_size, decode_content=True)
  File "/home/***/.local/lib/python3.12/site-packages/snowflake/connector/vendored/urllib3/response.py", line 624, in stream
    for line in self.read_chunked(amt, decode_content=decode_content):
  File "/home/***/.local/lib/python3.12/site-packages/snowflake/connector/vendored/urllib3/response.py", line 828, in read_chunked
    self._update_chunk_length()
  File "/home/***/.local/lib/python3.12/site-packages/snowflake/connector/vendored/urllib3/response.py", line 758, in _update_chunk_length
    line = self._fp.fp.readline()
  File "/usr/local/lib/python3.12/socket.py", line 720, in readinto
    return self._sock.recv_into(b)
  File "/home/***/.local/lib/python3.12/site-packages/snowflake/connector/vendored/urllib3/contrib/pyopenssl.py", line 330, in recv_into
    if not util.wait_for_read(self.socket, self.socket.gettimeout()):
  File "/home/***/.local/lib/python3.12/site-packages/snowflake/connector/vendored/urllib3/util/wait.py", line 145, in wait_for_read
    return wait_for_socket(sock, read=True, timeout=timeout)
  File "/home/***/.local/lib/python3.12/site-packages/snowflake/connector/vendored/urllib3/util/wait.py", line 106, in poll_wait_for_socket
    return bool(_retry_on_intr(do_poll, timeout))
  File "/home/***/.local/lib/python3.12/site-packages/snowflake/connector/vendored/urllib3/util/wait.py", line 43, in _retry_on_intr
    return fn(timeout)
  File "/home/***/.local/lib/python3.12/site-packages/snowflake/connector/vendored/urllib3/util/wait.py", line 104, in do_poll
    return poll_obj.poll(t)
  File "/home/***/.local/lib/python3.12/site-packages/***/models/taskinstance.py", line 3095, in signal_handler
    self.log.error("Stacktrace: \n%s", "".join(traceback.format_stack()))

[2025-04-26T18:50:04.826+0000] {taskinstance.py:341} INFO - ::group::Post task execution logs
[2025-04-26T18:50:04.851+0000] {process_utils.py:80} INFO - Process psutil.Process(pid=2926, status='terminated', exitcode=0, started='18:48:33') (2926) terminated with exit code 0
