[2025-04-26T18:37:28.234+0000] {local_task_job_runner.py:123} INFO - ::group::Pre task execution logs
[2025-04-26T18:37:28.246+0000] {taskinstance.py:2614} INFO - Dependencies all met for dep_context=non-requeueable deps ti=<TaskInstance: TFL_DATA_DAG.load_data manual__2025-04-26T18:12:24.153502+00:00 [queued]>
[2025-04-26T18:37:28.251+0000] {taskinstance.py:2614} INFO - Dependencies all met for dep_context=requeueable deps ti=<TaskInstance: TFL_DATA_DAG.load_data manual__2025-04-26T18:12:24.153502+00:00 [queued]>
[2025-04-26T18:37:28.252+0000] {taskinstance.py:2867} INFO - Starting attempt 6 of 9
[2025-04-26T18:37:28.259+0000] {taskinstance.py:2890} INFO - Executing <Task(PythonOperator): load_data> on 2025-04-26 18:12:24.153502+00:00
[2025-04-26T18:37:28.264+0000] {standard_task_runner.py:104} INFO - Running: ['***', 'tasks', 'run', 'TFL_DATA_DAG', 'load_data', 'manual__2025-04-26T18:12:24.153502+00:00', '--job-id', '405', '--raw', '--subdir', 'DAGS_FOLDER/my_dag.py', '--cfg-path', '/tmp/tmpl1iex7yh']
[2025-04-26T18:37:28.266+0000] {standard_task_runner.py:105} INFO - Job 405: Subtask load_data
[2025-04-26T18:37:28.266+0000] {logging_mixin.py:190} WARNING - /home/***/.local/lib/python3.12/site-packages/***/task/task_runner/standard_task_runner.py:70 DeprecationWarning: This process (pid=2396) is multi-threaded, use of fork() may lead to deadlocks in the child.
[2025-04-26T18:37:28.268+0000] {standard_task_runner.py:72} INFO - Started process 2399 to run task
[2025-04-26T18:37:28.307+0000] {task_command.py:467} INFO - Running <TaskInstance: TFL_DATA_DAG.load_data manual__2025-04-26T18:12:24.153502+00:00 [running]> on host 605a3e254bf1
[2025-04-26T18:37:28.351+0000] {taskinstance.py:3134} INFO - Exporting env vars: AIRFLOW_CTX_DAG_OWNER='abdulsalam' AIRFLOW_CTX_DAG_ID='TFL_DATA_DAG' AIRFLOW_CTX_TASK_ID='load_data' AIRFLOW_CTX_EXECUTION_DATE='2025-04-26T18:12:24.153502+00:00' AIRFLOW_CTX_TRY_NUMBER='6' AIRFLOW_CTX_DAG_RUN_ID='manual__2025-04-26T18:12:24.153502+00:00'
[2025-04-26T18:37:28.353+0000] {taskinstance.py:732} INFO - ::endgroup::
[2025-04-26T18:37:28.365+0000] {base.py:84} INFO - Retrieving connection 'snowflake_conn'
[2025-04-26T18:37:28.367+0000] {connection.py:424} INFO - Snowflake Connector for Python Version: 3.13.2, Python Version: 3.12.9, Platform: Linux-6.10.0-linuxkit-x86_64-with-glibc2.36
[2025-04-26T18:37:28.369+0000] {connection.py:1213} INFO - Connecting to GLOBAL Snowflake domain
[2025-04-26T18:37:28.370+0000] {connection.py:1295} INFO - This connection is in OCSP Fail Open Mode. TLS Certificates would be checked for validity and revocation status. Any other Certificate Revocation related exceptions or OCSP Responder failures would be disregarded in favor of connectivity.
[2025-04-26T18:37:29.954+0000] {logging_mixin.py:190} INFO - snowflake conn:  <snowflake.connector.connection.SnowflakeConnection object at 0x7f6ebb645f40>
[2025-04-26T18:37:29.963+0000] {logging_mixin.py:190} INFO - tt_keys ['data/cleaned/timetables/snapshot_20250426_181342_69709.json', 'data/cleaned/timetables/snapshot_20250426_181455_18260.json']
[2025-04-26T18:37:29.967+0000] {base.py:84} INFO - Retrieving connection 'minio_conn'
[2025-04-26T18:37:29.968+0000] {connection_wrapper.py:328} INFO - AWS Connection (conn_id='minio_conn', conn_type='aws') credentials retrieved from extra.
[2025-04-26T18:37:32.657+0000] {logging_mixin.py:190} INFO - Inserting into timetables with id:  101
[2025-04-26T18:37:32.658+0000] {logging_mixin.py:190} INFO - starting
[2025-04-26T18:37:32.659+0000] {logging_mixin.py:190} INFO - for key:  Friday
[2025-04-26T18:37:33.064+0000] {logging_mixin.py:190} INFO - ['1900-01-01T00:09:00', '1900-01-01T00:24:00', '1900-01-01T00:41:00', '1900-01-01T01:11:00', '1900-01-01T01:41:00', '1900-01-01T02:10:00', '1900-01-01T02:40:00', '1900-01-01T03:10:00', '1900-01-01T03:40:00', '1900-01-01T04:10:00', '1900-01-01T04:40:00', '1900-01-01T04:54:00', '1900-01-01T05:09:00', '1900-01-01T05:23:00', '1900-01-01T05:35:00', '1900-01-01T05:45:00', '1900-01-01T05:55:00', '1900-01-01T06:05:00', '1900-01-01T06:16:00', '1900-01-01T06:26:00', '1900-01-01T06:36:00', '1900-01-01T06:46:00', '1900-01-01T06:56:00', '1900-01-01T07:05:00', '1900-01-01T07:17:00', '1900-01-01T07:27:00', '1900-01-01T07:37:00', '1900-01-01T07:46:00', '1900-01-01T07:56:00', '1900-01-01T08:06:00', '1900-01-01T08:18:00', '1900-01-01T08:26:00', '1900-01-01T08:35:00', '1900-01-01T08:43:00', '1900-01-01T08:52:00', '1900-01-01T09:00:00', '1900-01-01T09:09:00', '1900-01-01T09:17:00', '1900-01-01T09:27:00', '1900-01-01T09:37:00', '1900-01-01T09:48:00', '1900-01-01T09:59:00', '1900-01-01T10:10:00', '1900-01-01T10:21:00', '1900-01-01T10:32:00', '1900-01-01T10:43:00', '1900-01-01T10:54:00', '1900-01-01T11:05:00', '1900-01-01T11:16:00', '1900-01-01T11:27:00', '1900-01-01T11:38:00', '1900-01-01T11:49:00', '1900-01-01T12:00:00', '1900-01-01T12:11:00', '1900-01-01T12:22:00', '1900-01-01T12:32:00', '1900-01-01T12:43:00', '1900-01-01T12:54:00', '1900-01-01T13:05:00', '1900-01-01T13:16:00', '1900-01-01T13:27:00', '1900-01-01T13:38:00', '1900-01-01T13:49:00', '1900-01-01T14:00:00', '1900-01-01T14:11:00', '1900-01-01T14:22:00', '1900-01-01T14:33:00', '1900-01-01T14:44:00', '1900-01-01T14:55:00', '1900-01-01T15:06:00', '1900-01-01T15:18:00', '1900-01-01T15:29:00', '1900-01-01T15:40:00', '1900-01-01T15:51:00', '1900-01-01T16:02:00', '1900-01-01T16:13:00', '1900-01-01T16:24:00', '1900-01-01T16:35:00', '1900-01-01T16:46:00', '1900-01-01T16:57:00', '1900-01-01T17:08:00', '1900-01-01T17:18:00', '1900-01-01T17:29:00', '1900-01-01T17:40:00', '1900-01-01T17:51:00', '1900-01-01T18:02:00', '1900-01-01T18:13:00', '1900-01-01T18:24:00', '1900-01-01T18:35:00', '1900-01-01T18:46:00', '1900-01-01T18:57:00', '1900-01-01T19:08:00', '1900-01-01T19:17:00', '1900-01-01T19:28:00', '1900-01-01T19:39:00', '1900-01-01T19:51:00', '1900-01-01T20:03:00', '1900-01-01T20:14:00', '1900-01-01T20:26:00', '1900-01-01T20:38:00', '1900-01-01T20:50:00', '1900-01-01T21:02:00', '1900-01-01T21:14:00', '1900-01-01T21:27:00', '1900-01-01T21:40:00', '1900-01-01T21:53:00', '1900-01-01T22:06:00', '1900-01-01T22:18:00', '1900-01-01T22:31:00', '1900-01-01T22:44:00', '1900-01-01T22:57:00', '1900-01-01T23:09:00', '1900-01-01T23:24:00', '1900-01-01T23:39:00', '1900-01-01T23:54:00']
[2025-04-26T18:37:33.066+0000] {taskinstance.py:3313} ERROR - Task failed with exception
Traceback (most recent call last):
  File "/home/airflow/.local/lib/python3.12/site-packages/airflow/models/taskinstance.py", line 768, in _execute_task
    result = _execute_callable(context=context, **execute_callable_kwargs)
             ^^^^^^^^^^^^^^^^^^^^^^^^^^^^^^^^^^^^^^^^^^^^^^^^^^^^^^^^^^^^^
  File "/home/airflow/.local/lib/python3.12/site-packages/airflow/models/taskinstance.py", line 734, in _execute_callable
    return ExecutionCallableRunner(
           ^^^^^^^^^^^^^^^^^^^^^^^^
  File "/home/airflow/.local/lib/python3.12/site-packages/airflow/utils/operator_helpers.py", line 252, in run
    return self.func(*args, **kwargs)
           ^^^^^^^^^^^^^^^^^^^^^^^^^^
  File "/home/airflow/.local/lib/python3.12/site-packages/airflow/models/baseoperator.py", line 424, in wrapper
    return func(self, *args, **kwargs)
           ^^^^^^^^^^^^^^^^^^^^^^^^^^^
  File "/home/airflow/.local/lib/python3.12/site-packages/airflow/operators/python.py", line 238, in execute
    return_value = self.execute_callable()
                   ^^^^^^^^^^^^^^^^^^^^^^^
  File "/home/airflow/.local/lib/python3.12/site-packages/airflow/operators/python.py", line 256, in execute_callable
    return runner.run(*self.op_args, **self.op_kwargs)
           ^^^^^^^^^^^^^^^^^^^^^^^^^^^^^^^^^^^^^^^^^^^
  File "/home/airflow/.local/lib/python3.12/site-packages/airflow/utils/operator_helpers.py", line 252, in run
    return self.func(*args, **kwargs)
           ^^^^^^^^^^^^^^^^^^^^^^^^^^
  File "/opt/airflow/dags/my_dag.py", line 272, in load_data
    time = schedule.split("T")[-1]
           ^^^^^^^^^^^^^^
AttributeError: 'list' object has no attribute 'split'
[2025-04-26T18:37:33.077+0000] {taskinstance.py:1226} INFO - Marking task as UP_FOR_RETRY. dag_id=TFL_DATA_DAG, task_id=load_data, run_id=manual__2025-04-26T18:12:24.153502+00:00, execution_date=20250426T181224, start_date=20250426T183728, end_date=20250426T183733
[2025-04-26T18:37:33.094+0000] {taskinstance.py:341} INFO - ::group::Post task execution logs
[2025-04-26T18:37:33.094+0000] {standard_task_runner.py:124} ERROR - Failed to execute job 405 for task load_data ('list' object has no attribute 'split'; 2399)
Traceback (most recent call last):
  File "/home/airflow/.local/lib/python3.12/site-packages/airflow/task/task_runner/standard_task_runner.py", line 117, in _start_by_fork
    ret = args.func(args, dag=self.dag)
          ^^^^^^^^^^^^^^^^^^^^^^^^^^^^^
  File "/home/airflow/.local/lib/python3.12/site-packages/airflow/cli/cli_config.py", line 49, in command
    return func(*args, **kwargs)
           ^^^^^^^^^^^^^^^^^^^^^
  File "/home/airflow/.local/lib/python3.12/site-packages/airflow/utils/cli.py", line 116, in wrapper
    return f(*args, **kwargs)
           ^^^^^^^^^^^^^^^^^^
  File "/home/airflow/.local/lib/python3.12/site-packages/airflow/cli/commands/task_command.py", line 483, in task_run
    task_return_code = _run_task_by_selected_method(args, _dag, ti)
                       ^^^^^^^^^^^^^^^^^^^^^^^^^^^^^^^^^^^^^^^^^^^^
  File "/home/airflow/.local/lib/python3.12/site-packages/airflow/cli/commands/task_command.py", line 256, in _run_task_by_selected_method
    return _run_raw_task(args, ti)
           ^^^^^^^^^^^^^^^^^^^^^^^
  File "/home/airflow/.local/lib/python3.12/site-packages/airflow/cli/commands/task_command.py", line 341, in _run_raw_task
    return ti._run_raw_task(
           ^^^^^^^^^^^^^^^^^
  File "/home/airflow/.local/lib/python3.12/site-packages/airflow/utils/session.py", line 97, in wrapper
    return func(*args, session=session, **kwargs)
           ^^^^^^^^^^^^^^^^^^^^^^^^^^^^^^^^^^^^^^
  File "/home/airflow/.local/lib/python3.12/site-packages/airflow/models/taskinstance.py", line 3006, in _run_raw_task
    return _run_raw_task(
           ^^^^^^^^^^^^^^
  File "/home/airflow/.local/lib/python3.12/site-packages/airflow/models/taskinstance.py", line 274, in _run_raw_task
    TaskInstance._execute_task_with_callbacks(
  File "/home/airflow/.local/lib/python3.12/site-packages/airflow/models/taskinstance.py", line 3161, in _execute_task_with_callbacks
    result = self._execute_task(context, task_orig)
             ^^^^^^^^^^^^^^^^^^^^^^^^^^^^^^^^^^^^^^
  File "/home/airflow/.local/lib/python3.12/site-packages/airflow/models/taskinstance.py", line 3185, in _execute_task
    return _execute_task(self, context, task_orig)
           ^^^^^^^^^^^^^^^^^^^^^^^^^^^^^^^^^^^^^^^
  File "/home/airflow/.local/lib/python3.12/site-packages/airflow/models/taskinstance.py", line 768, in _execute_task
    result = _execute_callable(context=context, **execute_callable_kwargs)
             ^^^^^^^^^^^^^^^^^^^^^^^^^^^^^^^^^^^^^^^^^^^^^^^^^^^^^^^^^^^^^
  File "/home/airflow/.local/lib/python3.12/site-packages/airflow/models/taskinstance.py", line 734, in _execute_callable
    return ExecutionCallableRunner(
           ^^^^^^^^^^^^^^^^^^^^^^^^
  File "/home/airflow/.local/lib/python3.12/site-packages/airflow/utils/operator_helpers.py", line 252, in run
    return self.func(*args, **kwargs)
           ^^^^^^^^^^^^^^^^^^^^^^^^^^
  File "/home/airflow/.local/lib/python3.12/site-packages/airflow/models/baseoperator.py", line 424, in wrapper
    return func(self, *args, **kwargs)
           ^^^^^^^^^^^^^^^^^^^^^^^^^^^
  File "/home/airflow/.local/lib/python3.12/site-packages/airflow/operators/python.py", line 238, in execute
    return_value = self.execute_callable()
                   ^^^^^^^^^^^^^^^^^^^^^^^
  File "/home/airflow/.local/lib/python3.12/site-packages/airflow/operators/python.py", line 256, in execute_callable
    return runner.run(*self.op_args, **self.op_kwargs)
           ^^^^^^^^^^^^^^^^^^^^^^^^^^^^^^^^^^^^^^^^^^^
  File "/home/airflow/.local/lib/python3.12/site-packages/airflow/utils/operator_helpers.py", line 252, in run
    return self.func(*args, **kwargs)
           ^^^^^^^^^^^^^^^^^^^^^^^^^^
  File "/opt/airflow/dags/my_dag.py", line 272, in load_data
    time = schedule.split("T")[-1]
           ^^^^^^^^^^^^^^
AttributeError: 'list' object has no attribute 'split'
[2025-04-26T18:37:33.122+0000] {local_task_job_runner.py:266} INFO - Task exited with return code 1
[2025-04-26T18:37:33.134+0000] {taskinstance.py:3901} INFO - 0 downstream tasks scheduled from follow-on schedule check
[2025-04-26T18:37:33.137+0000] {local_task_job_runner.py:245} INFO - ::endgroup::
