[2025-04-26T18:15:27.230+0000] {local_task_job_runner.py:123} INFO - ::group::Pre task execution logs
[2025-04-26T18:15:27.244+0000] {taskinstance.py:2614} INFO - Dependencies all met for dep_context=non-requeueable deps ti=<TaskInstance: TFL_DATA_DAG.load_data manual__2025-04-26T18:12:24.153502+00:00 [queued]>
[2025-04-26T18:15:27.251+0000] {taskinstance.py:2614} INFO - Dependencies all met for dep_context=requeueable deps ti=<TaskInstance: TFL_DATA_DAG.load_data manual__2025-04-26T18:12:24.153502+00:00 [queued]>
[2025-04-26T18:15:27.251+0000] {taskinstance.py:2867} INFO - Starting attempt 1 of 6
[2025-04-26T18:15:27.261+0000] {taskinstance.py:2890} INFO - Executing <Task(PythonOperator): load_data> on 2025-04-26 18:12:24.153502+00:00
[2025-04-26T18:15:27.268+0000] {standard_task_runner.py:104} INFO - Running: ['***', 'tasks', 'run', 'TFL_DATA_DAG', 'load_data', 'manual__2025-04-26T18:12:24.153502+00:00', '--job-id', '390', '--raw', '--subdir', 'DAGS_FOLDER/my_dag.py', '--cfg-path', '/tmp/tmp01nngzf3']
[2025-04-26T18:15:27.269+0000] {logging_mixin.py:190} WARNING - /home/***/.local/lib/python3.12/site-packages/***/task/task_runner/standard_task_runner.py:70 DeprecationWarning: This process (pid=1304) is multi-threaded, use of fork() may lead to deadlocks in the child.
[2025-04-26T18:15:27.270+0000] {standard_task_runner.py:105} INFO - Job 390: Subtask load_data
[2025-04-26T18:15:27.270+0000] {standard_task_runner.py:72} INFO - Started process 1307 to run task
[2025-04-26T18:15:27.304+0000] {task_command.py:467} INFO - Running <TaskInstance: TFL_DATA_DAG.load_data manual__2025-04-26T18:12:24.153502+00:00 [running]> on host 605a3e254bf1
[2025-04-26T18:15:27.352+0000] {taskinstance.py:3134} INFO - Exporting env vars: AIRFLOW_CTX_DAG_OWNER='abdulsalam' AIRFLOW_CTX_DAG_ID='TFL_DATA_DAG' AIRFLOW_CTX_TASK_ID='load_data' AIRFLOW_CTX_EXECUTION_DATE='2025-04-26T18:12:24.153502+00:00' AIRFLOW_CTX_TRY_NUMBER='1' AIRFLOW_CTX_DAG_RUN_ID='manual__2025-04-26T18:12:24.153502+00:00'
[2025-04-26T18:15:27.354+0000] {taskinstance.py:732} INFO - ::endgroup::
[2025-04-26T18:15:27.368+0000] {base.py:84} INFO - Retrieving connection 'snowflake_conn'
[2025-04-26T18:15:27.369+0000] {connection.py:424} INFO - Snowflake Connector for Python Version: 3.13.2, Python Version: 3.12.9, Platform: Linux-6.10.0-linuxkit-x86_64-with-glibc2.36
[2025-04-26T18:15:27.370+0000] {connection.py:1213} INFO - Connecting to GLOBAL Snowflake domain
[2025-04-26T18:15:27.372+0000] {connection.py:1295} INFO - This connection is in OCSP Fail Open Mode. TLS Certificates would be checked for validity and revocation status. Any other Certificate Revocation related exceptions or OCSP Responder failures would be disregarded in favor of connectivity.
[2025-04-26T18:15:31.043+0000] {logging_mixin.py:190} INFO - snowflake conn:  <snowflake.connector.connection.SnowflakeConnection object at 0x7f6eb95f0f20>
[2025-04-26T18:15:31.057+0000] {base.py:84} INFO - Retrieving connection 'minio_conn'
[2025-04-26T18:15:31.058+0000] {connection_wrapper.py:328} INFO - AWS Connection (conn_id='minio_conn', conn_type='aws') credentials retrieved from extra.
[2025-04-26T18:15:33.032+0000] {my_dag.py:284} INFO - Successfully Inserted stop_points_metadata and timetable for 2025-04-26 18:15:33.032424
[2025-04-26T18:15:33.033+0000] {python.py:240} INFO - Done. Returned value was: None
[2025-04-26T18:15:33.039+0000] {taskinstance.py:341} INFO - ::group::Post task execution logs
[2025-04-26T18:15:33.040+0000] {taskinstance.py:353} INFO - Marking task as SUCCESS. dag_id=TFL_DATA_DAG, task_id=load_data, run_id=manual__2025-04-26T18:12:24.153502+00:00, execution_date=20250426T181224, start_date=20250426T181527, end_date=20250426T181533
[2025-04-26T18:15:33.071+0000] {local_task_job_runner.py:266} INFO - Task exited with return code 0
[2025-04-26T18:15:33.080+0000] {taskinstance.py:3901} INFO - 0 downstream tasks scheduled from follow-on schedule check
[2025-04-26T18:15:33.082+0000] {local_task_job_runner.py:245} INFO - ::endgroup::
