[2025-04-26T17:51:11.810+0000] {local_task_job_runner.py:123} INFO - ::group::Pre task execution logs
[2025-04-26T17:51:11.827+0000] {taskinstance.py:2614} INFO - Dependencies all met for dep_context=non-requeueable deps ti=<TaskInstance: TFL_DATA_DAG.api_call_static_data scheduled__2025-04-25T00:00:00+00:00 [queued]>
[2025-04-26T17:51:11.838+0000] {taskinstance.py:2614} INFO - Dependencies all met for dep_context=requeueable deps ti=<TaskInstance: TFL_DATA_DAG.api_call_static_data scheduled__2025-04-25T00:00:00+00:00 [queued]>
[2025-04-26T17:51:11.841+0000] {taskinstance.py:2867} INFO - Starting attempt 1 of 6
[2025-04-26T17:51:11.856+0000] {taskinstance.py:2890} INFO - Executing <Task(PythonOperator): api_call_static_data> on 2025-04-25 00:00:00+00:00
[2025-04-26T17:51:11.865+0000] {standard_task_runner.py:104} INFO - Running: ['***', 'tasks', 'run', 'TFL_DATA_DAG', 'api_call_static_data', 'scheduled__2025-04-25T00:00:00+00:00', '--job-id', '380', '--raw', '--subdir', 'DAGS_FOLDER/my_dag.py', '--cfg-path', '/tmp/tmpaz9znau9']
[2025-04-26T17:51:11.868+0000] {logging_mixin.py:190} WARNING - /home/***/.local/lib/python3.12/site-packages/***/task/task_runner/standard_task_runner.py:70 DeprecationWarning: This process (pid=187) is multi-threaded, use of fork() may lead to deadlocks in the child.
[2025-04-26T17:51:11.868+0000] {standard_task_runner.py:105} INFO - Job 380: Subtask api_call_static_data
[2025-04-26T17:51:11.869+0000] {standard_task_runner.py:72} INFO - Started process 206 to run task
[2025-04-26T17:51:11.934+0000] {task_command.py:467} INFO - Running <TaskInstance: TFL_DATA_DAG.api_call_static_data scheduled__2025-04-25T00:00:00+00:00 [running]> on host 605a3e254bf1
[2025-04-26T17:51:12.025+0000] {taskinstance.py:3134} INFO - Exporting env vars: AIRFLOW_CTX_DAG_OWNER='abdulsalam' AIRFLOW_CTX_DAG_ID='TFL_DATA_DAG' AIRFLOW_CTX_TASK_ID='api_call_static_data' AIRFLOW_CTX_EXECUTION_DATE='2025-04-25T00:00:00+00:00' AIRFLOW_CTX_TRY_NUMBER='1' AIRFLOW_CTX_DAG_RUN_ID='scheduled__2025-04-25T00:00:00+00:00'
[2025-04-26T17:51:12.027+0000] {taskinstance.py:732} INFO - ::endgroup::
[2025-04-26T17:51:13.392+0000] {base.py:84} INFO - Retrieving connection 'minio_conn'
[2025-04-26T17:51:13.394+0000] {connection_wrapper.py:328} INFO - AWS Connection (conn_id='minio_conn', conn_type='aws') credentials retrieved from extra.
[2025-04-26T17:51:13.649+0000] {logging_mixin.py:190} INFO - <botocore.client.S3 object at 0x7f6eb933ae40>
[2025-04-26T17:51:13.676+0000] {hook.py:208} WARNING - Data lineage tracking is disabled. Register a hook lineage reader to start tracking hook lineage.
[2025-04-26T17:51:13.687+0000] {connection.py:521} WARNING - Failed to parse headers (url=http://host.docker.internal:9000/tfl/data/raw/stop_points/snapshot_20250426_175113_66379.json): [MissingHeaderBodySeparatorDefect()], unparsed data: 'HTTP/1.1 200 OK\r\nAccept-Ranges: bytes\r\nContent-Length: 0\r\nETag: "8383ed107cfaa841bbfaaad9cd58b593"\r\nServer: MinIO\r\nStrict-Transport-Security: max-age=31536000; includeSubDomains\r\nVary: Origin\r\nVary: Accept-Encoding\r\nX-Amz-Checksum-Crc32: wXladg==\r\nX-Amz-Id-2: dd9025bab4ad464b049177c95eb6ebf374d3b3fd1af9251148b658df7ac2e3e8\r\nX-Amz-Request-Id: 1839EFB0E8B529E1\r\nX-Content-Type-Options: nosniff\r\nX-Ratelimit-Limit: 1293\r\nX-Ratelimit-Remaining: 1293\r\nX-Xss-Protection: 1; mode=block\r\nDate: Sat, 26 Apr 2025 17:51:13 GMT\r\n\r\n'
Traceback (most recent call last):
  File "/home/airflow/.local/lib/python3.12/site-packages/urllib3/connection.py", line 519, in getresponse
    assert_header_parsing(httplib_response.msg)
  File "/home/airflow/.local/lib/python3.12/site-packages/urllib3/util/response.py", line 88, in assert_header_parsing
    raise HeaderParsingError(defects=defects, unparsed_data=unparsed_data)
urllib3.exceptions.HeaderParsingError: [MissingHeaderBodySeparatorDefect()], unparsed data: 'HTTP/1.1 200 OK\r\nAccept-Ranges: bytes\r\nContent-Length: 0\r\nETag: "8383ed107cfaa841bbfaaad9cd58b593"\r\nServer: MinIO\r\nStrict-Transport-Security: max-age=31536000; includeSubDomains\r\nVary: Origin\r\nVary: Accept-Encoding\r\nX-Amz-Checksum-Crc32: wXladg==\r\nX-Amz-Id-2: dd9025bab4ad464b049177c95eb6ebf374d3b3fd1af9251148b658df7ac2e3e8\r\nX-Amz-Request-Id: 1839EFB0E8B529E1\r\nX-Content-Type-Options: nosniff\r\nX-Ratelimit-Limit: 1293\r\nX-Ratelimit-Remaining: 1293\r\nX-Xss-Protection: 1; mode=block\r\nDate: Sat, 26 Apr 2025 17:51:13 GMT\r\n\r\n'
[2025-04-26T17:51:43.939+0000] {hook.py:208} WARNING - Data lineage tracking is disabled. Register a hook lineage reader to start tracking hook lineage.
[2025-04-26T17:51:43.944+0000] {hook.py:208} WARNING - Data lineage tracking is disabled. Register a hook lineage reader to start tracking hook lineage.
[2025-04-26T17:51:43.949+0000] {my_dag.py:73} INFO - Uploaded snapshot_20250426_175113_66379.json to s3://tfl/data/raw/stop_points/snapshot_20250426_175113_66379.json at timestamp 20250426_175113_66379
[2025-04-26T17:51:45.319+0000] {base.py:84} INFO - Retrieving connection 'minio_conn'
[2025-04-26T17:51:45.320+0000] {connection_wrapper.py:328} INFO - AWS Connection (conn_id='minio_conn', conn_type='aws') credentials retrieved from extra.
[2025-04-26T17:51:45.363+0000] {logging_mixin.py:190} INFO - <botocore.client.S3 object at 0x7f6eb7f7a8d0>
[2025-04-26T17:51:45.394+0000] {hook.py:208} WARNING - Data lineage tracking is disabled. Register a hook lineage reader to start tracking hook lineage.
[2025-04-26T17:51:45.395+0000] {hook.py:208} WARNING - Data lineage tracking is disabled. Register a hook lineage reader to start tracking hook lineage.
[2025-04-26T17:51:45.420+0000] {connection.py:521} WARNING - Failed to parse headers (url=http://host.docker.internal:9000/tfl/data/raw/timetables/snapshot_20250426_175145_37677.json): [MissingHeaderBodySeparatorDefect()], unparsed data: 'HTTP/1.1 200 OK\r\nAccept-Ranges: bytes\r\nContent-Length: 0\r\nETag: "7d3d7741aaafc159a7384e08e506dd11"\r\nServer: MinIO\r\nStrict-Transport-Security: max-age=31536000; includeSubDomains\r\nVary: Origin\r\nVary: Accept-Encoding\r\nX-Amz-Checksum-Crc32: vQMDDA==\r\nX-Amz-Id-2: dd9025bab4ad464b049177c95eb6ebf374d3b3fd1af9251148b658df7ac2e3e8\r\nX-Amz-Request-Id: 1839EFB84B54602E\r\nX-Content-Type-Options: nosniff\r\nX-Ratelimit-Limit: 1293\r\nX-Ratelimit-Remaining: 1293\r\nX-Xss-Protection: 1; mode=block\r\nDate: Sat, 26 Apr 2025 17:51:45 GMT\r\n\r\n'
Traceback (most recent call last):
  File "/home/airflow/.local/lib/python3.12/site-packages/urllib3/connection.py", line 519, in getresponse
    assert_header_parsing(httplib_response.msg)
  File "/home/airflow/.local/lib/python3.12/site-packages/urllib3/util/response.py", line 88, in assert_header_parsing
    raise HeaderParsingError(defects=defects, unparsed_data=unparsed_data)
urllib3.exceptions.HeaderParsingError: [MissingHeaderBodySeparatorDefect()], unparsed data: 'HTTP/1.1 200 OK\r\nAccept-Ranges: bytes\r\nContent-Length: 0\r\nETag: "7d3d7741aaafc159a7384e08e506dd11"\r\nServer: MinIO\r\nStrict-Transport-Security: max-age=31536000; includeSubDomains\r\nVary: Origin\r\nVary: Accept-Encoding\r\nX-Amz-Checksum-Crc32: vQMDDA==\r\nX-Amz-Id-2: dd9025bab4ad464b049177c95eb6ebf374d3b3fd1af9251148b658df7ac2e3e8\r\nX-Amz-Request-Id: 1839EFB84B54602E\r\nX-Content-Type-Options: nosniff\r\nX-Ratelimit-Limit: 1293\r\nX-Ratelimit-Remaining: 1293\r\nX-Xss-Protection: 1; mode=block\r\nDate: Sat, 26 Apr 2025 17:51:45 GMT\r\n\r\n'
[2025-04-26T17:52:15.673+0000] {hook.py:208} WARNING - Data lineage tracking is disabled. Register a hook lineage reader to start tracking hook lineage.
[2025-04-26T17:52:15.675+0000] {hook.py:208} WARNING - Data lineage tracking is disabled. Register a hook lineage reader to start tracking hook lineage.
[2025-04-26T17:52:15.675+0000] {my_dag.py:73} INFO - Uploaded snapshot_20250426_175145_37677.json to s3://tfl/data/raw/timetables/snapshot_20250426_175145_37677.json at timestamp 20250426_175145_37677
[2025-04-26T17:52:16.886+0000] {base.py:84} INFO - Retrieving connection 'minio_conn'
[2025-04-26T17:52:16.888+0000] {connection_wrapper.py:328} INFO - AWS Connection (conn_id='minio_conn', conn_type='aws') credentials retrieved from extra.
[2025-04-26T17:52:16.935+0000] {logging_mixin.py:190} INFO - <botocore.client.S3 object at 0x7f6eb7f782f0>
[2025-04-26T17:52:16.952+0000] {hook.py:208} WARNING - Data lineage tracking is disabled. Register a hook lineage reader to start tracking hook lineage.
[2025-04-26T17:52:16.952+0000] {hook.py:208} WARNING - Data lineage tracking is disabled. Register a hook lineage reader to start tracking hook lineage.
[2025-04-26T17:52:16.959+0000] {connection.py:521} WARNING - Failed to parse headers (url=http://host.docker.internal:9000/tfl/data/raw/stop_points/snapshot_20250426_175216_94366.json): [MissingHeaderBodySeparatorDefect()], unparsed data: 'HTTP/1.1 200 OK\r\nAccept-Ranges: bytes\r\nContent-Length: 0\r\nETag: "cc6b741cd4e3020dfc3dc5f045d6e4fe"\r\nServer: MinIO\r\nStrict-Transport-Security: max-age=31536000; includeSubDomains\r\nVary: Origin\r\nVary: Accept-Encoding\r\nX-Amz-Checksum-Crc32: O4ERcg==\r\nX-Amz-Id-2: dd9025bab4ad464b049177c95eb6ebf374d3b3fd1af9251148b658df7ac2e3e8\r\nX-Amz-Request-Id: 1839EFBFA432F48A\r\nX-Content-Type-Options: nosniff\r\nX-Ratelimit-Limit: 1293\r\nX-Ratelimit-Remaining: 1293\r\nX-Xss-Protection: 1; mode=block\r\nDate: Sat, 26 Apr 2025 17:52:16 GMT\r\n\r\n'
Traceback (most recent call last):
  File "/home/airflow/.local/lib/python3.12/site-packages/urllib3/connection.py", line 519, in getresponse
    assert_header_parsing(httplib_response.msg)
  File "/home/airflow/.local/lib/python3.12/site-packages/urllib3/util/response.py", line 88, in assert_header_parsing
    raise HeaderParsingError(defects=defects, unparsed_data=unparsed_data)
urllib3.exceptions.HeaderParsingError: [MissingHeaderBodySeparatorDefect()], unparsed data: 'HTTP/1.1 200 OK\r\nAccept-Ranges: bytes\r\nContent-Length: 0\r\nETag: "cc6b741cd4e3020dfc3dc5f045d6e4fe"\r\nServer: MinIO\r\nStrict-Transport-Security: max-age=31536000; includeSubDomains\r\nVary: Origin\r\nVary: Accept-Encoding\r\nX-Amz-Checksum-Crc32: O4ERcg==\r\nX-Amz-Id-2: dd9025bab4ad464b049177c95eb6ebf374d3b3fd1af9251148b658df7ac2e3e8\r\nX-Amz-Request-Id: 1839EFBFA432F48A\r\nX-Content-Type-Options: nosniff\r\nX-Ratelimit-Limit: 1293\r\nX-Ratelimit-Remaining: 1293\r\nX-Xss-Protection: 1; mode=block\r\nDate: Sat, 26 Apr 2025 17:52:16 GMT\r\n\r\n'
[2025-04-26T17:52:47.212+0000] {hook.py:208} WARNING - Data lineage tracking is disabled. Register a hook lineage reader to start tracking hook lineage.
[2025-04-26T17:52:47.212+0000] {hook.py:208} WARNING - Data lineage tracking is disabled. Register a hook lineage reader to start tracking hook lineage.
[2025-04-26T17:52:47.213+0000] {my_dag.py:73} INFO - Uploaded snapshot_20250426_175216_94366.json to s3://tfl/data/raw/stop_points/snapshot_20250426_175216_94366.json at timestamp 20250426_175216_94366
[2025-04-26T17:52:52.329+0000] {base.py:84} INFO - Retrieving connection 'minio_conn'
[2025-04-26T17:52:52.330+0000] {connection_wrapper.py:328} INFO - AWS Connection (conn_id='minio_conn', conn_type='aws') credentials retrieved from extra.
[2025-04-26T17:52:52.498+0000] {logging_mixin.py:190} INFO - <botocore.client.S3 object at 0x7f6eb8035580>
[2025-04-26T17:52:52.522+0000] {hook.py:208} WARNING - Data lineage tracking is disabled. Register a hook lineage reader to start tracking hook lineage.
[2025-04-26T17:52:52.523+0000] {hook.py:208} WARNING - Data lineage tracking is disabled. Register a hook lineage reader to start tracking hook lineage.
[2025-04-26T17:52:52.589+0000] {connection.py:521} WARNING - Failed to parse headers (url=http://host.docker.internal:9000/tfl/data/raw/timetables/snapshot_20250426_175252_50724.json): [MissingHeaderBodySeparatorDefect()], unparsed data: 'HTTP/1.1 200 OK\r\nAccept-Ranges: bytes\r\nContent-Length: 0\r\nETag: "6f49b842f714f0f3b8d1f76b47385c65"\r\nServer: MinIO\r\nStrict-Transport-Security: max-age=31536000; includeSubDomains\r\nVary: Origin\r\nVary: Accept-Encoding\r\nX-Amz-Checksum-Crc32: bDpwoQ==\r\nX-Amz-Id-2: dd9025bab4ad464b049177c95eb6ebf374d3b3fd1af9251148b658df7ac2e3e8\r\nX-Amz-Request-Id: 1839EFC7EC6D4630\r\nX-Content-Type-Options: nosniff\r\nX-Ratelimit-Limit: 1293\r\nX-Ratelimit-Remaining: 1293\r\nX-Xss-Protection: 1; mode=block\r\nDate: Sat, 26 Apr 2025 17:52:52 GMT\r\n\r\n'
Traceback (most recent call last):
  File "/home/airflow/.local/lib/python3.12/site-packages/urllib3/connection.py", line 519, in getresponse
    assert_header_parsing(httplib_response.msg)
  File "/home/airflow/.local/lib/python3.12/site-packages/urllib3/util/response.py", line 88, in assert_header_parsing
    raise HeaderParsingError(defects=defects, unparsed_data=unparsed_data)
urllib3.exceptions.HeaderParsingError: [MissingHeaderBodySeparatorDefect()], unparsed data: 'HTTP/1.1 200 OK\r\nAccept-Ranges: bytes\r\nContent-Length: 0\r\nETag: "6f49b842f714f0f3b8d1f76b47385c65"\r\nServer: MinIO\r\nStrict-Transport-Security: max-age=31536000; includeSubDomains\r\nVary: Origin\r\nVary: Accept-Encoding\r\nX-Amz-Checksum-Crc32: bDpwoQ==\r\nX-Amz-Id-2: dd9025bab4ad464b049177c95eb6ebf374d3b3fd1af9251148b658df7ac2e3e8\r\nX-Amz-Request-Id: 1839EFC7EC6D4630\r\nX-Content-Type-Options: nosniff\r\nX-Ratelimit-Limit: 1293\r\nX-Ratelimit-Remaining: 1293\r\nX-Xss-Protection: 1; mode=block\r\nDate: Sat, 26 Apr 2025 17:52:52 GMT\r\n\r\n'
[2025-04-26T17:53:22.844+0000] {hook.py:208} WARNING - Data lineage tracking is disabled. Register a hook lineage reader to start tracking hook lineage.
[2025-04-26T17:53:22.846+0000] {hook.py:208} WARNING - Data lineage tracking is disabled. Register a hook lineage reader to start tracking hook lineage.
[2025-04-26T17:53:22.847+0000] {my_dag.py:73} INFO - Uploaded snapshot_20250426_175252_50724.json to s3://tfl/data/raw/timetables/snapshot_20250426_175252_50724.json at timestamp 20250426_175252_50724
[2025-04-26T17:53:22.867+0000] {python.py:240} INFO - Done. Returned value was: None
[2025-04-26T17:53:22.873+0000] {taskinstance.py:341} INFO - ::group::Post task execution logs
[2025-04-26T17:53:22.874+0000] {taskinstance.py:353} INFO - Marking task as SUCCESS. dag_id=TFL_DATA_DAG, task_id=api_call_static_data, run_id=scheduled__2025-04-25T00:00:00+00:00, execution_date=20250425T000000, start_date=20250426T175111, end_date=20250426T175322
[2025-04-26T17:53:22.895+0000] {local_task_job_runner.py:266} INFO - Task exited with return code 0
[2025-04-26T17:53:22.912+0000] {taskinstance.py:3901} INFO - 1 downstream tasks scheduled from follow-on schedule check
[2025-04-26T17:53:22.916+0000] {local_task_job_runner.py:245} INFO - ::endgroup::
