[2025-04-26T18:22:07.455+0000] {local_task_job_runner.py:123} INFO - ::group::Pre task execution logs
[2025-04-26T18:22:07.467+0000] {taskinstance.py:2614} INFO - Dependencies all met for dep_context=non-requeueable deps ti=<TaskInstance: TFL_DATA_DAG.transform_data manual__2025-04-26T18:12:24.153502+00:00 [queued]>
[2025-04-26T18:22:07.473+0000] {taskinstance.py:2614} INFO - Dependencies all met for dep_context=requeueable deps ti=<TaskInstance: TFL_DATA_DAG.transform_data manual__2025-04-26T18:12:24.153502+00:00 [queued]>
[2025-04-26T18:22:07.474+0000] {taskinstance.py:2867} INFO - Starting attempt 2 of 7
[2025-04-26T18:22:07.482+0000] {taskinstance.py:2890} INFO - Executing <Task(PythonOperator): transform_data> on 2025-04-26 18:12:24.153502+00:00
[2025-04-26T18:22:07.488+0000] {standard_task_runner.py:104} INFO - Running: ['***', 'tasks', 'run', 'TFL_DATA_DAG', 'transform_data', 'manual__2025-04-26T18:12:24.153502+00:00', '--job-id', '391', '--raw', '--subdir', 'DAGS_FOLDER/my_dag.py', '--cfg-path', '/tmp/tmp71fqndtr']
[2025-04-26T18:22:07.490+0000] {standard_task_runner.py:105} INFO - Job 391: Subtask transform_data
[2025-04-26T18:22:07.489+0000] {logging_mixin.py:190} WARNING - /home/***/.local/lib/python3.12/site-packages/***/task/task_runner/standard_task_runner.py:70 DeprecationWarning: This process (pid=1607) is multi-threaded, use of fork() may lead to deadlocks in the child.
[2025-04-26T18:22:07.492+0000] {standard_task_runner.py:72} INFO - Started process 1610 to run task
[2025-04-26T18:22:07.527+0000] {task_command.py:467} INFO - Running <TaskInstance: TFL_DATA_DAG.transform_data manual__2025-04-26T18:12:24.153502+00:00 [running]> on host 605a3e254bf1
[2025-04-26T18:22:07.572+0000] {taskinstance.py:3134} INFO - Exporting env vars: AIRFLOW_CTX_DAG_OWNER='abdulsalam' AIRFLOW_CTX_DAG_ID='TFL_DATA_DAG' AIRFLOW_CTX_TASK_ID='transform_data' AIRFLOW_CTX_EXECUTION_DATE='2025-04-26T18:12:24.153502+00:00' AIRFLOW_CTX_TRY_NUMBER='2' AIRFLOW_CTX_DAG_RUN_ID='manual__2025-04-26T18:12:24.153502+00:00'
[2025-04-26T18:22:07.574+0000] {taskinstance.py:732} INFO - ::endgroup::
[2025-04-26T18:22:07.594+0000] {base.py:84} INFO - Retrieving connection 'minio_conn'
[2025-04-26T18:22:07.596+0000] {connection_wrapper.py:328} INFO - AWS Connection (conn_id='minio_conn', conn_type='aws') credentials retrieved from extra.
[2025-04-26T18:22:07.809+0000] {hook.py:208} WARNING - Data lineage tracking is disabled. Register a hook lineage reader to start tracking hook lineage.
[2025-04-26T18:22:07.810+0000] {my_dag.py:120} INFO - Uploaded stop_points_cleaned_20250426_182207_65661.json to s3://tfl/data/cleaned/stop_points/snapshot_20250426_181237_10359.json at timestamp 20250426_182207_65661
[2025-04-26T18:22:07.826+0000] {hook.py:208} WARNING - Data lineage tracking is disabled. Register a hook lineage reader to start tracking hook lineage.
[2025-04-26T18:22:07.826+0000] {hook.py:208} WARNING - Data lineage tracking is disabled. Register a hook lineage reader to start tracking hook lineage.
[2025-04-26T18:22:07.827+0000] {my_dag.py:120} INFO - Uploaded stop_points_cleaned_20250426_182207_81663.json to s3://tfl/data/cleaned/stop_points/snapshot_20250426_181414_86949.json at timestamp 20250426_182207_81663
[2025-04-26T18:22:07.870+0000] {logging_mixin.py:190} INFO - raw data:  dict_keys(['$type', 'lineId', 'lineName', 'direction', 'stations', 'stops', 'timetable'])
[2025-04-26T18:22:07.871+0000] {my_dag.py:217} ERROR - Error processing file: data/raw/timetables/snapshot_20250426_181342_69709.json
[2025-04-26T18:22:07.901+0000] {logging_mixin.py:190} INFO - raw data:  dict_keys(['$type', 'lineId', 'lineName', 'direction', 'stations', 'stops', 'timetable'])
[2025-04-26T18:22:07.901+0000] {my_dag.py:217} ERROR - Error processing file: data/raw/timetables/snapshot_20250426_181455_18260.json
[2025-04-26T18:22:07.915+0000] {python.py:240} INFO - Done. Returned value was: None
[2025-04-26T18:22:07.921+0000] {taskinstance.py:341} INFO - ::group::Post task execution logs
[2025-04-26T18:22:07.921+0000] {taskinstance.py:353} INFO - Marking task as SUCCESS. dag_id=TFL_DATA_DAG, task_id=transform_data, run_id=manual__2025-04-26T18:12:24.153502+00:00, execution_date=20250426T181224, start_date=20250426T182207, end_date=20250426T182207
[2025-04-26T18:22:07.960+0000] {local_task_job_runner.py:266} INFO - Task exited with return code 0
[2025-04-26T18:22:07.977+0000] {taskinstance.py:3901} INFO - 1 downstream tasks scheduled from follow-on schedule check
[2025-04-26T18:22:07.984+0000] {local_task_job_runner.py:245} INFO - ::endgroup::
