[2025-04-26T18:15:26.094+0000] {local_task_job_runner.py:123} INFO - ::group::Pre task execution logs
[2025-04-26T18:15:26.105+0000] {taskinstance.py:2614} INFO - Dependencies all met for dep_context=non-requeueable deps ti=<TaskInstance: TFL_DATA_DAG.transform_data manual__2025-04-26T18:12:24.153502+00:00 [queued]>
[2025-04-26T18:15:26.111+0000] {taskinstance.py:2614} INFO - Dependencies all met for dep_context=requeueable deps ti=<TaskInstance: TFL_DATA_DAG.transform_data manual__2025-04-26T18:12:24.153502+00:00 [queued]>
[2025-04-26T18:15:26.111+0000] {taskinstance.py:2867} INFO - Starting attempt 1 of 6
[2025-04-26T18:15:26.121+0000] {taskinstance.py:2890} INFO - Executing <Task(PythonOperator): transform_data> on 2025-04-26 18:12:24.153502+00:00
[2025-04-26T18:15:26.126+0000] {standard_task_runner.py:104} INFO - Running: ['***', 'tasks', 'run', 'TFL_DATA_DAG', 'transform_data', 'manual__2025-04-26T18:12:24.153502+00:00', '--job-id', '389', '--raw', '--subdir', 'DAGS_FOLDER/my_dag.py', '--cfg-path', '/tmp/tmpjuzk9wc0']
[2025-04-26T18:15:26.128+0000] {logging_mixin.py:190} WARNING - /home/***/.local/lib/python3.12/site-packages/***/task/task_runner/standard_task_runner.py:70 DeprecationWarning: This process (pid=1295) is multi-threaded, use of fork() may lead to deadlocks in the child.
[2025-04-26T18:15:26.128+0000] {standard_task_runner.py:105} INFO - Job 389: Subtask transform_data
[2025-04-26T18:15:26.129+0000] {standard_task_runner.py:72} INFO - Started process 1298 to run task
[2025-04-26T18:15:26.158+0000] {task_command.py:467} INFO - Running <TaskInstance: TFL_DATA_DAG.transform_data manual__2025-04-26T18:12:24.153502+00:00 [running]> on host 605a3e254bf1
[2025-04-26T18:15:26.202+0000] {taskinstance.py:3134} INFO - Exporting env vars: AIRFLOW_CTX_DAG_OWNER='abdulsalam' AIRFLOW_CTX_DAG_ID='TFL_DATA_DAG' AIRFLOW_CTX_TASK_ID='transform_data' AIRFLOW_CTX_EXECUTION_DATE='2025-04-26T18:12:24.153502+00:00' AIRFLOW_CTX_TRY_NUMBER='1' AIRFLOW_CTX_DAG_RUN_ID='manual__2025-04-26T18:12:24.153502+00:00'
[2025-04-26T18:15:26.206+0000] {taskinstance.py:732} INFO - ::endgroup::
[2025-04-26T18:15:26.232+0000] {base.py:84} INFO - Retrieving connection 'minio_conn'
[2025-04-26T18:15:26.234+0000] {connection_wrapper.py:328} INFO - AWS Connection (conn_id='minio_conn', conn_type='aws') credentials retrieved from extra.
[2025-04-26T18:15:26.457+0000] {hook.py:208} WARNING - Data lineage tracking is disabled. Register a hook lineage reader to start tracking hook lineage.
[2025-04-26T18:15:26.458+0000] {my_dag.py:120} INFO - Uploaded stop_points_cleaned_20250426_181526_30643.json to s3://tfl/data/cleaned/stop_points/snapshot_20250426_181237_10359.json at timestamp 20250426_181526_30643
[2025-04-26T18:15:26.473+0000] {hook.py:208} WARNING - Data lineage tracking is disabled. Register a hook lineage reader to start tracking hook lineage.
[2025-04-26T18:15:26.475+0000] {hook.py:208} WARNING - Data lineage tracking is disabled. Register a hook lineage reader to start tracking hook lineage.
[2025-04-26T18:15:26.476+0000] {my_dag.py:120} INFO - Uploaded stop_points_cleaned_20250426_181526_46589.json to s3://tfl/data/cleaned/stop_points/snapshot_20250426_181414_86949.json at timestamp 20250426_181526_46589
[2025-04-26T18:15:26.508+0000] {my_dag.py:213} ERROR - Error processing file: data/raw/timetables/snapshot_20250426_181342_69709.json
[2025-04-26T18:15:26.548+0000] {my_dag.py:213} ERROR - Error processing file: data/raw/timetables/snapshot_20250426_181455_18260.json
[2025-04-26T18:15:26.564+0000] {python.py:240} INFO - Done. Returned value was: None
[2025-04-26T18:15:26.581+0000] {taskinstance.py:341} INFO - ::group::Post task execution logs
[2025-04-26T18:15:26.583+0000] {taskinstance.py:353} INFO - Marking task as SUCCESS. dag_id=TFL_DATA_DAG, task_id=transform_data, run_id=manual__2025-04-26T18:12:24.153502+00:00, execution_date=20250426T181224, start_date=20250426T181526, end_date=20250426T181526
[2025-04-26T18:15:26.638+0000] {local_task_job_runner.py:266} INFO - Task exited with return code 0
[2025-04-26T18:15:26.656+0000] {taskinstance.py:3901} INFO - 0 downstream tasks scheduled from follow-on schedule check
[2025-04-26T18:15:26.661+0000] {local_task_job_runner.py:245} INFO - ::endgroup::
