[2025-04-30T13:08:14.514+0000] {local_task_job_runner.py:123} INFO - ::group::Pre task execution logs
[2025-04-30T13:08:14.544+0000] {taskinstance.py:2614} INFO - Dependencies all met for dep_context=non-requeueable deps ti=<TaskInstance: TFL_DATA_DAG.api_call_static_data scheduled__2025-04-29T00:00:00+00:00 [queued]>
[2025-04-30T13:08:14.558+0000] {taskinstance.py:2614} INFO - Dependencies all met for dep_context=requeueable deps ti=<TaskInstance: TFL_DATA_DAG.api_call_static_data scheduled__2025-04-29T00:00:00+00:00 [queued]>
[2025-04-30T13:08:14.561+0000] {taskinstance.py:2867} INFO - Starting attempt 1 of 6
[2025-04-30T13:08:14.584+0000] {taskinstance.py:2890} INFO - Executing <Task(PythonOperator): api_call_static_data> on 2025-04-29 00:00:00+00:00
[2025-04-30T13:08:14.596+0000] {standard_task_runner.py:104} INFO - Running: ['***', 'tasks', 'run', 'TFL_DATA_DAG', 'api_call_static_data', 'scheduled__2025-04-29T00:00:00+00:00', '--job-id', '436', '--raw', '--subdir', 'DAGS_FOLDER/my_dag.py', '--cfg-path', '/tmp/tmp4heha4jq']
[2025-04-30T13:08:14.601+0000] {standard_task_runner.py:105} INFO - Job 436: Subtask api_call_static_data
[2025-04-30T13:08:14.602+0000] {logging_mixin.py:190} WARNING - /home/***/.local/lib/python3.12/site-packages/***/task/task_runner/standard_task_runner.py:70 DeprecationWarning: This process (pid=6284) is multi-threaded, use of fork() may lead to deadlocks in the child.
[2025-04-30T13:08:14.612+0000] {standard_task_runner.py:72} INFO - Started process 6293 to run task
[2025-04-30T13:08:14.765+0000] {task_command.py:467} INFO - Running <TaskInstance: TFL_DATA_DAG.api_call_static_data scheduled__2025-04-29T00:00:00+00:00 [running]> on host 605a3e254bf1
[2025-04-30T13:08:14.881+0000] {taskinstance.py:3134} INFO - Exporting env vars: AIRFLOW_CTX_DAG_OWNER='abdulsalam' AIRFLOW_CTX_DAG_ID='TFL_DATA_DAG' AIRFLOW_CTX_TASK_ID='api_call_static_data' AIRFLOW_CTX_EXECUTION_DATE='2025-04-29T00:00:00+00:00' AIRFLOW_CTX_TRY_NUMBER='1' AIRFLOW_CTX_DAG_RUN_ID='scheduled__2025-04-29T00:00:00+00:00'
[2025-04-30T13:08:14.884+0000] {taskinstance.py:732} INFO - ::endgroup::
[2025-04-30T13:08:17.807+0000] {base.py:84} INFO - Retrieving connection 'minio_conn'
[2025-04-30T13:08:17.810+0000] {connection_wrapper.py:328} INFO - AWS Connection (conn_id='minio_conn', conn_type='aws') credentials retrieved from extra.
[2025-04-30T13:08:18.163+0000] {logging_mixin.py:190} INFO - <botocore.client.S3 object at 0x7f666ab6b410>
[2025-04-30T13:08:18.268+0000] {hook.py:208} WARNING - Data lineage tracking is disabled. Register a hook lineage reader to start tracking hook lineage.
[2025-04-30T13:08:18.293+0000] {connection.py:521} WARNING - Failed to parse headers (url=http://host.docker.internal:9000/tfl/data/raw/stop_points/snapshot_20250430_130818_23906.json): [MissingHeaderBodySeparatorDefect()], unparsed data: 'HTTP/1.1 200 OK\r\nAccept-Ranges: bytes\r\nContent-Length: 0\r\nETag: "8383ed107cfaa841bbfaaad9cd58b593"\r\nServer: MinIO\r\nStrict-Transport-Security: max-age=31536000; includeSubDomains\r\nVary: Origin\r\nVary: Accept-Encoding\r\nX-Amz-Checksum-Crc32: wXladg==\r\nX-Amz-Id-2: dd9025bab4ad464b049177c95eb6ebf374d3b3fd1af9251148b658df7ac2e3e8\r\nX-Amz-Request-Id: 183B1A92C911BA59\r\nX-Content-Type-Options: nosniff\r\nX-Ratelimit-Limit: 824\r\nX-Ratelimit-Remaining: 824\r\nX-Xss-Protection: 1; mode=block\r\nDate: Wed, 30 Apr 2025 13:08:18 GMT\r\n\r\n'
Traceback (most recent call last):
  File "/home/airflow/.local/lib/python3.12/site-packages/urllib3/connection.py", line 519, in getresponse
    assert_header_parsing(httplib_response.msg)
  File "/home/airflow/.local/lib/python3.12/site-packages/urllib3/util/response.py", line 88, in assert_header_parsing
    raise HeaderParsingError(defects=defects, unparsed_data=unparsed_data)
urllib3.exceptions.HeaderParsingError: [MissingHeaderBodySeparatorDefect()], unparsed data: 'HTTP/1.1 200 OK\r\nAccept-Ranges: bytes\r\nContent-Length: 0\r\nETag: "8383ed107cfaa841bbfaaad9cd58b593"\r\nServer: MinIO\r\nStrict-Transport-Security: max-age=31536000; includeSubDomains\r\nVary: Origin\r\nVary: Accept-Encoding\r\nX-Amz-Checksum-Crc32: wXladg==\r\nX-Amz-Id-2: dd9025bab4ad464b049177c95eb6ebf374d3b3fd1af9251148b658df7ac2e3e8\r\nX-Amz-Request-Id: 183B1A92C911BA59\r\nX-Content-Type-Options: nosniff\r\nX-Ratelimit-Limit: 824\r\nX-Ratelimit-Remaining: 824\r\nX-Xss-Protection: 1; mode=block\r\nDate: Wed, 30 Apr 2025 13:08:18 GMT\r\n\r\n'
[2025-04-30T13:08:48.542+0000] {hook.py:208} WARNING - Data lineage tracking is disabled. Register a hook lineage reader to start tracking hook lineage.
[2025-04-30T13:08:48.544+0000] {hook.py:208} WARNING - Data lineage tracking is disabled. Register a hook lineage reader to start tracking hook lineage.
[2025-04-30T13:08:48.545+0000] {my_dag.py:73} INFO - Uploaded snapshot_20250430_130818_23906.json to s3://tfl/data/raw/stop_points/snapshot_20250430_130818_23906.json at timestamp 20250430_130818_23906
[2025-04-30T13:08:52.045+0000] {base.py:84} INFO - Retrieving connection 'minio_conn'
[2025-04-30T13:08:52.048+0000] {connection_wrapper.py:328} INFO - AWS Connection (conn_id='minio_conn', conn_type='aws') credentials retrieved from extra.
[2025-04-30T13:08:52.113+0000] {logging_mixin.py:190} INFO - <botocore.client.S3 object at 0x7f66657bec30>
[2025-04-30T13:08:52.175+0000] {hook.py:208} WARNING - Data lineage tracking is disabled. Register a hook lineage reader to start tracking hook lineage.
[2025-04-30T13:08:52.178+0000] {hook.py:208} WARNING - Data lineage tracking is disabled. Register a hook lineage reader to start tracking hook lineage.
[2025-04-30T13:08:52.258+0000] {connection.py:521} WARNING - Failed to parse headers (url=http://host.docker.internal:9000/tfl/data/raw/timetables/snapshot_20250430_130852_14507.json): [MissingHeaderBodySeparatorDefect()], unparsed data: 'HTTP/1.1 200 OK\r\nAccept-Ranges: bytes\r\nContent-Length: 0\r\nETag: "7d3d7741aaafc159a7384e08e506dd11"\r\nServer: MinIO\r\nStrict-Transport-Security: max-age=31536000; includeSubDomains\r\nVary: Origin\r\nVary: Accept-Encoding\r\nX-Amz-Checksum-Crc32: vQMDDA==\r\nX-Amz-Id-2: dd9025bab4ad464b049177c95eb6ebf374d3b3fd1af9251148b658df7ac2e3e8\r\nX-Amz-Request-Id: 183B1A9AAE3F19FC\r\nX-Content-Type-Options: nosniff\r\nX-Ratelimit-Limit: 824\r\nX-Ratelimit-Remaining: 824\r\nX-Xss-Protection: 1; mode=block\r\nDate: Wed, 30 Apr 2025 13:08:52 GMT\r\n\r\n'
Traceback (most recent call last):
  File "/home/airflow/.local/lib/python3.12/site-packages/urllib3/connection.py", line 519, in getresponse
    assert_header_parsing(httplib_response.msg)
  File "/home/airflow/.local/lib/python3.12/site-packages/urllib3/util/response.py", line 88, in assert_header_parsing
    raise HeaderParsingError(defects=defects, unparsed_data=unparsed_data)
urllib3.exceptions.HeaderParsingError: [MissingHeaderBodySeparatorDefect()], unparsed data: 'HTTP/1.1 200 OK\r\nAccept-Ranges: bytes\r\nContent-Length: 0\r\nETag: "7d3d7741aaafc159a7384e08e506dd11"\r\nServer: MinIO\r\nStrict-Transport-Security: max-age=31536000; includeSubDomains\r\nVary: Origin\r\nVary: Accept-Encoding\r\nX-Amz-Checksum-Crc32: vQMDDA==\r\nX-Amz-Id-2: dd9025bab4ad464b049177c95eb6ebf374d3b3fd1af9251148b658df7ac2e3e8\r\nX-Amz-Request-Id: 183B1A9AAE3F19FC\r\nX-Content-Type-Options: nosniff\r\nX-Ratelimit-Limit: 824\r\nX-Ratelimit-Remaining: 824\r\nX-Xss-Protection: 1; mode=block\r\nDate: Wed, 30 Apr 2025 13:08:52 GMT\r\n\r\n'
[2025-04-30T13:09:22.503+0000] {hook.py:208} WARNING - Data lineage tracking is disabled. Register a hook lineage reader to start tracking hook lineage.
[2025-04-30T13:09:22.505+0000] {hook.py:208} WARNING - Data lineage tracking is disabled. Register a hook lineage reader to start tracking hook lineage.
[2025-04-30T13:09:22.506+0000] {my_dag.py:73} INFO - Uploaded snapshot_20250430_130852_14507.json to s3://tfl/data/raw/timetables/snapshot_20250430_130852_14507.json at timestamp 20250430_130852_14507
[2025-04-30T13:09:25.691+0000] {base.py:84} INFO - Retrieving connection 'minio_conn'
[2025-04-30T13:09:25.693+0000] {connection_wrapper.py:328} INFO - AWS Connection (conn_id='minio_conn', conn_type='aws') credentials retrieved from extra.
[2025-04-30T13:09:25.751+0000] {logging_mixin.py:190} INFO - <botocore.client.S3 object at 0x7f6667d2e1e0>
[2025-04-30T13:09:25.779+0000] {hook.py:208} WARNING - Data lineage tracking is disabled. Register a hook lineage reader to start tracking hook lineage.
[2025-04-30T13:09:25.780+0000] {hook.py:208} WARNING - Data lineage tracking is disabled. Register a hook lineage reader to start tracking hook lineage.
[2025-04-30T13:09:25.795+0000] {connection.py:521} WARNING - Failed to parse headers (url=http://host.docker.internal:9000/tfl/data/raw/stop_points/snapshot_20250430_130925_76408.json): [MissingHeaderBodySeparatorDefect()], unparsed data: 'HTTP/1.1 200 OK\r\nAccept-Ranges: bytes\r\nContent-Length: 0\r\nETag: "cc6b741cd4e3020dfc3dc5f045d6e4fe"\r\nServer: MinIO\r\nStrict-Transport-Security: max-age=31536000; includeSubDomains\r\nVary: Origin\r\nVary: Accept-Encoding\r\nX-Amz-Checksum-Crc32: O4ERcg==\r\nX-Amz-Id-2: dd9025bab4ad464b049177c95eb6ebf374d3b3fd1af9251148b658df7ac2e3e8\r\nX-Amz-Request-Id: 183B1AA280E2D6CA\r\nX-Content-Type-Options: nosniff\r\nX-Ratelimit-Limit: 824\r\nX-Ratelimit-Remaining: 824\r\nX-Xss-Protection: 1; mode=block\r\nDate: Wed, 30 Apr 2025 13:09:25 GMT\r\n\r\n'
Traceback (most recent call last):
  File "/home/airflow/.local/lib/python3.12/site-packages/urllib3/connection.py", line 519, in getresponse
    assert_header_parsing(httplib_response.msg)
  File "/home/airflow/.local/lib/python3.12/site-packages/urllib3/util/response.py", line 88, in assert_header_parsing
    raise HeaderParsingError(defects=defects, unparsed_data=unparsed_data)
urllib3.exceptions.HeaderParsingError: [MissingHeaderBodySeparatorDefect()], unparsed data: 'HTTP/1.1 200 OK\r\nAccept-Ranges: bytes\r\nContent-Length: 0\r\nETag: "cc6b741cd4e3020dfc3dc5f045d6e4fe"\r\nServer: MinIO\r\nStrict-Transport-Security: max-age=31536000; includeSubDomains\r\nVary: Origin\r\nVary: Accept-Encoding\r\nX-Amz-Checksum-Crc32: O4ERcg==\r\nX-Amz-Id-2: dd9025bab4ad464b049177c95eb6ebf374d3b3fd1af9251148b658df7ac2e3e8\r\nX-Amz-Request-Id: 183B1AA280E2D6CA\r\nX-Content-Type-Options: nosniff\r\nX-Ratelimit-Limit: 824\r\nX-Ratelimit-Remaining: 824\r\nX-Xss-Protection: 1; mode=block\r\nDate: Wed, 30 Apr 2025 13:09:25 GMT\r\n\r\n'
[2025-04-30T13:09:56.050+0000] {hook.py:208} WARNING - Data lineage tracking is disabled. Register a hook lineage reader to start tracking hook lineage.
[2025-04-30T13:09:56.054+0000] {hook.py:208} WARNING - Data lineage tracking is disabled. Register a hook lineage reader to start tracking hook lineage.
[2025-04-30T13:09:56.058+0000] {my_dag.py:73} INFO - Uploaded snapshot_20250430_130925_76408.json to s3://tfl/data/raw/stop_points/snapshot_20250430_130925_76408.json at timestamp 20250430_130925_76408
[2025-04-30T13:09:57.116+0000] {base.py:84} INFO - Retrieving connection 'minio_conn'
[2025-04-30T13:09:57.121+0000] {connection_wrapper.py:328} INFO - AWS Connection (conn_id='minio_conn', conn_type='aws') credentials retrieved from extra.
[2025-04-30T13:09:57.695+0000] {logging_mixin.py:190} INFO - <botocore.client.S3 object at 0x7f666587dbb0>
[2025-04-30T13:09:57.813+0000] {hook.py:208} WARNING - Data lineage tracking is disabled. Register a hook lineage reader to start tracking hook lineage.
[2025-04-30T13:09:57.817+0000] {hook.py:208} WARNING - Data lineage tracking is disabled. Register a hook lineage reader to start tracking hook lineage.
[2025-04-30T13:09:57.889+0000] {connection.py:521} WARNING - Failed to parse headers (url=http://host.docker.internal:9000/tfl/data/raw/timetables/snapshot_20250430_130957_73915.json): [MissingHeaderBodySeparatorDefect()], unparsed data: 'HTTP/1.1 200 OK\r\nAccept-Ranges: bytes\r\nContent-Length: 0\r\nETag: "6f49b842f714f0f3b8d1f76b47385c65"\r\nServer: MinIO\r\nStrict-Transport-Security: max-age=31536000; includeSubDomains\r\nVary: Origin\r\nVary: Accept-Encoding\r\nX-Amz-Checksum-Crc32: bDpwoQ==\r\nX-Amz-Id-2: dd9025bab4ad464b049177c95eb6ebf374d3b3fd1af9251148b658df7ac2e3e8\r\nX-Amz-Request-Id: 183B1AA9F6F5316E\r\nX-Content-Type-Options: nosniff\r\nX-Ratelimit-Limit: 824\r\nX-Ratelimit-Remaining: 824\r\nX-Xss-Protection: 1; mode=block\r\nDate: Wed, 30 Apr 2025 13:09:57 GMT\r\n\r\n'
Traceback (most recent call last):
  File "/home/airflow/.local/lib/python3.12/site-packages/urllib3/connection.py", line 519, in getresponse
    assert_header_parsing(httplib_response.msg)
  File "/home/airflow/.local/lib/python3.12/site-packages/urllib3/util/response.py", line 88, in assert_header_parsing
    raise HeaderParsingError(defects=defects, unparsed_data=unparsed_data)
urllib3.exceptions.HeaderParsingError: [MissingHeaderBodySeparatorDefect()], unparsed data: 'HTTP/1.1 200 OK\r\nAccept-Ranges: bytes\r\nContent-Length: 0\r\nETag: "6f49b842f714f0f3b8d1f76b47385c65"\r\nServer: MinIO\r\nStrict-Transport-Security: max-age=31536000; includeSubDomains\r\nVary: Origin\r\nVary: Accept-Encoding\r\nX-Amz-Checksum-Crc32: bDpwoQ==\r\nX-Amz-Id-2: dd9025bab4ad464b049177c95eb6ebf374d3b3fd1af9251148b658df7ac2e3e8\r\nX-Amz-Request-Id: 183B1AA9F6F5316E\r\nX-Content-Type-Options: nosniff\r\nX-Ratelimit-Limit: 824\r\nX-Ratelimit-Remaining: 824\r\nX-Xss-Protection: 1; mode=block\r\nDate: Wed, 30 Apr 2025 13:09:57 GMT\r\n\r\n'
[2025-04-30T13:10:28.141+0000] {hook.py:208} WARNING - Data lineage tracking is disabled. Register a hook lineage reader to start tracking hook lineage.
[2025-04-30T13:10:28.143+0000] {hook.py:208} WARNING - Data lineage tracking is disabled. Register a hook lineage reader to start tracking hook lineage.
[2025-04-30T13:10:28.143+0000] {my_dag.py:73} INFO - Uploaded snapshot_20250430_130957_73915.json to s3://tfl/data/raw/timetables/snapshot_20250430_130957_73915.json at timestamp 20250430_130957_73915
[2025-04-30T13:10:29.213+0000] {base.py:84} INFO - Retrieving connection 'minio_conn'
[2025-04-30T13:10:29.217+0000] {connection_wrapper.py:328} INFO - AWS Connection (conn_id='minio_conn', conn_type='aws') credentials retrieved from extra.
[2025-04-30T13:10:29.303+0000] {logging_mixin.py:190} INFO - <botocore.client.S3 object at 0x7f6665720aa0>
[2025-04-30T13:10:29.385+0000] {hook.py:208} WARNING - Data lineage tracking is disabled. Register a hook lineage reader to start tracking hook lineage.
[2025-04-30T13:10:29.389+0000] {hook.py:208} WARNING - Data lineage tracking is disabled. Register a hook lineage reader to start tracking hook lineage.
[2025-04-30T13:10:29.423+0000] {connection.py:521} WARNING - Failed to parse headers (url=http://host.docker.internal:9000/tfl/data/raw/stop_points/snapshot_20250430_131029_34658.json): [MissingHeaderBodySeparatorDefect()], unparsed data: 'HTTP/1.1 200 OK\r\nAccept-Ranges: bytes\r\nContent-Length: 0\r\nETag: "05d0b681e1c941fd9ec630325db8b77c"\r\nServer: MinIO\r\nStrict-Transport-Security: max-age=31536000; includeSubDomains\r\nVary: Origin\r\nVary: Accept-Encoding\r\nX-Amz-Checksum-Crc32: sNfmLw==\r\nX-Amz-Id-2: dd9025bab4ad464b049177c95eb6ebf374d3b3fd1af9251148b658df7ac2e3e8\r\nX-Amz-Request-Id: 183B1AB150E80389\r\nX-Content-Type-Options: nosniff\r\nX-Ratelimit-Limit: 824\r\nX-Ratelimit-Remaining: 824\r\nX-Xss-Protection: 1; mode=block\r\nDate: Wed, 30 Apr 2025 13:10:29 GMT\r\n\r\n'
Traceback (most recent call last):
  File "/home/airflow/.local/lib/python3.12/site-packages/urllib3/connection.py", line 519, in getresponse
    assert_header_parsing(httplib_response.msg)
  File "/home/airflow/.local/lib/python3.12/site-packages/urllib3/util/response.py", line 88, in assert_header_parsing
    raise HeaderParsingError(defects=defects, unparsed_data=unparsed_data)
urllib3.exceptions.HeaderParsingError: [MissingHeaderBodySeparatorDefect()], unparsed data: 'HTTP/1.1 200 OK\r\nAccept-Ranges: bytes\r\nContent-Length: 0\r\nETag: "05d0b681e1c941fd9ec630325db8b77c"\r\nServer: MinIO\r\nStrict-Transport-Security: max-age=31536000; includeSubDomains\r\nVary: Origin\r\nVary: Accept-Encoding\r\nX-Amz-Checksum-Crc32: sNfmLw==\r\nX-Amz-Id-2: dd9025bab4ad464b049177c95eb6ebf374d3b3fd1af9251148b658df7ac2e3e8\r\nX-Amz-Request-Id: 183B1AB150E80389\r\nX-Content-Type-Options: nosniff\r\nX-Ratelimit-Limit: 824\r\nX-Ratelimit-Remaining: 824\r\nX-Xss-Protection: 1; mode=block\r\nDate: Wed, 30 Apr 2025 13:10:29 GMT\r\n\r\n'
[2025-04-30T13:10:59.677+0000] {hook.py:208} WARNING - Data lineage tracking is disabled. Register a hook lineage reader to start tracking hook lineage.
[2025-04-30T13:10:59.679+0000] {hook.py:208} WARNING - Data lineage tracking is disabled. Register a hook lineage reader to start tracking hook lineage.
[2025-04-30T13:10:59.682+0000] {my_dag.py:73} INFO - Uploaded snapshot_20250430_131029_34658.json to s3://tfl/data/raw/stop_points/snapshot_20250430_131029_34658.json at timestamp 20250430_131029_34658
[2025-04-30T13:11:03.599+0000] {base.py:84} INFO - Retrieving connection 'minio_conn'
[2025-04-30T13:11:03.607+0000] {connection_wrapper.py:328} INFO - AWS Connection (conn_id='minio_conn', conn_type='aws') credentials retrieved from extra.
[2025-04-30T13:11:03.849+0000] {logging_mixin.py:190} INFO - <botocore.client.S3 object at 0x7f66659ce000>
[2025-04-30T13:11:03.941+0000] {hook.py:208} WARNING - Data lineage tracking is disabled. Register a hook lineage reader to start tracking hook lineage.
[2025-04-30T13:11:03.944+0000] {hook.py:208} WARNING - Data lineage tracking is disabled. Register a hook lineage reader to start tracking hook lineage.
[2025-04-30T13:11:04.059+0000] {connection.py:521} WARNING - Failed to parse headers (url=http://host.docker.internal:9000/tfl/data/raw/timetables/snapshot_20250430_131103_88797.json): [MissingHeaderBodySeparatorDefect()], unparsed data: 'HTTP/1.1 200 OK\r\nAccept-Ranges: bytes\r\nContent-Length: 0\r\nETag: "f0843805d00df1d512101814783ddaaf"\r\nServer: MinIO\r\nStrict-Transport-Security: max-age=31536000; includeSubDomains\r\nVary: Origin\r\nVary: Accept-Encoding\r\nX-Amz-Checksum-Crc32: url9RQ==\r\nX-Amz-Id-2: dd9025bab4ad464b049177c95eb6ebf374d3b3fd1af9251148b658df7ac2e3e8\r\nX-Amz-Request-Id: 183B1AB95C8087EA\r\nX-Content-Type-Options: nosniff\r\nX-Ratelimit-Limit: 824\r\nX-Ratelimit-Remaining: 824\r\nX-Xss-Protection: 1; mode=block\r\nDate: Wed, 30 Apr 2025 13:11:04 GMT\r\n\r\n'
Traceback (most recent call last):
  File "/home/airflow/.local/lib/python3.12/site-packages/urllib3/connection.py", line 519, in getresponse
    assert_header_parsing(httplib_response.msg)
  File "/home/airflow/.local/lib/python3.12/site-packages/urllib3/util/response.py", line 88, in assert_header_parsing
    raise HeaderParsingError(defects=defects, unparsed_data=unparsed_data)
urllib3.exceptions.HeaderParsingError: [MissingHeaderBodySeparatorDefect()], unparsed data: 'HTTP/1.1 200 OK\r\nAccept-Ranges: bytes\r\nContent-Length: 0\r\nETag: "f0843805d00df1d512101814783ddaaf"\r\nServer: MinIO\r\nStrict-Transport-Security: max-age=31536000; includeSubDomains\r\nVary: Origin\r\nVary: Accept-Encoding\r\nX-Amz-Checksum-Crc32: url9RQ==\r\nX-Amz-Id-2: dd9025bab4ad464b049177c95eb6ebf374d3b3fd1af9251148b658df7ac2e3e8\r\nX-Amz-Request-Id: 183B1AB95C8087EA\r\nX-Content-Type-Options: nosniff\r\nX-Ratelimit-Limit: 824\r\nX-Ratelimit-Remaining: 824\r\nX-Xss-Protection: 1; mode=block\r\nDate: Wed, 30 Apr 2025 13:11:04 GMT\r\n\r\n'
[2025-04-30T13:11:34.313+0000] {hook.py:208} WARNING - Data lineage tracking is disabled. Register a hook lineage reader to start tracking hook lineage.
[2025-04-30T13:11:34.318+0000] {hook.py:208} WARNING - Data lineage tracking is disabled. Register a hook lineage reader to start tracking hook lineage.
[2025-04-30T13:11:34.320+0000] {my_dag.py:73} INFO - Uploaded snapshot_20250430_131103_88797.json to s3://tfl/data/raw/timetables/snapshot_20250430_131103_88797.json at timestamp 20250430_131103_88797
[2025-04-30T13:11:35.020+0000] {base.py:84} INFO - Retrieving connection 'minio_conn'
[2025-04-30T13:11:35.025+0000] {connection_wrapper.py:328} INFO - AWS Connection (conn_id='minio_conn', conn_type='aws') credentials retrieved from extra.
[2025-04-30T13:11:35.264+0000] {logging_mixin.py:190} INFO - <botocore.client.S3 object at 0x7f666a56f170>
[2025-04-30T13:11:35.338+0000] {hook.py:208} WARNING - Data lineage tracking is disabled. Register a hook lineage reader to start tracking hook lineage.
[2025-04-30T13:11:35.342+0000] {hook.py:208} WARNING - Data lineage tracking is disabled. Register a hook lineage reader to start tracking hook lineage.
[2025-04-30T13:11:35.380+0000] {connection.py:521} WARNING - Failed to parse headers (url=http://host.docker.internal:9000/tfl/data/raw/stop_points/snapshot_20250430_131135_29851.json): [MissingHeaderBodySeparatorDefect()], unparsed data: 'HTTP/1.1 200 OK\r\nAccept-Ranges: bytes\r\nContent-Length: 0\r\nETag: "7683cadf29c3b037911d9ba5a82ff2e0"\r\nServer: MinIO\r\nStrict-Transport-Security: max-age=31536000; includeSubDomains\r\nVary: Origin\r\nVary: Accept-Encoding\r\nX-Amz-Checksum-Crc32: +RB57Q==\r\nX-Amz-Id-2: dd9025bab4ad464b049177c95eb6ebf374d3b3fd1af9251148b658df7ac2e3e8\r\nX-Amz-Request-Id: 183B1AC0ABFF1822\r\nX-Content-Type-Options: nosniff\r\nX-Ratelimit-Limit: 824\r\nX-Ratelimit-Remaining: 824\r\nX-Xss-Protection: 1; mode=block\r\nDate: Wed, 30 Apr 2025 13:11:35 GMT\r\n\r\n'
Traceback (most recent call last):
  File "/home/airflow/.local/lib/python3.12/site-packages/urllib3/connection.py", line 519, in getresponse
    assert_header_parsing(httplib_response.msg)
  File "/home/airflow/.local/lib/python3.12/site-packages/urllib3/util/response.py", line 88, in assert_header_parsing
    raise HeaderParsingError(defects=defects, unparsed_data=unparsed_data)
urllib3.exceptions.HeaderParsingError: [MissingHeaderBodySeparatorDefect()], unparsed data: 'HTTP/1.1 200 OK\r\nAccept-Ranges: bytes\r\nContent-Length: 0\r\nETag: "7683cadf29c3b037911d9ba5a82ff2e0"\r\nServer: MinIO\r\nStrict-Transport-Security: max-age=31536000; includeSubDomains\r\nVary: Origin\r\nVary: Accept-Encoding\r\nX-Amz-Checksum-Crc32: +RB57Q==\r\nX-Amz-Id-2: dd9025bab4ad464b049177c95eb6ebf374d3b3fd1af9251148b658df7ac2e3e8\r\nX-Amz-Request-Id: 183B1AC0ABFF1822\r\nX-Content-Type-Options: nosniff\r\nX-Ratelimit-Limit: 824\r\nX-Ratelimit-Remaining: 824\r\nX-Xss-Protection: 1; mode=block\r\nDate: Wed, 30 Apr 2025 13:11:35 GMT\r\n\r\n'
[2025-04-30T13:12:05.635+0000] {hook.py:208} WARNING - Data lineage tracking is disabled. Register a hook lineage reader to start tracking hook lineage.
[2025-04-30T13:12:05.637+0000] {hook.py:208} WARNING - Data lineage tracking is disabled. Register a hook lineage reader to start tracking hook lineage.
[2025-04-30T13:12:05.642+0000] {my_dag.py:73} INFO - Uploaded snapshot_20250430_131135_29851.json to s3://tfl/data/raw/stop_points/snapshot_20250430_131135_29851.json at timestamp 20250430_131135_29851
[2025-04-30T13:12:06.738+0000] {logging_mixin.py:190} INFO - Error fetching data  list indices must be integers or slices, not str
[2025-04-30T13:12:07.278+0000] {base.py:84} INFO - Retrieving connection 'minio_conn'
[2025-04-30T13:12:07.281+0000] {connection_wrapper.py:328} INFO - AWS Connection (conn_id='minio_conn', conn_type='aws') credentials retrieved from extra.
[2025-04-30T13:12:07.415+0000] {logging_mixin.py:190} INFO - <botocore.client.S3 object at 0x7f6664407140>
[2025-04-30T13:12:07.446+0000] {hook.py:208} WARNING - Data lineage tracking is disabled. Register a hook lineage reader to start tracking hook lineage.
[2025-04-30T13:12:07.448+0000] {hook.py:208} WARNING - Data lineage tracking is disabled. Register a hook lineage reader to start tracking hook lineage.
[2025-04-30T13:12:07.478+0000] {connection.py:521} WARNING - Failed to parse headers (url=http://host.docker.internal:9000/tfl/data/raw/stop_points/snapshot_20250430_131207_43126.json): [MissingHeaderBodySeparatorDefect()], unparsed data: 'HTTP/1.1 200 OK\r\nAccept-Ranges: bytes\r\nContent-Length: 0\r\nETag: "36a0cae48c97a4341292aec7fd3e60f9"\r\nServer: MinIO\r\nStrict-Transport-Security: max-age=31536000; includeSubDomains\r\nVary: Origin\r\nVary: Accept-Encoding\r\nX-Amz-Checksum-Crc32: ECKCuQ==\r\nX-Amz-Id-2: dd9025bab4ad464b049177c95eb6ebf374d3b3fd1af9251148b658df7ac2e3e8\r\nX-Amz-Request-Id: 183B1AC82545A855\r\nX-Content-Type-Options: nosniff\r\nX-Ratelimit-Limit: 824\r\nX-Ratelimit-Remaining: 824\r\nX-Xss-Protection: 1; mode=block\r\nDate: Wed, 30 Apr 2025 13:12:07 GMT\r\n\r\n'
Traceback (most recent call last):
  File "/home/airflow/.local/lib/python3.12/site-packages/urllib3/connection.py", line 519, in getresponse
    assert_header_parsing(httplib_response.msg)
  File "/home/airflow/.local/lib/python3.12/site-packages/urllib3/util/response.py", line 88, in assert_header_parsing
    raise HeaderParsingError(defects=defects, unparsed_data=unparsed_data)
urllib3.exceptions.HeaderParsingError: [MissingHeaderBodySeparatorDefect()], unparsed data: 'HTTP/1.1 200 OK\r\nAccept-Ranges: bytes\r\nContent-Length: 0\r\nETag: "36a0cae48c97a4341292aec7fd3e60f9"\r\nServer: MinIO\r\nStrict-Transport-Security: max-age=31536000; includeSubDomains\r\nVary: Origin\r\nVary: Accept-Encoding\r\nX-Amz-Checksum-Crc32: ECKCuQ==\r\nX-Amz-Id-2: dd9025bab4ad464b049177c95eb6ebf374d3b3fd1af9251148b658df7ac2e3e8\r\nX-Amz-Request-Id: 183B1AC82545A855\r\nX-Content-Type-Options: nosniff\r\nX-Ratelimit-Limit: 824\r\nX-Ratelimit-Remaining: 824\r\nX-Xss-Protection: 1; mode=block\r\nDate: Wed, 30 Apr 2025 13:12:07 GMT\r\n\r\n'
[2025-04-30T13:12:37.731+0000] {hook.py:208} WARNING - Data lineage tracking is disabled. Register a hook lineage reader to start tracking hook lineage.
[2025-04-30T13:12:37.735+0000] {hook.py:208} WARNING - Data lineage tracking is disabled. Register a hook lineage reader to start tracking hook lineage.
[2025-04-30T13:12:37.738+0000] {my_dag.py:73} INFO - Uploaded snapshot_20250430_131207_43126.json to s3://tfl/data/raw/stop_points/snapshot_20250430_131207_43126.json at timestamp 20250430_131207_43126
[2025-04-30T13:12:38.792+0000] {base.py:84} INFO - Retrieving connection 'minio_conn'
[2025-04-30T13:12:38.795+0000] {connection_wrapper.py:328} INFO - AWS Connection (conn_id='minio_conn', conn_type='aws') credentials retrieved from extra.
[2025-04-30T13:12:38.898+0000] {logging_mixin.py:190} INFO - <botocore.client.S3 object at 0x7f6663e40bf0>
[2025-04-30T13:12:38.977+0000] {hook.py:208} WARNING - Data lineage tracking is disabled. Register a hook lineage reader to start tracking hook lineage.
[2025-04-30T13:12:38.990+0000] {hook.py:208} WARNING - Data lineage tracking is disabled. Register a hook lineage reader to start tracking hook lineage.
[2025-04-30T13:12:39.090+0000] {connection.py:521} WARNING - Failed to parse headers (url=http://host.docker.internal:9000/tfl/data/raw/timetables/snapshot_20250430_131238_92637.json): [MissingHeaderBodySeparatorDefect()], unparsed data: 'HTTP/1.1 200 OK\r\nAccept-Ranges: bytes\r\nContent-Length: 0\r\nETag: "75e832602711fe12e9e4f27a2bb28f95"\r\nServer: MinIO\r\nStrict-Transport-Security: max-age=31536000; includeSubDomains\r\nVary: Origin\r\nVary: Accept-Encoding\r\nX-Amz-Checksum-Crc32: i+xxLA==\r\nX-Amz-Id-2: dd9025bab4ad464b049177c95eb6ebf374d3b3fd1af9251148b658df7ac2e3e8\r\nX-Amz-Request-Id: 183B1ACF7DA33751\r\nX-Content-Type-Options: nosniff\r\nX-Ratelimit-Limit: 824\r\nX-Ratelimit-Remaining: 824\r\nX-Xss-Protection: 1; mode=block\r\nDate: Wed, 30 Apr 2025 13:12:39 GMT\r\n\r\n'
Traceback (most recent call last):
  File "/home/airflow/.local/lib/python3.12/site-packages/urllib3/connection.py", line 519, in getresponse
    assert_header_parsing(httplib_response.msg)
  File "/home/airflow/.local/lib/python3.12/site-packages/urllib3/util/response.py", line 88, in assert_header_parsing
    raise HeaderParsingError(defects=defects, unparsed_data=unparsed_data)
urllib3.exceptions.HeaderParsingError: [MissingHeaderBodySeparatorDefect()], unparsed data: 'HTTP/1.1 200 OK\r\nAccept-Ranges: bytes\r\nContent-Length: 0\r\nETag: "75e832602711fe12e9e4f27a2bb28f95"\r\nServer: MinIO\r\nStrict-Transport-Security: max-age=31536000; includeSubDomains\r\nVary: Origin\r\nVary: Accept-Encoding\r\nX-Amz-Checksum-Crc32: i+xxLA==\r\nX-Amz-Id-2: dd9025bab4ad464b049177c95eb6ebf374d3b3fd1af9251148b658df7ac2e3e8\r\nX-Amz-Request-Id: 183B1ACF7DA33751\r\nX-Content-Type-Options: nosniff\r\nX-Ratelimit-Limit: 824\r\nX-Ratelimit-Remaining: 824\r\nX-Xss-Protection: 1; mode=block\r\nDate: Wed, 30 Apr 2025 13:12:39 GMT\r\n\r\n'
[2025-04-30T13:13:09.341+0000] {hook.py:208} WARNING - Data lineage tracking is disabled. Register a hook lineage reader to start tracking hook lineage.
[2025-04-30T13:13:09.342+0000] {hook.py:208} WARNING - Data lineage tracking is disabled. Register a hook lineage reader to start tracking hook lineage.
[2025-04-30T13:13:09.344+0000] {my_dag.py:73} INFO - Uploaded snapshot_20250430_131238_92637.json to s3://tfl/data/raw/timetables/snapshot_20250430_131238_92637.json at timestamp 20250430_131238_92637
[2025-04-30T13:13:11.054+0000] {base.py:84} INFO - Retrieving connection 'minio_conn'
[2025-04-30T13:13:11.056+0000] {connection_wrapper.py:328} INFO - AWS Connection (conn_id='minio_conn', conn_type='aws') credentials retrieved from extra.
[2025-04-30T13:13:11.162+0000] {logging_mixin.py:190} INFO - <botocore.client.S3 object at 0x7f6661259910>
[2025-04-30T13:13:11.215+0000] {hook.py:208} WARNING - Data lineage tracking is disabled. Register a hook lineage reader to start tracking hook lineage.
[2025-04-30T13:13:11.217+0000] {hook.py:208} WARNING - Data lineage tracking is disabled. Register a hook lineage reader to start tracking hook lineage.
[2025-04-30T13:13:11.257+0000] {connection.py:521} WARNING - Failed to parse headers (url=http://host.docker.internal:9000/tfl/data/raw/stop_points/snapshot_20250430_131311_18797.json): [MissingHeaderBodySeparatorDefect()], unparsed data: 'HTTP/1.1 200 OK\r\nAccept-Ranges: bytes\r\nContent-Length: 0\r\nETag: "641e681bbdc9a6c05b68dc50683e1a9b"\r\nServer: MinIO\r\nStrict-Transport-Security: max-age=31536000; includeSubDomains\r\nVary: Origin\r\nVary: Accept-Encoding\r\nX-Amz-Checksum-Crc32: bPdAiA==\r\nX-Amz-Id-2: dd9025bab4ad464b049177c95eb6ebf374d3b3fd1af9251148b658df7ac2e3e8\r\nX-Amz-Request-Id: 183B1AD6FE356CDC\r\nX-Content-Type-Options: nosniff\r\nX-Ratelimit-Limit: 824\r\nX-Ratelimit-Remaining: 824\r\nX-Xss-Protection: 1; mode=block\r\nDate: Wed, 30 Apr 2025 13:13:11 GMT\r\n\r\n'
Traceback (most recent call last):
  File "/home/airflow/.local/lib/python3.12/site-packages/urllib3/connection.py", line 519, in getresponse
    assert_header_parsing(httplib_response.msg)
  File "/home/airflow/.local/lib/python3.12/site-packages/urllib3/util/response.py", line 88, in assert_header_parsing
    raise HeaderParsingError(defects=defects, unparsed_data=unparsed_data)
urllib3.exceptions.HeaderParsingError: [MissingHeaderBodySeparatorDefect()], unparsed data: 'HTTP/1.1 200 OK\r\nAccept-Ranges: bytes\r\nContent-Length: 0\r\nETag: "641e681bbdc9a6c05b68dc50683e1a9b"\r\nServer: MinIO\r\nStrict-Transport-Security: max-age=31536000; includeSubDomains\r\nVary: Origin\r\nVary: Accept-Encoding\r\nX-Amz-Checksum-Crc32: bPdAiA==\r\nX-Amz-Id-2: dd9025bab4ad464b049177c95eb6ebf374d3b3fd1af9251148b658df7ac2e3e8\r\nX-Amz-Request-Id: 183B1AD6FE356CDC\r\nX-Content-Type-Options: nosniff\r\nX-Ratelimit-Limit: 824\r\nX-Ratelimit-Remaining: 824\r\nX-Xss-Protection: 1; mode=block\r\nDate: Wed, 30 Apr 2025 13:13:11 GMT\r\n\r\n'
[2025-04-30T13:13:27.849+0000] {local_task_job_runner.py:346} WARNING - State of this instance has been externally set to failed. Terminating instance.
[2025-04-30T13:13:27.853+0000] {local_task_job_runner.py:245} INFO - ::endgroup::
[2025-04-30T13:13:27.857+0000] {process_utils.py:132} INFO - Sending 15 to group 6293. PIDs of all processes in the group: [6293]
[2025-04-30T13:13:27.859+0000] {process_utils.py:87} INFO - Sending the signal 15 to group 6293
[2025-04-30T13:13:27.861+0000] {taskinstance.py:3094} ERROR - Received SIGTERM. Terminating subprocesses.
[2025-04-30T13:13:27.872+0000] {taskinstance.py:3095} ERROR - Stacktrace: 
  File "/home/***/.local/bin/***", line 8, in <module>
    sys.exit(main())
  File "/home/***/.local/lib/python3.12/site-packages/***/__main__.py", line 62, in main
    args.func(args)
  File "/home/***/.local/lib/python3.12/site-packages/***/cli/cli_config.py", line 49, in command
    return func(*args, **kwargs)
  File "/home/***/.local/lib/python3.12/site-packages/***/utils/cli.py", line 116, in wrapper
    return f(*args, **kwargs)
  File "/home/***/.local/lib/python3.12/site-packages/***/utils/providers_configuration_loader.py", line 55, in wrapped_function
    return func(*args, **kwargs)
  File "/home/***/.local/lib/python3.12/site-packages/***/cli/commands/scheduler_command.py", line 56, in scheduler
    run_command_with_daemon_option(
  File "/home/***/.local/lib/python3.12/site-packages/***/cli/commands/daemon_utils.py", line 86, in run_command_with_daemon_option
    callback()
  File "/home/***/.local/lib/python3.12/site-packages/***/cli/commands/scheduler_command.py", line 59, in <lambda>
    callback=lambda: _run_scheduler_job(args),
  File "/home/***/.local/lib/python3.12/site-packages/***/cli/commands/scheduler_command.py", line 47, in _run_scheduler_job
    run_job(job=job_runner.job, execute_callable=job_runner._execute)
  File "/home/***/.local/lib/python3.12/site-packages/***/utils/session.py", line 97, in wrapper
    return func(*args, session=session, **kwargs)
  File "/home/***/.local/lib/python3.12/site-packages/***/jobs/job.py", line 421, in run_job
    return execute_job(job, execute_callable=execute_callable)
  File "/home/***/.local/lib/python3.12/site-packages/***/jobs/job.py", line 450, in execute_job
    ret = execute_callable()
  File "/home/***/.local/lib/python3.12/site-packages/***/jobs/scheduler_job_runner.py", line 990, in _execute
    executor.start()
  File "/home/***/.local/lib/python3.12/site-packages/***/executors/local_executor.py", line 392, in start
    self.impl.start()
  File "/home/***/.local/lib/python3.12/site-packages/***/executors/local_executor.py", line 330, in start
    worker.start()
  File "/usr/local/lib/python3.12/multiprocessing/process.py", line 121, in start
    self._popen = self._Popen(self)
  File "/usr/local/lib/python3.12/multiprocessing/context.py", line 224, in _Popen
    return _default_context.get_context().Process._Popen(process_obj)
  File "/usr/local/lib/python3.12/multiprocessing/context.py", line 282, in _Popen
    return Popen(process_obj)
  File "/usr/local/lib/python3.12/multiprocessing/popen_fork.py", line 19, in __init__
    self._launch(process_obj)
  File "/usr/local/lib/python3.12/multiprocessing/popen_fork.py", line 71, in _launch
    code = process_obj._bootstrap(parent_sentinel=child_r)
  File "/usr/local/lib/python3.12/multiprocessing/process.py", line 314, in _bootstrap
    self.run()
  File "/home/***/.local/lib/python3.12/site-packages/***/executors/local_executor.py", line 80, in run
    return super().run()
  File "/usr/local/lib/python3.12/multiprocessing/process.py", line 108, in run
    self._target(*self._args, **self._kwargs)
  File "/home/***/.local/lib/python3.12/site-packages/***/traces/tracer.py", line 58, in wrapper
    return func(*args, **kwargs)
  File "/home/***/.local/lib/python3.12/site-packages/***/executors/local_executor.py", line 211, in do_work
    self.execute_work(key=key, command=command)
  File "/home/***/.local/lib/python3.12/site-packages/***/traces/tracer.py", line 58, in wrapper
    return func(*args, **kwargs)
  File "/home/***/.local/lib/python3.12/site-packages/***/executors/local_executor.py", line 100, in execute_work
    state = self._execute_work_in_fork(command)
  File "/home/***/.local/lib/python3.12/site-packages/***/traces/tracer.py", line 58, in wrapper
    return func(*args, **kwargs)
  File "/home/***/.local/lib/python3.12/site-packages/***/executors/local_executor.py", line 142, in _execute_work_in_fork
    args.func(args)
  File "/home/***/.local/lib/python3.12/site-packages/***/cli/cli_config.py", line 49, in command
    return func(*args, **kwargs)
  File "/home/***/.local/lib/python3.12/site-packages/***/utils/cli.py", line 116, in wrapper
    return f(*args, **kwargs)
  File "/home/***/.local/lib/python3.12/site-packages/***/cli/commands/task_command.py", line 483, in task_run
    task_return_code = _run_task_by_selected_method(args, _dag, ti)
  File "/home/***/.local/lib/python3.12/site-packages/***/cli/commands/task_command.py", line 254, in _run_task_by_selected_method
    return _run_task_by_local_task_job(args, ti)
  File "/home/***/.local/lib/python3.12/site-packages/***/cli/commands/task_command.py", line 322, in _run_task_by_local_task_job
    ret = run_job(job=job_runner.job, execute_callable=job_runner._execute)
  File "/home/***/.local/lib/python3.12/site-packages/***/utils/session.py", line 97, in wrapper
    return func(*args, session=session, **kwargs)
  File "/home/***/.local/lib/python3.12/site-packages/***/jobs/job.py", line 421, in run_job
    return execute_job(job, execute_callable=execute_callable)
  File "/home/***/.local/lib/python3.12/site-packages/***/jobs/job.py", line 450, in execute_job
    ret = execute_callable()
  File "/home/***/.local/lib/python3.12/site-packages/***/jobs/local_task_job_runner.py", line 171, in _execute
    self.task_runner.start()
  File "/home/***/.local/lib/python3.12/site-packages/***/task/task_runner/standard_task_runner.py", line 55, in start
    self.process = self._start_by_fork()
  File "/home/***/.local/lib/python3.12/site-packages/***/task/task_runner/standard_task_runner.py", line 117, in _start_by_fork
    ret = args.func(args, dag=self.dag)
  File "/home/***/.local/lib/python3.12/site-packages/***/cli/cli_config.py", line 49, in command
    return func(*args, **kwargs)
  File "/home/***/.local/lib/python3.12/site-packages/***/utils/cli.py", line 116, in wrapper
    return f(*args, **kwargs)
  File "/home/***/.local/lib/python3.12/site-packages/***/cli/commands/task_command.py", line 483, in task_run
    task_return_code = _run_task_by_selected_method(args, _dag, ti)
  File "/home/***/.local/lib/python3.12/site-packages/***/cli/commands/task_command.py", line 256, in _run_task_by_selected_method
    return _run_raw_task(args, ti)
  File "/home/***/.local/lib/python3.12/site-packages/***/cli/commands/task_command.py", line 341, in _run_raw_task
    return ti._run_raw_task(
  File "/home/***/.local/lib/python3.12/site-packages/***/utils/session.py", line 97, in wrapper
    return func(*args, session=session, **kwargs)
  File "/home/***/.local/lib/python3.12/site-packages/***/models/taskinstance.py", line 3006, in _run_raw_task
    return _run_raw_task(
  File "/home/***/.local/lib/python3.12/site-packages/***/models/taskinstance.py", line 274, in _run_raw_task
    TaskInstance._execute_task_with_callbacks(
  File "/home/***/.local/lib/python3.12/site-packages/***/models/taskinstance.py", line 3161, in _execute_task_with_callbacks
    result = self._execute_task(context, task_orig)
  File "/home/***/.local/lib/python3.12/site-packages/***/models/taskinstance.py", line 3185, in _execute_task
    return _execute_task(self, context, task_orig)
  File "/home/***/.local/lib/python3.12/site-packages/***/models/taskinstance.py", line 768, in _execute_task
    result = _execute_callable(context=context, **execute_callable_kwargs)
  File "/home/***/.local/lib/python3.12/site-packages/***/models/taskinstance.py", line 734, in _execute_callable
    return ExecutionCallableRunner(
  File "/home/***/.local/lib/python3.12/site-packages/***/utils/operator_helpers.py", line 252, in run
    return self.func(*args, **kwargs)
  File "/home/***/.local/lib/python3.12/site-packages/***/models/baseoperator.py", line 424, in wrapper
    return func(self, *args, **kwargs)
  File "/home/***/.local/lib/python3.12/site-packages/***/operators/python.py", line 238, in execute
    return_value = self.execute_callable()
  File "/home/***/.local/lib/python3.12/site-packages/***/operators/python.py", line 256, in execute_callable
    return runner.run(*self.op_args, **self.op_kwargs)
  File "/home/***/.local/lib/python3.12/site-packages/***/utils/operator_helpers.py", line 252, in run
    return self.func(*args, **kwargs)
  File "/opt/***/dags/my_dag.py", line 101, in get_api_data
    stop_point_key = save_new_json(ed, data=_, category="stop_points")
  File "/opt/***/dags/my_dag.py", line 70, in save_new_json
    s3_hook.load_file(
  File "/home/***/.local/lib/python3.12/site-packages/***/providers/amazon/aws/hooks/s3.py", line 153, in wrapper
    return func(*bound_args.args, **bound_args.kwargs)
  File "/home/***/.local/lib/python3.12/site-packages/***/providers/amazon/aws/hooks/s3.py", line 126, in wrapper
    return func(*bound_args.args, **bound_args.kwargs)
  File "/home/***/.local/lib/python3.12/site-packages/***/providers/amazon/aws/hooks/s3.py", line 1135, in load_file
    client.upload_file(
  File "/home/***/.local/lib/python3.12/site-packages/boto3/s3/inject.py", line 145, in upload_file
    return transfer.upload_file(
  File "/home/***/.local/lib/python3.12/site-packages/boto3/s3/transfer.py", line 372, in upload_file
    future.result()
  File "/home/***/.local/lib/python3.12/site-packages/s3transfer/futures.py", line 103, in result
    return self._coordinator.result()
  File "/home/***/.local/lib/python3.12/site-packages/s3transfer/futures.py", line 259, in result
    self._done_event.wait(MAXINT)
  File "/usr/local/lib/python3.12/threading.py", line 655, in wait
    signaled = self._cond.wait(timeout)
  File "/usr/local/lib/python3.12/threading.py", line 355, in wait
    waiter.acquire()
  File "/home/***/.local/lib/python3.12/site-packages/***/models/taskinstance.py", line 3095, in signal_handler
    self.log.error("Stacktrace: \n%s", "".join(traceback.format_stack()))

[2025-04-30T13:13:41.568+0000] {taskinstance.py:341} INFO - ::group::Post task execution logs
[2025-04-30T13:13:41.620+0000] {process_utils.py:80} INFO - Process psutil.Process(pid=6293, status='terminated', exitcode=0, started='13:08:14') (6293) terminated with exit code 0
