[2025-04-24T11:31:10.513+0000] {local_task_job_runner.py:123} INFO - ::group::Pre task execution logs
[2025-04-24T11:31:10.549+0000] {taskinstance.py:2614} INFO - Dependencies all met for dep_context=non-requeueable deps ti=<TaskInstance: TFL_DATA_DAG.transform_data manual__2025-04-24T11:28:58.392455+00:00 [queued]>
[2025-04-24T11:31:10.562+0000] {taskinstance.py:2614} INFO - Dependencies all met for dep_context=requeueable deps ti=<TaskInstance: TFL_DATA_DAG.transform_data manual__2025-04-24T11:28:58.392455+00:00 [queued]>
[2025-04-24T11:31:10.564+0000] {taskinstance.py:2867} INFO - Starting attempt 1 of 6
[2025-04-24T11:31:10.581+0000] {taskinstance.py:2890} INFO - Executing <Task(PythonOperator): transform_data> on 2025-04-24 11:28:58.392455+00:00
[2025-04-24T11:31:10.590+0000] {standard_task_runner.py:104} INFO - Running: ['***', 'tasks', 'run', 'TFL_DATA_DAG', 'transform_data', 'manual__2025-04-24T11:28:58.392455+00:00', '--job-id', '371', '--raw', '--subdir', 'DAGS_FOLDER/my_dag.py', '--cfg-path', '/tmp/tmpspuy3hl0']
[2025-04-24T11:31:10.593+0000] {logging_mixin.py:190} WARNING - /home/***/.local/lib/python3.12/site-packages/***/task/task_runner/standard_task_runner.py:70 DeprecationWarning: This process (pid=7218) is multi-threaded, use of fork() may lead to deadlocks in the child.
[2025-04-24T11:31:10.594+0000] {standard_task_runner.py:105} INFO - Job 371: Subtask transform_data
[2025-04-24T11:31:10.596+0000] {standard_task_runner.py:72} INFO - Started process 7221 to run task
[2025-04-24T11:31:10.674+0000] {task_command.py:467} INFO - Running <TaskInstance: TFL_DATA_DAG.transform_data manual__2025-04-24T11:28:58.392455+00:00 [running]> on host 605a3e254bf1
[2025-04-24T11:31:10.770+0000] {taskinstance.py:3134} INFO - Exporting env vars: AIRFLOW_CTX_DAG_OWNER='abdulsalam' AIRFLOW_CTX_DAG_ID='TFL_DATA_DAG' AIRFLOW_CTX_TASK_ID='transform_data' AIRFLOW_CTX_EXECUTION_DATE='2025-04-24T11:28:58.392455+00:00' AIRFLOW_CTX_TRY_NUMBER='1' AIRFLOW_CTX_DAG_RUN_ID='manual__2025-04-24T11:28:58.392455+00:00'
[2025-04-24T11:31:10.773+0000] {taskinstance.py:732} INFO - ::endgroup::
[2025-04-24T11:31:10.820+0000] {base.py:84} INFO - Retrieving connection 'minio_conn'
[2025-04-24T11:31:10.823+0000] {connection_wrapper.py:328} INFO - AWS Connection (conn_id='minio_conn', conn_type='aws') credentials retrieved from extra.
[2025-04-24T11:31:11.327+0000] {hook.py:208} WARNING - Data lineage tracking is disabled. Register a hook lineage reader to start tracking hook lineage.
[2025-04-24T11:31:11.329+0000] {my_dag.py:120} INFO - Uploaded stop_points_cleaned_20250424_113110_95405.json to s3://tfl/data/cleaned/stop_points/snapshot_20250424_112902_61423.json at timestamp 20250424_113110_95405
[2025-04-24T11:31:11.374+0000] {hook.py:208} WARNING - Data lineage tracking is disabled. Register a hook lineage reader to start tracking hook lineage.
[2025-04-24T11:31:11.376+0000] {hook.py:208} WARNING - Data lineage tracking is disabled. Register a hook lineage reader to start tracking hook lineage.
[2025-04-24T11:31:11.379+0000] {my_dag.py:120} INFO - Uploaded stop_points_cleaned_20250424_113111_35140.json to s3://tfl/data/cleaned/stop_points/snapshot_20250424_113006_13563.json at timestamp 20250424_113111_35140
[2025-04-24T11:31:11.555+0000] {hook.py:208} WARNING - Data lineage tracking is disabled. Register a hook lineage reader to start tracking hook lineage.
[2025-04-24T11:31:11.556+0000] {hook.py:208} WARNING - Data lineage tracking is disabled. Register a hook lineage reader to start tracking hook lineage.
[2025-04-24T11:31:11.557+0000] {my_dag.py:120} INFO - Uploaded timetable_cleaned_20250424_113111_45651.json to s3://tfl/data/cleaned/timetables/snapshot_20250424_112935_14473.json at timestamp 20250424_113111_45651
[2025-04-24T11:31:11.676+0000] {hook.py:208} WARNING - Data lineage tracking is disabled. Register a hook lineage reader to start tracking hook lineage.
[2025-04-24T11:31:11.679+0000] {hook.py:208} WARNING - Data lineage tracking is disabled. Register a hook lineage reader to start tracking hook lineage.
[2025-04-24T11:31:11.680+0000] {my_dag.py:120} INFO - Uploaded timetable_cleaned_20250424_113111_62603.json to s3://tfl/data/cleaned/timetables/snapshot_20250424_113038_05547.json at timestamp 20250424_113111_62603
[2025-04-24T11:31:11.712+0000] {python.py:240} INFO - Done. Returned value was: None
[2025-04-24T11:31:11.722+0000] {taskinstance.py:341} INFO - ::group::Post task execution logs
[2025-04-24T11:31:11.725+0000] {taskinstance.py:353} INFO - Marking task as SUCCESS. dag_id=TFL_DATA_DAG, task_id=transform_data, run_id=manual__2025-04-24T11:28:58.392455+00:00, execution_date=20250424T112858, start_date=20250424T113110, end_date=20250424T113111
[2025-04-24T11:31:11.805+0000] {local_task_job_runner.py:266} INFO - Task exited with return code 0
[2025-04-24T11:31:11.836+0000] {taskinstance.py:3901} INFO - 1 downstream tasks scheduled from follow-on schedule check
[2025-04-24T11:31:11.843+0000] {local_task_job_runner.py:245} INFO - ::endgroup::
