[2025-04-23T17:36:43.996+0000] {local_task_job_runner.py:123} INFO - ::group::Pre task execution logs
[2025-04-23T17:36:44.005+0000] {taskinstance.py:2614} INFO - Dependencies all met for dep_context=non-requeueable deps ti=<TaskInstance: TFL_DATA_DAG.api_call_static_data manual__2025-04-23T17:35:05.998350+00:00 [queued]>
[2025-04-23T17:36:44.010+0000] {taskinstance.py:2614} INFO - Dependencies all met for dep_context=requeueable deps ti=<TaskInstance: TFL_DATA_DAG.api_call_static_data manual__2025-04-23T17:35:05.998350+00:00 [queued]>
[2025-04-23T17:36:44.010+0000] {taskinstance.py:2867} INFO - Starting attempt 2 of 6
[2025-04-23T17:36:44.019+0000] {taskinstance.py:2890} INFO - Executing <Task(PythonOperator): api_call_static_data> on 2025-04-23 17:35:05.998350+00:00
[2025-04-23T17:36:44.024+0000] {standard_task_runner.py:104} INFO - Running: ['***', 'tasks', 'run', 'TFL_DATA_DAG', 'api_call_static_data', 'manual__2025-04-23T17:35:05.998350+00:00', '--job-id', '318', '--raw', '--subdir', 'DAGS_FOLDER/my_dag.py', '--cfg-path', '/tmp/tmp8hmgi_60']
[2025-04-23T17:36:44.025+0000] {logging_mixin.py:190} WARNING - /home/***/.local/lib/python3.12/site-packages/***/task/task_runner/standard_task_runner.py:70 DeprecationWarning: This process (pid=13656) is multi-threaded, use of fork() may lead to deadlocks in the child.
[2025-04-23T17:36:44.026+0000] {standard_task_runner.py:105} INFO - Job 318: Subtask api_call_static_data
[2025-04-23T17:36:44.026+0000] {standard_task_runner.py:72} INFO - Started process 13659 to run task
[2025-04-23T17:36:44.058+0000] {task_command.py:467} INFO - Running <TaskInstance: TFL_DATA_DAG.api_call_static_data manual__2025-04-23T17:35:05.998350+00:00 [running]> on host 605a3e254bf1
[2025-04-23T17:36:44.102+0000] {taskinstance.py:3134} INFO - Exporting env vars: AIRFLOW_CTX_DAG_OWNER='abdulsalam' AIRFLOW_CTX_DAG_ID='TFL_DATA_DAG' AIRFLOW_CTX_TASK_ID='api_call_static_data' AIRFLOW_CTX_EXECUTION_DATE='2025-04-23T17:35:05.998350+00:00' AIRFLOW_CTX_TRY_NUMBER='2' AIRFLOW_CTX_DAG_RUN_ID='manual__2025-04-23T17:35:05.998350+00:00'
[2025-04-23T17:36:44.103+0000] {taskinstance.py:732} INFO - ::endgroup::
[2025-04-23T17:36:48.676+0000] {base.py:84} INFO - Retrieving connection 'minio_conn'
[2025-04-23T17:36:48.678+0000] {connection_wrapper.py:328} INFO - AWS Connection (conn_id='minio_conn', conn_type='aws') credentials retrieved from extra.
[2025-04-23T17:36:48.826+0000] {logging_mixin.py:190} INFO - <botocore.client.S3 object at 0x7f4e8bacfb00>
[2025-04-23T17:36:48.853+0000] {hook.py:208} WARNING - Data lineage tracking is disabled. Register a hook lineage reader to start tracking hook lineage.
[2025-04-23T17:36:48.862+0000] {connection.py:521} WARNING - Failed to parse headers (url=http://host.docker.internal:9000/tfl/data/raw/stop_points/snapshot_20250423_173648_84177.json): [MissingHeaderBodySeparatorDefect()], unparsed data: 'HTTP/1.1 200 OK\r\nAccept-Ranges: bytes\r\nContent-Length: 0\r\nETag: "8383ed107cfaa841bbfaaad9cd58b593"\r\nServer: MinIO\r\nStrict-Transport-Security: max-age=31536000; includeSubDomains\r\nVary: Origin\r\nVary: Accept-Encoding\r\nX-Amz-Checksum-Crc32: wXladg==\r\nX-Amz-Id-2: dd9025bab4ad464b049177c95eb6ebf374d3b3fd1af9251148b658df7ac2e3e8\r\nX-Amz-Request-Id: 18390329D94D6533\r\nX-Content-Type-Options: nosniff\r\nX-Ratelimit-Limit: 1534\r\nX-Ratelimit-Remaining: 1534\r\nX-Xss-Protection: 1; mode=block\r\nDate: Wed, 23 Apr 2025 17:36:48 GMT\r\n\r\n'
Traceback (most recent call last):
  File "/home/airflow/.local/lib/python3.12/site-packages/urllib3/connection.py", line 519, in getresponse
    assert_header_parsing(httplib_response.msg)
  File "/home/airflow/.local/lib/python3.12/site-packages/urllib3/util/response.py", line 88, in assert_header_parsing
    raise HeaderParsingError(defects=defects, unparsed_data=unparsed_data)
urllib3.exceptions.HeaderParsingError: [MissingHeaderBodySeparatorDefect()], unparsed data: 'HTTP/1.1 200 OK\r\nAccept-Ranges: bytes\r\nContent-Length: 0\r\nETag: "8383ed107cfaa841bbfaaad9cd58b593"\r\nServer: MinIO\r\nStrict-Transport-Security: max-age=31536000; includeSubDomains\r\nVary: Origin\r\nVary: Accept-Encoding\r\nX-Amz-Checksum-Crc32: wXladg==\r\nX-Amz-Id-2: dd9025bab4ad464b049177c95eb6ebf374d3b3fd1af9251148b658df7ac2e3e8\r\nX-Amz-Request-Id: 18390329D94D6533\r\nX-Content-Type-Options: nosniff\r\nX-Ratelimit-Limit: 1534\r\nX-Ratelimit-Remaining: 1534\r\nX-Xss-Protection: 1; mode=block\r\nDate: Wed, 23 Apr 2025 17:36:48 GMT\r\n\r\n'
[2025-04-23T17:37:19.117+0000] {hook.py:208} WARNING - Data lineage tracking is disabled. Register a hook lineage reader to start tracking hook lineage.
[2025-04-23T17:37:19.119+0000] {hook.py:208} WARNING - Data lineage tracking is disabled. Register a hook lineage reader to start tracking hook lineage.
[2025-04-23T17:37:19.121+0000] {my_dag.py:68} INFO - Uploaded snapshot_20250423_173648_84177.json to s3://tfl/data/raw/stop_points/snapshot_20250423_173648_84177.json at timestamp 20250423_173648_84177
[2025-04-23T17:37:19.123+0000] {taskinstance.py:3313} ERROR - Task failed with exception
Traceback (most recent call last):
  File "/home/airflow/.local/lib/python3.12/site-packages/airflow/models/taskinstance.py", line 768, in _execute_task
    result = _execute_callable(context=context, **execute_callable_kwargs)
             ^^^^^^^^^^^^^^^^^^^^^^^^^^^^^^^^^^^^^^^^^^^^^^^^^^^^^^^^^^^^^
  File "/home/airflow/.local/lib/python3.12/site-packages/airflow/models/taskinstance.py", line 734, in _execute_callable
    return ExecutionCallableRunner(
           ^^^^^^^^^^^^^^^^^^^^^^^^
  File "/home/airflow/.local/lib/python3.12/site-packages/airflow/utils/operator_helpers.py", line 252, in run
    return self.func(*args, **kwargs)
           ^^^^^^^^^^^^^^^^^^^^^^^^^^
  File "/home/airflow/.local/lib/python3.12/site-packages/airflow/models/baseoperator.py", line 424, in wrapper
    return func(self, *args, **kwargs)
           ^^^^^^^^^^^^^^^^^^^^^^^^^^^
  File "/home/airflow/.local/lib/python3.12/site-packages/airflow/operators/python.py", line 238, in execute
    return_value = self.execute_callable()
                   ^^^^^^^^^^^^^^^^^^^^^^^
  File "/home/airflow/.local/lib/python3.12/site-packages/airflow/operators/python.py", line 256, in execute_callable
    return runner.run(*self.op_args, **self.op_kwargs)
           ^^^^^^^^^^^^^^^^^^^^^^^^^^^^^^^^^^^^^^^^^^^
  File "/home/airflow/.local/lib/python3.12/site-packages/airflow/utils/operator_helpers.py", line 252, in run
    return self.func(*args, **kwargs)
           ^^^^^^^^^^^^^^^^^^^^^^^^^^
  File "/opt/airflow/dags/my_dag.py", line 98, in get_api_data
    _ = get_timetable(line_id,naptan_id)
        ^^^^^^^^^^^^^^^^^^^^^^^^^^^^^^^^
  File "/opt/airflow/plugins/airflow_ingestion.py", line 39, in get_timetable
    url =  f"{BASE_URL}/{line_id}/Timetable/{stop_point}?app_key={app_key}"
           ^^^^^^^^^^^^^^^^^^^^^^^^^^^^^^^^^^^^^^^^^^^^^^^^^^^^^^^^^^^^^^^^^
TypeError: bad operand type for unary +: 'str'
[2025-04-23T17:37:19.141+0000] {taskinstance.py:1226} INFO - Marking task as UP_FOR_RETRY. dag_id=TFL_DATA_DAG, task_id=api_call_static_data, run_id=manual__2025-04-23T17:35:05.998350+00:00, execution_date=20250423T173505, start_date=20250423T173644, end_date=20250423T173719
[2025-04-23T17:37:19.158+0000] {taskinstance.py:341} INFO - ::group::Post task execution logs
[2025-04-23T17:37:19.159+0000] {standard_task_runner.py:124} ERROR - Failed to execute job 318 for task api_call_static_data (bad operand type for unary +: 'str'; 13659)
Traceback (most recent call last):
  File "/home/airflow/.local/lib/python3.12/site-packages/airflow/task/task_runner/standard_task_runner.py", line 117, in _start_by_fork
    ret = args.func(args, dag=self.dag)
          ^^^^^^^^^^^^^^^^^^^^^^^^^^^^^
  File "/home/airflow/.local/lib/python3.12/site-packages/airflow/cli/cli_config.py", line 49, in command
    return func(*args, **kwargs)
           ^^^^^^^^^^^^^^^^^^^^^
  File "/home/airflow/.local/lib/python3.12/site-packages/airflow/utils/cli.py", line 116, in wrapper
    return f(*args, **kwargs)
           ^^^^^^^^^^^^^^^^^^
  File "/home/airflow/.local/lib/python3.12/site-packages/airflow/cli/commands/task_command.py", line 483, in task_run
    task_return_code = _run_task_by_selected_method(args, _dag, ti)
                       ^^^^^^^^^^^^^^^^^^^^^^^^^^^^^^^^^^^^^^^^^^^^
  File "/home/airflow/.local/lib/python3.12/site-packages/airflow/cli/commands/task_command.py", line 256, in _run_task_by_selected_method
    return _run_raw_task(args, ti)
           ^^^^^^^^^^^^^^^^^^^^^^^
  File "/home/airflow/.local/lib/python3.12/site-packages/airflow/cli/commands/task_command.py", line 341, in _run_raw_task
    return ti._run_raw_task(
           ^^^^^^^^^^^^^^^^^
  File "/home/airflow/.local/lib/python3.12/site-packages/airflow/utils/session.py", line 97, in wrapper
    return func(*args, session=session, **kwargs)
           ^^^^^^^^^^^^^^^^^^^^^^^^^^^^^^^^^^^^^^
  File "/home/airflow/.local/lib/python3.12/site-packages/airflow/models/taskinstance.py", line 3006, in _run_raw_task
    return _run_raw_task(
           ^^^^^^^^^^^^^^
  File "/home/airflow/.local/lib/python3.12/site-packages/airflow/models/taskinstance.py", line 274, in _run_raw_task
    TaskInstance._execute_task_with_callbacks(
  File "/home/airflow/.local/lib/python3.12/site-packages/airflow/models/taskinstance.py", line 3161, in _execute_task_with_callbacks
    result = self._execute_task(context, task_orig)
             ^^^^^^^^^^^^^^^^^^^^^^^^^^^^^^^^^^^^^^
  File "/home/airflow/.local/lib/python3.12/site-packages/airflow/models/taskinstance.py", line 3185, in _execute_task
    return _execute_task(self, context, task_orig)
           ^^^^^^^^^^^^^^^^^^^^^^^^^^^^^^^^^^^^^^^
  File "/home/airflow/.local/lib/python3.12/site-packages/airflow/models/taskinstance.py", line 768, in _execute_task
    result = _execute_callable(context=context, **execute_callable_kwargs)
             ^^^^^^^^^^^^^^^^^^^^^^^^^^^^^^^^^^^^^^^^^^^^^^^^^^^^^^^^^^^^^
  File "/home/airflow/.local/lib/python3.12/site-packages/airflow/models/taskinstance.py", line 734, in _execute_callable
    return ExecutionCallableRunner(
           ^^^^^^^^^^^^^^^^^^^^^^^^
  File "/home/airflow/.local/lib/python3.12/site-packages/airflow/utils/operator_helpers.py", line 252, in run
    return self.func(*args, **kwargs)
           ^^^^^^^^^^^^^^^^^^^^^^^^^^
  File "/home/airflow/.local/lib/python3.12/site-packages/airflow/models/baseoperator.py", line 424, in wrapper
    return func(self, *args, **kwargs)
           ^^^^^^^^^^^^^^^^^^^^^^^^^^^
  File "/home/airflow/.local/lib/python3.12/site-packages/airflow/operators/python.py", line 238, in execute
    return_value = self.execute_callable()
                   ^^^^^^^^^^^^^^^^^^^^^^^
  File "/home/airflow/.local/lib/python3.12/site-packages/airflow/operators/python.py", line 256, in execute_callable
    return runner.run(*self.op_args, **self.op_kwargs)
           ^^^^^^^^^^^^^^^^^^^^^^^^^^^^^^^^^^^^^^^^^^^
  File "/home/airflow/.local/lib/python3.12/site-packages/airflow/utils/operator_helpers.py", line 252, in run
    return self.func(*args, **kwargs)
           ^^^^^^^^^^^^^^^^^^^^^^^^^^
  File "/opt/airflow/dags/my_dag.py", line 98, in get_api_data
    _ = get_timetable(line_id,naptan_id)
        ^^^^^^^^^^^^^^^^^^^^^^^^^^^^^^^^
  File "/opt/airflow/plugins/airflow_ingestion.py", line 39, in get_timetable
    url =  f"{BASE_URL}/{line_id}/Timetable/{stop_point}?app_key={app_key}"
           ^^^^^^^^^^^^^^^^^^^^^^^^^^^^^^^^^^^^^^^^^^^^^^^^^^^^^^^^^^^^^^^^^
TypeError: bad operand type for unary +: 'str'
[2025-04-23T17:37:19.196+0000] {local_task_job_runner.py:266} INFO - Task exited with return code 1
[2025-04-23T17:37:19.211+0000] {taskinstance.py:3901} INFO - 0 downstream tasks scheduled from follow-on schedule check
[2025-04-23T17:37:19.214+0000] {local_task_job_runner.py:245} INFO - ::endgroup::
