[2025-04-26T17:53:24.435+0000] {local_task_job_runner.py:123} INFO - ::group::Pre task execution logs
[2025-04-26T17:53:24.447+0000] {taskinstance.py:2614} INFO - Dependencies all met for dep_context=non-requeueable deps ti=<TaskInstance: TFL_DATA_DAG.transform_data scheduled__2025-04-25T00:00:00+00:00 [queued]>
[2025-04-26T17:53:24.452+0000] {taskinstance.py:2614} INFO - Dependencies all met for dep_context=requeueable deps ti=<TaskInstance: TFL_DATA_DAG.transform_data scheduled__2025-04-25T00:00:00+00:00 [queued]>
[2025-04-26T17:53:24.457+0000] {taskinstance.py:2867} INFO - Starting attempt 1 of 6
[2025-04-26T17:53:24.466+0000] {taskinstance.py:2890} INFO - Executing <Task(PythonOperator): transform_data> on 2025-04-25 00:00:00+00:00
[2025-04-26T17:53:24.472+0000] {standard_task_runner.py:104} INFO - Running: ['***', 'tasks', 'run', 'TFL_DATA_DAG', 'transform_data', 'scheduled__2025-04-25T00:00:00+00:00', '--job-id', '382', '--raw', '--subdir', 'DAGS_FOLDER/my_dag.py', '--cfg-path', '/tmp/tmpfple2qrw']
[2025-04-26T17:53:24.473+0000] {logging_mixin.py:190} WARNING - /home/***/.local/lib/python3.12/site-packages/***/task/task_runner/standard_task_runner.py:70 DeprecationWarning: This process (pid=325) is multi-threaded, use of fork() may lead to deadlocks in the child.
[2025-04-26T17:53:24.474+0000] {standard_task_runner.py:105} INFO - Job 382: Subtask transform_data
[2025-04-26T17:53:24.475+0000] {standard_task_runner.py:72} INFO - Started process 328 to run task
[2025-04-26T17:53:24.508+0000] {task_command.py:467} INFO - Running <TaskInstance: TFL_DATA_DAG.transform_data scheduled__2025-04-25T00:00:00+00:00 [running]> on host 605a3e254bf1
[2025-04-26T17:53:24.554+0000] {taskinstance.py:3134} INFO - Exporting env vars: AIRFLOW_CTX_DAG_OWNER='abdulsalam' AIRFLOW_CTX_DAG_ID='TFL_DATA_DAG' AIRFLOW_CTX_TASK_ID='transform_data' AIRFLOW_CTX_EXECUTION_DATE='2025-04-25T00:00:00+00:00' AIRFLOW_CTX_TRY_NUMBER='1' AIRFLOW_CTX_DAG_RUN_ID='scheduled__2025-04-25T00:00:00+00:00'
[2025-04-26T17:53:24.555+0000] {taskinstance.py:732} INFO - ::endgroup::
[2025-04-26T17:53:24.575+0000] {base.py:84} INFO - Retrieving connection 'minio_conn'
[2025-04-26T17:53:24.576+0000] {connection_wrapper.py:328} INFO - AWS Connection (conn_id='minio_conn', conn_type='aws') credentials retrieved from extra.
[2025-04-26T17:53:24.793+0000] {hook.py:208} WARNING - Data lineage tracking is disabled. Register a hook lineage reader to start tracking hook lineage.
[2025-04-26T17:53:24.795+0000] {my_dag.py:120} INFO - Uploaded stop_points_cleaned_20250426_175324_63713.json to s3://tfl/data/cleaned/stop_points/snapshot_20250426_175113_66379.json at timestamp 20250426_175324_63713
[2025-04-26T17:53:24.813+0000] {hook.py:208} WARNING - Data lineage tracking is disabled. Register a hook lineage reader to start tracking hook lineage.
[2025-04-26T17:53:24.815+0000] {hook.py:208} WARNING - Data lineage tracking is disabled. Register a hook lineage reader to start tracking hook lineage.
[2025-04-26T17:53:24.815+0000] {my_dag.py:120} INFO - Uploaded stop_points_cleaned_20250426_175324_80452.json to s3://tfl/data/cleaned/stop_points/snapshot_20250426_175216_94366.json at timestamp 20250426_175324_80452
[2025-04-26T17:53:24.873+0000] {my_dag.py:213} ERROR - Error processing file: data/raw/timetables/snapshot_20250426_175145_37677.json
[2025-04-26T17:53:24.893+0000] {my_dag.py:213} ERROR - Error processing file: data/raw/timetables/snapshot_20250426_175252_50724.json
[2025-04-26T17:53:24.905+0000] {python.py:240} INFO - Done. Returned value was: None
[2025-04-26T17:53:24.910+0000] {taskinstance.py:341} INFO - ::group::Post task execution logs
[2025-04-26T17:53:24.911+0000] {taskinstance.py:353} INFO - Marking task as SUCCESS. dag_id=TFL_DATA_DAG, task_id=transform_data, run_id=scheduled__2025-04-25T00:00:00+00:00, execution_date=20250425T000000, start_date=20250426T175324, end_date=20250426T175324
[2025-04-26T17:53:24.945+0000] {local_task_job_runner.py:266} INFO - Task exited with return code 0
[2025-04-26T17:53:24.956+0000] {taskinstance.py:3901} INFO - 1 downstream tasks scheduled from follow-on schedule check
[2025-04-26T17:53:24.959+0000] {local_task_job_runner.py:245} INFO - ::endgroup::
