[2025-05-01T11:47:35.668+0000] {local_task_job_runner.py:123} INFO - ::group::Pre task execution logs
[2025-05-01T11:47:35.735+0000] {taskinstance.py:2614} INFO - Dependencies all met for dep_context=non-requeueable deps ti=<TaskInstance: TFL_DATA_DAG_V2.load_data manual__2025-04-30T17:22:54.081203+00:00 [queued]>
[2025-05-01T11:47:35.763+0000] {taskinstance.py:2614} INFO - Dependencies all met for dep_context=requeueable deps ti=<TaskInstance: TFL_DATA_DAG_V2.load_data manual__2025-04-30T17:22:54.081203+00:00 [queued]>
[2025-05-01T11:47:35.767+0000] {taskinstance.py:2867} INFO - Starting attempt 8 of 12
[2025-05-01T11:47:35.803+0000] {taskinstance.py:2890} INFO - Executing <Task(PythonOperator): load_data> on 2025-04-30 17:22:54.081203+00:00
[2025-05-01T11:47:35.823+0000] {standard_task_runner.py:104} INFO - Running: ['***', 'tasks', 'run', 'TFL_DATA_DAG_V2', 'load_data', 'manual__2025-04-30T17:22:54.081203+00:00', '--job-id', '477', '--raw', '--subdir', 'DAGS_FOLDER/my_dag.py', '--cfg-path', '/tmp/tmpsb9k0bzj']
[2025-05-01T11:47:35.831+0000] {logging_mixin.py:190} WARNING - /home/***/.local/lib/python3.12/site-packages/***/task/task_runner/standard_task_runner.py:70 DeprecationWarning: This process (pid=5607) is multi-threaded, use of fork() may lead to deadlocks in the child.
[2025-05-01T11:47:35.833+0000] {standard_task_runner.py:105} INFO - Job 477: Subtask load_data
[2025-05-01T11:47:35.835+0000] {standard_task_runner.py:72} INFO - Started process 5610 to run task
[2025-05-01T11:47:35.963+0000] {task_command.py:467} INFO - Running <TaskInstance: TFL_DATA_DAG_V2.load_data manual__2025-04-30T17:22:54.081203+00:00 [running]> on host 605a3e254bf1
[2025-05-01T11:47:36.080+0000] {taskinstance.py:3134} INFO - Exporting env vars: AIRFLOW_CTX_DAG_OWNER='abdulsalam' AIRFLOW_CTX_DAG_ID='TFL_DATA_DAG_V2' AIRFLOW_CTX_TASK_ID='load_data' AIRFLOW_CTX_EXECUTION_DATE='2025-04-30T17:22:54.081203+00:00' AIRFLOW_CTX_TRY_NUMBER='8' AIRFLOW_CTX_DAG_RUN_ID='manual__2025-04-30T17:22:54.081203+00:00'
[2025-05-01T11:47:36.084+0000] {taskinstance.py:732} INFO - ::endgroup::
[2025-05-01T11:47:36.133+0000] {base.py:84} INFO - Retrieving connection 'snowflake_conn'
[2025-05-01T11:47:36.137+0000] {connection.py:424} INFO - Snowflake Connector for Python Version: 3.13.2, Python Version: 3.12.9, Platform: Linux-6.10.0-linuxkit-x86_64-with-glibc2.36
[2025-05-01T11:47:36.142+0000] {connection.py:1213} INFO - Connecting to GLOBAL Snowflake domain
[2025-05-01T11:47:36.146+0000] {connection.py:1295} INFO - This connection is in OCSP Fail Open Mode. TLS Certificates would be checked for validity and revocation status. Any other Certificate Revocation related exceptions or OCSP Responder failures would be disregarded in favor of connectivity.
[2025-05-01T11:47:38.501+0000] {logging_mixin.py:190} INFO - snowflake conn:  <snowflake.connector.connection.SnowflakeConnection object at 0x7f286c5d4a40>
[2025-05-01T11:47:39.940+0000] {logging_mixin.py:190} INFO - tt_keys ['data/cleaned/timetables/snapshot_20250430_182328_35823.json', 'data/cleaned/timetables/snapshot_20250430_182430_91745.json', 'data/cleaned/timetables/snapshot_20250430_182532_97467.json', 'data/cleaned/timetables/snapshot_20250430_182637_16579.json', 'data/cleaned/timetables/snapshot_20250430_182707_67325.json', 'data/cleaned/timetables/snapshot_20250430_182809_86831.json', 'data/cleaned/timetables/snapshot_20250430_182916_04135.json', 'data/cleaned/timetables/snapshot_20250430_182946_50700.json']
[2025-05-01T11:47:39.950+0000] {base.py:84} INFO - Retrieving connection 'minio_conn'
[2025-05-01T11:47:39.952+0000] {connection_wrapper.py:328} INFO - AWS Connection (conn_id='minio_conn', conn_type='aws') credentials retrieved from extra.
[2025-05-01T11:48:07.020+0000] {logging_mixin.py:190} INFO - Inserting into timetables with id:  401
[2025-05-01T11:48:07.022+0000] {logging_mixin.py:190} INFO - for key:  Friday
[2025-05-01T11:48:07.586+0000] {logging_mixin.py:190} INFO - sched len:  115
[2025-05-01T11:48:07.589+0000] {logging_mixin.py:190} INFO - ti len:  115
[2025-05-01T11:51:01.607+0000] {logging_mixin.py:190} INFO - for key:  Monday to Thursday
[2025-05-01T11:51:02.159+0000] {logging_mixin.py:190} INFO - sched len:  116
[2025-05-01T11:51:02.161+0000] {logging_mixin.py:190} INFO - ti len:  116
[2025-05-01T11:54:22.954+0000] {logging_mixin.py:190} INFO - for key:  Saturday
[2025-05-01T11:54:24.051+0000] {logging_mixin.py:190} INFO - sched len:  111
[2025-05-01T11:54:24.053+0000] {logging_mixin.py:190} INFO - ti len:  111
[2025-05-01T11:57:53.011+0000] {logging_mixin.py:190} INFO - for key:  Sunday
[2025-05-01T11:57:53.526+0000] {logging_mixin.py:190} INFO - sched len:  100
[2025-05-01T11:57:53.530+0000] {logging_mixin.py:190} INFO - ti len:  100
[2025-05-01T12:00:30.799+0000] {logging_mixin.py:190} INFO - Inserting into timetables with id:  501
[2025-05-01T12:00:30.802+0000] {logging_mixin.py:190} INFO - for key:  Friday
[2025-05-01T12:00:31.223+0000] {logging_mixin.py:190} INFO - sched len:  113
[2025-05-01T12:00:31.226+0000] {logging_mixin.py:190} INFO - ti len:  113
