[2025-04-29T10:26:36.442+0000] {local_task_job_runner.py:123} INFO - ::group::Pre task execution logs
[2025-04-29T10:26:36.473+0000] {taskinstance.py:2614} INFO - Dependencies all met for dep_context=non-requeueable deps ti=<TaskInstance: TFL_DATA_DAG.api_call_static_data scheduled__2025-04-28T00:00:00+00:00 [queued]>
[2025-04-29T10:26:36.493+0000] {taskinstance.py:2614} INFO - Dependencies all met for dep_context=requeueable deps ti=<TaskInstance: TFL_DATA_DAG.api_call_static_data scheduled__2025-04-28T00:00:00+00:00 [queued]>
[2025-04-29T10:26:36.510+0000] {taskinstance.py:2867} INFO - Starting attempt 1 of 6
[2025-04-29T10:26:36.557+0000] {taskinstance.py:2890} INFO - Executing <Task(PythonOperator): api_call_static_data> on 2025-04-28 00:00:00+00:00
[2025-04-29T10:26:36.582+0000] {standard_task_runner.py:104} INFO - Running: ['***', 'tasks', 'run', 'TFL_DATA_DAG', 'api_call_static_data', 'scheduled__2025-04-28T00:00:00+00:00', '--job-id', '429', '--raw', '--subdir', 'DAGS_FOLDER/my_dag.py', '--cfg-path', '/tmp/tmpk9mqdjjp']
[2025-04-29T10:26:36.588+0000] {logging_mixin.py:190} WARNING - /home/***/.local/lib/python3.12/site-packages/***/task/task_runner/standard_task_runner.py:70 DeprecationWarning: This process (pid=3902) is multi-threaded, use of fork() may lead to deadlocks in the child.
[2025-04-29T10:26:36.593+0000] {standard_task_runner.py:105} INFO - Job 429: Subtask api_call_static_data
[2025-04-29T10:26:36.608+0000] {standard_task_runner.py:72} INFO - Started process 3911 to run task
[2025-04-29T10:26:36.756+0000] {task_command.py:467} INFO - Running <TaskInstance: TFL_DATA_DAG.api_call_static_data scheduled__2025-04-28T00:00:00+00:00 [running]> on host 605a3e254bf1
[2025-04-29T10:26:36.912+0000] {taskinstance.py:3134} INFO - Exporting env vars: AIRFLOW_CTX_DAG_OWNER='abdulsalam' AIRFLOW_CTX_DAG_ID='TFL_DATA_DAG' AIRFLOW_CTX_TASK_ID='api_call_static_data' AIRFLOW_CTX_EXECUTION_DATE='2025-04-28T00:00:00+00:00' AIRFLOW_CTX_TRY_NUMBER='1' AIRFLOW_CTX_DAG_RUN_ID='scheduled__2025-04-28T00:00:00+00:00'
[2025-04-29T10:26:36.918+0000] {taskinstance.py:732} INFO - ::endgroup::
[2025-04-29T10:26:38.012+0000] {base.py:84} INFO - Retrieving connection 'minio_conn'
[2025-04-29T10:26:38.019+0000] {connection_wrapper.py:328} INFO - AWS Connection (conn_id='minio_conn', conn_type='aws') credentials retrieved from extra.
[2025-04-29T10:26:38.365+0000] {logging_mixin.py:190} INFO - <botocore.client.S3 object at 0x7f66682c1f40>
[2025-04-29T10:26:38.459+0000] {hook.py:208} WARNING - Data lineage tracking is disabled. Register a hook lineage reader to start tracking hook lineage.
[2025-04-29T10:26:38.501+0000] {connection.py:521} WARNING - Failed to parse headers (url=http://host.docker.internal:9000/tfl/data/raw/stop_points/snapshot_20250429_102638_41860.json): [MissingHeaderBodySeparatorDefect()], unparsed data: 'HTTP/1.1 200 OK\r\nAccept-Ranges: bytes\r\nContent-Length: 0\r\nETag: "8383ed107cfaa841bbfaaad9cd58b593"\r\nServer: MinIO\r\nStrict-Transport-Security: max-age=31536000; includeSubDomains\r\nVary: Origin\r\nVary: Accept-Encoding\r\nX-Amz-Checksum-Crc32: wXladg==\r\nX-Amz-Id-2: dd9025bab4ad464b049177c95eb6ebf374d3b3fd1af9251148b658df7ac2e3e8\r\nX-Amz-Request-Id: 183AC32BCE8764A8\r\nX-Content-Type-Options: nosniff\r\nX-Ratelimit-Limit: 824\r\nX-Ratelimit-Remaining: 824\r\nX-Xss-Protection: 1; mode=block\r\nDate: Tue, 29 Apr 2025 10:26:38 GMT\r\n\r\n'
Traceback (most recent call last):
  File "/home/airflow/.local/lib/python3.12/site-packages/urllib3/connection.py", line 519, in getresponse
    assert_header_parsing(httplib_response.msg)
  File "/home/airflow/.local/lib/python3.12/site-packages/urllib3/util/response.py", line 88, in assert_header_parsing
    raise HeaderParsingError(defects=defects, unparsed_data=unparsed_data)
urllib3.exceptions.HeaderParsingError: [MissingHeaderBodySeparatorDefect()], unparsed data: 'HTTP/1.1 200 OK\r\nAccept-Ranges: bytes\r\nContent-Length: 0\r\nETag: "8383ed107cfaa841bbfaaad9cd58b593"\r\nServer: MinIO\r\nStrict-Transport-Security: max-age=31536000; includeSubDomains\r\nVary: Origin\r\nVary: Accept-Encoding\r\nX-Amz-Checksum-Crc32: wXladg==\r\nX-Amz-Id-2: dd9025bab4ad464b049177c95eb6ebf374d3b3fd1af9251148b658df7ac2e3e8\r\nX-Amz-Request-Id: 183AC32BCE8764A8\r\nX-Content-Type-Options: nosniff\r\nX-Ratelimit-Limit: 824\r\nX-Ratelimit-Remaining: 824\r\nX-Xss-Protection: 1; mode=block\r\nDate: Tue, 29 Apr 2025 10:26:38 GMT\r\n\r\n'
[2025-04-29T10:27:08.751+0000] {hook.py:208} WARNING - Data lineage tracking is disabled. Register a hook lineage reader to start tracking hook lineage.
[2025-04-29T10:27:08.754+0000] {hook.py:208} WARNING - Data lineage tracking is disabled. Register a hook lineage reader to start tracking hook lineage.
[2025-04-29T10:27:08.756+0000] {my_dag.py:73} INFO - Uploaded snapshot_20250429_102638_41860.json to s3://tfl/data/raw/stop_points/snapshot_20250429_102638_41860.json at timestamp 20250429_102638_41860
[2025-04-29T10:27:10.655+0000] {base.py:84} INFO - Retrieving connection 'minio_conn'
[2025-04-29T10:27:10.658+0000] {connection_wrapper.py:328} INFO - AWS Connection (conn_id='minio_conn', conn_type='aws') credentials retrieved from extra.
[2025-04-29T10:27:10.766+0000] {logging_mixin.py:190} INFO - <botocore.client.S3 object at 0x7f666ab58440>
[2025-04-29T10:27:10.839+0000] {hook.py:208} WARNING - Data lineage tracking is disabled. Register a hook lineage reader to start tracking hook lineage.
[2025-04-29T10:27:10.842+0000] {hook.py:208} WARNING - Data lineage tracking is disabled. Register a hook lineage reader to start tracking hook lineage.
[2025-04-29T10:27:10.911+0000] {connection.py:521} WARNING - Failed to parse headers (url=http://host.docker.internal:9000/tfl/data/raw/timetables/snapshot_20250429_102710_79220.json): [MissingHeaderBodySeparatorDefect()], unparsed data: 'HTTP/1.1 200 OK\r\nAccept-Ranges: bytes\r\nContent-Length: 0\r\nETag: "7d3d7741aaafc159a7384e08e506dd11"\r\nServer: MinIO\r\nStrict-Transport-Security: max-age=31536000; includeSubDomains\r\nVary: Origin\r\nVary: Accept-Encoding\r\nX-Amz-Checksum-Crc32: vQMDDA==\r\nX-Amz-Id-2: dd9025bab4ad464b049177c95eb6ebf374d3b3fd1af9251148b658df7ac2e3e8\r\nX-Amz-Request-Id: 183AC333586C7A51\r\nX-Content-Type-Options: nosniff\r\nX-Ratelimit-Limit: 824\r\nX-Ratelimit-Remaining: 824\r\nX-Xss-Protection: 1; mode=block\r\nDate: Tue, 29 Apr 2025 10:27:10 GMT\r\n\r\n'
Traceback (most recent call last):
  File "/home/airflow/.local/lib/python3.12/site-packages/urllib3/connection.py", line 519, in getresponse
    assert_header_parsing(httplib_response.msg)
  File "/home/airflow/.local/lib/python3.12/site-packages/urllib3/util/response.py", line 88, in assert_header_parsing
    raise HeaderParsingError(defects=defects, unparsed_data=unparsed_data)
urllib3.exceptions.HeaderParsingError: [MissingHeaderBodySeparatorDefect()], unparsed data: 'HTTP/1.1 200 OK\r\nAccept-Ranges: bytes\r\nContent-Length: 0\r\nETag: "7d3d7741aaafc159a7384e08e506dd11"\r\nServer: MinIO\r\nStrict-Transport-Security: max-age=31536000; includeSubDomains\r\nVary: Origin\r\nVary: Accept-Encoding\r\nX-Amz-Checksum-Crc32: vQMDDA==\r\nX-Amz-Id-2: dd9025bab4ad464b049177c95eb6ebf374d3b3fd1af9251148b658df7ac2e3e8\r\nX-Amz-Request-Id: 183AC333586C7A51\r\nX-Content-Type-Options: nosniff\r\nX-Ratelimit-Limit: 824\r\nX-Ratelimit-Remaining: 824\r\nX-Xss-Protection: 1; mode=block\r\nDate: Tue, 29 Apr 2025 10:27:10 GMT\r\n\r\n'
[2025-04-29T10:27:41.163+0000] {hook.py:208} WARNING - Data lineage tracking is disabled. Register a hook lineage reader to start tracking hook lineage.
[2025-04-29T10:27:41.164+0000] {hook.py:208} WARNING - Data lineage tracking is disabled. Register a hook lineage reader to start tracking hook lineage.
[2025-04-29T10:27:41.165+0000] {my_dag.py:73} INFO - Uploaded snapshot_20250429_102710_79220.json to s3://tfl/data/raw/timetables/snapshot_20250429_102710_79220.json at timestamp 20250429_102710_79220
[2025-04-29T10:27:42.877+0000] {base.py:84} INFO - Retrieving connection 'minio_conn'
[2025-04-29T10:27:42.879+0000] {connection_wrapper.py:328} INFO - AWS Connection (conn_id='minio_conn', conn_type='aws') credentials retrieved from extra.
[2025-04-29T10:27:42.938+0000] {logging_mixin.py:190} INFO - <botocore.client.S3 object at 0x7f6667d2e510>
[2025-04-29T10:27:42.966+0000] {hook.py:208} WARNING - Data lineage tracking is disabled. Register a hook lineage reader to start tracking hook lineage.
[2025-04-29T10:27:42.968+0000] {hook.py:208} WARNING - Data lineage tracking is disabled. Register a hook lineage reader to start tracking hook lineage.
[2025-04-29T10:27:42.979+0000] {connection.py:521} WARNING - Failed to parse headers (url=http://host.docker.internal:9000/tfl/data/raw/stop_points/snapshot_20250429_102742_95082.json): [MissingHeaderBodySeparatorDefect()], unparsed data: 'HTTP/1.1 200 OK\r\nAccept-Ranges: bytes\r\nContent-Length: 0\r\nETag: "cc6b741cd4e3020dfc3dc5f045d6e4fe"\r\nServer: MinIO\r\nStrict-Transport-Security: max-age=31536000; includeSubDomains\r\nVary: Origin\r\nVary: Accept-Encoding\r\nX-Amz-Checksum-Crc32: O4ERcg==\r\nX-Amz-Id-2: dd9025bab4ad464b049177c95eb6ebf374d3b3fd1af9251148b658df7ac2e3e8\r\nX-Amz-Request-Id: 183AC33AD2D441C9\r\nX-Content-Type-Options: nosniff\r\nX-Ratelimit-Limit: 824\r\nX-Ratelimit-Remaining: 824\r\nX-Xss-Protection: 1; mode=block\r\nDate: Tue, 29 Apr 2025 10:27:42 GMT\r\n\r\n'
Traceback (most recent call last):
  File "/home/airflow/.local/lib/python3.12/site-packages/urllib3/connection.py", line 519, in getresponse
    assert_header_parsing(httplib_response.msg)
  File "/home/airflow/.local/lib/python3.12/site-packages/urllib3/util/response.py", line 88, in assert_header_parsing
    raise HeaderParsingError(defects=defects, unparsed_data=unparsed_data)
urllib3.exceptions.HeaderParsingError: [MissingHeaderBodySeparatorDefect()], unparsed data: 'HTTP/1.1 200 OK\r\nAccept-Ranges: bytes\r\nContent-Length: 0\r\nETag: "cc6b741cd4e3020dfc3dc5f045d6e4fe"\r\nServer: MinIO\r\nStrict-Transport-Security: max-age=31536000; includeSubDomains\r\nVary: Origin\r\nVary: Accept-Encoding\r\nX-Amz-Checksum-Crc32: O4ERcg==\r\nX-Amz-Id-2: dd9025bab4ad464b049177c95eb6ebf374d3b3fd1af9251148b658df7ac2e3e8\r\nX-Amz-Request-Id: 183AC33AD2D441C9\r\nX-Content-Type-Options: nosniff\r\nX-Ratelimit-Limit: 824\r\nX-Ratelimit-Remaining: 824\r\nX-Xss-Protection: 1; mode=block\r\nDate: Tue, 29 Apr 2025 10:27:42 GMT\r\n\r\n'
[2025-04-29T10:28:15.031+0000] {hook.py:208} WARNING - Data lineage tracking is disabled. Register a hook lineage reader to start tracking hook lineage.
[2025-04-29T10:28:15.036+0000] {hook.py:208} WARNING - Data lineage tracking is disabled. Register a hook lineage reader to start tracking hook lineage.
[2025-04-29T10:28:15.038+0000] {my_dag.py:73} INFO - Uploaded snapshot_20250429_102742_95082.json to s3://tfl/data/raw/stop_points/snapshot_20250429_102742_95082.json at timestamp 20250429_102742_95082
[2025-04-29T10:28:16.352+0000] {base.py:84} INFO - Retrieving connection 'minio_conn'
[2025-04-29T10:28:16.357+0000] {connection_wrapper.py:328} INFO - AWS Connection (conn_id='minio_conn', conn_type='aws') credentials retrieved from extra.
[2025-04-29T10:28:16.956+0000] {logging_mixin.py:190} INFO - <botocore.client.S3 object at 0x7f666587df40>
[2025-04-29T10:28:17.086+0000] {hook.py:208} WARNING - Data lineage tracking is disabled. Register a hook lineage reader to start tracking hook lineage.
[2025-04-29T10:28:17.091+0000] {hook.py:208} WARNING - Data lineage tracking is disabled. Register a hook lineage reader to start tracking hook lineage.
[2025-04-29T10:28:17.176+0000] {connection.py:521} WARNING - Failed to parse headers (url=http://host.docker.internal:9000/tfl/data/raw/timetables/snapshot_20250429_102817_00717.json): [MissingHeaderBodySeparatorDefect()], unparsed data: 'HTTP/1.1 200 OK\r\nAccept-Ranges: bytes\r\nContent-Length: 0\r\nETag: "6f49b842f714f0f3b8d1f76b47385c65"\r\nServer: MinIO\r\nStrict-Transport-Security: max-age=31536000; includeSubDomains\r\nVary: Origin\r\nVary: Accept-Encoding\r\nX-Amz-Checksum-Crc32: bDpwoQ==\r\nX-Amz-Id-2: dd9025bab4ad464b049177c95eb6ebf374d3b3fd1af9251148b658df7ac2e3e8\r\nX-Amz-Request-Id: 183AC342C5553E63\r\nX-Content-Type-Options: nosniff\r\nX-Ratelimit-Limit: 824\r\nX-Ratelimit-Remaining: 824\r\nX-Xss-Protection: 1; mode=block\r\nDate: Tue, 29 Apr 2025 10:28:17 GMT\r\n\r\n'
Traceback (most recent call last):
  File "/home/airflow/.local/lib/python3.12/site-packages/urllib3/connection.py", line 519, in getresponse
    assert_header_parsing(httplib_response.msg)
  File "/home/airflow/.local/lib/python3.12/site-packages/urllib3/util/response.py", line 88, in assert_header_parsing
    raise HeaderParsingError(defects=defects, unparsed_data=unparsed_data)
urllib3.exceptions.HeaderParsingError: [MissingHeaderBodySeparatorDefect()], unparsed data: 'HTTP/1.1 200 OK\r\nAccept-Ranges: bytes\r\nContent-Length: 0\r\nETag: "6f49b842f714f0f3b8d1f76b47385c65"\r\nServer: MinIO\r\nStrict-Transport-Security: max-age=31536000; includeSubDomains\r\nVary: Origin\r\nVary: Accept-Encoding\r\nX-Amz-Checksum-Crc32: bDpwoQ==\r\nX-Amz-Id-2: dd9025bab4ad464b049177c95eb6ebf374d3b3fd1af9251148b658df7ac2e3e8\r\nX-Amz-Request-Id: 183AC342C5553E63\r\nX-Content-Type-Options: nosniff\r\nX-Ratelimit-Limit: 824\r\nX-Ratelimit-Remaining: 824\r\nX-Xss-Protection: 1; mode=block\r\nDate: Tue, 29 Apr 2025 10:28:17 GMT\r\n\r\n'
[2025-04-29T10:28:47.431+0000] {hook.py:208} WARNING - Data lineage tracking is disabled. Register a hook lineage reader to start tracking hook lineage.
[2025-04-29T10:28:47.434+0000] {hook.py:208} WARNING - Data lineage tracking is disabled. Register a hook lineage reader to start tracking hook lineage.
[2025-04-29T10:28:47.437+0000] {my_dag.py:73} INFO - Uploaded snapshot_20250429_102817_00717.json to s3://tfl/data/raw/timetables/snapshot_20250429_102817_00717.json at timestamp 20250429_102817_00717
[2025-04-29T10:28:48.319+0000] {base.py:84} INFO - Retrieving connection 'minio_conn'
[2025-04-29T10:28:48.322+0000] {connection_wrapper.py:328} INFO - AWS Connection (conn_id='minio_conn', conn_type='aws') credentials retrieved from extra.
[2025-04-29T10:28:48.393+0000] {logging_mixin.py:190} INFO - <botocore.client.S3 object at 0x7f666587f9b0>
[2025-04-29T10:28:48.456+0000] {hook.py:208} WARNING - Data lineage tracking is disabled. Register a hook lineage reader to start tracking hook lineage.
[2025-04-29T10:28:48.459+0000] {hook.py:208} WARNING - Data lineage tracking is disabled. Register a hook lineage reader to start tracking hook lineage.
[2025-04-29T10:28:48.493+0000] {connection.py:521} WARNING - Failed to parse headers (url=http://host.docker.internal:9000/tfl/data/raw/stop_points/snapshot_20250429_102848_43142.json): [MissingHeaderBodySeparatorDefect()], unparsed data: 'HTTP/1.1 200 OK\r\nAccept-Ranges: bytes\r\nContent-Length: 0\r\nETag: "05d0b681e1c941fd9ec630325db8b77c"\r\nServer: MinIO\r\nStrict-Transport-Security: max-age=31536000; includeSubDomains\r\nVary: Origin\r\nVary: Accept-Encoding\r\nX-Amz-Checksum-Crc32: sNfmLw==\r\nX-Amz-Id-2: dd9025bab4ad464b049177c95eb6ebf374d3b3fd1af9251148b658df7ac2e3e8\r\nX-Amz-Request-Id: 183AC34A12C2A9D0\r\nX-Content-Type-Options: nosniff\r\nX-Ratelimit-Limit: 824\r\nX-Ratelimit-Remaining: 824\r\nX-Xss-Protection: 1; mode=block\r\nDate: Tue, 29 Apr 2025 10:28:48 GMT\r\n\r\n'
Traceback (most recent call last):
  File "/home/airflow/.local/lib/python3.12/site-packages/urllib3/connection.py", line 519, in getresponse
    assert_header_parsing(httplib_response.msg)
  File "/home/airflow/.local/lib/python3.12/site-packages/urllib3/util/response.py", line 88, in assert_header_parsing
    raise HeaderParsingError(defects=defects, unparsed_data=unparsed_data)
urllib3.exceptions.HeaderParsingError: [MissingHeaderBodySeparatorDefect()], unparsed data: 'HTTP/1.1 200 OK\r\nAccept-Ranges: bytes\r\nContent-Length: 0\r\nETag: "05d0b681e1c941fd9ec630325db8b77c"\r\nServer: MinIO\r\nStrict-Transport-Security: max-age=31536000; includeSubDomains\r\nVary: Origin\r\nVary: Accept-Encoding\r\nX-Amz-Checksum-Crc32: sNfmLw==\r\nX-Amz-Id-2: dd9025bab4ad464b049177c95eb6ebf374d3b3fd1af9251148b658df7ac2e3e8\r\nX-Amz-Request-Id: 183AC34A12C2A9D0\r\nX-Content-Type-Options: nosniff\r\nX-Ratelimit-Limit: 824\r\nX-Ratelimit-Remaining: 824\r\nX-Xss-Protection: 1; mode=block\r\nDate: Tue, 29 Apr 2025 10:28:48 GMT\r\n\r\n'
[2025-04-29T10:29:18.746+0000] {hook.py:208} WARNING - Data lineage tracking is disabled. Register a hook lineage reader to start tracking hook lineage.
[2025-04-29T10:29:18.750+0000] {hook.py:208} WARNING - Data lineage tracking is disabled. Register a hook lineage reader to start tracking hook lineage.
[2025-04-29T10:29:18.752+0000] {my_dag.py:73} INFO - Uploaded snapshot_20250429_102848_43142.json to s3://tfl/data/raw/stop_points/snapshot_20250429_102848_43142.json at timestamp 20250429_102848_43142
[2025-04-29T10:29:20.656+0000] {logging_mixin.py:190} INFO - Error fetching data  ('Connection broken: IncompleteRead(355 bytes read, 8474 more expected)', IncompleteRead(355 bytes read, 8474 more expected))
[2025-04-29T10:29:20.970+0000] {logging_mixin.py:190} INFO - Error fetching metadata for stop 940GZZLUBLR: HTTPSConnectionPool(host='api.tfl.gov.uk', port=443): Max retries exceeded with url: /StopPoint/940GZZLUBLR?app_key=7d28b460f14e44c48e59a47afc904642 (Caused by NameResolutionError("<urllib3.connection.HTTPSConnection object at 0x7f666ab910a0>: Failed to resolve 'api.tfl.gov.uk' ([Errno -2] Name or service not known)"))
[2025-04-29T10:29:21.016+0000] {base.py:84} INFO - Retrieving connection 'minio_conn'
[2025-04-29T10:29:21.026+0000] {connection_wrapper.py:328} INFO - AWS Connection (conn_id='minio_conn', conn_type='aws') credentials retrieved from extra.
[2025-04-29T10:29:21.263+0000] {logging_mixin.py:190} INFO - <botocore.client.S3 object at 0x7f6667c7a7e0>
[2025-04-29T10:29:21.407+0000] {hook.py:208} WARNING - Data lineage tracking is disabled. Register a hook lineage reader to start tracking hook lineage.
[2025-04-29T10:29:21.410+0000] {hook.py:208} WARNING - Data lineage tracking is disabled. Register a hook lineage reader to start tracking hook lineage.
[2025-04-29T10:29:21.439+0000] {connection.py:521} WARNING - Failed to parse headers (url=http://host.docker.internal:9000/tfl/data/raw/stop_points/snapshot_20250429_102921_36822.json): [MissingHeaderBodySeparatorDefect()], unparsed data: 'HTTP/1.1 200 OK\r\nAccept-Ranges: bytes\r\nContent-Length: 0\r\nETag: "37a6259cc0c1dae299a7866489dff0bd"\r\nServer: MinIO\r\nStrict-Transport-Security: max-age=31536000; includeSubDomains\r\nVary: Origin\r\nVary: Accept-Encoding\r\nX-Amz-Checksum-Crc32: Jcv8Tw==\r\nX-Amz-Id-2: dd9025bab4ad464b049177c95eb6ebf374d3b3fd1af9251148b658df7ac2e3e8\r\nX-Amz-Request-Id: 183AC351BF188244\r\nX-Content-Type-Options: nosniff\r\nX-Ratelimit-Limit: 824\r\nX-Ratelimit-Remaining: 824\r\nX-Xss-Protection: 1; mode=block\r\nDate: Tue, 29 Apr 2025 10:29:21 GMT\r\n\r\n'
Traceback (most recent call last):
  File "/home/airflow/.local/lib/python3.12/site-packages/urllib3/connection.py", line 519, in getresponse
    assert_header_parsing(httplib_response.msg)
  File "/home/airflow/.local/lib/python3.12/site-packages/urllib3/util/response.py", line 88, in assert_header_parsing
    raise HeaderParsingError(defects=defects, unparsed_data=unparsed_data)
urllib3.exceptions.HeaderParsingError: [MissingHeaderBodySeparatorDefect()], unparsed data: 'HTTP/1.1 200 OK\r\nAccept-Ranges: bytes\r\nContent-Length: 0\r\nETag: "37a6259cc0c1dae299a7866489dff0bd"\r\nServer: MinIO\r\nStrict-Transport-Security: max-age=31536000; includeSubDomains\r\nVary: Origin\r\nVary: Accept-Encoding\r\nX-Amz-Checksum-Crc32: Jcv8Tw==\r\nX-Amz-Id-2: dd9025bab4ad464b049177c95eb6ebf374d3b3fd1af9251148b658df7ac2e3e8\r\nX-Amz-Request-Id: 183AC351BF188244\r\nX-Content-Type-Options: nosniff\r\nX-Ratelimit-Limit: 824\r\nX-Ratelimit-Remaining: 824\r\nX-Xss-Protection: 1; mode=block\r\nDate: Tue, 29 Apr 2025 10:29:21 GMT\r\n\r\n'
[2025-04-29T10:46:20.004+0000] {job.py:229} INFO - Heartbeat recovered after 994.89 seconds
[2025-04-29T10:46:21.548+0000] {hook.py:208} WARNING - Data lineage tracking is disabled. Register a hook lineage reader to start tracking hook lineage.
[2025-04-29T10:46:21.549+0000] {hook.py:208} WARNING - Data lineage tracking is disabled. Register a hook lineage reader to start tracking hook lineage.
[2025-04-29T10:46:21.550+0000] {my_dag.py:73} INFO - Uploaded snapshot_20250429_102921_36822.json to s3://tfl/data/raw/stop_points/snapshot_20250429_102921_36822.json at timestamp 20250429_102921_36822
[2025-04-29T10:46:21.578+0000] {logging_mixin.py:190} INFO - Error fetching data  HTTPSConnectionPool(host='api.tfl.gov.uk', port=443): Max retries exceeded with url: /Line/victoria/Timetable/940GZZLUBLR?app_key=7d28b460f14e44c48e59a47afc904642 (Caused by NameResolutionError("<urllib3.connection.HTTPSConnection object at 0x7f666587e5a0>: Failed to resolve 'api.tfl.gov.uk' ([Errno -2] Name or service not known)"))
[2025-04-29T10:46:21.583+0000] {logging_mixin.py:190} INFO - Error fetching metadata for stop 940GZZLUBXN: HTTPSConnectionPool(host='api.tfl.gov.uk', port=443): Max retries exceeded with url: /StopPoint/940GZZLUBXN?app_key=7d28b460f14e44c48e59a47afc904642 (Caused by NameResolutionError("<urllib3.connection.HTTPSConnection object at 0x7f6667c7b680>: Failed to resolve 'api.tfl.gov.uk' ([Errno -2] Name or service not known)"))
[2025-04-29T10:46:21.588+0000] {base.py:84} INFO - Retrieving connection 'minio_conn'
[2025-04-29T10:46:21.589+0000] {connection_wrapper.py:328} INFO - AWS Connection (conn_id='minio_conn', conn_type='aws') credentials retrieved from extra.
[2025-04-29T10:46:21.646+0000] {logging_mixin.py:190} INFO - <botocore.client.S3 object at 0x7f6667c40d70>
[2025-04-29T10:46:21.669+0000] {hook.py:208} WARNING - Data lineage tracking is disabled. Register a hook lineage reader to start tracking hook lineage.
[2025-04-29T10:46:21.671+0000] {hook.py:208} WARNING - Data lineage tracking is disabled. Register a hook lineage reader to start tracking hook lineage.
[2025-04-29T10:46:21.681+0000] {connection.py:521} WARNING - Failed to parse headers (url=http://host.docker.internal:9000/tfl/data/raw/stop_points/snapshot_20250429_104621_65764.json): [MissingHeaderBodySeparatorDefect()], unparsed data: 'HTTP/1.1 200 OK\r\nAccept-Ranges: bytes\r\nContent-Length: 0\r\nETag: "37a6259cc0c1dae299a7866489dff0bd"\r\nServer: MinIO\r\nStrict-Transport-Security: max-age=31536000; includeSubDomains\r\nVary: Origin\r\nVary: Accept-Encoding\r\nX-Amz-Checksum-Crc32: Jcv8Tw==\r\nX-Amz-Id-2: dd9025bab4ad464b049177c95eb6ebf374d3b3fd1af9251148b658df7ac2e3e8\r\nX-Amz-Request-Id: 183AC43F4AB96315\r\nX-Content-Type-Options: nosniff\r\nX-Ratelimit-Limit: 824\r\nX-Ratelimit-Remaining: 824\r\nX-Xss-Protection: 1; mode=block\r\nDate: Tue, 29 Apr 2025 10:46:21 GMT\r\n\r\n'
Traceback (most recent call last):
  File "/home/airflow/.local/lib/python3.12/site-packages/urllib3/connection.py", line 519, in getresponse
    assert_header_parsing(httplib_response.msg)
  File "/home/airflow/.local/lib/python3.12/site-packages/urllib3/util/response.py", line 88, in assert_header_parsing
    raise HeaderParsingError(defects=defects, unparsed_data=unparsed_data)
urllib3.exceptions.HeaderParsingError: [MissingHeaderBodySeparatorDefect()], unparsed data: 'HTTP/1.1 200 OK\r\nAccept-Ranges: bytes\r\nContent-Length: 0\r\nETag: "37a6259cc0c1dae299a7866489dff0bd"\r\nServer: MinIO\r\nStrict-Transport-Security: max-age=31536000; includeSubDomains\r\nVary: Origin\r\nVary: Accept-Encoding\r\nX-Amz-Checksum-Crc32: Jcv8Tw==\r\nX-Amz-Id-2: dd9025bab4ad464b049177c95eb6ebf374d3b3fd1af9251148b658df7ac2e3e8\r\nX-Amz-Request-Id: 183AC43F4AB96315\r\nX-Content-Type-Options: nosniff\r\nX-Ratelimit-Limit: 824\r\nX-Ratelimit-Remaining: 824\r\nX-Xss-Protection: 1; mode=block\r\nDate: Tue, 29 Apr 2025 10:46:21 GMT\r\n\r\n'
[2025-04-29T10:46:51.936+0000] {hook.py:208} WARNING - Data lineage tracking is disabled. Register a hook lineage reader to start tracking hook lineage.
[2025-04-29T10:46:51.939+0000] {hook.py:208} WARNING - Data lineage tracking is disabled. Register a hook lineage reader to start tracking hook lineage.
[2025-04-29T10:46:51.941+0000] {my_dag.py:73} INFO - Uploaded snapshot_20250429_104621_65764.json to s3://tfl/data/raw/stop_points/snapshot_20250429_104621_65764.json at timestamp 20250429_104621_65764
[2025-04-29T10:46:51.972+0000] {logging_mixin.py:190} INFO - Error fetching data  HTTPSConnectionPool(host='api.tfl.gov.uk', port=443): Max retries exceeded with url: /Line/victoria/Timetable/940GZZLUBXN?app_key=7d28b460f14e44c48e59a47afc904642 (Caused by NameResolutionError("<urllib3.connection.HTTPSConnection object at 0x7f6667ccfad0>: Failed to resolve 'api.tfl.gov.uk' ([Errno -2] Name or service not known)"))
[2025-04-29T10:46:51.982+0000] {logging_mixin.py:190} INFO - Error fetching metadata for stop 940GZZLUEUS: HTTPSConnectionPool(host='api.tfl.gov.uk', port=443): Max retries exceeded with url: /StopPoint/940GZZLUEUS?app_key=7d28b460f14e44c48e59a47afc904642 (Caused by NameResolutionError("<urllib3.connection.HTTPSConnection object at 0x7f6667ccee40>: Failed to resolve 'api.tfl.gov.uk' ([Errno -2] Name or service not known)"))
[2025-04-29T10:46:51.989+0000] {base.py:84} INFO - Retrieving connection 'minio_conn'
[2025-04-29T10:46:51.990+0000] {connection_wrapper.py:328} INFO - AWS Connection (conn_id='minio_conn', conn_type='aws') credentials retrieved from extra.
[2025-04-29T10:46:52.029+0000] {logging_mixin.py:190} INFO - <botocore.client.S3 object at 0x7f666a424fb0>
[2025-04-29T10:46:52.073+0000] {hook.py:208} WARNING - Data lineage tracking is disabled. Register a hook lineage reader to start tracking hook lineage.
[2025-04-29T10:46:52.078+0000] {hook.py:208} WARNING - Data lineage tracking is disabled. Register a hook lineage reader to start tracking hook lineage.
[2025-04-29T10:46:52.109+0000] {connection.py:521} WARNING - Failed to parse headers (url=http://host.docker.internal:9000/tfl/data/raw/stop_points/snapshot_20250429_104652_05454.json): [MissingHeaderBodySeparatorDefect()], unparsed data: 'HTTP/1.1 200 OK\r\nAccept-Ranges: bytes\r\nContent-Length: 0\r\nETag: "37a6259cc0c1dae299a7866489dff0bd"\r\nServer: MinIO\r\nStrict-Transport-Security: max-age=31536000; includeSubDomains\r\nVary: Origin\r\nVary: Accept-Encoding\r\nX-Amz-Checksum-Crc32: Jcv8Tw==\r\nX-Amz-Id-2: dd9025bab4ad464b049177c95eb6ebf374d3b3fd1af9251148b658df7ac2e3e8\r\nX-Amz-Request-Id: 183AC4465F9B31CE\r\nX-Content-Type-Options: nosniff\r\nX-Ratelimit-Limit: 824\r\nX-Ratelimit-Remaining: 824\r\nX-Xss-Protection: 1; mode=block\r\nDate: Tue, 29 Apr 2025 10:46:52 GMT\r\n\r\n'
Traceback (most recent call last):
  File "/home/airflow/.local/lib/python3.12/site-packages/urllib3/connection.py", line 519, in getresponse
    assert_header_parsing(httplib_response.msg)
  File "/home/airflow/.local/lib/python3.12/site-packages/urllib3/util/response.py", line 88, in assert_header_parsing
    raise HeaderParsingError(defects=defects, unparsed_data=unparsed_data)
urllib3.exceptions.HeaderParsingError: [MissingHeaderBodySeparatorDefect()], unparsed data: 'HTTP/1.1 200 OK\r\nAccept-Ranges: bytes\r\nContent-Length: 0\r\nETag: "37a6259cc0c1dae299a7866489dff0bd"\r\nServer: MinIO\r\nStrict-Transport-Security: max-age=31536000; includeSubDomains\r\nVary: Origin\r\nVary: Accept-Encoding\r\nX-Amz-Checksum-Crc32: Jcv8Tw==\r\nX-Amz-Id-2: dd9025bab4ad464b049177c95eb6ebf374d3b3fd1af9251148b658df7ac2e3e8\r\nX-Amz-Request-Id: 183AC4465F9B31CE\r\nX-Content-Type-Options: nosniff\r\nX-Ratelimit-Limit: 824\r\nX-Ratelimit-Remaining: 824\r\nX-Xss-Protection: 1; mode=block\r\nDate: Tue, 29 Apr 2025 10:46:52 GMT\r\n\r\n'
[2025-04-29T10:47:22.348+0000] {hook.py:208} WARNING - Data lineage tracking is disabled. Register a hook lineage reader to start tracking hook lineage.
[2025-04-29T10:47:22.349+0000] {hook.py:208} WARNING - Data lineage tracking is disabled. Register a hook lineage reader to start tracking hook lineage.
[2025-04-29T10:47:22.350+0000] {my_dag.py:73} INFO - Uploaded snapshot_20250429_104652_05454.json to s3://tfl/data/raw/stop_points/snapshot_20250429_104652_05454.json at timestamp 20250429_104652_05454
[2025-04-29T10:47:22.362+0000] {logging_mixin.py:190} INFO - Error fetching data  HTTPSConnectionPool(host='api.tfl.gov.uk', port=443): Max retries exceeded with url: /Line/victoria/Timetable/940GZZLUEUS?app_key=7d28b460f14e44c48e59a47afc904642 (Caused by NameResolutionError("<urllib3.connection.HTTPSConnection object at 0x7f6665936c90>: Failed to resolve 'api.tfl.gov.uk' ([Errno -2] Name or service not known)"))
[2025-04-29T10:47:22.380+0000] {python.py:240} INFO - Done. Returned value was: None
[2025-04-29T10:47:22.391+0000] {taskinstance.py:341} INFO - ::group::Post task execution logs
[2025-04-29T10:47:22.396+0000] {taskinstance.py:353} INFO - Marking task as SUCCESS. dag_id=TFL_DATA_DAG, task_id=api_call_static_data, run_id=scheduled__2025-04-28T00:00:00+00:00, execution_date=20250428T000000, start_date=20250429T102636, end_date=20250429T104722
[2025-04-29T10:47:22.432+0000] {local_task_job_runner.py:266} INFO - Task exited with return code 0
[2025-04-29T10:47:22.451+0000] {taskinstance.py:3901} INFO - 1 downstream tasks scheduled from follow-on schedule check
[2025-04-29T10:47:22.458+0000] {local_task_job_runner.py:245} INFO - ::endgroup::
