[2025-04-26T18:57:36.228+0000] {local_task_job_runner.py:123} INFO - ::group::Pre task execution logs
[2025-04-26T18:57:36.252+0000] {taskinstance.py:2614} INFO - Dependencies all met for dep_context=non-requeueable deps ti=<TaskInstance: TFL_DATA_DAG.transform_data manual__2025-04-26T18:55:20.470746+00:00 [queued]>
[2025-04-26T18:57:36.266+0000] {taskinstance.py:2614} INFO - Dependencies all met for dep_context=requeueable deps ti=<TaskInstance: TFL_DATA_DAG.transform_data manual__2025-04-26T18:55:20.470746+00:00 [queued]>
[2025-04-26T18:57:36.268+0000] {taskinstance.py:2867} INFO - Starting attempt 1 of 6
[2025-04-26T18:57:36.290+0000] {taskinstance.py:2890} INFO - Executing <Task(PythonOperator): transform_data> on 2025-04-26 18:55:20.470746+00:00
[2025-04-26T18:57:36.303+0000] {logging_mixin.py:190} WARNING - /home/***/.local/lib/python3.12/site-packages/***/task/task_runner/standard_task_runner.py:70 DeprecationWarning: This process (pid=3329) is multi-threaded, use of fork() may lead to deadlocks in the child.
[2025-04-26T18:57:36.306+0000] {standard_task_runner.py:72} INFO - Started process 3332 to run task
[2025-04-26T18:57:36.304+0000] {standard_task_runner.py:104} INFO - Running: ['***', 'tasks', 'run', 'TFL_DATA_DAG', 'transform_data', 'manual__2025-04-26T18:55:20.470746+00:00', '--job-id', '415', '--raw', '--subdir', 'DAGS_FOLDER/my_dag.py', '--cfg-path', '/tmp/tmpk8ee_wwr']
[2025-04-26T18:57:36.309+0000] {standard_task_runner.py:105} INFO - Job 415: Subtask transform_data
[2025-04-26T18:57:36.391+0000] {task_command.py:467} INFO - Running <TaskInstance: TFL_DATA_DAG.transform_data manual__2025-04-26T18:55:20.470746+00:00 [running]> on host 605a3e254bf1
[2025-04-26T18:57:36.501+0000] {taskinstance.py:3134} INFO - Exporting env vars: AIRFLOW_CTX_DAG_OWNER='abdulsalam' AIRFLOW_CTX_DAG_ID='TFL_DATA_DAG' AIRFLOW_CTX_TASK_ID='transform_data' AIRFLOW_CTX_EXECUTION_DATE='2025-04-26T18:55:20.470746+00:00' AIRFLOW_CTX_TRY_NUMBER='1' AIRFLOW_CTX_DAG_RUN_ID='manual__2025-04-26T18:55:20.470746+00:00'
[2025-04-26T18:57:36.504+0000] {taskinstance.py:732} INFO - ::endgroup::
[2025-04-26T18:57:36.556+0000] {base.py:84} INFO - Retrieving connection 'minio_conn'
[2025-04-26T18:57:36.558+0000] {connection_wrapper.py:328} INFO - AWS Connection (conn_id='minio_conn', conn_type='aws') credentials retrieved from extra.
[2025-04-26T18:57:37.027+0000] {hook.py:208} WARNING - Data lineage tracking is disabled. Register a hook lineage reader to start tracking hook lineage.
[2025-04-26T18:57:37.029+0000] {my_dag.py:120} INFO - Uploaded stop_points_cleaned_20250426_185736_68924.json to s3://tfl/data/cleaned/stop_points/snapshot_20250426_185524_70296.json at timestamp 20250426_185736_68924
[2025-04-26T18:57:37.060+0000] {hook.py:208} WARNING - Data lineage tracking is disabled. Register a hook lineage reader to start tracking hook lineage.
[2025-04-26T18:57:37.061+0000] {hook.py:208} WARNING - Data lineage tracking is disabled. Register a hook lineage reader to start tracking hook lineage.
[2025-04-26T18:57:37.062+0000] {my_dag.py:120} INFO - Uploaded stop_points_cleaned_20250426_185737_04483.json to s3://tfl/data/cleaned/stop_points/snapshot_20250426_185629_09821.json at timestamp 20250426_185737_04483
[2025-04-26T18:57:37.099+0000] {logging_mixin.py:190} INFO - raw data:  dict_keys(['$type', 'lineId', 'lineName', 'direction', 'stations', 'stops', 'timetable'])
[2025-04-26T18:57:37.153+0000] {hook.py:208} WARNING - Data lineage tracking is disabled. Register a hook lineage reader to start tracking hook lineage.
[2025-04-26T18:57:37.156+0000] {hook.py:208} WARNING - Data lineage tracking is disabled. Register a hook lineage reader to start tracking hook lineage.
[2025-04-26T18:57:37.158+0000] {my_dag.py:120} INFO - Uploaded timetable_cleaned_20250426_185737_10718.json to s3://tfl/data/cleaned/timetables/snapshot_20250426_185557_74595.json at timestamp 20250426_185737_10718
[2025-04-26T18:57:37.198+0000] {logging_mixin.py:190} INFO - raw data:  dict_keys(['$type', 'lineId', 'lineName', 'direction', 'stations', 'stops', 'timetable'])
[2025-04-26T18:57:37.231+0000] {hook.py:208} WARNING - Data lineage tracking is disabled. Register a hook lineage reader to start tracking hook lineage.
[2025-04-26T18:57:37.234+0000] {hook.py:208} WARNING - Data lineage tracking is disabled. Register a hook lineage reader to start tracking hook lineage.
[2025-04-26T18:57:37.236+0000] {my_dag.py:120} INFO - Uploaded timetable_cleaned_20250426_185737_20378.json to s3://tfl/data/cleaned/timetables/snapshot_20250426_185703_30484.json at timestamp 20250426_185737_20378
[2025-04-26T18:57:37.274+0000] {python.py:240} INFO - Done. Returned value was: None
[2025-04-26T18:57:37.291+0000] {taskinstance.py:341} INFO - ::group::Post task execution logs
[2025-04-26T18:57:37.294+0000] {taskinstance.py:353} INFO - Marking task as SUCCESS. dag_id=TFL_DATA_DAG, task_id=transform_data, run_id=manual__2025-04-26T18:55:20.470746+00:00, execution_date=20250426T185520, start_date=20250426T185736, end_date=20250426T185737
[2025-04-26T18:57:37.394+0000] {local_task_job_runner.py:266} INFO - Task exited with return code 0
[2025-04-26T18:57:37.435+0000] {taskinstance.py:3901} INFO - 1 downstream tasks scheduled from follow-on schedule check
[2025-04-26T18:57:37.443+0000] {local_task_job_runner.py:245} INFO - ::endgroup::
