[2025-04-19T00:00:00.648+0000] {local_task_job_runner.py:123} INFO - ::group::Pre task execution logs
[2025-04-19T00:00:00.668+0000] {taskinstance.py:2614} INFO - Dependencies all met for dep_context=non-requeueable deps ti=<TaskInstance: TFL_DATA_DAG.api_call_static_data scheduled__2025-04-18T00:00:00+00:00 [queued]>
[2025-04-19T00:00:00.680+0000] {taskinstance.py:2614} INFO - Dependencies all met for dep_context=requeueable deps ti=<TaskInstance: TFL_DATA_DAG.api_call_static_data scheduled__2025-04-18T00:00:00+00:00 [queued]>
[2025-04-19T00:00:00.681+0000] {taskinstance.py:2867} INFO - Starting attempt 1 of 6
[2025-04-19T00:00:00.692+0000] {taskinstance.py:2890} INFO - Executing <Task(PythonOperator): api_call_static_data> on 2025-04-18 00:00:00+00:00
[2025-04-19T00:00:00.697+0000] {standard_task_runner.py:104} INFO - Running: ['***', 'tasks', 'run', 'TFL_DATA_DAG', 'api_call_static_data', 'scheduled__2025-04-18T00:00:00+00:00', '--job-id', '212', '--raw', '--subdir', 'DAGS_FOLDER/my_dag.py', '--cfg-path', '/tmp/tmpjfpfmn7_']
[2025-04-19T00:00:00.699+0000] {standard_task_runner.py:105} INFO - Job 212: Subtask api_call_static_data
[2025-04-19T00:00:00.699+0000] {logging_mixin.py:190} WARNING - /home/***/.local/lib/python3.12/site-packages/***/task/task_runner/standard_task_runner.py:70 DeprecationWarning: This process (pid=8802) is multi-threaded, use of fork() may lead to deadlocks in the child.
[2025-04-19T00:00:00.701+0000] {standard_task_runner.py:72} INFO - Started process 8803 to run task
[2025-04-19T00:00:00.746+0000] {task_command.py:467} INFO - Running <TaskInstance: TFL_DATA_DAG.api_call_static_data scheduled__2025-04-18T00:00:00+00:00 [running]> on host 197005dfdcea
[2025-04-19T00:00:00.816+0000] {taskinstance.py:3134} INFO - Exporting env vars: AIRFLOW_CTX_DAG_OWNER='abdulsalam' AIRFLOW_CTX_DAG_ID='TFL_DATA_DAG' AIRFLOW_CTX_TASK_ID='api_call_static_data' AIRFLOW_CTX_EXECUTION_DATE='2025-04-18T00:00:00+00:00' AIRFLOW_CTX_TRY_NUMBER='1' AIRFLOW_CTX_DAG_RUN_ID='scheduled__2025-04-18T00:00:00+00:00'
[2025-04-19T00:00:00.817+0000] {taskinstance.py:732} INFO - ::endgroup::
[2025-04-19T00:00:00.832+0000] {logging_mixin.py:190} INFO - Error fetching metadata for stop 490000036S: HTTPSConnectionPool(host='api.tfl.gov.uk', port=443): Max retries exceeded with url: /StopPoint/490000036S?app_key=7d28b460f14e44c48e59a47afc904642 (Caused by NameResolutionError("<urllib3.connection.HTTPSConnection object at 0x7f482d4b4c80>: Failed to resolve 'api.tfl.gov.uk' ([Errno -2] Name or service not known)"))
[2025-04-19T00:00:00.840+0000] {base.py:84} INFO - Retrieving connection 'minio_conn'
[2025-04-19T00:00:00.841+0000] {connection_wrapper.py:328} INFO - AWS Connection (conn_id='minio_conn', conn_type='aws') credentials retrieved from extra.
[2025-04-19T00:00:01.123+0000] {logging_mixin.py:190} INFO - <botocore.client.S3 object at 0x7f4836cc0a40>
[2025-04-19T00:00:01.148+0000] {hook.py:208} WARNING - Data lineage tracking is disabled. Register a hook lineage reader to start tracking hook lineage.
[2025-04-19T00:00:01.159+0000] {connection.py:521} WARNING - Failed to parse headers (url=http://host.docker.internal:9000/tfl/data/raw/stop_points/snapshot_20250419_000001.json): [MissingHeaderBodySeparatorDefect()], unparsed data: 'HTTP/1.1 200 OK\r\nAccept-Ranges: bytes\r\nContent-Length: 0\r\nETag: "37a6259cc0c1dae299a7866489dff0bd"\r\nServer: MinIO\r\nStrict-Transport-Security: max-age=31536000; includeSubDomains\r\nVary: Origin\r\nVary: Accept-Encoding\r\nX-Amz-Checksum-Crc32: Jcv8Tw==\r\nX-Amz-Id-2: dd9025bab4ad464b049177c95eb6ebf374d3b3fd1af9251148b658df7ac2e3e8\r\nX-Amz-Request-Id: 18378F2C525BAC56\r\nX-Content-Type-Options: nosniff\r\nX-Ratelimit-Limit: 1537\r\nX-Ratelimit-Remaining: 1537\r\nX-Xss-Protection: 1; mode=block\r\nDate: Sat, 19 Apr 2025 00:00:01 GMT\r\n\r\n'
Traceback (most recent call last):
  File "/home/airflow/.local/lib/python3.12/site-packages/urllib3/connection.py", line 519, in getresponse
    assert_header_parsing(httplib_response.msg)
  File "/home/airflow/.local/lib/python3.12/site-packages/urllib3/util/response.py", line 88, in assert_header_parsing
    raise HeaderParsingError(defects=defects, unparsed_data=unparsed_data)
urllib3.exceptions.HeaderParsingError: [MissingHeaderBodySeparatorDefect()], unparsed data: 'HTTP/1.1 200 OK\r\nAccept-Ranges: bytes\r\nContent-Length: 0\r\nETag: "37a6259cc0c1dae299a7866489dff0bd"\r\nServer: MinIO\r\nStrict-Transport-Security: max-age=31536000; includeSubDomains\r\nVary: Origin\r\nVary: Accept-Encoding\r\nX-Amz-Checksum-Crc32: Jcv8Tw==\r\nX-Amz-Id-2: dd9025bab4ad464b049177c95eb6ebf374d3b3fd1af9251148b658df7ac2e3e8\r\nX-Amz-Request-Id: 18378F2C525BAC56\r\nX-Content-Type-Options: nosniff\r\nX-Ratelimit-Limit: 1537\r\nX-Ratelimit-Remaining: 1537\r\nX-Xss-Protection: 1; mode=block\r\nDate: Sat, 19 Apr 2025 00:00:01 GMT\r\n\r\n'
[2025-04-19T00:00:31.416+0000] {hook.py:208} WARNING - Data lineage tracking is disabled. Register a hook lineage reader to start tracking hook lineage.
[2025-04-19T00:00:31.418+0000] {hook.py:208} WARNING - Data lineage tracking is disabled. Register a hook lineage reader to start tracking hook lineage.
[2025-04-19T00:00:31.420+0000] {my_dag.py:50} INFO - Uploaded snapshot_20250419_000001.json to s3://tfl/data/raw/stop_points/snapshot_20250419_000001.json at timestamp 20250419_000001
[2025-04-19T00:00:31.439+0000] {logging_mixin.py:190} INFO - Error fetching data  HTTPSConnectionPool(host='api.tfl.gov.uk', port=443): Max retries exceeded with url: /Line/24/Timetable/490000036S?app_key=7d28b460f14e44c48e59a47afc904642 (Caused by NameResolutionError("<urllib3.connection.HTTPSConnection object at 0x7f482ca8c080>: Failed to resolve 'api.tfl.gov.uk' ([Errno -2] Name or service not known)"))
[2025-04-19T00:00:31.449+0000] {base.py:84} INFO - Retrieving connection 'minio_conn'
[2025-04-19T00:00:31.450+0000] {connection_wrapper.py:328} INFO - AWS Connection (conn_id='minio_conn', conn_type='aws') credentials retrieved from extra.
[2025-04-19T00:00:31.546+0000] {logging_mixin.py:190} INFO - <botocore.client.S3 object at 0x7f482c252b70>
[2025-04-19T00:00:31.578+0000] {hook.py:208} WARNING - Data lineage tracking is disabled. Register a hook lineage reader to start tracking hook lineage.
[2025-04-19T00:00:31.580+0000] {hook.py:208} WARNING - Data lineage tracking is disabled. Register a hook lineage reader to start tracking hook lineage.
[2025-04-19T00:00:31.594+0000] {connection.py:521} WARNING - Failed to parse headers (url=http://host.docker.internal:9000/tfl/data/raw/timetables/snapshot_20250419_000031.json): [MissingHeaderBodySeparatorDefect()], unparsed data: 'HTTP/1.1 200 OK\r\nAccept-Ranges: bytes\r\nContent-Length: 0\r\nETag: "37a6259cc0c1dae299a7866489dff0bd"\r\nServer: MinIO\r\nStrict-Transport-Security: max-age=31536000; includeSubDomains\r\nVary: Origin\r\nVary: Accept-Encoding\r\nX-Amz-Checksum-Crc32: Jcv8Tw==\r\nX-Amz-Id-2: dd9025bab4ad464b049177c95eb6ebf374d3b3fd1af9251148b658df7ac2e3e8\r\nX-Amz-Request-Id: 18378F336863D1C7\r\nX-Content-Type-Options: nosniff\r\nX-Ratelimit-Limit: 1537\r\nX-Ratelimit-Remaining: 1537\r\nX-Xss-Protection: 1; mode=block\r\nDate: Sat, 19 Apr 2025 00:00:31 GMT\r\n\r\n'
Traceback (most recent call last):
  File "/home/airflow/.local/lib/python3.12/site-packages/urllib3/connection.py", line 519, in getresponse
    assert_header_parsing(httplib_response.msg)
  File "/home/airflow/.local/lib/python3.12/site-packages/urllib3/util/response.py", line 88, in assert_header_parsing
    raise HeaderParsingError(defects=defects, unparsed_data=unparsed_data)
urllib3.exceptions.HeaderParsingError: [MissingHeaderBodySeparatorDefect()], unparsed data: 'HTTP/1.1 200 OK\r\nAccept-Ranges: bytes\r\nContent-Length: 0\r\nETag: "37a6259cc0c1dae299a7866489dff0bd"\r\nServer: MinIO\r\nStrict-Transport-Security: max-age=31536000; includeSubDomains\r\nVary: Origin\r\nVary: Accept-Encoding\r\nX-Amz-Checksum-Crc32: Jcv8Tw==\r\nX-Amz-Id-2: dd9025bab4ad464b049177c95eb6ebf374d3b3fd1af9251148b658df7ac2e3e8\r\nX-Amz-Request-Id: 18378F336863D1C7\r\nX-Content-Type-Options: nosniff\r\nX-Ratelimit-Limit: 1537\r\nX-Ratelimit-Remaining: 1537\r\nX-Xss-Protection: 1; mode=block\r\nDate: Sat, 19 Apr 2025 00:00:31 GMT\r\n\r\n'
[2025-04-19T00:01:01.845+0000] {hook.py:208} WARNING - Data lineage tracking is disabled. Register a hook lineage reader to start tracking hook lineage.
[2025-04-19T00:01:01.846+0000] {hook.py:208} WARNING - Data lineage tracking is disabled. Register a hook lineage reader to start tracking hook lineage.
[2025-04-19T00:01:01.847+0000] {my_dag.py:50} INFO - Uploaded snapshot_20250419_000031.json to s3://tfl/data/raw/timetables/snapshot_20250419_000031.json at timestamp 20250419_000031
[2025-04-19T00:01:01.858+0000] {logging_mixin.py:190} INFO - Error fetching metadata for stop 490000089A: HTTPSConnectionPool(host='api.tfl.gov.uk', port=443): Max retries exceeded with url: /StopPoint/490000089A?app_key=7d28b460f14e44c48e59a47afc904642 (Caused by NameResolutionError("<urllib3.connection.HTTPSConnection object at 0x7f482ca0fa10>: Failed to resolve 'api.tfl.gov.uk' ([Errno -2] Name or service not known)"))
[2025-04-19T00:01:01.864+0000] {base.py:84} INFO - Retrieving connection 'minio_conn'
[2025-04-19T00:01:01.867+0000] {connection_wrapper.py:328} INFO - AWS Connection (conn_id='minio_conn', conn_type='aws') credentials retrieved from extra.
[2025-04-19T00:01:01.940+0000] {logging_mixin.py:190} INFO - <botocore.client.S3 object at 0x7f482b63fc50>
[2025-04-19T00:01:01.959+0000] {hook.py:208} WARNING - Data lineage tracking is disabled. Register a hook lineage reader to start tracking hook lineage.
[2025-04-19T00:01:01.960+0000] {hook.py:208} WARNING - Data lineage tracking is disabled. Register a hook lineage reader to start tracking hook lineage.
[2025-04-19T00:01:01.968+0000] {connection.py:521} WARNING - Failed to parse headers (url=http://host.docker.internal:9000/tfl/data/raw/stop_points/snapshot_20250419_000101.json): [MissingHeaderBodySeparatorDefect()], unparsed data: 'HTTP/1.1 200 OK\r\nAccept-Ranges: bytes\r\nContent-Length: 0\r\nETag: "37a6259cc0c1dae299a7866489dff0bd"\r\nServer: MinIO\r\nStrict-Transport-Security: max-age=31536000; includeSubDomains\r\nVary: Origin\r\nVary: Accept-Encoding\r\nX-Amz-Checksum-Crc32: Jcv8Tw==\r\nX-Amz-Id-2: dd9025bab4ad464b049177c95eb6ebf374d3b3fd1af9251148b658df7ac2e3e8\r\nX-Amz-Request-Id: 18378F3A7AFA0456\r\nX-Content-Type-Options: nosniff\r\nX-Ratelimit-Limit: 1537\r\nX-Ratelimit-Remaining: 1537\r\nX-Xss-Protection: 1; mode=block\r\nDate: Sat, 19 Apr 2025 00:01:01 GMT\r\n\r\n'
Traceback (most recent call last):
  File "/home/airflow/.local/lib/python3.12/site-packages/urllib3/connection.py", line 519, in getresponse
    assert_header_parsing(httplib_response.msg)
  File "/home/airflow/.local/lib/python3.12/site-packages/urllib3/util/response.py", line 88, in assert_header_parsing
    raise HeaderParsingError(defects=defects, unparsed_data=unparsed_data)
urllib3.exceptions.HeaderParsingError: [MissingHeaderBodySeparatorDefect()], unparsed data: 'HTTP/1.1 200 OK\r\nAccept-Ranges: bytes\r\nContent-Length: 0\r\nETag: "37a6259cc0c1dae299a7866489dff0bd"\r\nServer: MinIO\r\nStrict-Transport-Security: max-age=31536000; includeSubDomains\r\nVary: Origin\r\nVary: Accept-Encoding\r\nX-Amz-Checksum-Crc32: Jcv8Tw==\r\nX-Amz-Id-2: dd9025bab4ad464b049177c95eb6ebf374d3b3fd1af9251148b658df7ac2e3e8\r\nX-Amz-Request-Id: 18378F3A7AFA0456\r\nX-Content-Type-Options: nosniff\r\nX-Ratelimit-Limit: 1537\r\nX-Ratelimit-Remaining: 1537\r\nX-Xss-Protection: 1; mode=block\r\nDate: Sat, 19 Apr 2025 00:01:01 GMT\r\n\r\n'
[2025-04-19T00:01:32.225+0000] {hook.py:208} WARNING - Data lineage tracking is disabled. Register a hook lineage reader to start tracking hook lineage.
[2025-04-19T00:01:32.228+0000] {hook.py:208} WARNING - Data lineage tracking is disabled. Register a hook lineage reader to start tracking hook lineage.
[2025-04-19T00:01:32.233+0000] {my_dag.py:50} INFO - Uploaded snapshot_20250419_000101.json to s3://tfl/data/raw/stop_points/snapshot_20250419_000101.json at timestamp 20250419_000101
[2025-04-19T00:01:32.253+0000] {logging_mixin.py:190} INFO - Error fetching data  HTTPSConnectionPool(host='api.tfl.gov.uk', port=443): Max retries exceeded with url: /Line/24/Timetable/490000089A?app_key=7d28b460f14e44c48e59a47afc904642 (Caused by NameResolutionError("<urllib3.connection.HTTPSConnection object at 0x7f482b6834a0>: Failed to resolve 'api.tfl.gov.uk' ([Errno -2] Name or service not known)"))
[2025-04-19T00:01:32.267+0000] {base.py:84} INFO - Retrieving connection 'minio_conn'
[2025-04-19T00:01:32.269+0000] {connection_wrapper.py:328} INFO - AWS Connection (conn_id='minio_conn', conn_type='aws') credentials retrieved from extra.
[2025-04-19T00:01:32.377+0000] {logging_mixin.py:190} INFO - <botocore.client.S3 object at 0x7f482b680920>
[2025-04-19T00:01:32.412+0000] {hook.py:208} WARNING - Data lineage tracking is disabled. Register a hook lineage reader to start tracking hook lineage.
[2025-04-19T00:01:32.414+0000] {hook.py:208} WARNING - Data lineage tracking is disabled. Register a hook lineage reader to start tracking hook lineage.
[2025-04-19T00:01:32.432+0000] {connection.py:521} WARNING - Failed to parse headers (url=http://host.docker.internal:9000/tfl/data/raw/timetables/snapshot_20250419_000132.json): [MissingHeaderBodySeparatorDefect()], unparsed data: 'HTTP/1.1 200 OK\r\nAccept-Ranges: bytes\r\nContent-Length: 0\r\nETag: "37a6259cc0c1dae299a7866489dff0bd"\r\nServer: MinIO\r\nStrict-Transport-Security: max-age=31536000; includeSubDomains\r\nVary: Origin\r\nVary: Accept-Encoding\r\nX-Amz-Checksum-Crc32: Jcv8Tw==\r\nX-Amz-Id-2: dd9025bab4ad464b049177c95eb6ebf374d3b3fd1af9251148b658df7ac2e3e8\r\nX-Amz-Request-Id: 18378F4192668D01\r\nX-Content-Type-Options: nosniff\r\nX-Ratelimit-Limit: 1537\r\nX-Ratelimit-Remaining: 1537\r\nX-Xss-Protection: 1; mode=block\r\nDate: Sat, 19 Apr 2025 00:01:32 GMT\r\n\r\n'
Traceback (most recent call last):
  File "/home/airflow/.local/lib/python3.12/site-packages/urllib3/connection.py", line 519, in getresponse
    assert_header_parsing(httplib_response.msg)
  File "/home/airflow/.local/lib/python3.12/site-packages/urllib3/util/response.py", line 88, in assert_header_parsing
    raise HeaderParsingError(defects=defects, unparsed_data=unparsed_data)
urllib3.exceptions.HeaderParsingError: [MissingHeaderBodySeparatorDefect()], unparsed data: 'HTTP/1.1 200 OK\r\nAccept-Ranges: bytes\r\nContent-Length: 0\r\nETag: "37a6259cc0c1dae299a7866489dff0bd"\r\nServer: MinIO\r\nStrict-Transport-Security: max-age=31536000; includeSubDomains\r\nVary: Origin\r\nVary: Accept-Encoding\r\nX-Amz-Checksum-Crc32: Jcv8Tw==\r\nX-Amz-Id-2: dd9025bab4ad464b049177c95eb6ebf374d3b3fd1af9251148b658df7ac2e3e8\r\nX-Amz-Request-Id: 18378F4192668D01\r\nX-Content-Type-Options: nosniff\r\nX-Ratelimit-Limit: 1537\r\nX-Ratelimit-Remaining: 1537\r\nX-Xss-Protection: 1; mode=block\r\nDate: Sat, 19 Apr 2025 00:01:32 GMT\r\n\r\n'
[2025-04-19T00:02:02.686+0000] {hook.py:208} WARNING - Data lineage tracking is disabled. Register a hook lineage reader to start tracking hook lineage.
[2025-04-19T00:02:02.689+0000] {hook.py:208} WARNING - Data lineage tracking is disabled. Register a hook lineage reader to start tracking hook lineage.
[2025-04-19T00:02:02.691+0000] {my_dag.py:50} INFO - Uploaded snapshot_20250419_000132.json to s3://tfl/data/raw/timetables/snapshot_20250419_000132.json at timestamp 20250419_000132
[2025-04-19T00:02:02.702+0000] {logging_mixin.py:190} INFO - Error fetching metadata for stop 490000135A: HTTPSConnectionPool(host='api.tfl.gov.uk', port=443): Max retries exceeded with url: /StopPoint/490000135A?app_key=7d28b460f14e44c48e59a47afc904642 (Caused by NameResolutionError("<urllib3.connection.HTTPSConnection object at 0x7f482b7e62d0>: Failed to resolve 'api.tfl.gov.uk' ([Errno -2] Name or service not known)"))
[2025-04-19T00:02:02.707+0000] {base.py:84} INFO - Retrieving connection 'minio_conn'
[2025-04-19T00:02:02.709+0000] {connection_wrapper.py:328} INFO - AWS Connection (conn_id='minio_conn', conn_type='aws') credentials retrieved from extra.
[2025-04-19T00:02:02.771+0000] {logging_mixin.py:190} INFO - <botocore.client.S3 object at 0x7f482bcd7fb0>
[2025-04-19T00:02:02.797+0000] {hook.py:208} WARNING - Data lineage tracking is disabled. Register a hook lineage reader to start tracking hook lineage.
[2025-04-19T00:02:02.800+0000] {hook.py:208} WARNING - Data lineage tracking is disabled. Register a hook lineage reader to start tracking hook lineage.
[2025-04-19T00:02:02.814+0000] {connection.py:521} WARNING - Failed to parse headers (url=http://host.docker.internal:9000/tfl/data/raw/stop_points/snapshot_20250419_000202.json): [MissingHeaderBodySeparatorDefect()], unparsed data: 'HTTP/1.1 200 OK\r\nAccept-Ranges: bytes\r\nContent-Length: 0\r\nETag: "37a6259cc0c1dae299a7866489dff0bd"\r\nServer: MinIO\r\nStrict-Transport-Security: max-age=31536000; includeSubDomains\r\nVary: Origin\r\nVary: Accept-Encoding\r\nX-Amz-Checksum-Crc32: Jcv8Tw==\r\nX-Amz-Id-2: dd9025bab4ad464b049177c95eb6ebf374d3b3fd1af9251148b658df7ac2e3e8\r\nX-Amz-Request-Id: 18378F48A567788F\r\nX-Content-Type-Options: nosniff\r\nX-Ratelimit-Limit: 1537\r\nX-Ratelimit-Remaining: 1537\r\nX-Xss-Protection: 1; mode=block\r\nDate: Sat, 19 Apr 2025 00:02:02 GMT\r\n\r\n'
Traceback (most recent call last):
  File "/home/airflow/.local/lib/python3.12/site-packages/urllib3/connection.py", line 519, in getresponse
    assert_header_parsing(httplib_response.msg)
  File "/home/airflow/.local/lib/python3.12/site-packages/urllib3/util/response.py", line 88, in assert_header_parsing
    raise HeaderParsingError(defects=defects, unparsed_data=unparsed_data)
urllib3.exceptions.HeaderParsingError: [MissingHeaderBodySeparatorDefect()], unparsed data: 'HTTP/1.1 200 OK\r\nAccept-Ranges: bytes\r\nContent-Length: 0\r\nETag: "37a6259cc0c1dae299a7866489dff0bd"\r\nServer: MinIO\r\nStrict-Transport-Security: max-age=31536000; includeSubDomains\r\nVary: Origin\r\nVary: Accept-Encoding\r\nX-Amz-Checksum-Crc32: Jcv8Tw==\r\nX-Amz-Id-2: dd9025bab4ad464b049177c95eb6ebf374d3b3fd1af9251148b658df7ac2e3e8\r\nX-Amz-Request-Id: 18378F48A567788F\r\nX-Content-Type-Options: nosniff\r\nX-Ratelimit-Limit: 1537\r\nX-Ratelimit-Remaining: 1537\r\nX-Xss-Protection: 1; mode=block\r\nDate: Sat, 19 Apr 2025 00:02:02 GMT\r\n\r\n'
[2025-04-19T00:02:33.071+0000] {hook.py:208} WARNING - Data lineage tracking is disabled. Register a hook lineage reader to start tracking hook lineage.
[2025-04-19T00:02:33.073+0000] {hook.py:208} WARNING - Data lineage tracking is disabled. Register a hook lineage reader to start tracking hook lineage.
[2025-04-19T00:02:33.074+0000] {my_dag.py:50} INFO - Uploaded snapshot_20250419_000202.json to s3://tfl/data/raw/stop_points/snapshot_20250419_000202.json at timestamp 20250419_000202
[2025-04-19T00:02:33.091+0000] {logging_mixin.py:190} INFO - Error fetching data  HTTPSConnectionPool(host='api.tfl.gov.uk', port=443): Max retries exceeded with url: /Line/24/Timetable/490000135A?app_key=7d28b460f14e44c48e59a47afc904642 (Caused by NameResolutionError("<urllib3.connection.HTTPSConnection object at 0x7f482ba37560>: Failed to resolve 'api.tfl.gov.uk' ([Errno -2] Name or service not known)"))
[2025-04-19T00:02:33.101+0000] {base.py:84} INFO - Retrieving connection 'minio_conn'
[2025-04-19T00:02:33.103+0000] {connection_wrapper.py:328} INFO - AWS Connection (conn_id='minio_conn', conn_type='aws') credentials retrieved from extra.
[2025-04-19T00:02:33.189+0000] {logging_mixin.py:190} INFO - <botocore.client.S3 object at 0x7f48265f6600>
[2025-04-19T00:02:33.220+0000] {hook.py:208} WARNING - Data lineage tracking is disabled. Register a hook lineage reader to start tracking hook lineage.
[2025-04-19T00:02:33.221+0000] {hook.py:208} WARNING - Data lineage tracking is disabled. Register a hook lineage reader to start tracking hook lineage.
[2025-04-19T00:02:33.235+0000] {connection.py:521} WARNING - Failed to parse headers (url=http://host.docker.internal:9000/tfl/data/raw/timetables/snapshot_20250419_000233.json): [MissingHeaderBodySeparatorDefect()], unparsed data: 'HTTP/1.1 200 OK\r\nAccept-Ranges: bytes\r\nContent-Length: 0\r\nETag: "37a6259cc0c1dae299a7866489dff0bd"\r\nServer: MinIO\r\nStrict-Transport-Security: max-age=31536000; includeSubDomains\r\nVary: Origin\r\nVary: Accept-Encoding\r\nX-Amz-Checksum-Crc32: Jcv8Tw==\r\nX-Amz-Id-2: dd9025bab4ad464b049177c95eb6ebf374d3b3fd1af9251148b658df7ac2e3e8\r\nX-Amz-Request-Id: 18378F4FBAB39CDC\r\nX-Content-Type-Options: nosniff\r\nX-Ratelimit-Limit: 1537\r\nX-Ratelimit-Remaining: 1537\r\nX-Xss-Protection: 1; mode=block\r\nDate: Sat, 19 Apr 2025 00:02:33 GMT\r\n\r\n'
Traceback (most recent call last):
  File "/home/airflow/.local/lib/python3.12/site-packages/urllib3/connection.py", line 519, in getresponse
    assert_header_parsing(httplib_response.msg)
  File "/home/airflow/.local/lib/python3.12/site-packages/urllib3/util/response.py", line 88, in assert_header_parsing
    raise HeaderParsingError(defects=defects, unparsed_data=unparsed_data)
urllib3.exceptions.HeaderParsingError: [MissingHeaderBodySeparatorDefect()], unparsed data: 'HTTP/1.1 200 OK\r\nAccept-Ranges: bytes\r\nContent-Length: 0\r\nETag: "37a6259cc0c1dae299a7866489dff0bd"\r\nServer: MinIO\r\nStrict-Transport-Security: max-age=31536000; includeSubDomains\r\nVary: Origin\r\nVary: Accept-Encoding\r\nX-Amz-Checksum-Crc32: Jcv8Tw==\r\nX-Amz-Id-2: dd9025bab4ad464b049177c95eb6ebf374d3b3fd1af9251148b658df7ac2e3e8\r\nX-Amz-Request-Id: 18378F4FBAB39CDC\r\nX-Content-Type-Options: nosniff\r\nX-Ratelimit-Limit: 1537\r\nX-Ratelimit-Remaining: 1537\r\nX-Xss-Protection: 1; mode=block\r\nDate: Sat, 19 Apr 2025 00:02:33 GMT\r\n\r\n'
[2025-04-19T00:03:03.492+0000] {hook.py:208} WARNING - Data lineage tracking is disabled. Register a hook lineage reader to start tracking hook lineage.
[2025-04-19T00:03:03.494+0000] {hook.py:208} WARNING - Data lineage tracking is disabled. Register a hook lineage reader to start tracking hook lineage.
[2025-04-19T00:03:03.495+0000] {my_dag.py:50} INFO - Uploaded snapshot_20250419_000233.json to s3://tfl/data/raw/timetables/snapshot_20250419_000233.json at timestamp 20250419_000233
[2025-04-19T00:03:03.509+0000] {logging_mixin.py:190} INFO - Error fetching metadata for stop 490000028C: HTTPSConnectionPool(host='api.tfl.gov.uk', port=443): Max retries exceeded with url: /StopPoint/490000028C?app_key=7d28b460f14e44c48e59a47afc904642 (Caused by NameResolutionError("<urllib3.connection.HTTPSConnection object at 0x7f48265f66f0>: Failed to resolve 'api.tfl.gov.uk' ([Errno -2] Name or service not known)"))
[2025-04-19T00:03:03.518+0000] {base.py:84} INFO - Retrieving connection 'minio_conn'
[2025-04-19T00:03:03.520+0000] {connection_wrapper.py:328} INFO - AWS Connection (conn_id='minio_conn', conn_type='aws') credentials retrieved from extra.
[2025-04-19T00:03:03.613+0000] {logging_mixin.py:190} INFO - <botocore.client.S3 object at 0x7f482ba34980>
[2025-04-19T00:03:03.648+0000] {hook.py:208} WARNING - Data lineage tracking is disabled. Register a hook lineage reader to start tracking hook lineage.
[2025-04-19T00:03:03.649+0000] {hook.py:208} WARNING - Data lineage tracking is disabled. Register a hook lineage reader to start tracking hook lineage.
[2025-04-19T00:03:03.665+0000] {connection.py:521} WARNING - Failed to parse headers (url=http://host.docker.internal:9000/tfl/data/raw/stop_points/snapshot_20250419_000303.json): [MissingHeaderBodySeparatorDefect()], unparsed data: 'HTTP/1.1 200 OK\r\nAccept-Ranges: bytes\r\nContent-Length: 0\r\nETag: "37a6259cc0c1dae299a7866489dff0bd"\r\nServer: MinIO\r\nStrict-Transport-Security: max-age=31536000; includeSubDomains\r\nVary: Origin\r\nVary: Accept-Encoding\r\nX-Amz-Checksum-Crc32: Jcv8Tw==\r\nX-Amz-Id-2: dd9025bab4ad464b049177c95eb6ebf374d3b3fd1af9251148b658df7ac2e3e8\r\nX-Amz-Request-Id: 18378F56D06A6B20\r\nX-Content-Type-Options: nosniff\r\nX-Ratelimit-Limit: 1537\r\nX-Ratelimit-Remaining: 1537\r\nX-Xss-Protection: 1; mode=block\r\nDate: Sat, 19 Apr 2025 00:03:03 GMT\r\n\r\n'
Traceback (most recent call last):
  File "/home/airflow/.local/lib/python3.12/site-packages/urllib3/connection.py", line 519, in getresponse
    assert_header_parsing(httplib_response.msg)
  File "/home/airflow/.local/lib/python3.12/site-packages/urllib3/util/response.py", line 88, in assert_header_parsing
    raise HeaderParsingError(defects=defects, unparsed_data=unparsed_data)
urllib3.exceptions.HeaderParsingError: [MissingHeaderBodySeparatorDefect()], unparsed data: 'HTTP/1.1 200 OK\r\nAccept-Ranges: bytes\r\nContent-Length: 0\r\nETag: "37a6259cc0c1dae299a7866489dff0bd"\r\nServer: MinIO\r\nStrict-Transport-Security: max-age=31536000; includeSubDomains\r\nVary: Origin\r\nVary: Accept-Encoding\r\nX-Amz-Checksum-Crc32: Jcv8Tw==\r\nX-Amz-Id-2: dd9025bab4ad464b049177c95eb6ebf374d3b3fd1af9251148b658df7ac2e3e8\r\nX-Amz-Request-Id: 18378F56D06A6B20\r\nX-Content-Type-Options: nosniff\r\nX-Ratelimit-Limit: 1537\r\nX-Ratelimit-Remaining: 1537\r\nX-Xss-Protection: 1; mode=block\r\nDate: Sat, 19 Apr 2025 00:03:03 GMT\r\n\r\n'
[2025-04-19T00:03:33.917+0000] {hook.py:208} WARNING - Data lineage tracking is disabled. Register a hook lineage reader to start tracking hook lineage.
[2025-04-19T00:03:33.918+0000] {hook.py:208} WARNING - Data lineage tracking is disabled. Register a hook lineage reader to start tracking hook lineage.
[2025-04-19T00:03:33.921+0000] {my_dag.py:50} INFO - Uploaded snapshot_20250419_000303.json to s3://tfl/data/raw/stop_points/snapshot_20250419_000303.json at timestamp 20250419_000303
[2025-04-19T00:03:33.928+0000] {logging_mixin.py:190} INFO - Error fetching data  HTTPSConnectionPool(host='api.tfl.gov.uk', port=443): Max retries exceeded with url: /Line/102/Timetable/490000028C?app_key=7d28b460f14e44c48e59a47afc904642 (Caused by NameResolutionError("<urllib3.connection.HTTPSConnection object at 0x7f4826553380>: Failed to resolve 'api.tfl.gov.uk' ([Errno -2] Name or service not known)"))
[2025-04-19T00:03:33.938+0000] {base.py:84} INFO - Retrieving connection 'minio_conn'
[2025-04-19T00:03:33.939+0000] {connection_wrapper.py:328} INFO - AWS Connection (conn_id='minio_conn', conn_type='aws') credentials retrieved from extra.
[2025-04-19T00:03:34.074+0000] {logging_mixin.py:190} INFO - <botocore.client.S3 object at 0x7f482aa1a540>
[2025-04-19T00:03:34.103+0000] {hook.py:208} WARNING - Data lineage tracking is disabled. Register a hook lineage reader to start tracking hook lineage.
[2025-04-19T00:03:34.105+0000] {hook.py:208} WARNING - Data lineage tracking is disabled. Register a hook lineage reader to start tracking hook lineage.
[2025-04-19T00:03:34.118+0000] {connection.py:521} WARNING - Failed to parse headers (url=http://host.docker.internal:9000/tfl/data/raw/timetables/snapshot_20250419_000334.json): [MissingHeaderBodySeparatorDefect()], unparsed data: 'HTTP/1.1 200 OK\r\nAccept-Ranges: bytes\r\nContent-Length: 0\r\nETag: "37a6259cc0c1dae299a7866489dff0bd"\r\nServer: MinIO\r\nStrict-Transport-Security: max-age=31536000; includeSubDomains\r\nVary: Origin\r\nVary: Accept-Encoding\r\nX-Amz-Checksum-Crc32: Jcv8Tw==\r\nX-Amz-Id-2: dd9025bab4ad464b049177c95eb6ebf374d3b3fd1af9251148b658df7ac2e3e8\r\nX-Amz-Request-Id: 18378F5DE7A22B90\r\nX-Content-Type-Options: nosniff\r\nX-Ratelimit-Limit: 1537\r\nX-Ratelimit-Remaining: 1537\r\nX-Xss-Protection: 1; mode=block\r\nDate: Sat, 19 Apr 2025 00:03:34 GMT\r\n\r\n'
Traceback (most recent call last):
  File "/home/airflow/.local/lib/python3.12/site-packages/urllib3/connection.py", line 519, in getresponse
    assert_header_parsing(httplib_response.msg)
  File "/home/airflow/.local/lib/python3.12/site-packages/urllib3/util/response.py", line 88, in assert_header_parsing
    raise HeaderParsingError(defects=defects, unparsed_data=unparsed_data)
urllib3.exceptions.HeaderParsingError: [MissingHeaderBodySeparatorDefect()], unparsed data: 'HTTP/1.1 200 OK\r\nAccept-Ranges: bytes\r\nContent-Length: 0\r\nETag: "37a6259cc0c1dae299a7866489dff0bd"\r\nServer: MinIO\r\nStrict-Transport-Security: max-age=31536000; includeSubDomains\r\nVary: Origin\r\nVary: Accept-Encoding\r\nX-Amz-Checksum-Crc32: Jcv8Tw==\r\nX-Amz-Id-2: dd9025bab4ad464b049177c95eb6ebf374d3b3fd1af9251148b658df7ac2e3e8\r\nX-Amz-Request-Id: 18378F5DE7A22B90\r\nX-Content-Type-Options: nosniff\r\nX-Ratelimit-Limit: 1537\r\nX-Ratelimit-Remaining: 1537\r\nX-Xss-Protection: 1; mode=block\r\nDate: Sat, 19 Apr 2025 00:03:34 GMT\r\n\r\n'
[2025-04-19T00:04:04.375+0000] {hook.py:208} WARNING - Data lineage tracking is disabled. Register a hook lineage reader to start tracking hook lineage.
[2025-04-19T00:04:04.379+0000] {hook.py:208} WARNING - Data lineage tracking is disabled. Register a hook lineage reader to start tracking hook lineage.
[2025-04-19T00:04:04.382+0000] {my_dag.py:50} INFO - Uploaded snapshot_20250419_000334.json to s3://tfl/data/raw/timetables/snapshot_20250419_000334.json at timestamp 20250419_000334
[2025-04-19T00:04:04.401+0000] {logging_mixin.py:190} INFO - Error fetching metadata for stop 490000028D: HTTPSConnectionPool(host='api.tfl.gov.uk', port=443): Max retries exceeded with url: /StopPoint/490000028D?app_key=7d28b460f14e44c48e59a47afc904642 (Caused by NameResolutionError("<urllib3.connection.HTTPSConnection object at 0x7f482aca7cb0>: Failed to resolve 'api.tfl.gov.uk' ([Errno -2] Name or service not known)"))
[2025-04-19T00:04:04.413+0000] {base.py:84} INFO - Retrieving connection 'minio_conn'
[2025-04-19T00:04:04.415+0000] {connection_wrapper.py:328} INFO - AWS Connection (conn_id='minio_conn', conn_type='aws') credentials retrieved from extra.
[2025-04-19T00:04:04.545+0000] {logging_mixin.py:190} INFO - <botocore.client.S3 object at 0x7f482537f560>
[2025-04-19T00:04:04.581+0000] {hook.py:208} WARNING - Data lineage tracking is disabled. Register a hook lineage reader to start tracking hook lineage.
[2025-04-19T00:04:04.583+0000] {hook.py:208} WARNING - Data lineage tracking is disabled. Register a hook lineage reader to start tracking hook lineage.
[2025-04-19T00:04:04.598+0000] {connection.py:521} WARNING - Failed to parse headers (url=http://host.docker.internal:9000/tfl/data/raw/stop_points/snapshot_20250419_000404.json): [MissingHeaderBodySeparatorDefect()], unparsed data: 'HTTP/1.1 200 OK\r\nAccept-Ranges: bytes\r\nContent-Length: 0\r\nETag: "37a6259cc0c1dae299a7866489dff0bd"\r\nServer: MinIO\r\nStrict-Transport-Security: max-age=31536000; includeSubDomains\r\nVary: Origin\r\nVary: Accept-Encoding\r\nX-Amz-Checksum-Crc32: Jcv8Tw==\r\nX-Amz-Id-2: dd9025bab4ad464b049177c95eb6ebf374d3b3fd1af9251148b658df7ac2e3e8\r\nX-Amz-Request-Id: 18378F650061CAEF\r\nX-Content-Type-Options: nosniff\r\nX-Ratelimit-Limit: 1537\r\nX-Ratelimit-Remaining: 1537\r\nX-Xss-Protection: 1; mode=block\r\nDate: Sat, 19 Apr 2025 00:04:04 GMT\r\n\r\n'
Traceback (most recent call last):
  File "/home/airflow/.local/lib/python3.12/site-packages/urllib3/connection.py", line 519, in getresponse
    assert_header_parsing(httplib_response.msg)
  File "/home/airflow/.local/lib/python3.12/site-packages/urllib3/util/response.py", line 88, in assert_header_parsing
    raise HeaderParsingError(defects=defects, unparsed_data=unparsed_data)
urllib3.exceptions.HeaderParsingError: [MissingHeaderBodySeparatorDefect()], unparsed data: 'HTTP/1.1 200 OK\r\nAccept-Ranges: bytes\r\nContent-Length: 0\r\nETag: "37a6259cc0c1dae299a7866489dff0bd"\r\nServer: MinIO\r\nStrict-Transport-Security: max-age=31536000; includeSubDomains\r\nVary: Origin\r\nVary: Accept-Encoding\r\nX-Amz-Checksum-Crc32: Jcv8Tw==\r\nX-Amz-Id-2: dd9025bab4ad464b049177c95eb6ebf374d3b3fd1af9251148b658df7ac2e3e8\r\nX-Amz-Request-Id: 18378F650061CAEF\r\nX-Content-Type-Options: nosniff\r\nX-Ratelimit-Limit: 1537\r\nX-Ratelimit-Remaining: 1537\r\nX-Xss-Protection: 1; mode=block\r\nDate: Sat, 19 Apr 2025 00:04:04 GMT\r\n\r\n'
[2025-04-19T00:04:34.853+0000] {hook.py:208} WARNING - Data lineage tracking is disabled. Register a hook lineage reader to start tracking hook lineage.
[2025-04-19T00:04:34.856+0000] {hook.py:208} WARNING - Data lineage tracking is disabled. Register a hook lineage reader to start tracking hook lineage.
[2025-04-19T00:04:34.857+0000] {my_dag.py:50} INFO - Uploaded snapshot_20250419_000404.json to s3://tfl/data/raw/stop_points/snapshot_20250419_000404.json at timestamp 20250419_000404
[2025-04-19T00:04:34.890+0000] {logging_mixin.py:190} INFO - Error fetching data  HTTPSConnectionPool(host='api.tfl.gov.uk', port=443): Max retries exceeded with url: /Line/102/Timetable/490000028D?app_key=7d28b460f14e44c48e59a47afc904642 (Caused by NameResolutionError("<urllib3.connection.HTTPSConnection object at 0x7f482537f6e0>: Failed to resolve 'api.tfl.gov.uk' ([Errno -2] Name or service not known)"))
[2025-04-19T00:04:34.905+0000] {base.py:84} INFO - Retrieving connection 'minio_conn'
[2025-04-19T00:04:34.907+0000] {connection_wrapper.py:328} INFO - AWS Connection (conn_id='minio_conn', conn_type='aws') credentials retrieved from extra.
[2025-04-19T00:04:35.021+0000] {logging_mixin.py:190} INFO - <botocore.client.S3 object at 0x7f482587a540>
[2025-04-19T00:04:35.057+0000] {hook.py:208} WARNING - Data lineage tracking is disabled. Register a hook lineage reader to start tracking hook lineage.
[2025-04-19T00:04:35.059+0000] {hook.py:208} WARNING - Data lineage tracking is disabled. Register a hook lineage reader to start tracking hook lineage.
[2025-04-19T00:04:35.079+0000] {connection.py:521} WARNING - Failed to parse headers (url=http://host.docker.internal:9000/tfl/data/raw/timetables/snapshot_20250419_000435.json): [MissingHeaderBodySeparatorDefect()], unparsed data: 'HTTP/1.1 200 OK\r\nAccept-Ranges: bytes\r\nContent-Length: 0\r\nETag: "37a6259cc0c1dae299a7866489dff0bd"\r\nServer: MinIO\r\nStrict-Transport-Security: max-age=31536000; includeSubDomains\r\nVary: Origin\r\nVary: Accept-Encoding\r\nX-Amz-Checksum-Crc32: Jcv8Tw==\r\nX-Amz-Id-2: dd9025bab4ad464b049177c95eb6ebf374d3b3fd1af9251148b658df7ac2e3e8\r\nX-Amz-Request-Id: 18378F6C18F4A7B8\r\nX-Content-Type-Options: nosniff\r\nX-Ratelimit-Limit: 1537\r\nX-Ratelimit-Remaining: 1537\r\nX-Xss-Protection: 1; mode=block\r\nDate: Sat, 19 Apr 2025 00:04:35 GMT\r\n\r\n'
Traceback (most recent call last):
  File "/home/airflow/.local/lib/python3.12/site-packages/urllib3/connection.py", line 519, in getresponse
    assert_header_parsing(httplib_response.msg)
  File "/home/airflow/.local/lib/python3.12/site-packages/urllib3/util/response.py", line 88, in assert_header_parsing
    raise HeaderParsingError(defects=defects, unparsed_data=unparsed_data)
urllib3.exceptions.HeaderParsingError: [MissingHeaderBodySeparatorDefect()], unparsed data: 'HTTP/1.1 200 OK\r\nAccept-Ranges: bytes\r\nContent-Length: 0\r\nETag: "37a6259cc0c1dae299a7866489dff0bd"\r\nServer: MinIO\r\nStrict-Transport-Security: max-age=31536000; includeSubDomains\r\nVary: Origin\r\nVary: Accept-Encoding\r\nX-Amz-Checksum-Crc32: Jcv8Tw==\r\nX-Amz-Id-2: dd9025bab4ad464b049177c95eb6ebf374d3b3fd1af9251148b658df7ac2e3e8\r\nX-Amz-Request-Id: 18378F6C18F4A7B8\r\nX-Content-Type-Options: nosniff\r\nX-Ratelimit-Limit: 1537\r\nX-Ratelimit-Remaining: 1537\r\nX-Xss-Protection: 1; mode=block\r\nDate: Sat, 19 Apr 2025 00:04:35 GMT\r\n\r\n'
[2025-04-19T00:05:05.332+0000] {hook.py:208} WARNING - Data lineage tracking is disabled. Register a hook lineage reader to start tracking hook lineage.
[2025-04-19T00:05:05.333+0000] {hook.py:208} WARNING - Data lineage tracking is disabled. Register a hook lineage reader to start tracking hook lineage.
[2025-04-19T00:05:05.335+0000] {my_dag.py:50} INFO - Uploaded snapshot_20250419_000435.json to s3://tfl/data/raw/timetables/snapshot_20250419_000435.json at timestamp 20250419_000435
[2025-04-19T00:05:05.350+0000] {logging_mixin.py:190} INFO - Error fetching metadata for stop 490000067E: HTTPSConnectionPool(host='api.tfl.gov.uk', port=443): Max retries exceeded with url: /StopPoint/490000067E?app_key=7d28b460f14e44c48e59a47afc904642 (Caused by NameResolutionError("<urllib3.connection.HTTPSConnection object at 0x7f48254d7ad0>: Failed to resolve 'api.tfl.gov.uk' ([Errno -2] Name or service not known)"))
[2025-04-19T00:05:05.360+0000] {base.py:84} INFO - Retrieving connection 'minio_conn'
[2025-04-19T00:05:05.362+0000] {connection_wrapper.py:328} INFO - AWS Connection (conn_id='minio_conn', conn_type='aws') credentials retrieved from extra.
[2025-04-19T00:05:05.472+0000] {logging_mixin.py:190} INFO - <botocore.client.S3 object at 0x7f4824d03e30>
[2025-04-19T00:05:05.505+0000] {hook.py:208} WARNING - Data lineage tracking is disabled. Register a hook lineage reader to start tracking hook lineage.
[2025-04-19T00:05:05.507+0000] {hook.py:208} WARNING - Data lineage tracking is disabled. Register a hook lineage reader to start tracking hook lineage.
[2025-04-19T00:05:05.526+0000] {connection.py:521} WARNING - Failed to parse headers (url=http://host.docker.internal:9000/tfl/data/raw/stop_points/snapshot_20250419_000505.json): [MissingHeaderBodySeparatorDefect()], unparsed data: 'HTTP/1.1 200 OK\r\nAccept-Ranges: bytes\r\nContent-Length: 0\r\nETag: "37a6259cc0c1dae299a7866489dff0bd"\r\nServer: MinIO\r\nStrict-Transport-Security: max-age=31536000; includeSubDomains\r\nVary: Origin\r\nVary: Accept-Encoding\r\nX-Amz-Checksum-Crc32: Jcv8Tw==\r\nX-Amz-Id-2: dd9025bab4ad464b049177c95eb6ebf374d3b3fd1af9251148b658df7ac2e3e8\r\nX-Amz-Request-Id: 18378F732FC53F6E\r\nX-Content-Type-Options: nosniff\r\nX-Ratelimit-Limit: 1537\r\nX-Ratelimit-Remaining: 1537\r\nX-Xss-Protection: 1; mode=block\r\nDate: Sat, 19 Apr 2025 00:05:05 GMT\r\n\r\n'
Traceback (most recent call last):
  File "/home/airflow/.local/lib/python3.12/site-packages/urllib3/connection.py", line 519, in getresponse
    assert_header_parsing(httplib_response.msg)
  File "/home/airflow/.local/lib/python3.12/site-packages/urllib3/util/response.py", line 88, in assert_header_parsing
    raise HeaderParsingError(defects=defects, unparsed_data=unparsed_data)
urllib3.exceptions.HeaderParsingError: [MissingHeaderBodySeparatorDefect()], unparsed data: 'HTTP/1.1 200 OK\r\nAccept-Ranges: bytes\r\nContent-Length: 0\r\nETag: "37a6259cc0c1dae299a7866489dff0bd"\r\nServer: MinIO\r\nStrict-Transport-Security: max-age=31536000; includeSubDomains\r\nVary: Origin\r\nVary: Accept-Encoding\r\nX-Amz-Checksum-Crc32: Jcv8Tw==\r\nX-Amz-Id-2: dd9025bab4ad464b049177c95eb6ebf374d3b3fd1af9251148b658df7ac2e3e8\r\nX-Amz-Request-Id: 18378F732FC53F6E\r\nX-Content-Type-Options: nosniff\r\nX-Ratelimit-Limit: 1537\r\nX-Ratelimit-Remaining: 1537\r\nX-Xss-Protection: 1; mode=block\r\nDate: Sat, 19 Apr 2025 00:05:05 GMT\r\n\r\n'
[2025-04-19T00:05:35.781+0000] {hook.py:208} WARNING - Data lineage tracking is disabled. Register a hook lineage reader to start tracking hook lineage.
[2025-04-19T00:05:35.784+0000] {hook.py:208} WARNING - Data lineage tracking is disabled. Register a hook lineage reader to start tracking hook lineage.
[2025-04-19T00:05:35.785+0000] {my_dag.py:50} INFO - Uploaded snapshot_20250419_000505.json to s3://tfl/data/raw/stop_points/snapshot_20250419_000505.json at timestamp 20250419_000505
[2025-04-19T00:05:35.796+0000] {logging_mixin.py:190} INFO - Error fetching data  HTTPSConnectionPool(host='api.tfl.gov.uk', port=443): Max retries exceeded with url: /Line/102/Timetable/490000067E?app_key=7d28b460f14e44c48e59a47afc904642 (Caused by NameResolutionError("<urllib3.connection.HTTPSConnection object at 0x7f4825827b00>: Failed to resolve 'api.tfl.gov.uk' ([Errno -2] Name or service not known)"))
[2025-04-19T00:05:35.803+0000] {base.py:84} INFO - Retrieving connection 'minio_conn'
[2025-04-19T00:05:35.804+0000] {connection_wrapper.py:328} INFO - AWS Connection (conn_id='minio_conn', conn_type='aws') credentials retrieved from extra.
[2025-04-19T00:05:35.858+0000] {logging_mixin.py:190} INFO - <botocore.client.S3 object at 0x7f482410be30>
[2025-04-19T00:05:35.883+0000] {hook.py:208} WARNING - Data lineage tracking is disabled. Register a hook lineage reader to start tracking hook lineage.
[2025-04-19T00:05:35.885+0000] {hook.py:208} WARNING - Data lineage tracking is disabled. Register a hook lineage reader to start tracking hook lineage.
[2025-04-19T00:05:35.898+0000] {connection.py:521} WARNING - Failed to parse headers (url=http://host.docker.internal:9000/tfl/data/raw/timetables/snapshot_20250419_000535.json): [MissingHeaderBodySeparatorDefect()], unparsed data: 'HTTP/1.1 200 OK\r\nAccept-Ranges: bytes\r\nContent-Length: 0\r\nETag: "37a6259cc0c1dae299a7866489dff0bd"\r\nServer: MinIO\r\nStrict-Transport-Security: max-age=31536000; includeSubDomains\r\nVary: Origin\r\nVary: Accept-Encoding\r\nX-Amz-Checksum-Crc32: Jcv8Tw==\r\nX-Amz-Id-2: dd9025bab4ad464b049177c95eb6ebf374d3b3fd1af9251148b658df7ac2e3e8\r\nX-Amz-Request-Id: 18378F7A424C57D3\r\nX-Content-Type-Options: nosniff\r\nX-Ratelimit-Limit: 1537\r\nX-Ratelimit-Remaining: 1537\r\nX-Xss-Protection: 1; mode=block\r\nDate: Sat, 19 Apr 2025 00:05:35 GMT\r\n\r\n'
Traceback (most recent call last):
  File "/home/airflow/.local/lib/python3.12/site-packages/urllib3/connection.py", line 519, in getresponse
    assert_header_parsing(httplib_response.msg)
  File "/home/airflow/.local/lib/python3.12/site-packages/urllib3/util/response.py", line 88, in assert_header_parsing
    raise HeaderParsingError(defects=defects, unparsed_data=unparsed_data)
urllib3.exceptions.HeaderParsingError: [MissingHeaderBodySeparatorDefect()], unparsed data: 'HTTP/1.1 200 OK\r\nAccept-Ranges: bytes\r\nContent-Length: 0\r\nETag: "37a6259cc0c1dae299a7866489dff0bd"\r\nServer: MinIO\r\nStrict-Transport-Security: max-age=31536000; includeSubDomains\r\nVary: Origin\r\nVary: Accept-Encoding\r\nX-Amz-Checksum-Crc32: Jcv8Tw==\r\nX-Amz-Id-2: dd9025bab4ad464b049177c95eb6ebf374d3b3fd1af9251148b658df7ac2e3e8\r\nX-Amz-Request-Id: 18378F7A424C57D3\r\nX-Content-Type-Options: nosniff\r\nX-Ratelimit-Limit: 1537\r\nX-Ratelimit-Remaining: 1537\r\nX-Xss-Protection: 1; mode=block\r\nDate: Sat, 19 Apr 2025 00:05:35 GMT\r\n\r\n'
[2025-04-19T00:06:06.150+0000] {hook.py:208} WARNING - Data lineage tracking is disabled. Register a hook lineage reader to start tracking hook lineage.
[2025-04-19T00:06:06.151+0000] {hook.py:208} WARNING - Data lineage tracking is disabled. Register a hook lineage reader to start tracking hook lineage.
[2025-04-19T00:06:06.153+0000] {my_dag.py:50} INFO - Uploaded snapshot_20250419_000535.json to s3://tfl/data/raw/timetables/snapshot_20250419_000535.json at timestamp 20250419_000535
[2025-04-19T00:06:06.168+0000] {logging_mixin.py:190} INFO - Error fetching metadata for stop 940GZZLUBLR: HTTPSConnectionPool(host='api.tfl.gov.uk', port=443): Max retries exceeded with url: /StopPoint/940GZZLUBLR?app_key=7d28b460f14e44c48e59a47afc904642 (Caused by NameResolutionError("<urllib3.connection.HTTPSConnection object at 0x7f4824156f90>: Failed to resolve 'api.tfl.gov.uk' ([Errno -2] Name or service not known)"))
[2025-04-19T00:06:06.178+0000] {base.py:84} INFO - Retrieving connection 'minio_conn'
[2025-04-19T00:06:06.181+0000] {connection_wrapper.py:328} INFO - AWS Connection (conn_id='minio_conn', conn_type='aws') credentials retrieved from extra.
[2025-04-19T00:06:06.282+0000] {logging_mixin.py:190} INFO - <botocore.client.S3 object at 0x7f4824155f70>
[2025-04-19T00:06:06.315+0000] {hook.py:208} WARNING - Data lineage tracking is disabled. Register a hook lineage reader to start tracking hook lineage.
[2025-04-19T00:06:06.317+0000] {hook.py:208} WARNING - Data lineage tracking is disabled. Register a hook lineage reader to start tracking hook lineage.
[2025-04-19T00:06:06.331+0000] {connection.py:521} WARNING - Failed to parse headers (url=http://host.docker.internal:9000/tfl/data/raw/stop_points/snapshot_20250419_000606.json): [MissingHeaderBodySeparatorDefect()], unparsed data: 'HTTP/1.1 200 OK\r\nAccept-Ranges: bytes\r\nContent-Length: 0\r\nETag: "37a6259cc0c1dae299a7866489dff0bd"\r\nServer: MinIO\r\nStrict-Transport-Security: max-age=31536000; includeSubDomains\r\nVary: Origin\r\nVary: Accept-Encoding\r\nX-Amz-Checksum-Crc32: Jcv8Tw==\r\nX-Amz-Id-2: dd9025bab4ad464b049177c95eb6ebf374d3b3fd1af9251148b658df7ac2e3e8\r\nX-Amz-Request-Id: 18378F815836B210\r\nX-Content-Type-Options: nosniff\r\nX-Ratelimit-Limit: 1537\r\nX-Ratelimit-Remaining: 1537\r\nX-Xss-Protection: 1; mode=block\r\nDate: Sat, 19 Apr 2025 00:06:06 GMT\r\n\r\n'
Traceback (most recent call last):
  File "/home/airflow/.local/lib/python3.12/site-packages/urllib3/connection.py", line 519, in getresponse
    assert_header_parsing(httplib_response.msg)
  File "/home/airflow/.local/lib/python3.12/site-packages/urllib3/util/response.py", line 88, in assert_header_parsing
    raise HeaderParsingError(defects=defects, unparsed_data=unparsed_data)
urllib3.exceptions.HeaderParsingError: [MissingHeaderBodySeparatorDefect()], unparsed data: 'HTTP/1.1 200 OK\r\nAccept-Ranges: bytes\r\nContent-Length: 0\r\nETag: "37a6259cc0c1dae299a7866489dff0bd"\r\nServer: MinIO\r\nStrict-Transport-Security: max-age=31536000; includeSubDomains\r\nVary: Origin\r\nVary: Accept-Encoding\r\nX-Amz-Checksum-Crc32: Jcv8Tw==\r\nX-Amz-Id-2: dd9025bab4ad464b049177c95eb6ebf374d3b3fd1af9251148b658df7ac2e3e8\r\nX-Amz-Request-Id: 18378F815836B210\r\nX-Content-Type-Options: nosniff\r\nX-Ratelimit-Limit: 1537\r\nX-Ratelimit-Remaining: 1537\r\nX-Xss-Protection: 1; mode=block\r\nDate: Sat, 19 Apr 2025 00:06:06 GMT\r\n\r\n'
[2025-04-19T00:06:36.588+0000] {hook.py:208} WARNING - Data lineage tracking is disabled. Register a hook lineage reader to start tracking hook lineage.
[2025-04-19T00:06:36.589+0000] {hook.py:208} WARNING - Data lineage tracking is disabled. Register a hook lineage reader to start tracking hook lineage.
[2025-04-19T00:06:36.591+0000] {my_dag.py:50} INFO - Uploaded snapshot_20250419_000606.json to s3://tfl/data/raw/stop_points/snapshot_20250419_000606.json at timestamp 20250419_000606
[2025-04-19T00:06:36.602+0000] {logging_mixin.py:190} INFO - Error fetching data  HTTPSConnectionPool(host='api.tfl.gov.uk', port=443): Max retries exceeded with url: /Line/victoria/Timetable/940GZZLUBLR?app_key=7d28b460f14e44c48e59a47afc904642 (Caused by NameResolutionError("<urllib3.connection.HTTPSConnection object at 0x7f482caa2f60>: Failed to resolve 'api.tfl.gov.uk' ([Errno -2] Name or service not known)"))
[2025-04-19T00:06:36.607+0000] {base.py:84} INFO - Retrieving connection 'minio_conn'
[2025-04-19T00:06:36.608+0000] {connection_wrapper.py:328} INFO - AWS Connection (conn_id='minio_conn', conn_type='aws') credentials retrieved from extra.
[2025-04-19T00:06:36.670+0000] {logging_mixin.py:190} INFO - <botocore.client.S3 object at 0x7f482bf99f10>
[2025-04-19T00:06:36.694+0000] {hook.py:208} WARNING - Data lineage tracking is disabled. Register a hook lineage reader to start tracking hook lineage.
[2025-04-19T00:06:36.695+0000] {hook.py:208} WARNING - Data lineage tracking is disabled. Register a hook lineage reader to start tracking hook lineage.
[2025-04-19T00:06:36.704+0000] {connection.py:521} WARNING - Failed to parse headers (url=http://host.docker.internal:9000/tfl/data/raw/timetables/snapshot_20250419_000636.json): [MissingHeaderBodySeparatorDefect()], unparsed data: 'HTTP/1.1 200 OK\r\nAccept-Ranges: bytes\r\nContent-Length: 0\r\nETag: "37a6259cc0c1dae299a7866489dff0bd"\r\nServer: MinIO\r\nStrict-Transport-Security: max-age=31536000; includeSubDomains\r\nVary: Origin\r\nVary: Accept-Encoding\r\nX-Amz-Checksum-Crc32: Jcv8Tw==\r\nX-Amz-Id-2: dd9025bab4ad464b049177c95eb6ebf374d3b3fd1af9251148b658df7ac2e3e8\r\nX-Amz-Request-Id: 18378F886ACC4C53\r\nX-Content-Type-Options: nosniff\r\nX-Ratelimit-Limit: 1537\r\nX-Ratelimit-Remaining: 1537\r\nX-Xss-Protection: 1; mode=block\r\nDate: Sat, 19 Apr 2025 00:06:36 GMT\r\n\r\n'
Traceback (most recent call last):
  File "/home/airflow/.local/lib/python3.12/site-packages/urllib3/connection.py", line 519, in getresponse
    assert_header_parsing(httplib_response.msg)
  File "/home/airflow/.local/lib/python3.12/site-packages/urllib3/util/response.py", line 88, in assert_header_parsing
    raise HeaderParsingError(defects=defects, unparsed_data=unparsed_data)
urllib3.exceptions.HeaderParsingError: [MissingHeaderBodySeparatorDefect()], unparsed data: 'HTTP/1.1 200 OK\r\nAccept-Ranges: bytes\r\nContent-Length: 0\r\nETag: "37a6259cc0c1dae299a7866489dff0bd"\r\nServer: MinIO\r\nStrict-Transport-Security: max-age=31536000; includeSubDomains\r\nVary: Origin\r\nVary: Accept-Encoding\r\nX-Amz-Checksum-Crc32: Jcv8Tw==\r\nX-Amz-Id-2: dd9025bab4ad464b049177c95eb6ebf374d3b3fd1af9251148b658df7ac2e3e8\r\nX-Amz-Request-Id: 18378F886ACC4C53\r\nX-Content-Type-Options: nosniff\r\nX-Ratelimit-Limit: 1537\r\nX-Ratelimit-Remaining: 1537\r\nX-Xss-Protection: 1; mode=block\r\nDate: Sat, 19 Apr 2025 00:06:36 GMT\r\n\r\n'
[2025-04-19T00:07:06.956+0000] {hook.py:208} WARNING - Data lineage tracking is disabled. Register a hook lineage reader to start tracking hook lineage.
[2025-04-19T00:07:06.958+0000] {hook.py:208} WARNING - Data lineage tracking is disabled. Register a hook lineage reader to start tracking hook lineage.
[2025-04-19T00:07:06.960+0000] {my_dag.py:50} INFO - Uploaded snapshot_20250419_000636.json to s3://tfl/data/raw/timetables/snapshot_20250419_000636.json at timestamp 20250419_000636
[2025-04-19T00:07:06.975+0000] {logging_mixin.py:190} INFO - Error fetching metadata for stop 940GZZLUBXN: HTTPSConnectionPool(host='api.tfl.gov.uk', port=443): Max retries exceeded with url: /StopPoint/940GZZLUBXN?app_key=7d28b460f14e44c48e59a47afc904642 (Caused by NameResolutionError("<urllib3.connection.HTTPSConnection object at 0x7f48247abf50>: Failed to resolve 'api.tfl.gov.uk' ([Errno -2] Name or service not known)"))
[2025-04-19T00:07:06.984+0000] {base.py:84} INFO - Retrieving connection 'minio_conn'
[2025-04-19T00:07:06.986+0000] {connection_wrapper.py:328} INFO - AWS Connection (conn_id='minio_conn', conn_type='aws') credentials retrieved from extra.
[2025-04-19T00:07:07.076+0000] {logging_mixin.py:190} INFO - <botocore.client.S3 object at 0x7f48210d8e30>
[2025-04-19T00:07:07.110+0000] {hook.py:208} WARNING - Data lineage tracking is disabled. Register a hook lineage reader to start tracking hook lineage.
[2025-04-19T00:07:07.112+0000] {hook.py:208} WARNING - Data lineage tracking is disabled. Register a hook lineage reader to start tracking hook lineage.
[2025-04-19T00:07:07.128+0000] {connection.py:521} WARNING - Failed to parse headers (url=http://host.docker.internal:9000/tfl/data/raw/stop_points/snapshot_20250419_000707.json): [MissingHeaderBodySeparatorDefect()], unparsed data: 'HTTP/1.1 200 OK\r\nAccept-Ranges: bytes\r\nContent-Length: 0\r\nETag: "37a6259cc0c1dae299a7866489dff0bd"\r\nServer: MinIO\r\nStrict-Transport-Security: max-age=31536000; includeSubDomains\r\nVary: Origin\r\nVary: Accept-Encoding\r\nX-Amz-Checksum-Crc32: Jcv8Tw==\r\nX-Amz-Id-2: dd9025bab4ad464b049177c95eb6ebf374d3b3fd1af9251148b658df7ac2e3e8\r\nX-Amz-Request-Id: 18378F8F7FE5E065\r\nX-Content-Type-Options: nosniff\r\nX-Ratelimit-Limit: 1537\r\nX-Ratelimit-Remaining: 1537\r\nX-Xss-Protection: 1; mode=block\r\nDate: Sat, 19 Apr 2025 00:07:07 GMT\r\n\r\n'
Traceback (most recent call last):
  File "/home/airflow/.local/lib/python3.12/site-packages/urllib3/connection.py", line 519, in getresponse
    assert_header_parsing(httplib_response.msg)
  File "/home/airflow/.local/lib/python3.12/site-packages/urllib3/util/response.py", line 88, in assert_header_parsing
    raise HeaderParsingError(defects=defects, unparsed_data=unparsed_data)
urllib3.exceptions.HeaderParsingError: [MissingHeaderBodySeparatorDefect()], unparsed data: 'HTTP/1.1 200 OK\r\nAccept-Ranges: bytes\r\nContent-Length: 0\r\nETag: "37a6259cc0c1dae299a7866489dff0bd"\r\nServer: MinIO\r\nStrict-Transport-Security: max-age=31536000; includeSubDomains\r\nVary: Origin\r\nVary: Accept-Encoding\r\nX-Amz-Checksum-Crc32: Jcv8Tw==\r\nX-Amz-Id-2: dd9025bab4ad464b049177c95eb6ebf374d3b3fd1af9251148b658df7ac2e3e8\r\nX-Amz-Request-Id: 18378F8F7FE5E065\r\nX-Content-Type-Options: nosniff\r\nX-Ratelimit-Limit: 1537\r\nX-Ratelimit-Remaining: 1537\r\nX-Xss-Protection: 1; mode=block\r\nDate: Sat, 19 Apr 2025 00:07:07 GMT\r\n\r\n'
[2025-04-19T00:07:37.381+0000] {hook.py:208} WARNING - Data lineage tracking is disabled. Register a hook lineage reader to start tracking hook lineage.
[2025-04-19T00:07:37.385+0000] {hook.py:208} WARNING - Data lineage tracking is disabled. Register a hook lineage reader to start tracking hook lineage.
[2025-04-19T00:07:37.386+0000] {my_dag.py:50} INFO - Uploaded snapshot_20250419_000707.json to s3://tfl/data/raw/stop_points/snapshot_20250419_000707.json at timestamp 20250419_000707
[2025-04-19T00:07:37.397+0000] {logging_mixin.py:190} INFO - Error fetching data  HTTPSConnectionPool(host='api.tfl.gov.uk', port=443): Max retries exceeded with url: /Line/victoria/Timetable/940GZZLUBXN?app_key=7d28b460f14e44c48e59a47afc904642 (Caused by NameResolutionError("<urllib3.connection.HTTPSConnection object at 0x7f4824257ef0>: Failed to resolve 'api.tfl.gov.uk' ([Errno -2] Name or service not known)"))
[2025-04-19T00:07:37.403+0000] {base.py:84} INFO - Retrieving connection 'minio_conn'
[2025-04-19T00:07:37.407+0000] {connection_wrapper.py:328} INFO - AWS Connection (conn_id='minio_conn', conn_type='aws') credentials retrieved from extra.
[2025-04-19T00:07:37.471+0000] {logging_mixin.py:190} INFO - <botocore.client.S3 object at 0x7f48215c0740>
[2025-04-19T00:07:37.510+0000] {hook.py:208} WARNING - Data lineage tracking is disabled. Register a hook lineage reader to start tracking hook lineage.
[2025-04-19T00:07:37.511+0000] {hook.py:208} WARNING - Data lineage tracking is disabled. Register a hook lineage reader to start tracking hook lineage.
[2025-04-19T00:07:37.528+0000] {connection.py:521} WARNING - Failed to parse headers (url=http://host.docker.internal:9000/tfl/data/raw/timetables/snapshot_20250419_000737.json): [MissingHeaderBodySeparatorDefect()], unparsed data: 'HTTP/1.1 200 OK\r\nAccept-Ranges: bytes\r\nContent-Length: 0\r\nETag: "37a6259cc0c1dae299a7866489dff0bd"\r\nServer: MinIO\r\nStrict-Transport-Security: max-age=31536000; includeSubDomains\r\nVary: Origin\r\nVary: Accept-Encoding\r\nX-Amz-Checksum-Crc32: Jcv8Tw==\r\nX-Amz-Id-2: dd9025bab4ad464b049177c95eb6ebf374d3b3fd1af9251148b658df7ac2e3e8\r\nX-Amz-Request-Id: 18378F9693E949F4\r\nX-Content-Type-Options: nosniff\r\nX-Ratelimit-Limit: 1537\r\nX-Ratelimit-Remaining: 1537\r\nX-Xss-Protection: 1; mode=block\r\nDate: Sat, 19 Apr 2025 00:07:37 GMT\r\n\r\n'
Traceback (most recent call last):
  File "/home/airflow/.local/lib/python3.12/site-packages/urllib3/connection.py", line 519, in getresponse
    assert_header_parsing(httplib_response.msg)
  File "/home/airflow/.local/lib/python3.12/site-packages/urllib3/util/response.py", line 88, in assert_header_parsing
    raise HeaderParsingError(defects=defects, unparsed_data=unparsed_data)
urllib3.exceptions.HeaderParsingError: [MissingHeaderBodySeparatorDefect()], unparsed data: 'HTTP/1.1 200 OK\r\nAccept-Ranges: bytes\r\nContent-Length: 0\r\nETag: "37a6259cc0c1dae299a7866489dff0bd"\r\nServer: MinIO\r\nStrict-Transport-Security: max-age=31536000; includeSubDomains\r\nVary: Origin\r\nVary: Accept-Encoding\r\nX-Amz-Checksum-Crc32: Jcv8Tw==\r\nX-Amz-Id-2: dd9025bab4ad464b049177c95eb6ebf374d3b3fd1af9251148b658df7ac2e3e8\r\nX-Amz-Request-Id: 18378F9693E949F4\r\nX-Content-Type-Options: nosniff\r\nX-Ratelimit-Limit: 1537\r\nX-Ratelimit-Remaining: 1537\r\nX-Xss-Protection: 1; mode=block\r\nDate: Sat, 19 Apr 2025 00:07:37 GMT\r\n\r\n'
[2025-04-19T00:08:07.780+0000] {hook.py:208} WARNING - Data lineage tracking is disabled. Register a hook lineage reader to start tracking hook lineage.
[2025-04-19T00:08:07.782+0000] {hook.py:208} WARNING - Data lineage tracking is disabled. Register a hook lineage reader to start tracking hook lineage.
[2025-04-19T00:08:07.784+0000] {my_dag.py:50} INFO - Uploaded snapshot_20250419_000737.json to s3://tfl/data/raw/timetables/snapshot_20250419_000737.json at timestamp 20250419_000737
[2025-04-19T00:08:07.801+0000] {logging_mixin.py:190} INFO - Error fetching metadata for stop 940GZZLUEUS: HTTPSConnectionPool(host='api.tfl.gov.uk', port=443): Max retries exceeded with url: /StopPoint/940GZZLUEUS?app_key=7d28b460f14e44c48e59a47afc904642 (Caused by NameResolutionError("<urllib3.connection.HTTPSConnection object at 0x7f4821055ca0>: Failed to resolve 'api.tfl.gov.uk' ([Errno -2] Name or service not known)"))
[2025-04-19T00:08:07.815+0000] {base.py:84} INFO - Retrieving connection 'minio_conn'
[2025-04-19T00:08:07.817+0000] {connection_wrapper.py:328} INFO - AWS Connection (conn_id='minio_conn', conn_type='aws') credentials retrieved from extra.
[2025-04-19T00:08:08.420+0000] {logging_mixin.py:190} INFO - <botocore.client.S3 object at 0x7f4821054cb0>
[2025-04-19T00:08:08.457+0000] {hook.py:208} WARNING - Data lineage tracking is disabled. Register a hook lineage reader to start tracking hook lineage.
[2025-04-19T00:08:08.459+0000] {hook.py:208} WARNING - Data lineage tracking is disabled. Register a hook lineage reader to start tracking hook lineage.
[2025-04-19T00:08:08.473+0000] {connection.py:521} WARNING - Failed to parse headers (url=http://host.docker.internal:9000/tfl/data/raw/stop_points/snapshot_20250419_000808.json): [MissingHeaderBodySeparatorDefect()], unparsed data: 'HTTP/1.1 200 OK\r\nAccept-Ranges: bytes\r\nContent-Length: 0\r\nETag: "37a6259cc0c1dae299a7866489dff0bd"\r\nServer: MinIO\r\nStrict-Transport-Security: max-age=31536000; includeSubDomains\r\nVary: Origin\r\nVary: Accept-Encoding\r\nX-Amz-Checksum-Crc32: Jcv8Tw==\r\nX-Amz-Id-2: dd9025bab4ad464b049177c95eb6ebf374d3b3fd1af9251148b658df7ac2e3e8\r\nX-Amz-Request-Id: 18378F9DC875238B\r\nX-Content-Type-Options: nosniff\r\nX-Ratelimit-Limit: 1537\r\nX-Ratelimit-Remaining: 1537\r\nX-Xss-Protection: 1; mode=block\r\nDate: Sat, 19 Apr 2025 00:08:08 GMT\r\n\r\n'
Traceback (most recent call last):
  File "/home/airflow/.local/lib/python3.12/site-packages/urllib3/connection.py", line 519, in getresponse
    assert_header_parsing(httplib_response.msg)
  File "/home/airflow/.local/lib/python3.12/site-packages/urllib3/util/response.py", line 88, in assert_header_parsing
    raise HeaderParsingError(defects=defects, unparsed_data=unparsed_data)
urllib3.exceptions.HeaderParsingError: [MissingHeaderBodySeparatorDefect()], unparsed data: 'HTTP/1.1 200 OK\r\nAccept-Ranges: bytes\r\nContent-Length: 0\r\nETag: "37a6259cc0c1dae299a7866489dff0bd"\r\nServer: MinIO\r\nStrict-Transport-Security: max-age=31536000; includeSubDomains\r\nVary: Origin\r\nVary: Accept-Encoding\r\nX-Amz-Checksum-Crc32: Jcv8Tw==\r\nX-Amz-Id-2: dd9025bab4ad464b049177c95eb6ebf374d3b3fd1af9251148b658df7ac2e3e8\r\nX-Amz-Request-Id: 18378F9DC875238B\r\nX-Content-Type-Options: nosniff\r\nX-Ratelimit-Limit: 1537\r\nX-Ratelimit-Remaining: 1537\r\nX-Xss-Protection: 1; mode=block\r\nDate: Sat, 19 Apr 2025 00:08:08 GMT\r\n\r\n'
[2025-04-19T00:08:38.727+0000] {hook.py:208} WARNING - Data lineage tracking is disabled. Register a hook lineage reader to start tracking hook lineage.
[2025-04-19T00:08:38.730+0000] {hook.py:208} WARNING - Data lineage tracking is disabled. Register a hook lineage reader to start tracking hook lineage.
[2025-04-19T00:08:38.733+0000] {my_dag.py:50} INFO - Uploaded snapshot_20250419_000808.json to s3://tfl/data/raw/stop_points/snapshot_20250419_000808.json at timestamp 20250419_000808
[2025-04-19T00:08:38.752+0000] {logging_mixin.py:190} INFO - Error fetching data  HTTPSConnectionPool(host='api.tfl.gov.uk', port=443): Max retries exceeded with url: /Line/victoria/Timetable/940GZZLUEUS?app_key=7d28b460f14e44c48e59a47afc904642 (Caused by NameResolutionError("<urllib3.connection.HTTPSConnection object at 0x7f48211a9670>: Failed to resolve 'api.tfl.gov.uk' ([Errno -2] Name or service not known)"))
[2025-04-19T00:08:38.767+0000] {base.py:84} INFO - Retrieving connection 'minio_conn'
[2025-04-19T00:08:38.770+0000] {connection_wrapper.py:328} INFO - AWS Connection (conn_id='minio_conn', conn_type='aws') credentials retrieved from extra.
[2025-04-19T00:08:38.860+0000] {logging_mixin.py:190} INFO - <botocore.client.S3 object at 0x7f48242541d0>
[2025-04-19T00:08:38.901+0000] {hook.py:208} WARNING - Data lineage tracking is disabled. Register a hook lineage reader to start tracking hook lineage.
[2025-04-19T00:08:38.903+0000] {hook.py:208} WARNING - Data lineage tracking is disabled. Register a hook lineage reader to start tracking hook lineage.
[2025-04-19T00:08:38.921+0000] {connection.py:521} WARNING - Failed to parse headers (url=http://host.docker.internal:9000/tfl/data/raw/timetables/snapshot_20250419_000838.json): [MissingHeaderBodySeparatorDefect()], unparsed data: 'HTTP/1.1 200 OK\r\nAccept-Ranges: bytes\r\nContent-Length: 0\r\nETag: "37a6259cc0c1dae299a7866489dff0bd"\r\nServer: MinIO\r\nStrict-Transport-Security: max-age=31536000; includeSubDomains\r\nVary: Origin\r\nVary: Accept-Encoding\r\nX-Amz-Checksum-Crc32: Jcv8Tw==\r\nX-Amz-Id-2: dd9025bab4ad464b049177c95eb6ebf374d3b3fd1af9251148b658df7ac2e3e8\r\nX-Amz-Request-Id: 18378FA4DF188B1C\r\nX-Content-Type-Options: nosniff\r\nX-Ratelimit-Limit: 1537\r\nX-Ratelimit-Remaining: 1537\r\nX-Xss-Protection: 1; mode=block\r\nDate: Sat, 19 Apr 2025 00:08:38 GMT\r\n\r\n'
Traceback (most recent call last):
  File "/home/airflow/.local/lib/python3.12/site-packages/urllib3/connection.py", line 519, in getresponse
    assert_header_parsing(httplib_response.msg)
  File "/home/airflow/.local/lib/python3.12/site-packages/urllib3/util/response.py", line 88, in assert_header_parsing
    raise HeaderParsingError(defects=defects, unparsed_data=unparsed_data)
urllib3.exceptions.HeaderParsingError: [MissingHeaderBodySeparatorDefect()], unparsed data: 'HTTP/1.1 200 OK\r\nAccept-Ranges: bytes\r\nContent-Length: 0\r\nETag: "37a6259cc0c1dae299a7866489dff0bd"\r\nServer: MinIO\r\nStrict-Transport-Security: max-age=31536000; includeSubDomains\r\nVary: Origin\r\nVary: Accept-Encoding\r\nX-Amz-Checksum-Crc32: Jcv8Tw==\r\nX-Amz-Id-2: dd9025bab4ad464b049177c95eb6ebf374d3b3fd1af9251148b658df7ac2e3e8\r\nX-Amz-Request-Id: 18378FA4DF188B1C\r\nX-Content-Type-Options: nosniff\r\nX-Ratelimit-Limit: 1537\r\nX-Ratelimit-Remaining: 1537\r\nX-Xss-Protection: 1; mode=block\r\nDate: Sat, 19 Apr 2025 00:08:38 GMT\r\n\r\n'
[2025-04-19T00:09:09.173+0000] {hook.py:208} WARNING - Data lineage tracking is disabled. Register a hook lineage reader to start tracking hook lineage.
[2025-04-19T00:09:09.174+0000] {hook.py:208} WARNING - Data lineage tracking is disabled. Register a hook lineage reader to start tracking hook lineage.
[2025-04-19T00:09:09.175+0000] {my_dag.py:50} INFO - Uploaded snapshot_20250419_000838.json to s3://tfl/data/raw/timetables/snapshot_20250419_000838.json at timestamp 20250419_000838
[2025-04-19T00:09:09.184+0000] {logging_mixin.py:190} INFO - Error fetching metadata for stop 940GZZLUBMY: HTTPSConnectionPool(host='api.tfl.gov.uk', port=443): Max retries exceeded with url: /StopPoint/940GZZLUBMY?app_key=7d28b460f14e44c48e59a47afc904642 (Caused by NameResolutionError("<urllib3.connection.HTTPSConnection object at 0x7f48217e7da0>: Failed to resolve 'api.tfl.gov.uk' ([Errno -2] Name or service not known)"))
[2025-04-19T00:09:09.190+0000] {base.py:84} INFO - Retrieving connection 'minio_conn'
[2025-04-19T00:09:09.190+0000] {connection_wrapper.py:328} INFO - AWS Connection (conn_id='minio_conn', conn_type='aws') credentials retrieved from extra.
[2025-04-19T00:09:09.256+0000] {logging_mixin.py:190} INFO - <botocore.client.S3 object at 0x7f4824215430>
[2025-04-19T00:09:09.280+0000] {hook.py:208} WARNING - Data lineage tracking is disabled. Register a hook lineage reader to start tracking hook lineage.
[2025-04-19T00:09:09.281+0000] {hook.py:208} WARNING - Data lineage tracking is disabled. Register a hook lineage reader to start tracking hook lineage.
[2025-04-19T00:09:09.292+0000] {connection.py:521} WARNING - Failed to parse headers (url=http://host.docker.internal:9000/tfl/data/raw/stop_points/snapshot_20250419_000909.json): [MissingHeaderBodySeparatorDefect()], unparsed data: 'HTTP/1.1 200 OK\r\nAccept-Ranges: bytes\r\nContent-Length: 0\r\nETag: "37a6259cc0c1dae299a7866489dff0bd"\r\nServer: MinIO\r\nStrict-Transport-Security: max-age=31536000; includeSubDomains\r\nVary: Origin\r\nVary: Accept-Encoding\r\nX-Amz-Checksum-Crc32: Jcv8Tw==\r\nX-Amz-Id-2: dd9025bab4ad464b049177c95eb6ebf374d3b3fd1af9251148b658df7ac2e3e8\r\nX-Amz-Request-Id: 18378FABF1A2AC65\r\nX-Content-Type-Options: nosniff\r\nX-Ratelimit-Limit: 1537\r\nX-Ratelimit-Remaining: 1537\r\nX-Xss-Protection: 1; mode=block\r\nDate: Sat, 19 Apr 2025 00:09:09 GMT\r\n\r\n'
Traceback (most recent call last):
  File "/home/airflow/.local/lib/python3.12/site-packages/urllib3/connection.py", line 519, in getresponse
    assert_header_parsing(httplib_response.msg)
  File "/home/airflow/.local/lib/python3.12/site-packages/urllib3/util/response.py", line 88, in assert_header_parsing
    raise HeaderParsingError(defects=defects, unparsed_data=unparsed_data)
urllib3.exceptions.HeaderParsingError: [MissingHeaderBodySeparatorDefect()], unparsed data: 'HTTP/1.1 200 OK\r\nAccept-Ranges: bytes\r\nContent-Length: 0\r\nETag: "37a6259cc0c1dae299a7866489dff0bd"\r\nServer: MinIO\r\nStrict-Transport-Security: max-age=31536000; includeSubDomains\r\nVary: Origin\r\nVary: Accept-Encoding\r\nX-Amz-Checksum-Crc32: Jcv8Tw==\r\nX-Amz-Id-2: dd9025bab4ad464b049177c95eb6ebf374d3b3fd1af9251148b658df7ac2e3e8\r\nX-Amz-Request-Id: 18378FABF1A2AC65\r\nX-Content-Type-Options: nosniff\r\nX-Ratelimit-Limit: 1537\r\nX-Ratelimit-Remaining: 1537\r\nX-Xss-Protection: 1; mode=block\r\nDate: Sat, 19 Apr 2025 00:09:09 GMT\r\n\r\n'
[2025-04-19T00:09:39.549+0000] {hook.py:208} WARNING - Data lineage tracking is disabled. Register a hook lineage reader to start tracking hook lineage.
[2025-04-19T00:09:39.552+0000] {hook.py:208} WARNING - Data lineage tracking is disabled. Register a hook lineage reader to start tracking hook lineage.
[2025-04-19T00:09:39.555+0000] {my_dag.py:50} INFO - Uploaded snapshot_20250419_000909.json to s3://tfl/data/raw/stop_points/snapshot_20250419_000909.json at timestamp 20250419_000909
[2025-04-19T00:09:39.571+0000] {logging_mixin.py:190} INFO - Error fetching data  HTTPSConnectionPool(host='api.tfl.gov.uk', port=443): Max retries exceeded with url: /Line/jubilee/Timetable/940GZZLUBMY?app_key=7d28b460f14e44c48e59a47afc904642 (Caused by NameResolutionError("<urllib3.connection.HTTPSConnection object at 0x7f4824216c90>: Failed to resolve 'api.tfl.gov.uk' ([Errno -2] Name or service not known)"))
[2025-04-19T00:09:39.583+0000] {base.py:84} INFO - Retrieving connection 'minio_conn'
[2025-04-19T00:09:39.585+0000] {connection_wrapper.py:328} INFO - AWS Connection (conn_id='minio_conn', conn_type='aws') credentials retrieved from extra.
[2025-04-19T00:09:39.692+0000] {logging_mixin.py:190} INFO - <botocore.client.S3 object at 0x7f4823836e70>
[2025-04-19T00:09:39.727+0000] {hook.py:208} WARNING - Data lineage tracking is disabled. Register a hook lineage reader to start tracking hook lineage.
[2025-04-19T00:09:39.728+0000] {hook.py:208} WARNING - Data lineage tracking is disabled. Register a hook lineage reader to start tracking hook lineage.
[2025-04-19T00:09:39.747+0000] {connection.py:521} WARNING - Failed to parse headers (url=http://host.docker.internal:9000/tfl/data/raw/timetables/snapshot_20250419_000939.json): [MissingHeaderBodySeparatorDefect()], unparsed data: 'HTTP/1.1 200 OK\r\nAccept-Ranges: bytes\r\nContent-Length: 0\r\nETag: "37a6259cc0c1dae299a7866489dff0bd"\r\nServer: MinIO\r\nStrict-Transport-Security: max-age=31536000; includeSubDomains\r\nVary: Origin\r\nVary: Accept-Encoding\r\nX-Amz-Checksum-Crc32: Jcv8Tw==\r\nX-Amz-Id-2: dd9025bab4ad464b049177c95eb6ebf374d3b3fd1af9251148b658df7ac2e3e8\r\nX-Amz-Request-Id: 18378FB308A82E97\r\nX-Content-Type-Options: nosniff\r\nX-Ratelimit-Limit: 1537\r\nX-Ratelimit-Remaining: 1537\r\nX-Xss-Protection: 1; mode=block\r\nDate: Sat, 19 Apr 2025 00:09:39 GMT\r\n\r\n'
Traceback (most recent call last):
  File "/home/airflow/.local/lib/python3.12/site-packages/urllib3/connection.py", line 519, in getresponse
    assert_header_parsing(httplib_response.msg)
  File "/home/airflow/.local/lib/python3.12/site-packages/urllib3/util/response.py", line 88, in assert_header_parsing
    raise HeaderParsingError(defects=defects, unparsed_data=unparsed_data)
urllib3.exceptions.HeaderParsingError: [MissingHeaderBodySeparatorDefect()], unparsed data: 'HTTP/1.1 200 OK\r\nAccept-Ranges: bytes\r\nContent-Length: 0\r\nETag: "37a6259cc0c1dae299a7866489dff0bd"\r\nServer: MinIO\r\nStrict-Transport-Security: max-age=31536000; includeSubDomains\r\nVary: Origin\r\nVary: Accept-Encoding\r\nX-Amz-Checksum-Crc32: Jcv8Tw==\r\nX-Amz-Id-2: dd9025bab4ad464b049177c95eb6ebf374d3b3fd1af9251148b658df7ac2e3e8\r\nX-Amz-Request-Id: 18378FB308A82E97\r\nX-Content-Type-Options: nosniff\r\nX-Ratelimit-Limit: 1537\r\nX-Ratelimit-Remaining: 1537\r\nX-Xss-Protection: 1; mode=block\r\nDate: Sat, 19 Apr 2025 00:09:39 GMT\r\n\r\n'
[2025-04-19T00:10:10.000+0000] {hook.py:208} WARNING - Data lineage tracking is disabled. Register a hook lineage reader to start tracking hook lineage.
[2025-04-19T00:10:10.002+0000] {hook.py:208} WARNING - Data lineage tracking is disabled. Register a hook lineage reader to start tracking hook lineage.
[2025-04-19T00:10:10.003+0000] {my_dag.py:50} INFO - Uploaded snapshot_20250419_000939.json to s3://tfl/data/raw/timetables/snapshot_20250419_000939.json at timestamp 20250419_000939
[2025-04-19T00:10:10.021+0000] {logging_mixin.py:190} INFO - Error fetching metadata for stop 940GZZLUBND: HTTPSConnectionPool(host='api.tfl.gov.uk', port=443): Max retries exceeded with url: /StopPoint/940GZZLUBND?app_key=7d28b460f14e44c48e59a47afc904642 (Caused by NameResolutionError("<urllib3.connection.HTTPSConnection object at 0x7f48210d9a60>: Failed to resolve 'api.tfl.gov.uk' ([Errno -2] Name or service not known)"))
[2025-04-19T00:10:10.030+0000] {base.py:84} INFO - Retrieving connection 'minio_conn'
[2025-04-19T00:10:10.031+0000] {connection_wrapper.py:328} INFO - AWS Connection (conn_id='minio_conn', conn_type='aws') credentials retrieved from extra.
[2025-04-19T00:10:10.138+0000] {logging_mixin.py:190} INFO - <botocore.client.S3 object at 0x7f4825dc33e0>
[2025-04-19T00:10:10.181+0000] {hook.py:208} WARNING - Data lineage tracking is disabled. Register a hook lineage reader to start tracking hook lineage.
[2025-04-19T00:10:10.183+0000] {hook.py:208} WARNING - Data lineage tracking is disabled. Register a hook lineage reader to start tracking hook lineage.
[2025-04-19T00:10:10.197+0000] {connection.py:521} WARNING - Failed to parse headers (url=http://host.docker.internal:9000/tfl/data/raw/stop_points/snapshot_20250419_001010.json): [MissingHeaderBodySeparatorDefect()], unparsed data: 'HTTP/1.1 200 OK\r\nAccept-Ranges: bytes\r\nContent-Length: 0\r\nETag: "37a6259cc0c1dae299a7866489dff0bd"\r\nServer: MinIO\r\nStrict-Transport-Security: max-age=31536000; includeSubDomains\r\nVary: Origin\r\nVary: Accept-Encoding\r\nX-Amz-Checksum-Crc32: Jcv8Tw==\r\nX-Amz-Id-2: dd9025bab4ad464b049177c95eb6ebf374d3b3fd1af9251148b658df7ac2e3e8\r\nX-Amz-Request-Id: 18378FBA1FC51040\r\nX-Content-Type-Options: nosniff\r\nX-Ratelimit-Limit: 1537\r\nX-Ratelimit-Remaining: 1537\r\nX-Xss-Protection: 1; mode=block\r\nDate: Sat, 19 Apr 2025 00:10:10 GMT\r\n\r\n'
Traceback (most recent call last):
  File "/home/airflow/.local/lib/python3.12/site-packages/urllib3/connection.py", line 519, in getresponse
    assert_header_parsing(httplib_response.msg)
  File "/home/airflow/.local/lib/python3.12/site-packages/urllib3/util/response.py", line 88, in assert_header_parsing
    raise HeaderParsingError(defects=defects, unparsed_data=unparsed_data)
urllib3.exceptions.HeaderParsingError: [MissingHeaderBodySeparatorDefect()], unparsed data: 'HTTP/1.1 200 OK\r\nAccept-Ranges: bytes\r\nContent-Length: 0\r\nETag: "37a6259cc0c1dae299a7866489dff0bd"\r\nServer: MinIO\r\nStrict-Transport-Security: max-age=31536000; includeSubDomains\r\nVary: Origin\r\nVary: Accept-Encoding\r\nX-Amz-Checksum-Crc32: Jcv8Tw==\r\nX-Amz-Id-2: dd9025bab4ad464b049177c95eb6ebf374d3b3fd1af9251148b658df7ac2e3e8\r\nX-Amz-Request-Id: 18378FBA1FC51040\r\nX-Content-Type-Options: nosniff\r\nX-Ratelimit-Limit: 1537\r\nX-Ratelimit-Remaining: 1537\r\nX-Xss-Protection: 1; mode=block\r\nDate: Sat, 19 Apr 2025 00:10:10 GMT\r\n\r\n'
[2025-04-19T00:10:40.451+0000] {hook.py:208} WARNING - Data lineage tracking is disabled. Register a hook lineage reader to start tracking hook lineage.
[2025-04-19T00:10:40.453+0000] {hook.py:208} WARNING - Data lineage tracking is disabled. Register a hook lineage reader to start tracking hook lineage.
[2025-04-19T00:10:40.455+0000] {my_dag.py:50} INFO - Uploaded snapshot_20250419_001010.json to s3://tfl/data/raw/stop_points/snapshot_20250419_001010.json at timestamp 20250419_001010
[2025-04-19T00:10:40.469+0000] {logging_mixin.py:190} INFO - Error fetching data  HTTPSConnectionPool(host='api.tfl.gov.uk', port=443): Max retries exceeded with url: /Line/jubilee/Timetable/940GZZLUBND?app_key=7d28b460f14e44c48e59a47afc904642 (Caused by NameResolutionError("<urllib3.connection.HTTPSConnection object at 0x7f48242b2750>: Failed to resolve 'api.tfl.gov.uk' ([Errno -2] Name or service not known)"))
[2025-04-19T00:10:40.476+0000] {base.py:84} INFO - Retrieving connection 'minio_conn'
[2025-04-19T00:10:40.477+0000] {connection_wrapper.py:328} INFO - AWS Connection (conn_id='minio_conn', conn_type='aws') credentials retrieved from extra.
[2025-04-19T00:10:40.539+0000] {logging_mixin.py:190} INFO - <botocore.client.S3 object at 0x7f48253e67e0>
[2025-04-19T00:10:40.566+0000] {hook.py:208} WARNING - Data lineage tracking is disabled. Register a hook lineage reader to start tracking hook lineage.
[2025-04-19T00:10:40.567+0000] {hook.py:208} WARNING - Data lineage tracking is disabled. Register a hook lineage reader to start tracking hook lineage.
[2025-04-19T00:10:40.579+0000] {connection.py:521} WARNING - Failed to parse headers (url=http://host.docker.internal:9000/tfl/data/raw/timetables/snapshot_20250419_001040.json): [MissingHeaderBodySeparatorDefect()], unparsed data: 'HTTP/1.1 200 OK\r\nAccept-Ranges: bytes\r\nContent-Length: 0\r\nETag: "37a6259cc0c1dae299a7866489dff0bd"\r\nServer: MinIO\r\nStrict-Transport-Security: max-age=31536000; includeSubDomains\r\nVary: Origin\r\nVary: Accept-Encoding\r\nX-Amz-Checksum-Crc32: Jcv8Tw==\r\nX-Amz-Id-2: dd9025bab4ad464b049177c95eb6ebf374d3b3fd1af9251148b658df7ac2e3e8\r\nX-Amz-Request-Id: 18378FC132AA4026\r\nX-Content-Type-Options: nosniff\r\nX-Ratelimit-Limit: 1537\r\nX-Ratelimit-Remaining: 1537\r\nX-Xss-Protection: 1; mode=block\r\nDate: Sat, 19 Apr 2025 00:10:40 GMT\r\n\r\n'
Traceback (most recent call last):
  File "/home/airflow/.local/lib/python3.12/site-packages/urllib3/connection.py", line 519, in getresponse
    assert_header_parsing(httplib_response.msg)
  File "/home/airflow/.local/lib/python3.12/site-packages/urllib3/util/response.py", line 88, in assert_header_parsing
    raise HeaderParsingError(defects=defects, unparsed_data=unparsed_data)
urllib3.exceptions.HeaderParsingError: [MissingHeaderBodySeparatorDefect()], unparsed data: 'HTTP/1.1 200 OK\r\nAccept-Ranges: bytes\r\nContent-Length: 0\r\nETag: "37a6259cc0c1dae299a7866489dff0bd"\r\nServer: MinIO\r\nStrict-Transport-Security: max-age=31536000; includeSubDomains\r\nVary: Origin\r\nVary: Accept-Encoding\r\nX-Amz-Checksum-Crc32: Jcv8Tw==\r\nX-Amz-Id-2: dd9025bab4ad464b049177c95eb6ebf374d3b3fd1af9251148b658df7ac2e3e8\r\nX-Amz-Request-Id: 18378FC132AA4026\r\nX-Content-Type-Options: nosniff\r\nX-Ratelimit-Limit: 1537\r\nX-Ratelimit-Remaining: 1537\r\nX-Xss-Protection: 1; mode=block\r\nDate: Sat, 19 Apr 2025 00:10:40 GMT\r\n\r\n'
[2025-04-19T00:11:10.831+0000] {hook.py:208} WARNING - Data lineage tracking is disabled. Register a hook lineage reader to start tracking hook lineage.
[2025-04-19T00:11:10.833+0000] {hook.py:208} WARNING - Data lineage tracking is disabled. Register a hook lineage reader to start tracking hook lineage.
[2025-04-19T00:11:10.834+0000] {my_dag.py:50} INFO - Uploaded snapshot_20250419_001040.json to s3://tfl/data/raw/timetables/snapshot_20250419_001040.json at timestamp 20250419_001040
[2025-04-19T00:11:10.848+0000] {logging_mixin.py:190} INFO - Error fetching metadata for stop 940GZZLUBST: HTTPSConnectionPool(host='api.tfl.gov.uk', port=443): Max retries exceeded with url: /StopPoint/940GZZLUBST?app_key=7d28b460f14e44c48e59a47afc904642 (Caused by NameResolutionError("<urllib3.connection.HTTPSConnection object at 0x7f48266ed8e0>: Failed to resolve 'api.tfl.gov.uk' ([Errno -2] Name or service not known)"))
[2025-04-19T00:11:10.859+0000] {base.py:84} INFO - Retrieving connection 'minio_conn'
[2025-04-19T00:11:10.861+0000] {connection_wrapper.py:328} INFO - AWS Connection (conn_id='minio_conn', conn_type='aws') credentials retrieved from extra.
[2025-04-19T00:11:10.969+0000] {logging_mixin.py:190} INFO - <botocore.client.S3 object at 0x7f4825d7df10>
[2025-04-19T00:11:11.001+0000] {hook.py:208} WARNING - Data lineage tracking is disabled. Register a hook lineage reader to start tracking hook lineage.
[2025-04-19T00:11:11.003+0000] {hook.py:208} WARNING - Data lineage tracking is disabled. Register a hook lineage reader to start tracking hook lineage.
[2025-04-19T00:11:11.018+0000] {connection.py:521} WARNING - Failed to parse headers (url=http://host.docker.internal:9000/tfl/data/raw/stop_points/snapshot_20250419_001110.json): [MissingHeaderBodySeparatorDefect()], unparsed data: 'HTTP/1.1 200 OK\r\nAccept-Ranges: bytes\r\nContent-Length: 0\r\nETag: "37a6259cc0c1dae299a7866489dff0bd"\r\nServer: MinIO\r\nStrict-Transport-Security: max-age=31536000; includeSubDomains\r\nVary: Origin\r\nVary: Accept-Encoding\r\nX-Amz-Checksum-Crc32: Jcv8Tw==\r\nX-Amz-Id-2: dd9025bab4ad464b049177c95eb6ebf374d3b3fd1af9251148b658df7ac2e3e8\r\nX-Amz-Request-Id: 18378FC848FADED7\r\nX-Content-Type-Options: nosniff\r\nX-Ratelimit-Limit: 1537\r\nX-Ratelimit-Remaining: 1537\r\nX-Xss-Protection: 1; mode=block\r\nDate: Sat, 19 Apr 2025 00:11:11 GMT\r\n\r\n'
Traceback (most recent call last):
  File "/home/airflow/.local/lib/python3.12/site-packages/urllib3/connection.py", line 519, in getresponse
    assert_header_parsing(httplib_response.msg)
  File "/home/airflow/.local/lib/python3.12/site-packages/urllib3/util/response.py", line 88, in assert_header_parsing
    raise HeaderParsingError(defects=defects, unparsed_data=unparsed_data)
urllib3.exceptions.HeaderParsingError: [MissingHeaderBodySeparatorDefect()], unparsed data: 'HTTP/1.1 200 OK\r\nAccept-Ranges: bytes\r\nContent-Length: 0\r\nETag: "37a6259cc0c1dae299a7866489dff0bd"\r\nServer: MinIO\r\nStrict-Transport-Security: max-age=31536000; includeSubDomains\r\nVary: Origin\r\nVary: Accept-Encoding\r\nX-Amz-Checksum-Crc32: Jcv8Tw==\r\nX-Amz-Id-2: dd9025bab4ad464b049177c95eb6ebf374d3b3fd1af9251148b658df7ac2e3e8\r\nX-Amz-Request-Id: 18378FC848FADED7\r\nX-Content-Type-Options: nosniff\r\nX-Ratelimit-Limit: 1537\r\nX-Ratelimit-Remaining: 1537\r\nX-Xss-Protection: 1; mode=block\r\nDate: Sat, 19 Apr 2025 00:11:11 GMT\r\n\r\n'
[2025-04-19T00:11:41.268+0000] {hook.py:208} WARNING - Data lineage tracking is disabled. Register a hook lineage reader to start tracking hook lineage.
[2025-04-19T00:11:41.269+0000] {hook.py:208} WARNING - Data lineage tracking is disabled. Register a hook lineage reader to start tracking hook lineage.
[2025-04-19T00:11:41.271+0000] {my_dag.py:50} INFO - Uploaded snapshot_20250419_001110.json to s3://tfl/data/raw/stop_points/snapshot_20250419_001110.json at timestamp 20250419_001110
[2025-04-19T00:11:41.282+0000] {logging_mixin.py:190} INFO - Error fetching data  HTTPSConnectionPool(host='api.tfl.gov.uk', port=443): Max retries exceeded with url: /Line/jubilee/Timetable/940GZZLUBST?app_key=7d28b460f14e44c48e59a47afc904642 (Caused by NameResolutionError("<urllib3.connection.HTTPSConnection object at 0x7f48253e6570>: Failed to resolve 'api.tfl.gov.uk' ([Errno -2] Name or service not known)"))
[2025-04-19T00:11:41.289+0000] {base.py:84} INFO - Retrieving connection 'minio_conn'
[2025-04-19T00:11:41.290+0000] {connection_wrapper.py:328} INFO - AWS Connection (conn_id='minio_conn', conn_type='aws') credentials retrieved from extra.
[2025-04-19T00:11:41.342+0000] {logging_mixin.py:190} INFO - <botocore.client.S3 object at 0x7f482c03ffe0>
[2025-04-19T00:11:41.369+0000] {hook.py:208} WARNING - Data lineage tracking is disabled. Register a hook lineage reader to start tracking hook lineage.
[2025-04-19T00:11:41.370+0000] {hook.py:208} WARNING - Data lineage tracking is disabled. Register a hook lineage reader to start tracking hook lineage.
[2025-04-19T00:11:41.383+0000] {connection.py:521} WARNING - Failed to parse headers (url=http://host.docker.internal:9000/tfl/data/raw/timetables/snapshot_20250419_001141.json): [MissingHeaderBodySeparatorDefect()], unparsed data: 'HTTP/1.1 200 OK\r\nAccept-Ranges: bytes\r\nContent-Length: 0\r\nETag: "37a6259cc0c1dae299a7866489dff0bd"\r\nServer: MinIO\r\nStrict-Transport-Security: max-age=31536000; includeSubDomains\r\nVary: Origin\r\nVary: Accept-Encoding\r\nX-Amz-Checksum-Crc32: Jcv8Tw==\r\nX-Amz-Id-2: dd9025bab4ad464b049177c95eb6ebf374d3b3fd1af9251148b658df7ac2e3e8\r\nX-Amz-Request-Id: 18378FCF5AD8F315\r\nX-Content-Type-Options: nosniff\r\nX-Ratelimit-Limit: 1537\r\nX-Ratelimit-Remaining: 1537\r\nX-Xss-Protection: 1; mode=block\r\nDate: Sat, 19 Apr 2025 00:11:41 GMT\r\n\r\n'
Traceback (most recent call last):
  File "/home/airflow/.local/lib/python3.12/site-packages/urllib3/connection.py", line 519, in getresponse
    assert_header_parsing(httplib_response.msg)
  File "/home/airflow/.local/lib/python3.12/site-packages/urllib3/util/response.py", line 88, in assert_header_parsing
    raise HeaderParsingError(defects=defects, unparsed_data=unparsed_data)
urllib3.exceptions.HeaderParsingError: [MissingHeaderBodySeparatorDefect()], unparsed data: 'HTTP/1.1 200 OK\r\nAccept-Ranges: bytes\r\nContent-Length: 0\r\nETag: "37a6259cc0c1dae299a7866489dff0bd"\r\nServer: MinIO\r\nStrict-Transport-Security: max-age=31536000; includeSubDomains\r\nVary: Origin\r\nVary: Accept-Encoding\r\nX-Amz-Checksum-Crc32: Jcv8Tw==\r\nX-Amz-Id-2: dd9025bab4ad464b049177c95eb6ebf374d3b3fd1af9251148b658df7ac2e3e8\r\nX-Amz-Request-Id: 18378FCF5AD8F315\r\nX-Content-Type-Options: nosniff\r\nX-Ratelimit-Limit: 1537\r\nX-Ratelimit-Remaining: 1537\r\nX-Xss-Protection: 1; mode=block\r\nDate: Sat, 19 Apr 2025 00:11:41 GMT\r\n\r\n'
[2025-04-19T00:12:11.639+0000] {hook.py:208} WARNING - Data lineage tracking is disabled. Register a hook lineage reader to start tracking hook lineage.
[2025-04-19T00:12:11.641+0000] {hook.py:208} WARNING - Data lineage tracking is disabled. Register a hook lineage reader to start tracking hook lineage.
[2025-04-19T00:12:11.643+0000] {my_dag.py:50} INFO - Uploaded snapshot_20250419_001141.json to s3://tfl/data/raw/timetables/snapshot_20250419_001141.json at timestamp 20250419_001141
[2025-04-19T00:12:11.645+0000] {python.py:240} INFO - Done. Returned value was: None
[2025-04-19T00:12:11.660+0000] {taskinstance.py:341} INFO - ::group::Post task execution logs
[2025-04-19T00:12:11.662+0000] {taskinstance.py:353} INFO - Marking task as SUCCESS. dag_id=TFL_DATA_DAG, task_id=api_call_static_data, run_id=scheduled__2025-04-18T00:00:00+00:00, execution_date=20250418T000000, start_date=20250419T000000, end_date=20250419T001211
[2025-04-19T00:12:11.727+0000] {local_task_job_runner.py:266} INFO - Task exited with return code 0
[2025-04-19T00:12:11.748+0000] {taskinstance.py:3901} INFO - 0 downstream tasks scheduled from follow-on schedule check
[2025-04-19T00:12:11.755+0000] {local_task_job_runner.py:245} INFO - ::endgroup::
