[2025-04-18T12:38:49.622+0000] {local_task_job_runner.py:123} INFO - ::group::Pre task execution logs
[2025-04-18T12:38:49.633+0000] {taskinstance.py:2614} INFO - Dependencies all met for dep_context=non-requeueable deps ti=<TaskInstance: TFL_DATA_DAG.api_call_static_data scheduled__2025-04-17T00:00:00+00:00 [queued]>
[2025-04-18T12:38:49.639+0000] {taskinstance.py:2614} INFO - Dependencies all met for dep_context=requeueable deps ti=<TaskInstance: TFL_DATA_DAG.api_call_static_data scheduled__2025-04-17T00:00:00+00:00 [queued]>
[2025-04-18T12:38:49.640+0000] {taskinstance.py:2867} INFO - Starting attempt 2 of 6
[2025-04-18T12:38:49.650+0000] {taskinstance.py:2890} INFO - Executing <Task(PythonOperator): api_call_static_data> on 2025-04-17 00:00:00+00:00
[2025-04-18T12:38:49.656+0000] {standard_task_runner.py:104} INFO - Running: ['***', 'tasks', 'run', 'TFL_DATA_DAG', 'api_call_static_data', 'scheduled__2025-04-17T00:00:00+00:00', '--job-id', '211', '--raw', '--subdir', 'DAGS_FOLDER/my_dag.py', '--cfg-path', '/tmp/tmpm3lp6aou']
[2025-04-18T12:38:49.658+0000] {standard_task_runner.py:105} INFO - Job 211: Subtask api_call_static_data
[2025-04-18T12:38:49.657+0000] {logging_mixin.py:190} WARNING - /home/***/.local/lib/python3.12/site-packages/***/task/task_runner/standard_task_runner.py:70 DeprecationWarning: This process (pid=2074) is multi-threaded, use of fork() may lead to deadlocks in the child.
[2025-04-18T12:38:49.659+0000] {standard_task_runner.py:72} INFO - Started process 2075 to run task
[2025-04-18T12:38:49.700+0000] {task_command.py:467} INFO - Running <TaskInstance: TFL_DATA_DAG.api_call_static_data scheduled__2025-04-17T00:00:00+00:00 [running]> on host 197005dfdcea
[2025-04-18T12:38:49.755+0000] {taskinstance.py:3134} INFO - Exporting env vars: AIRFLOW_CTX_DAG_OWNER='abdulsalam' AIRFLOW_CTX_DAG_ID='TFL_DATA_DAG' AIRFLOW_CTX_TASK_ID='api_call_static_data' AIRFLOW_CTX_EXECUTION_DATE='2025-04-17T00:00:00+00:00' AIRFLOW_CTX_TRY_NUMBER='2' AIRFLOW_CTX_DAG_RUN_ID='scheduled__2025-04-17T00:00:00+00:00'
[2025-04-18T12:38:49.757+0000] {taskinstance.py:732} INFO - ::endgroup::
[2025-04-18T12:38:49.777+0000] {logging_mixin.py:190} INFO - Error fetching metadata for stop 490000036S: HTTPSConnectionPool(host='api.tfl.gov.uk', port=443): Max retries exceeded with url: /StopPoint/490000036S?app_key=7d28b460f14e44c48e59a47afc904642 (Caused by NameResolutionError("<urllib3.connection.HTTPSConnection object at 0x7f4836cc2d50>: Failed to resolve 'api.tfl.gov.uk' ([Errno -2] Name or service not known)"))
[2025-04-18T12:38:49.784+0000] {base.py:84} INFO - Retrieving connection 'minio_conn'
[2025-04-18T12:38:49.785+0000] {connection_wrapper.py:328} INFO - AWS Connection (conn_id='minio_conn', conn_type='aws') credentials retrieved from extra.
[2025-04-18T12:38:50.055+0000] {logging_mixin.py:190} INFO - <botocore.client.S3 object at 0x7f482ca5ba40>
[2025-04-18T12:38:50.076+0000] {hook.py:208} WARNING - Data lineage tracking is disabled. Register a hook lineage reader to start tracking hook lineage.
[2025-04-18T12:38:50.086+0000] {connection.py:521} WARNING - Failed to parse headers (url=http://host.docker.internal:9000/tfl/data/raw/stop_points/snapshot_20250418_123850.json): [MissingHeaderBodySeparatorDefect()], unparsed data: 'HTTP/1.1 200 OK\r\nAccept-Ranges: bytes\r\nContent-Length: 0\r\nETag: "37a6259cc0c1dae299a7866489dff0bd"\r\nServer: MinIO\r\nStrict-Transport-Security: max-age=31536000; includeSubDomains\r\nVary: Origin\r\nVary: Accept-Encoding\r\nX-Amz-Checksum-Crc32: Jcv8Tw==\r\nX-Amz-Id-2: dd9025bab4ad464b049177c95eb6ebf374d3b3fd1af9251148b658df7ac2e3e8\r\nX-Amz-Request-Id: 18376A0048A263B6\r\nX-Content-Type-Options: nosniff\r\nX-Ratelimit-Limit: 1537\r\nX-Ratelimit-Remaining: 1537\r\nX-Xss-Protection: 1; mode=block\r\nDate: Fri, 18 Apr 2025 12:38:50 GMT\r\n\r\n'
Traceback (most recent call last):
  File "/home/airflow/.local/lib/python3.12/site-packages/urllib3/connection.py", line 519, in getresponse
    assert_header_parsing(httplib_response.msg)
  File "/home/airflow/.local/lib/python3.12/site-packages/urllib3/util/response.py", line 88, in assert_header_parsing
    raise HeaderParsingError(defects=defects, unparsed_data=unparsed_data)
urllib3.exceptions.HeaderParsingError: [MissingHeaderBodySeparatorDefect()], unparsed data: 'HTTP/1.1 200 OK\r\nAccept-Ranges: bytes\r\nContent-Length: 0\r\nETag: "37a6259cc0c1dae299a7866489dff0bd"\r\nServer: MinIO\r\nStrict-Transport-Security: max-age=31536000; includeSubDomains\r\nVary: Origin\r\nVary: Accept-Encoding\r\nX-Amz-Checksum-Crc32: Jcv8Tw==\r\nX-Amz-Id-2: dd9025bab4ad464b049177c95eb6ebf374d3b3fd1af9251148b658df7ac2e3e8\r\nX-Amz-Request-Id: 18376A0048A263B6\r\nX-Content-Type-Options: nosniff\r\nX-Ratelimit-Limit: 1537\r\nX-Ratelimit-Remaining: 1537\r\nX-Xss-Protection: 1; mode=block\r\nDate: Fri, 18 Apr 2025 12:38:50 GMT\r\n\r\n'
[2025-04-18T12:39:20.340+0000] {hook.py:208} WARNING - Data lineage tracking is disabled. Register a hook lineage reader to start tracking hook lineage.
[2025-04-18T12:39:20.341+0000] {hook.py:208} WARNING - Data lineage tracking is disabled. Register a hook lineage reader to start tracking hook lineage.
[2025-04-18T12:39:20.342+0000] {my_dag.py:50} INFO - Uploaded snapshot_20250418_123850.json to s3://tfl/data/raw/stop_points/snapshot_20250418_123850.json at timestamp 20250418_123850
[2025-04-18T12:39:20.364+0000] {logging_mixin.py:190} INFO - Error fetching data  HTTPSConnectionPool(host='api.tfl.gov.uk', port=443): Max retries exceeded with url: /Line/24/Timetable/490000036S?app_key=7d28b460f14e44c48e59a47afc904642 (Caused by NameResolutionError("<urllib3.connection.HTTPSConnection object at 0x7f482ca9ea50>: Failed to resolve 'api.tfl.gov.uk' ([Errno -2] Name or service not known)"))
[2025-04-18T12:39:20.379+0000] {base.py:84} INFO - Retrieving connection 'minio_conn'
[2025-04-18T12:39:20.382+0000] {connection_wrapper.py:328} INFO - AWS Connection (conn_id='minio_conn', conn_type='aws') credentials retrieved from extra.
[2025-04-18T12:39:20.487+0000] {logging_mixin.py:190} INFO - <botocore.client.S3 object at 0x7f482bf832f0>
[2025-04-18T12:39:20.520+0000] {hook.py:208} WARNING - Data lineage tracking is disabled. Register a hook lineage reader to start tracking hook lineage.
[2025-04-18T12:39:20.524+0000] {hook.py:208} WARNING - Data lineage tracking is disabled. Register a hook lineage reader to start tracking hook lineage.
[2025-04-18T12:39:20.545+0000] {connection.py:521} WARNING - Failed to parse headers (url=http://host.docker.internal:9000/tfl/data/raw/timetables/snapshot_20250418_123920.json): [MissingHeaderBodySeparatorDefect()], unparsed data: 'HTTP/1.1 200 OK\r\nAccept-Ranges: bytes\r\nContent-Length: 0\r\nETag: "37a6259cc0c1dae299a7866489dff0bd"\r\nServer: MinIO\r\nStrict-Transport-Security: max-age=31536000; includeSubDomains\r\nVary: Origin\r\nVary: Accept-Encoding\r\nX-Amz-Checksum-Crc32: Jcv8Tw==\r\nX-Amz-Id-2: dd9025bab4ad464b049177c95eb6ebf374d3b3fd1af9251148b658df7ac2e3e8\r\nX-Amz-Request-Id: 18376A075FAE1496\r\nX-Content-Type-Options: nosniff\r\nX-Ratelimit-Limit: 1537\r\nX-Ratelimit-Remaining: 1537\r\nX-Xss-Protection: 1; mode=block\r\nDate: Fri, 18 Apr 2025 12:39:20 GMT\r\n\r\n'
Traceback (most recent call last):
  File "/home/airflow/.local/lib/python3.12/site-packages/urllib3/connection.py", line 519, in getresponse
    assert_header_parsing(httplib_response.msg)
  File "/home/airflow/.local/lib/python3.12/site-packages/urllib3/util/response.py", line 88, in assert_header_parsing
    raise HeaderParsingError(defects=defects, unparsed_data=unparsed_data)
urllib3.exceptions.HeaderParsingError: [MissingHeaderBodySeparatorDefect()], unparsed data: 'HTTP/1.1 200 OK\r\nAccept-Ranges: bytes\r\nContent-Length: 0\r\nETag: "37a6259cc0c1dae299a7866489dff0bd"\r\nServer: MinIO\r\nStrict-Transport-Security: max-age=31536000; includeSubDomains\r\nVary: Origin\r\nVary: Accept-Encoding\r\nX-Amz-Checksum-Crc32: Jcv8Tw==\r\nX-Amz-Id-2: dd9025bab4ad464b049177c95eb6ebf374d3b3fd1af9251148b658df7ac2e3e8\r\nX-Amz-Request-Id: 18376A075FAE1496\r\nX-Content-Type-Options: nosniff\r\nX-Ratelimit-Limit: 1537\r\nX-Ratelimit-Remaining: 1537\r\nX-Xss-Protection: 1; mode=block\r\nDate: Fri, 18 Apr 2025 12:39:20 GMT\r\n\r\n'
[2025-04-18T12:39:50.799+0000] {hook.py:208} WARNING - Data lineage tracking is disabled. Register a hook lineage reader to start tracking hook lineage.
[2025-04-18T12:39:50.802+0000] {hook.py:208} WARNING - Data lineage tracking is disabled. Register a hook lineage reader to start tracking hook lineage.
[2025-04-18T12:39:50.805+0000] {my_dag.py:50} INFO - Uploaded snapshot_20250418_123920.json to s3://tfl/data/raw/timetables/snapshot_20250418_123920.json at timestamp 20250418_123920
[2025-04-18T12:39:50.834+0000] {logging_mixin.py:190} INFO - Error fetching metadata for stop 490000089A: HTTPSConnectionPool(host='api.tfl.gov.uk', port=443): Max retries exceeded with url: /StopPoint/490000089A?app_key=7d28b460f14e44c48e59a47afc904642 (Caused by NameResolutionError("<urllib3.connection.HTTPSConnection object at 0x7f482ca07c20>: Failed to resolve 'api.tfl.gov.uk' ([Errno -2] Name or service not known)"))
[2025-04-18T12:39:50.843+0000] {base.py:84} INFO - Retrieving connection 'minio_conn'
[2025-04-18T12:39:50.845+0000] {connection_wrapper.py:328} INFO - AWS Connection (conn_id='minio_conn', conn_type='aws') credentials retrieved from extra.
[2025-04-18T12:39:50.943+0000] {logging_mixin.py:190} INFO - <botocore.client.S3 object at 0x7f482b660200>
[2025-04-18T12:39:50.974+0000] {hook.py:208} WARNING - Data lineage tracking is disabled. Register a hook lineage reader to start tracking hook lineage.
[2025-04-18T12:39:50.976+0000] {hook.py:208} WARNING - Data lineage tracking is disabled. Register a hook lineage reader to start tracking hook lineage.
[2025-04-18T12:39:50.990+0000] {connection.py:521} WARNING - Failed to parse headers (url=http://host.docker.internal:9000/tfl/data/raw/stop_points/snapshot_20250418_123950.json): [MissingHeaderBodySeparatorDefect()], unparsed data: 'HTTP/1.1 200 OK\r\nAccept-Ranges: bytes\r\nContent-Length: 0\r\nETag: "37a6259cc0c1dae299a7866489dff0bd"\r\nServer: MinIO\r\nStrict-Transport-Security: max-age=31536000; includeSubDomains\r\nVary: Origin\r\nVary: Accept-Encoding\r\nX-Amz-Checksum-Crc32: Jcv8Tw==\r\nX-Amz-Id-2: dd9025bab4ad464b049177c95eb6ebf374d3b3fd1af9251148b658df7ac2e3e8\r\nX-Amz-Request-Id: 18376A0E76AA642E\r\nX-Content-Type-Options: nosniff\r\nX-Ratelimit-Limit: 1537\r\nX-Ratelimit-Remaining: 1537\r\nX-Xss-Protection: 1; mode=block\r\nDate: Fri, 18 Apr 2025 12:39:50 GMT\r\n\r\n'
Traceback (most recent call last):
  File "/home/airflow/.local/lib/python3.12/site-packages/urllib3/connection.py", line 519, in getresponse
    assert_header_parsing(httplib_response.msg)
  File "/home/airflow/.local/lib/python3.12/site-packages/urllib3/util/response.py", line 88, in assert_header_parsing
    raise HeaderParsingError(defects=defects, unparsed_data=unparsed_data)
urllib3.exceptions.HeaderParsingError: [MissingHeaderBodySeparatorDefect()], unparsed data: 'HTTP/1.1 200 OK\r\nAccept-Ranges: bytes\r\nContent-Length: 0\r\nETag: "37a6259cc0c1dae299a7866489dff0bd"\r\nServer: MinIO\r\nStrict-Transport-Security: max-age=31536000; includeSubDomains\r\nVary: Origin\r\nVary: Accept-Encoding\r\nX-Amz-Checksum-Crc32: Jcv8Tw==\r\nX-Amz-Id-2: dd9025bab4ad464b049177c95eb6ebf374d3b3fd1af9251148b658df7ac2e3e8\r\nX-Amz-Request-Id: 18376A0E76AA642E\r\nX-Content-Type-Options: nosniff\r\nX-Ratelimit-Limit: 1537\r\nX-Ratelimit-Remaining: 1537\r\nX-Xss-Protection: 1; mode=block\r\nDate: Fri, 18 Apr 2025 12:39:50 GMT\r\n\r\n'
[2025-04-18T12:40:21.244+0000] {hook.py:208} WARNING - Data lineage tracking is disabled. Register a hook lineage reader to start tracking hook lineage.
[2025-04-18T12:40:21.246+0000] {hook.py:208} WARNING - Data lineage tracking is disabled. Register a hook lineage reader to start tracking hook lineage.
[2025-04-18T12:40:21.250+0000] {my_dag.py:50} INFO - Uploaded snapshot_20250418_123950.json to s3://tfl/data/raw/stop_points/snapshot_20250418_123950.json at timestamp 20250418_123950
[2025-04-18T12:40:21.275+0000] {logging_mixin.py:190} INFO - Error fetching data  HTTPSConnectionPool(host='api.tfl.gov.uk', port=443): Max retries exceeded with url: /Line/24/Timetable/490000089A?app_key=7d28b460f14e44c48e59a47afc904642 (Caused by NameResolutionError("<urllib3.connection.HTTPSConnection object at 0x7f482b6835c0>: Failed to resolve 'api.tfl.gov.uk' ([Errno -2] Name or service not known)"))
[2025-04-18T12:40:21.288+0000] {base.py:84} INFO - Retrieving connection 'minio_conn'
[2025-04-18T12:40:21.291+0000] {connection_wrapper.py:328} INFO - AWS Connection (conn_id='minio_conn', conn_type='aws') credentials retrieved from extra.
[2025-04-18T12:40:21.444+0000] {logging_mixin.py:190} INFO - <botocore.client.S3 object at 0x7f482bfbbbc0>
[2025-04-18T12:40:21.490+0000] {hook.py:208} WARNING - Data lineage tracking is disabled. Register a hook lineage reader to start tracking hook lineage.
[2025-04-18T12:40:21.491+0000] {hook.py:208} WARNING - Data lineage tracking is disabled. Register a hook lineage reader to start tracking hook lineage.
[2025-04-18T12:40:21.506+0000] {connection.py:521} WARNING - Failed to parse headers (url=http://host.docker.internal:9000/tfl/data/raw/timetables/snapshot_20250418_124021.json): [MissingHeaderBodySeparatorDefect()], unparsed data: 'HTTP/1.1 200 OK\r\nAccept-Ranges: bytes\r\nContent-Length: 0\r\nETag: "37a6259cc0c1dae299a7866489dff0bd"\r\nServer: MinIO\r\nStrict-Transport-Security: max-age=31536000; includeSubDomains\r\nVary: Origin\r\nVary: Accept-Encoding\r\nX-Amz-Checksum-Crc32: Jcv8Tw==\r\nX-Amz-Id-2: dd9025bab4ad464b049177c95eb6ebf374d3b3fd1af9251148b658df7ac2e3e8\r\nX-Amz-Request-Id: 18376A159192A3AA\r\nX-Content-Type-Options: nosniff\r\nX-Ratelimit-Limit: 1537\r\nX-Ratelimit-Remaining: 1537\r\nX-Xss-Protection: 1; mode=block\r\nDate: Fri, 18 Apr 2025 12:40:21 GMT\r\n\r\n'
Traceback (most recent call last):
  File "/home/airflow/.local/lib/python3.12/site-packages/urllib3/connection.py", line 519, in getresponse
    assert_header_parsing(httplib_response.msg)
  File "/home/airflow/.local/lib/python3.12/site-packages/urllib3/util/response.py", line 88, in assert_header_parsing
    raise HeaderParsingError(defects=defects, unparsed_data=unparsed_data)
urllib3.exceptions.HeaderParsingError: [MissingHeaderBodySeparatorDefect()], unparsed data: 'HTTP/1.1 200 OK\r\nAccept-Ranges: bytes\r\nContent-Length: 0\r\nETag: "37a6259cc0c1dae299a7866489dff0bd"\r\nServer: MinIO\r\nStrict-Transport-Security: max-age=31536000; includeSubDomains\r\nVary: Origin\r\nVary: Accept-Encoding\r\nX-Amz-Checksum-Crc32: Jcv8Tw==\r\nX-Amz-Id-2: dd9025bab4ad464b049177c95eb6ebf374d3b3fd1af9251148b658df7ac2e3e8\r\nX-Amz-Request-Id: 18376A159192A3AA\r\nX-Content-Type-Options: nosniff\r\nX-Ratelimit-Limit: 1537\r\nX-Ratelimit-Remaining: 1537\r\nX-Xss-Protection: 1; mode=block\r\nDate: Fri, 18 Apr 2025 12:40:21 GMT\r\n\r\n'
[2025-04-18T12:40:51.760+0000] {hook.py:208} WARNING - Data lineage tracking is disabled. Register a hook lineage reader to start tracking hook lineage.
[2025-04-18T12:40:51.774+0000] {hook.py:208} WARNING - Data lineage tracking is disabled. Register a hook lineage reader to start tracking hook lineage.
[2025-04-18T12:40:51.776+0000] {my_dag.py:50} INFO - Uploaded snapshot_20250418_124021.json to s3://tfl/data/raw/timetables/snapshot_20250418_124021.json at timestamp 20250418_124021
[2025-04-18T12:40:51.790+0000] {logging_mixin.py:190} INFO - Error fetching metadata for stop 490000135A: HTTPSConnectionPool(host='api.tfl.gov.uk', port=443): Max retries exceeded with url: /StopPoint/490000135A?app_key=7d28b460f14e44c48e59a47afc904642 (Caused by NameResolutionError("<urllib3.connection.HTTPSConnection object at 0x7f482b7d87a0>: Failed to resolve 'api.tfl.gov.uk' ([Errno -2] Name or service not known)"))
[2025-04-18T12:40:51.802+0000] {base.py:84} INFO - Retrieving connection 'minio_conn'
[2025-04-18T12:40:51.804+0000] {connection_wrapper.py:328} INFO - AWS Connection (conn_id='minio_conn', conn_type='aws') credentials retrieved from extra.
[2025-04-18T12:40:51.928+0000] {logging_mixin.py:190} INFO - <botocore.client.S3 object at 0x7f482b954dd0>
[2025-04-18T12:40:51.957+0000] {hook.py:208} WARNING - Data lineage tracking is disabled. Register a hook lineage reader to start tracking hook lineage.
[2025-04-18T12:40:51.959+0000] {hook.py:208} WARNING - Data lineage tracking is disabled. Register a hook lineage reader to start tracking hook lineage.
[2025-04-18T12:40:51.970+0000] {connection.py:521} WARNING - Failed to parse headers (url=http://host.docker.internal:9000/tfl/data/raw/stop_points/snapshot_20250418_124051.json): [MissingHeaderBodySeparatorDefect()], unparsed data: 'HTTP/1.1 200 OK\r\nAccept-Ranges: bytes\r\nContent-Length: 0\r\nETag: "37a6259cc0c1dae299a7866489dff0bd"\r\nServer: MinIO\r\nStrict-Transport-Security: max-age=31536000; includeSubDomains\r\nVary: Origin\r\nVary: Accept-Encoding\r\nX-Amz-Checksum-Crc32: Jcv8Tw==\r\nX-Amz-Id-2: dd9025bab4ad464b049177c95eb6ebf374d3b3fd1af9251148b658df7ac2e3e8\r\nX-Amz-Request-Id: 18376A1CA9680F2A\r\nX-Content-Type-Options: nosniff\r\nX-Ratelimit-Limit: 1537\r\nX-Ratelimit-Remaining: 1537\r\nX-Xss-Protection: 1; mode=block\r\nDate: Fri, 18 Apr 2025 12:40:51 GMT\r\n\r\n'
Traceback (most recent call last):
  File "/home/airflow/.local/lib/python3.12/site-packages/urllib3/connection.py", line 519, in getresponse
    assert_header_parsing(httplib_response.msg)
  File "/home/airflow/.local/lib/python3.12/site-packages/urllib3/util/response.py", line 88, in assert_header_parsing
    raise HeaderParsingError(defects=defects, unparsed_data=unparsed_data)
urllib3.exceptions.HeaderParsingError: [MissingHeaderBodySeparatorDefect()], unparsed data: 'HTTP/1.1 200 OK\r\nAccept-Ranges: bytes\r\nContent-Length: 0\r\nETag: "37a6259cc0c1dae299a7866489dff0bd"\r\nServer: MinIO\r\nStrict-Transport-Security: max-age=31536000; includeSubDomains\r\nVary: Origin\r\nVary: Accept-Encoding\r\nX-Amz-Checksum-Crc32: Jcv8Tw==\r\nX-Amz-Id-2: dd9025bab4ad464b049177c95eb6ebf374d3b3fd1af9251148b658df7ac2e3e8\r\nX-Amz-Request-Id: 18376A1CA9680F2A\r\nX-Content-Type-Options: nosniff\r\nX-Ratelimit-Limit: 1537\r\nX-Ratelimit-Remaining: 1537\r\nX-Xss-Protection: 1; mode=block\r\nDate: Fri, 18 Apr 2025 12:40:51 GMT\r\n\r\n'
[2025-04-18T12:41:22.223+0000] {hook.py:208} WARNING - Data lineage tracking is disabled. Register a hook lineage reader to start tracking hook lineage.
[2025-04-18T12:41:22.225+0000] {hook.py:208} WARNING - Data lineage tracking is disabled. Register a hook lineage reader to start tracking hook lineage.
[2025-04-18T12:41:22.228+0000] {my_dag.py:50} INFO - Uploaded snapshot_20250418_124051.json to s3://tfl/data/raw/stop_points/snapshot_20250418_124051.json at timestamp 20250418_124051
[2025-04-18T12:41:22.249+0000] {logging_mixin.py:190} INFO - Error fetching data  HTTPSConnectionPool(host='api.tfl.gov.uk', port=443): Max retries exceeded with url: /Line/24/Timetable/490000135A?app_key=7d28b460f14e44c48e59a47afc904642 (Caused by NameResolutionError("<urllib3.connection.HTTPSConnection object at 0x7f482b00fbc0>: Failed to resolve 'api.tfl.gov.uk' ([Errno -2] Name or service not known)"))
[2025-04-18T12:41:22.261+0000] {base.py:84} INFO - Retrieving connection 'minio_conn'
[2025-04-18T12:41:22.263+0000] {connection_wrapper.py:328} INFO - AWS Connection (conn_id='minio_conn', conn_type='aws') credentials retrieved from extra.
[2025-04-18T12:41:22.396+0000] {logging_mixin.py:190} INFO - <botocore.client.S3 object at 0x7f482ad5bbc0>
[2025-04-18T12:41:22.434+0000] {hook.py:208} WARNING - Data lineage tracking is disabled. Register a hook lineage reader to start tracking hook lineage.
[2025-04-18T12:41:22.435+0000] {hook.py:208} WARNING - Data lineage tracking is disabled. Register a hook lineage reader to start tracking hook lineage.
[2025-04-18T12:41:22.453+0000] {connection.py:521} WARNING - Failed to parse headers (url=http://host.docker.internal:9000/tfl/data/raw/timetables/snapshot_20250418_124122.json): [MissingHeaderBodySeparatorDefect()], unparsed data: 'HTTP/1.1 200 OK\r\nAccept-Ranges: bytes\r\nContent-Length: 0\r\nETag: "37a6259cc0c1dae299a7866489dff0bd"\r\nServer: MinIO\r\nStrict-Transport-Security: max-age=31536000; includeSubDomains\r\nVary: Origin\r\nVary: Accept-Encoding\r\nX-Amz-Checksum-Crc32: Jcv8Tw==\r\nX-Amz-Id-2: dd9025bab4ad464b049177c95eb6ebf374d3b3fd1af9251148b658df7ac2e3e8\r\nX-Amz-Request-Id: 18376A23C229D0CC\r\nX-Content-Type-Options: nosniff\r\nX-Ratelimit-Limit: 1537\r\nX-Ratelimit-Remaining: 1537\r\nX-Xss-Protection: 1; mode=block\r\nDate: Fri, 18 Apr 2025 12:41:22 GMT\r\n\r\n'
Traceback (most recent call last):
  File "/home/airflow/.local/lib/python3.12/site-packages/urllib3/connection.py", line 519, in getresponse
    assert_header_parsing(httplib_response.msg)
  File "/home/airflow/.local/lib/python3.12/site-packages/urllib3/util/response.py", line 88, in assert_header_parsing
    raise HeaderParsingError(defects=defects, unparsed_data=unparsed_data)
urllib3.exceptions.HeaderParsingError: [MissingHeaderBodySeparatorDefect()], unparsed data: 'HTTP/1.1 200 OK\r\nAccept-Ranges: bytes\r\nContent-Length: 0\r\nETag: "37a6259cc0c1dae299a7866489dff0bd"\r\nServer: MinIO\r\nStrict-Transport-Security: max-age=31536000; includeSubDomains\r\nVary: Origin\r\nVary: Accept-Encoding\r\nX-Amz-Checksum-Crc32: Jcv8Tw==\r\nX-Amz-Id-2: dd9025bab4ad464b049177c95eb6ebf374d3b3fd1af9251148b658df7ac2e3e8\r\nX-Amz-Request-Id: 18376A23C229D0CC\r\nX-Content-Type-Options: nosniff\r\nX-Ratelimit-Limit: 1537\r\nX-Ratelimit-Remaining: 1537\r\nX-Xss-Protection: 1; mode=block\r\nDate: Fri, 18 Apr 2025 12:41:22 GMT\r\n\r\n'
[2025-04-18T12:41:52.714+0000] {hook.py:208} WARNING - Data lineage tracking is disabled. Register a hook lineage reader to start tracking hook lineage.
[2025-04-18T12:41:52.717+0000] {hook.py:208} WARNING - Data lineage tracking is disabled. Register a hook lineage reader to start tracking hook lineage.
[2025-04-18T12:41:52.718+0000] {my_dag.py:50} INFO - Uploaded snapshot_20250418_124122.json to s3://tfl/data/raw/timetables/snapshot_20250418_124122.json at timestamp 20250418_124122
[2025-04-18T12:41:52.728+0000] {logging_mixin.py:190} INFO - Error fetching metadata for stop 490000028C: HTTPSConnectionPool(host='api.tfl.gov.uk', port=443): Max retries exceeded with url: /StopPoint/490000028C?app_key=7d28b460f14e44c48e59a47afc904642 (Caused by NameResolutionError("<urllib3.connection.HTTPSConnection object at 0x7f482b77f1a0>: Failed to resolve 'api.tfl.gov.uk' ([Errno -2] Name or service not known)"))
[2025-04-18T12:41:52.734+0000] {base.py:84} INFO - Retrieving connection 'minio_conn'
[2025-04-18T12:41:52.736+0000] {connection_wrapper.py:328} INFO - AWS Connection (conn_id='minio_conn', conn_type='aws') credentials retrieved from extra.
[2025-04-18T12:41:52.831+0000] {logging_mixin.py:190} INFO - <botocore.client.S3 object at 0x7f48266aff20>
[2025-04-18T12:41:52.866+0000] {hook.py:208} WARNING - Data lineage tracking is disabled. Register a hook lineage reader to start tracking hook lineage.
[2025-04-18T12:41:52.868+0000] {hook.py:208} WARNING - Data lineage tracking is disabled. Register a hook lineage reader to start tracking hook lineage.
[2025-04-18T12:41:52.889+0000] {connection.py:521} WARNING - Failed to parse headers (url=http://host.docker.internal:9000/tfl/data/raw/stop_points/snapshot_20250418_124152.json): [MissingHeaderBodySeparatorDefect()], unparsed data: 'HTTP/1.1 200 OK\r\nAccept-Ranges: bytes\r\nContent-Length: 0\r\nETag: "37a6259cc0c1dae299a7866489dff0bd"\r\nServer: MinIO\r\nStrict-Transport-Security: max-age=31536000; includeSubDomains\r\nVary: Origin\r\nVary: Accept-Encoding\r\nX-Amz-Checksum-Crc32: Jcv8Tw==\r\nX-Amz-Id-2: dd9025bab4ad464b049177c95eb6ebf374d3b3fd1af9251148b658df7ac2e3e8\r\nX-Amz-Request-Id: 18376A2AD80BFBDE\r\nX-Content-Type-Options: nosniff\r\nX-Ratelimit-Limit: 1537\r\nX-Ratelimit-Remaining: 1537\r\nX-Xss-Protection: 1; mode=block\r\nDate: Fri, 18 Apr 2025 12:41:52 GMT\r\n\r\n'
Traceback (most recent call last):
  File "/home/airflow/.local/lib/python3.12/site-packages/urllib3/connection.py", line 519, in getresponse
    assert_header_parsing(httplib_response.msg)
  File "/home/airflow/.local/lib/python3.12/site-packages/urllib3/util/response.py", line 88, in assert_header_parsing
    raise HeaderParsingError(defects=defects, unparsed_data=unparsed_data)
urllib3.exceptions.HeaderParsingError: [MissingHeaderBodySeparatorDefect()], unparsed data: 'HTTP/1.1 200 OK\r\nAccept-Ranges: bytes\r\nContent-Length: 0\r\nETag: "37a6259cc0c1dae299a7866489dff0bd"\r\nServer: MinIO\r\nStrict-Transport-Security: max-age=31536000; includeSubDomains\r\nVary: Origin\r\nVary: Accept-Encoding\r\nX-Amz-Checksum-Crc32: Jcv8Tw==\r\nX-Amz-Id-2: dd9025bab4ad464b049177c95eb6ebf374d3b3fd1af9251148b658df7ac2e3e8\r\nX-Amz-Request-Id: 18376A2AD80BFBDE\r\nX-Content-Type-Options: nosniff\r\nX-Ratelimit-Limit: 1537\r\nX-Ratelimit-Remaining: 1537\r\nX-Xss-Protection: 1; mode=block\r\nDate: Fri, 18 Apr 2025 12:41:52 GMT\r\n\r\n'
[2025-04-18T12:42:23.139+0000] {hook.py:208} WARNING - Data lineage tracking is disabled. Register a hook lineage reader to start tracking hook lineage.
[2025-04-18T12:42:23.141+0000] {hook.py:208} WARNING - Data lineage tracking is disabled. Register a hook lineage reader to start tracking hook lineage.
[2025-04-18T12:42:23.142+0000] {my_dag.py:50} INFO - Uploaded snapshot_20250418_124152.json to s3://tfl/data/raw/stop_points/snapshot_20250418_124152.json at timestamp 20250418_124152
[2025-04-18T12:42:23.156+0000] {logging_mixin.py:190} INFO - Error fetching data  HTTPSConnectionPool(host='api.tfl.gov.uk', port=443): Max retries exceeded with url: /Line/102/Timetable/490000028C?app_key=7d28b460f14e44c48e59a47afc904642 (Caused by NameResolutionError("<urllib3.connection.HTTPSConnection object at 0x7f482659c290>: Failed to resolve 'api.tfl.gov.uk' ([Errno -2] Name or service not known)"))
[2025-04-18T12:42:23.162+0000] {base.py:84} INFO - Retrieving connection 'minio_conn'
[2025-04-18T12:42:23.164+0000] {connection_wrapper.py:328} INFO - AWS Connection (conn_id='minio_conn', conn_type='aws') credentials retrieved from extra.
[2025-04-18T12:42:23.253+0000] {logging_mixin.py:190} INFO - <botocore.client.S3 object at 0x7f48264424b0>
[2025-04-18T12:42:23.279+0000] {hook.py:208} WARNING - Data lineage tracking is disabled. Register a hook lineage reader to start tracking hook lineage.
[2025-04-18T12:42:23.280+0000] {hook.py:208} WARNING - Data lineage tracking is disabled. Register a hook lineage reader to start tracking hook lineage.
[2025-04-18T12:42:23.293+0000] {connection.py:521} WARNING - Failed to parse headers (url=http://host.docker.internal:9000/tfl/data/raw/timetables/snapshot_20250418_124223.json): [MissingHeaderBodySeparatorDefect()], unparsed data: 'HTTP/1.1 200 OK\r\nAccept-Ranges: bytes\r\nContent-Length: 0\r\nETag: "37a6259cc0c1dae299a7866489dff0bd"\r\nServer: MinIO\r\nStrict-Transport-Security: max-age=31536000; includeSubDomains\r\nVary: Origin\r\nVary: Accept-Encoding\r\nX-Amz-Checksum-Crc32: Jcv8Tw==\r\nX-Amz-Id-2: dd9025bab4ad464b049177c95eb6ebf374d3b3fd1af9251148b658df7ac2e3e8\r\nX-Amz-Request-Id: 18376A31EC9E6F45\r\nX-Content-Type-Options: nosniff\r\nX-Ratelimit-Limit: 1537\r\nX-Ratelimit-Remaining: 1537\r\nX-Xss-Protection: 1; mode=block\r\nDate: Fri, 18 Apr 2025 12:42:23 GMT\r\n\r\n'
Traceback (most recent call last):
  File "/home/airflow/.local/lib/python3.12/site-packages/urllib3/connection.py", line 519, in getresponse
    assert_header_parsing(httplib_response.msg)
  File "/home/airflow/.local/lib/python3.12/site-packages/urllib3/util/response.py", line 88, in assert_header_parsing
    raise HeaderParsingError(defects=defects, unparsed_data=unparsed_data)
urllib3.exceptions.HeaderParsingError: [MissingHeaderBodySeparatorDefect()], unparsed data: 'HTTP/1.1 200 OK\r\nAccept-Ranges: bytes\r\nContent-Length: 0\r\nETag: "37a6259cc0c1dae299a7866489dff0bd"\r\nServer: MinIO\r\nStrict-Transport-Security: max-age=31536000; includeSubDomains\r\nVary: Origin\r\nVary: Accept-Encoding\r\nX-Amz-Checksum-Crc32: Jcv8Tw==\r\nX-Amz-Id-2: dd9025bab4ad464b049177c95eb6ebf374d3b3fd1af9251148b658df7ac2e3e8\r\nX-Amz-Request-Id: 18376A31EC9E6F45\r\nX-Content-Type-Options: nosniff\r\nX-Ratelimit-Limit: 1537\r\nX-Ratelimit-Remaining: 1537\r\nX-Xss-Protection: 1; mode=block\r\nDate: Fri, 18 Apr 2025 12:42:23 GMT\r\n\r\n'
[2025-04-18T12:42:53.548+0000] {hook.py:208} WARNING - Data lineage tracking is disabled. Register a hook lineage reader to start tracking hook lineage.
[2025-04-18T12:42:53.551+0000] {hook.py:208} WARNING - Data lineage tracking is disabled. Register a hook lineage reader to start tracking hook lineage.
[2025-04-18T12:42:53.552+0000] {my_dag.py:50} INFO - Uploaded snapshot_20250418_124223.json to s3://tfl/data/raw/timetables/snapshot_20250418_124223.json at timestamp 20250418_124223
[2025-04-18T12:42:53.572+0000] {logging_mixin.py:190} INFO - Error fetching metadata for stop 490000028D: HTTPSConnectionPool(host='api.tfl.gov.uk', port=443): Max retries exceeded with url: /StopPoint/490000028D?app_key=7d28b460f14e44c48e59a47afc904642 (Caused by NameResolutionError("<urllib3.connection.HTTPSConnection object at 0x7f4825fdf8f0>: Failed to resolve 'api.tfl.gov.uk' ([Errno -2] Name or service not known)"))
[2025-04-18T12:42:53.583+0000] {base.py:84} INFO - Retrieving connection 'minio_conn'
[2025-04-18T12:42:53.585+0000] {connection_wrapper.py:328} INFO - AWS Connection (conn_id='minio_conn', conn_type='aws') credentials retrieved from extra.
[2025-04-18T12:42:53.701+0000] {logging_mixin.py:190} INFO - <botocore.client.S3 object at 0x7f482669ac90>
[2025-04-18T12:42:53.737+0000] {hook.py:208} WARNING - Data lineage tracking is disabled. Register a hook lineage reader to start tracking hook lineage.
[2025-04-18T12:42:53.740+0000] {hook.py:208} WARNING - Data lineage tracking is disabled. Register a hook lineage reader to start tracking hook lineage.
[2025-04-18T12:42:53.766+0000] {connection.py:521} WARNING - Failed to parse headers (url=http://host.docker.internal:9000/tfl/data/raw/stop_points/snapshot_20250418_124253.json): [MissingHeaderBodySeparatorDefect()], unparsed data: 'HTTP/1.1 200 OK\r\nAccept-Ranges: bytes\r\nContent-Length: 0\r\nETag: "37a6259cc0c1dae299a7866489dff0bd"\r\nServer: MinIO\r\nStrict-Transport-Security: max-age=31536000; includeSubDomains\r\nVary: Origin\r\nVary: Accept-Encoding\r\nX-Amz-Checksum-Crc32: Jcv8Tw==\r\nX-Amz-Id-2: dd9025bab4ad464b049177c95eb6ebf374d3b3fd1af9251148b658df7ac2e3e8\r\nX-Amz-Request-Id: 18376A390462BADE\r\nX-Content-Type-Options: nosniff\r\nX-Ratelimit-Limit: 1537\r\nX-Ratelimit-Remaining: 1537\r\nX-Xss-Protection: 1; mode=block\r\nDate: Fri, 18 Apr 2025 12:42:53 GMT\r\n\r\n'
Traceback (most recent call last):
  File "/home/airflow/.local/lib/python3.12/site-packages/urllib3/connection.py", line 519, in getresponse
    assert_header_parsing(httplib_response.msg)
  File "/home/airflow/.local/lib/python3.12/site-packages/urllib3/util/response.py", line 88, in assert_header_parsing
    raise HeaderParsingError(defects=defects, unparsed_data=unparsed_data)
urllib3.exceptions.HeaderParsingError: [MissingHeaderBodySeparatorDefect()], unparsed data: 'HTTP/1.1 200 OK\r\nAccept-Ranges: bytes\r\nContent-Length: 0\r\nETag: "37a6259cc0c1dae299a7866489dff0bd"\r\nServer: MinIO\r\nStrict-Transport-Security: max-age=31536000; includeSubDomains\r\nVary: Origin\r\nVary: Accept-Encoding\r\nX-Amz-Checksum-Crc32: Jcv8Tw==\r\nX-Amz-Id-2: dd9025bab4ad464b049177c95eb6ebf374d3b3fd1af9251148b658df7ac2e3e8\r\nX-Amz-Request-Id: 18376A390462BADE\r\nX-Content-Type-Options: nosniff\r\nX-Ratelimit-Limit: 1537\r\nX-Ratelimit-Remaining: 1537\r\nX-Xss-Protection: 1; mode=block\r\nDate: Fri, 18 Apr 2025 12:42:53 GMT\r\n\r\n'
[2025-04-18T12:43:24.018+0000] {hook.py:208} WARNING - Data lineage tracking is disabled. Register a hook lineage reader to start tracking hook lineage.
[2025-04-18T12:43:24.021+0000] {hook.py:208} WARNING - Data lineage tracking is disabled. Register a hook lineage reader to start tracking hook lineage.
[2025-04-18T12:43:24.022+0000] {my_dag.py:50} INFO - Uploaded snapshot_20250418_124253.json to s3://tfl/data/raw/stop_points/snapshot_20250418_124253.json at timestamp 20250418_124253
[2025-04-18T12:43:24.056+0000] {logging_mixin.py:190} INFO - Error fetching data  HTTPSConnectionPool(host='api.tfl.gov.uk', port=443): Max retries exceeded with url: /Line/102/Timetable/490000028D?app_key=7d28b460f14e44c48e59a47afc904642 (Caused by NameResolutionError("<urllib3.connection.HTTPSConnection object at 0x7f4825b30620>: Failed to resolve 'api.tfl.gov.uk' ([Errno -2] Name or service not known)"))
[2025-04-18T12:43:24.075+0000] {base.py:84} INFO - Retrieving connection 'minio_conn'
[2025-04-18T12:43:24.079+0000] {connection_wrapper.py:328} INFO - AWS Connection (conn_id='minio_conn', conn_type='aws') credentials retrieved from extra.
[2025-04-18T12:43:24.194+0000] {logging_mixin.py:190} INFO - <botocore.client.S3 object at 0x7f48253b6390>
[2025-04-18T12:43:24.230+0000] {hook.py:208} WARNING - Data lineage tracking is disabled. Register a hook lineage reader to start tracking hook lineage.
[2025-04-18T12:43:24.231+0000] {hook.py:208} WARNING - Data lineage tracking is disabled. Register a hook lineage reader to start tracking hook lineage.
[2025-04-18T12:43:24.242+0000] {connection.py:521} WARNING - Failed to parse headers (url=http://host.docker.internal:9000/tfl/data/raw/timetables/snapshot_20250418_124324.json): [MissingHeaderBodySeparatorDefect()], unparsed data: 'HTTP/1.1 200 OK\r\nAccept-Ranges: bytes\r\nContent-Length: 0\r\nETag: "37a6259cc0c1dae299a7866489dff0bd"\r\nServer: MinIO\r\nStrict-Transport-Security: max-age=31536000; includeSubDomains\r\nVary: Origin\r\nVary: Accept-Encoding\r\nX-Amz-Checksum-Crc32: Jcv8Tw==\r\nX-Amz-Id-2: dd9025bab4ad464b049177c95eb6ebf374d3b3fd1af9251148b658df7ac2e3e8\r\nX-Amz-Request-Id: 18376A401D9C434D\r\nX-Content-Type-Options: nosniff\r\nX-Ratelimit-Limit: 1537\r\nX-Ratelimit-Remaining: 1537\r\nX-Xss-Protection: 1; mode=block\r\nDate: Fri, 18 Apr 2025 12:43:24 GMT\r\n\r\n'
Traceback (most recent call last):
  File "/home/airflow/.local/lib/python3.12/site-packages/urllib3/connection.py", line 519, in getresponse
    assert_header_parsing(httplib_response.msg)
  File "/home/airflow/.local/lib/python3.12/site-packages/urllib3/util/response.py", line 88, in assert_header_parsing
    raise HeaderParsingError(defects=defects, unparsed_data=unparsed_data)
urllib3.exceptions.HeaderParsingError: [MissingHeaderBodySeparatorDefect()], unparsed data: 'HTTP/1.1 200 OK\r\nAccept-Ranges: bytes\r\nContent-Length: 0\r\nETag: "37a6259cc0c1dae299a7866489dff0bd"\r\nServer: MinIO\r\nStrict-Transport-Security: max-age=31536000; includeSubDomains\r\nVary: Origin\r\nVary: Accept-Encoding\r\nX-Amz-Checksum-Crc32: Jcv8Tw==\r\nX-Amz-Id-2: dd9025bab4ad464b049177c95eb6ebf374d3b3fd1af9251148b658df7ac2e3e8\r\nX-Amz-Request-Id: 18376A401D9C434D\r\nX-Content-Type-Options: nosniff\r\nX-Ratelimit-Limit: 1537\r\nX-Ratelimit-Remaining: 1537\r\nX-Xss-Protection: 1; mode=block\r\nDate: Fri, 18 Apr 2025 12:43:24 GMT\r\n\r\n'
[2025-04-18T12:43:54.495+0000] {hook.py:208} WARNING - Data lineage tracking is disabled. Register a hook lineage reader to start tracking hook lineage.
[2025-04-18T12:43:54.498+0000] {hook.py:208} WARNING - Data lineage tracking is disabled. Register a hook lineage reader to start tracking hook lineage.
[2025-04-18T12:43:54.499+0000] {my_dag.py:50} INFO - Uploaded snapshot_20250418_124324.json to s3://tfl/data/raw/timetables/snapshot_20250418_124324.json at timestamp 20250418_124324
[2025-04-18T12:43:54.524+0000] {logging_mixin.py:190} INFO - Error fetching metadata for stop 490000067E: HTTPSConnectionPool(host='api.tfl.gov.uk', port=443): Max retries exceeded with url: /StopPoint/490000067E?app_key=7d28b460f14e44c48e59a47afc904642 (Caused by NameResolutionError("<urllib3.connection.HTTPSConnection object at 0x7f482669ab70>: Failed to resolve 'api.tfl.gov.uk' ([Errno -2] Name or service not known)"))
[2025-04-18T12:43:54.537+0000] {base.py:84} INFO - Retrieving connection 'minio_conn'
[2025-04-18T12:43:54.539+0000] {connection_wrapper.py:328} INFO - AWS Connection (conn_id='minio_conn', conn_type='aws') credentials retrieved from extra.
[2025-04-18T12:43:54.640+0000] {logging_mixin.py:190} INFO - <botocore.client.S3 object at 0x7f4824ab3410>
[2025-04-18T12:43:54.678+0000] {hook.py:208} WARNING - Data lineage tracking is disabled. Register a hook lineage reader to start tracking hook lineage.
[2025-04-18T12:43:54.680+0000] {hook.py:208} WARNING - Data lineage tracking is disabled. Register a hook lineage reader to start tracking hook lineage.
[2025-04-18T12:43:54.700+0000] {connection.py:521} WARNING - Failed to parse headers (url=http://host.docker.internal:9000/tfl/data/raw/stop_points/snapshot_20250418_124354.json): [MissingHeaderBodySeparatorDefect()], unparsed data: 'HTTP/1.1 200 OK\r\nAccept-Ranges: bytes\r\nContent-Length: 0\r\nETag: "37a6259cc0c1dae299a7866489dff0bd"\r\nServer: MinIO\r\nStrict-Transport-Security: max-age=31536000; includeSubDomains\r\nVary: Origin\r\nVary: Accept-Encoding\r\nX-Amz-Checksum-Crc32: Jcv8Tw==\r\nX-Amz-Id-2: dd9025bab4ad464b049177c95eb6ebf374d3b3fd1af9251148b658df7ac2e3e8\r\nX-Amz-Request-Id: 18376A4734AAEF20\r\nX-Content-Type-Options: nosniff\r\nX-Ratelimit-Limit: 1537\r\nX-Ratelimit-Remaining: 1537\r\nX-Xss-Protection: 1; mode=block\r\nDate: Fri, 18 Apr 2025 12:43:54 GMT\r\n\r\n'
Traceback (most recent call last):
  File "/home/airflow/.local/lib/python3.12/site-packages/urllib3/connection.py", line 519, in getresponse
    assert_header_parsing(httplib_response.msg)
  File "/home/airflow/.local/lib/python3.12/site-packages/urllib3/util/response.py", line 88, in assert_header_parsing
    raise HeaderParsingError(defects=defects, unparsed_data=unparsed_data)
urllib3.exceptions.HeaderParsingError: [MissingHeaderBodySeparatorDefect()], unparsed data: 'HTTP/1.1 200 OK\r\nAccept-Ranges: bytes\r\nContent-Length: 0\r\nETag: "37a6259cc0c1dae299a7866489dff0bd"\r\nServer: MinIO\r\nStrict-Transport-Security: max-age=31536000; includeSubDomains\r\nVary: Origin\r\nVary: Accept-Encoding\r\nX-Amz-Checksum-Crc32: Jcv8Tw==\r\nX-Amz-Id-2: dd9025bab4ad464b049177c95eb6ebf374d3b3fd1af9251148b658df7ac2e3e8\r\nX-Amz-Request-Id: 18376A4734AAEF20\r\nX-Content-Type-Options: nosniff\r\nX-Ratelimit-Limit: 1537\r\nX-Ratelimit-Remaining: 1537\r\nX-Xss-Protection: 1; mode=block\r\nDate: Fri, 18 Apr 2025 12:43:54 GMT\r\n\r\n'
[2025-04-18T12:44:24.953+0000] {hook.py:208} WARNING - Data lineage tracking is disabled. Register a hook lineage reader to start tracking hook lineage.
[2025-04-18T12:44:24.955+0000] {hook.py:208} WARNING - Data lineage tracking is disabled. Register a hook lineage reader to start tracking hook lineage.
[2025-04-18T12:44:24.959+0000] {my_dag.py:50} INFO - Uploaded snapshot_20250418_124354.json to s3://tfl/data/raw/stop_points/snapshot_20250418_124354.json at timestamp 20250418_124354
[2025-04-18T12:44:24.993+0000] {logging_mixin.py:190} INFO - Error fetching data  HTTPSConnectionPool(host='api.tfl.gov.uk', port=443): Max retries exceeded with url: /Line/102/Timetable/490000067E?app_key=7d28b460f14e44c48e59a47afc904642 (Caused by NameResolutionError("<urllib3.connection.HTTPSConnection object at 0x7f4824dc3e60>: Failed to resolve 'api.tfl.gov.uk' ([Errno -2] Name or service not known)"))
[2025-04-18T12:44:25.004+0000] {base.py:84} INFO - Retrieving connection 'minio_conn'
[2025-04-18T12:44:25.010+0000] {connection_wrapper.py:328} INFO - AWS Connection (conn_id='minio_conn', conn_type='aws') credentials retrieved from extra.
[2025-04-18T12:44:25.096+0000] {logging_mixin.py:190} INFO - <botocore.client.S3 object at 0x7f48241731a0>
[2025-04-18T12:44:25.154+0000] {hook.py:208} WARNING - Data lineage tracking is disabled. Register a hook lineage reader to start tracking hook lineage.
[2025-04-18T12:44:25.158+0000] {hook.py:208} WARNING - Data lineage tracking is disabled. Register a hook lineage reader to start tracking hook lineage.
[2025-04-18T12:44:25.180+0000] {connection.py:521} WARNING - Failed to parse headers (url=http://host.docker.internal:9000/tfl/data/raw/timetables/snapshot_20250418_124425.json): [MissingHeaderBodySeparatorDefect()], unparsed data: 'HTTP/1.1 200 OK\r\nAccept-Ranges: bytes\r\nContent-Length: 0\r\nETag: "37a6259cc0c1dae299a7866489dff0bd"\r\nServer: MinIO\r\nStrict-Transport-Security: max-age=31536000; includeSubDomains\r\nVary: Origin\r\nVary: Accept-Encoding\r\nX-Amz-Checksum-Crc32: Jcv8Tw==\r\nX-Amz-Id-2: dd9025bab4ad464b049177c95eb6ebf374d3b3fd1af9251148b658df7ac2e3e8\r\nX-Amz-Request-Id: 18376A4E4D880861\r\nX-Content-Type-Options: nosniff\r\nX-Ratelimit-Limit: 1537\r\nX-Ratelimit-Remaining: 1537\r\nX-Xss-Protection: 1; mode=block\r\nDate: Fri, 18 Apr 2025 12:44:25 GMT\r\n\r\n'
Traceback (most recent call last):
  File "/home/airflow/.local/lib/python3.12/site-packages/urllib3/connection.py", line 519, in getresponse
    assert_header_parsing(httplib_response.msg)
  File "/home/airflow/.local/lib/python3.12/site-packages/urllib3/util/response.py", line 88, in assert_header_parsing
    raise HeaderParsingError(defects=defects, unparsed_data=unparsed_data)
urllib3.exceptions.HeaderParsingError: [MissingHeaderBodySeparatorDefect()], unparsed data: 'HTTP/1.1 200 OK\r\nAccept-Ranges: bytes\r\nContent-Length: 0\r\nETag: "37a6259cc0c1dae299a7866489dff0bd"\r\nServer: MinIO\r\nStrict-Transport-Security: max-age=31536000; includeSubDomains\r\nVary: Origin\r\nVary: Accept-Encoding\r\nX-Amz-Checksum-Crc32: Jcv8Tw==\r\nX-Amz-Id-2: dd9025bab4ad464b049177c95eb6ebf374d3b3fd1af9251148b658df7ac2e3e8\r\nX-Amz-Request-Id: 18376A4E4D880861\r\nX-Content-Type-Options: nosniff\r\nX-Ratelimit-Limit: 1537\r\nX-Ratelimit-Remaining: 1537\r\nX-Xss-Protection: 1; mode=block\r\nDate: Fri, 18 Apr 2025 12:44:25 GMT\r\n\r\n'
[2025-04-18T12:44:55.442+0000] {hook.py:208} WARNING - Data lineage tracking is disabled. Register a hook lineage reader to start tracking hook lineage.
[2025-04-18T12:44:55.449+0000] {hook.py:208} WARNING - Data lineage tracking is disabled. Register a hook lineage reader to start tracking hook lineage.
[2025-04-18T12:44:55.451+0000] {my_dag.py:50} INFO - Uploaded snapshot_20250418_124425.json to s3://tfl/data/raw/timetables/snapshot_20250418_124425.json at timestamp 20250418_124425
[2025-04-18T12:44:55.474+0000] {logging_mixin.py:190} INFO - Error fetching metadata for stop 940GZZLUBLR: HTTPSConnectionPool(host='api.tfl.gov.uk', port=443): Max retries exceeded with url: /StopPoint/940GZZLUBLR?app_key=7d28b460f14e44c48e59a47afc904642 (Caused by NameResolutionError("<urllib3.connection.HTTPSConnection object at 0x7f4825354080>: Failed to resolve 'api.tfl.gov.uk' ([Errno -2] Name or service not known)"))
[2025-04-18T12:44:55.484+0000] {base.py:84} INFO - Retrieving connection 'minio_conn'
[2025-04-18T12:44:55.486+0000] {connection_wrapper.py:328} INFO - AWS Connection (conn_id='minio_conn', conn_type='aws') credentials retrieved from extra.
[2025-04-18T12:44:55.600+0000] {logging_mixin.py:190} INFO - <botocore.client.S3 object at 0x7f48244fc7a0>
[2025-04-18T12:44:55.660+0000] {hook.py:208} WARNING - Data lineage tracking is disabled. Register a hook lineage reader to start tracking hook lineage.
[2025-04-18T12:44:55.666+0000] {hook.py:208} WARNING - Data lineage tracking is disabled. Register a hook lineage reader to start tracking hook lineage.
[2025-04-18T12:44:55.719+0000] {connection.py:521} WARNING - Failed to parse headers (url=http://host.docker.internal:9000/tfl/data/raw/stop_points/snapshot_20250418_124455.json): [MissingHeaderBodySeparatorDefect()], unparsed data: 'HTTP/1.1 200 OK\r\nAccept-Ranges: bytes\r\nContent-Length: 0\r\nETag: "37a6259cc0c1dae299a7866489dff0bd"\r\nServer: MinIO\r\nStrict-Transport-Security: max-age=31536000; includeSubDomains\r\nVary: Origin\r\nVary: Accept-Encoding\r\nX-Amz-Checksum-Crc32: Jcv8Tw==\r\nX-Amz-Id-2: dd9025bab4ad464b049177c95eb6ebf374d3b3fd1af9251148b658df7ac2e3e8\r\nX-Amz-Request-Id: 18376A55682AE308\r\nX-Content-Type-Options: nosniff\r\nX-Ratelimit-Limit: 1537\r\nX-Ratelimit-Remaining: 1537\r\nX-Xss-Protection: 1; mode=block\r\nDate: Fri, 18 Apr 2025 12:44:55 GMT\r\n\r\n'
Traceback (most recent call last):
  File "/home/airflow/.local/lib/python3.12/site-packages/urllib3/connection.py", line 519, in getresponse
    assert_header_parsing(httplib_response.msg)
  File "/home/airflow/.local/lib/python3.12/site-packages/urllib3/util/response.py", line 88, in assert_header_parsing
    raise HeaderParsingError(defects=defects, unparsed_data=unparsed_data)
urllib3.exceptions.HeaderParsingError: [MissingHeaderBodySeparatorDefect()], unparsed data: 'HTTP/1.1 200 OK\r\nAccept-Ranges: bytes\r\nContent-Length: 0\r\nETag: "37a6259cc0c1dae299a7866489dff0bd"\r\nServer: MinIO\r\nStrict-Transport-Security: max-age=31536000; includeSubDomains\r\nVary: Origin\r\nVary: Accept-Encoding\r\nX-Amz-Checksum-Crc32: Jcv8Tw==\r\nX-Amz-Id-2: dd9025bab4ad464b049177c95eb6ebf374d3b3fd1af9251148b658df7ac2e3e8\r\nX-Amz-Request-Id: 18376A55682AE308\r\nX-Content-Type-Options: nosniff\r\nX-Ratelimit-Limit: 1537\r\nX-Ratelimit-Remaining: 1537\r\nX-Xss-Protection: 1; mode=block\r\nDate: Fri, 18 Apr 2025 12:44:55 GMT\r\n\r\n'
[2025-04-18T12:45:25.961+0000] {hook.py:208} WARNING - Data lineage tracking is disabled. Register a hook lineage reader to start tracking hook lineage.
[2025-04-18T12:45:25.963+0000] {hook.py:208} WARNING - Data lineage tracking is disabled. Register a hook lineage reader to start tracking hook lineage.
[2025-04-18T12:45:25.964+0000] {my_dag.py:50} INFO - Uploaded snapshot_20250418_124455.json to s3://tfl/data/raw/stop_points/snapshot_20250418_124455.json at timestamp 20250418_124455
[2025-04-18T12:45:25.978+0000] {logging_mixin.py:190} INFO - Error fetching data  HTTPSConnectionPool(host='api.tfl.gov.uk', port=443): Max retries exceeded with url: /Line/victoria/Timetable/940GZZLUBLR?app_key=7d28b460f14e44c48e59a47afc904642 (Caused by NameResolutionError("<urllib3.connection.HTTPSConnection object at 0x7f4824423860>: Failed to resolve 'api.tfl.gov.uk' ([Errno -2] Name or service not known)"))
[2025-04-18T12:45:25.987+0000] {base.py:84} INFO - Retrieving connection 'minio_conn'
[2025-04-18T12:45:25.988+0000] {connection_wrapper.py:328} INFO - AWS Connection (conn_id='minio_conn', conn_type='aws') credentials retrieved from extra.
[2025-04-18T12:45:26.093+0000] {logging_mixin.py:190} INFO - <botocore.client.S3 object at 0x7f4824423bc0>
[2025-04-18T12:45:26.119+0000] {hook.py:208} WARNING - Data lineage tracking is disabled. Register a hook lineage reader to start tracking hook lineage.
[2025-04-18T12:45:26.120+0000] {hook.py:208} WARNING - Data lineage tracking is disabled. Register a hook lineage reader to start tracking hook lineage.
[2025-04-18T12:45:26.133+0000] {connection.py:521} WARNING - Failed to parse headers (url=http://host.docker.internal:9000/tfl/data/raw/timetables/snapshot_20250418_124526.json): [MissingHeaderBodySeparatorDefect()], unparsed data: 'HTTP/1.1 200 OK\r\nAccept-Ranges: bytes\r\nContent-Length: 0\r\nETag: "37a6259cc0c1dae299a7866489dff0bd"\r\nServer: MinIO\r\nStrict-Transport-Security: max-age=31536000; includeSubDomains\r\nVary: Origin\r\nVary: Accept-Encoding\r\nX-Amz-Checksum-Crc32: Jcv8Tw==\r\nX-Amz-Id-2: dd9025bab4ad464b049177c95eb6ebf374d3b3fd1af9251148b658df7ac2e3e8\r\nX-Amz-Request-Id: 18376A5C7EC93F2F\r\nX-Content-Type-Options: nosniff\r\nX-Ratelimit-Limit: 1537\r\nX-Ratelimit-Remaining: 1537\r\nX-Xss-Protection: 1; mode=block\r\nDate: Fri, 18 Apr 2025 12:45:26 GMT\r\n\r\n'
Traceback (most recent call last):
  File "/home/airflow/.local/lib/python3.12/site-packages/urllib3/connection.py", line 519, in getresponse
    assert_header_parsing(httplib_response.msg)
  File "/home/airflow/.local/lib/python3.12/site-packages/urllib3/util/response.py", line 88, in assert_header_parsing
    raise HeaderParsingError(defects=defects, unparsed_data=unparsed_data)
urllib3.exceptions.HeaderParsingError: [MissingHeaderBodySeparatorDefect()], unparsed data: 'HTTP/1.1 200 OK\r\nAccept-Ranges: bytes\r\nContent-Length: 0\r\nETag: "37a6259cc0c1dae299a7866489dff0bd"\r\nServer: MinIO\r\nStrict-Transport-Security: max-age=31536000; includeSubDomains\r\nVary: Origin\r\nVary: Accept-Encoding\r\nX-Amz-Checksum-Crc32: Jcv8Tw==\r\nX-Amz-Id-2: dd9025bab4ad464b049177c95eb6ebf374d3b3fd1af9251148b658df7ac2e3e8\r\nX-Amz-Request-Id: 18376A5C7EC93F2F\r\nX-Content-Type-Options: nosniff\r\nX-Ratelimit-Limit: 1537\r\nX-Ratelimit-Remaining: 1537\r\nX-Xss-Protection: 1; mode=block\r\nDate: Fri, 18 Apr 2025 12:45:26 GMT\r\n\r\n'
[2025-04-18T12:45:56.386+0000] {hook.py:208} WARNING - Data lineage tracking is disabled. Register a hook lineage reader to start tracking hook lineage.
[2025-04-18T12:45:56.389+0000] {hook.py:208} WARNING - Data lineage tracking is disabled. Register a hook lineage reader to start tracking hook lineage.
[2025-04-18T12:45:56.393+0000] {my_dag.py:50} INFO - Uploaded snapshot_20250418_124526.json to s3://tfl/data/raw/timetables/snapshot_20250418_124526.json at timestamp 20250418_124526
[2025-04-18T12:45:56.420+0000] {logging_mixin.py:190} INFO - Error fetching metadata for stop 940GZZLUBXN: HTTPSConnectionPool(host='api.tfl.gov.uk', port=443): Max retries exceeded with url: /StopPoint/940GZZLUBXN?app_key=7d28b460f14e44c48e59a47afc904642 (Caused by NameResolutionError("<urllib3.connection.HTTPSConnection object at 0x7f48244e4e30>: Failed to resolve 'api.tfl.gov.uk' ([Errno -2] Name or service not known)"))
[2025-04-18T12:45:56.430+0000] {base.py:84} INFO - Retrieving connection 'minio_conn'
[2025-04-18T12:45:56.432+0000] {connection_wrapper.py:328} INFO - AWS Connection (conn_id='minio_conn', conn_type='aws') credentials retrieved from extra.
[2025-04-18T12:45:56.527+0000] {logging_mixin.py:190} INFO - <botocore.client.S3 object at 0x7f4820f3e780>
[2025-04-18T12:45:56.558+0000] {hook.py:208} WARNING - Data lineage tracking is disabled. Register a hook lineage reader to start tracking hook lineage.
[2025-04-18T12:45:56.559+0000] {hook.py:208} WARNING - Data lineage tracking is disabled. Register a hook lineage reader to start tracking hook lineage.
[2025-04-18T12:45:56.572+0000] {connection.py:521} WARNING - Failed to parse headers (url=http://host.docker.internal:9000/tfl/data/raw/stop_points/snapshot_20250418_124556.json): [MissingHeaderBodySeparatorDefect()], unparsed data: 'HTTP/1.1 200 OK\r\nAccept-Ranges: bytes\r\nContent-Length: 0\r\nETag: "37a6259cc0c1dae299a7866489dff0bd"\r\nServer: MinIO\r\nStrict-Transport-Security: max-age=31536000; includeSubDomains\r\nVary: Origin\r\nVary: Accept-Encoding\r\nX-Amz-Checksum-Crc32: Jcv8Tw==\r\nX-Amz-Id-2: dd9025bab4ad464b049177c95eb6ebf374d3b3fd1af9251148b658df7ac2e3e8\r\nX-Amz-Request-Id: 18376A639517BC2C\r\nX-Content-Type-Options: nosniff\r\nX-Ratelimit-Limit: 1537\r\nX-Ratelimit-Remaining: 1537\r\nX-Xss-Protection: 1; mode=block\r\nDate: Fri, 18 Apr 2025 12:45:56 GMT\r\n\r\n'
Traceback (most recent call last):
  File "/home/airflow/.local/lib/python3.12/site-packages/urllib3/connection.py", line 519, in getresponse
    assert_header_parsing(httplib_response.msg)
  File "/home/airflow/.local/lib/python3.12/site-packages/urllib3/util/response.py", line 88, in assert_header_parsing
    raise HeaderParsingError(defects=defects, unparsed_data=unparsed_data)
urllib3.exceptions.HeaderParsingError: [MissingHeaderBodySeparatorDefect()], unparsed data: 'HTTP/1.1 200 OK\r\nAccept-Ranges: bytes\r\nContent-Length: 0\r\nETag: "37a6259cc0c1dae299a7866489dff0bd"\r\nServer: MinIO\r\nStrict-Transport-Security: max-age=31536000; includeSubDomains\r\nVary: Origin\r\nVary: Accept-Encoding\r\nX-Amz-Checksum-Crc32: Jcv8Tw==\r\nX-Amz-Id-2: dd9025bab4ad464b049177c95eb6ebf374d3b3fd1af9251148b658df7ac2e3e8\r\nX-Amz-Request-Id: 18376A639517BC2C\r\nX-Content-Type-Options: nosniff\r\nX-Ratelimit-Limit: 1537\r\nX-Ratelimit-Remaining: 1537\r\nX-Xss-Protection: 1; mode=block\r\nDate: Fri, 18 Apr 2025 12:45:56 GMT\r\n\r\n'
[2025-04-18T12:46:26.826+0000] {hook.py:208} WARNING - Data lineage tracking is disabled. Register a hook lineage reader to start tracking hook lineage.
[2025-04-18T12:46:26.827+0000] {hook.py:208} WARNING - Data lineage tracking is disabled. Register a hook lineage reader to start tracking hook lineage.
[2025-04-18T12:46:26.829+0000] {my_dag.py:50} INFO - Uploaded snapshot_20250418_124556.json to s3://tfl/data/raw/stop_points/snapshot_20250418_124556.json at timestamp 20250418_124556
[2025-04-18T12:46:26.837+0000] {logging_mixin.py:190} INFO - Error fetching data  HTTPSConnectionPool(host='api.tfl.gov.uk', port=443): Max retries exceeded with url: /Line/victoria/Timetable/940GZZLUBXN?app_key=7d28b460f14e44c48e59a47afc904642 (Caused by NameResolutionError("<urllib3.connection.HTTPSConnection object at 0x7f48242be960>: Failed to resolve 'api.tfl.gov.uk' ([Errno -2] Name or service not known)"))
[2025-04-18T12:46:26.847+0000] {base.py:84} INFO - Retrieving connection 'minio_conn'
[2025-04-18T12:46:26.850+0000] {connection_wrapper.py:328} INFO - AWS Connection (conn_id='minio_conn', conn_type='aws') credentials retrieved from extra.
[2025-04-18T12:46:26.987+0000] {logging_mixin.py:190} INFO - <botocore.client.S3 object at 0x7f48212d7e90>
[2025-04-18T12:46:27.016+0000] {hook.py:208} WARNING - Data lineage tracking is disabled. Register a hook lineage reader to start tracking hook lineage.
[2025-04-18T12:46:27.017+0000] {hook.py:208} WARNING - Data lineage tracking is disabled. Register a hook lineage reader to start tracking hook lineage.
[2025-04-18T12:46:27.030+0000] {connection.py:521} WARNING - Failed to parse headers (url=http://host.docker.internal:9000/tfl/data/raw/timetables/snapshot_20250418_124627.json): [MissingHeaderBodySeparatorDefect()], unparsed data: 'HTTP/1.1 200 OK\r\nAccept-Ranges: bytes\r\nContent-Length: 0\r\nETag: "37a6259cc0c1dae299a7866489dff0bd"\r\nServer: MinIO\r\nStrict-Transport-Security: max-age=31536000; includeSubDomains\r\nVary: Origin\r\nVary: Accept-Encoding\r\nX-Amz-Checksum-Crc32: Jcv8Tw==\r\nX-Amz-Id-2: dd9025bab4ad464b049177c95eb6ebf374d3b3fd1af9251148b658df7ac2e3e8\r\nX-Amz-Request-Id: 18376A6AAC79D9B3\r\nX-Content-Type-Options: nosniff\r\nX-Ratelimit-Limit: 1537\r\nX-Ratelimit-Remaining: 1537\r\nX-Xss-Protection: 1; mode=block\r\nDate: Fri, 18 Apr 2025 12:46:27 GMT\r\n\r\n'
Traceback (most recent call last):
  File "/home/airflow/.local/lib/python3.12/site-packages/urllib3/connection.py", line 519, in getresponse
    assert_header_parsing(httplib_response.msg)
  File "/home/airflow/.local/lib/python3.12/site-packages/urllib3/util/response.py", line 88, in assert_header_parsing
    raise HeaderParsingError(defects=defects, unparsed_data=unparsed_data)
urllib3.exceptions.HeaderParsingError: [MissingHeaderBodySeparatorDefect()], unparsed data: 'HTTP/1.1 200 OK\r\nAccept-Ranges: bytes\r\nContent-Length: 0\r\nETag: "37a6259cc0c1dae299a7866489dff0bd"\r\nServer: MinIO\r\nStrict-Transport-Security: max-age=31536000; includeSubDomains\r\nVary: Origin\r\nVary: Accept-Encoding\r\nX-Amz-Checksum-Crc32: Jcv8Tw==\r\nX-Amz-Id-2: dd9025bab4ad464b049177c95eb6ebf374d3b3fd1af9251148b658df7ac2e3e8\r\nX-Amz-Request-Id: 18376A6AAC79D9B3\r\nX-Content-Type-Options: nosniff\r\nX-Ratelimit-Limit: 1537\r\nX-Ratelimit-Remaining: 1537\r\nX-Xss-Protection: 1; mode=block\r\nDate: Fri, 18 Apr 2025 12:46:27 GMT\r\n\r\n'
[2025-04-18T12:46:57.290+0000] {hook.py:208} WARNING - Data lineage tracking is disabled. Register a hook lineage reader to start tracking hook lineage.
[2025-04-18T12:46:57.296+0000] {hook.py:208} WARNING - Data lineage tracking is disabled. Register a hook lineage reader to start tracking hook lineage.
[2025-04-18T12:46:57.301+0000] {my_dag.py:50} INFO - Uploaded snapshot_20250418_124627.json to s3://tfl/data/raw/timetables/snapshot_20250418_124627.json at timestamp 20250418_124627
[2025-04-18T12:46:57.337+0000] {logging_mixin.py:190} INFO - Error fetching metadata for stop 940GZZLUEUS: HTTPSConnectionPool(host='api.tfl.gov.uk', port=443): Max retries exceeded with url: /StopPoint/940GZZLUEUS?app_key=7d28b460f14e44c48e59a47afc904642 (Caused by NameResolutionError("<urllib3.connection.HTTPSConnection object at 0x7f48210e9520>: Failed to resolve 'api.tfl.gov.uk' ([Errno -2] Name or service not known)"))
[2025-04-18T12:46:57.349+0000] {base.py:84} INFO - Retrieving connection 'minio_conn'
[2025-04-18T12:46:57.353+0000] {connection_wrapper.py:328} INFO - AWS Connection (conn_id='minio_conn', conn_type='aws') credentials retrieved from extra.
[2025-04-18T12:46:57.866+0000] {logging_mixin.py:190} INFO - <botocore.client.S3 object at 0x7f48212d7e60>
[2025-04-18T12:46:57.899+0000] {hook.py:208} WARNING - Data lineage tracking is disabled. Register a hook lineage reader to start tracking hook lineage.
[2025-04-18T12:46:57.901+0000] {hook.py:208} WARNING - Data lineage tracking is disabled. Register a hook lineage reader to start tracking hook lineage.
[2025-04-18T12:46:57.917+0000] {connection.py:521} WARNING - Failed to parse headers (url=http://host.docker.internal:9000/tfl/data/raw/stop_points/snapshot_20250418_124657.json): [MissingHeaderBodySeparatorDefect()], unparsed data: 'HTTP/1.1 200 OK\r\nAccept-Ranges: bytes\r\nContent-Length: 0\r\nETag: "37a6259cc0c1dae299a7866489dff0bd"\r\nServer: MinIO\r\nStrict-Transport-Security: max-age=31536000; includeSubDomains\r\nVary: Origin\r\nVary: Accept-Encoding\r\nX-Amz-Checksum-Crc32: Jcv8Tw==\r\nX-Amz-Id-2: dd9025bab4ad464b049177c95eb6ebf374d3b3fd1af9251148b658df7ac2e3e8\r\nX-Amz-Request-Id: 18376A71DD72AB3F\r\nX-Content-Type-Options: nosniff\r\nX-Ratelimit-Limit: 1537\r\nX-Ratelimit-Remaining: 1537\r\nX-Xss-Protection: 1; mode=block\r\nDate: Fri, 18 Apr 2025 12:46:57 GMT\r\n\r\n'
Traceback (most recent call last):
  File "/home/airflow/.local/lib/python3.12/site-packages/urllib3/connection.py", line 519, in getresponse
    assert_header_parsing(httplib_response.msg)
  File "/home/airflow/.local/lib/python3.12/site-packages/urllib3/util/response.py", line 88, in assert_header_parsing
    raise HeaderParsingError(defects=defects, unparsed_data=unparsed_data)
urllib3.exceptions.HeaderParsingError: [MissingHeaderBodySeparatorDefect()], unparsed data: 'HTTP/1.1 200 OK\r\nAccept-Ranges: bytes\r\nContent-Length: 0\r\nETag: "37a6259cc0c1dae299a7866489dff0bd"\r\nServer: MinIO\r\nStrict-Transport-Security: max-age=31536000; includeSubDomains\r\nVary: Origin\r\nVary: Accept-Encoding\r\nX-Amz-Checksum-Crc32: Jcv8Tw==\r\nX-Amz-Id-2: dd9025bab4ad464b049177c95eb6ebf374d3b3fd1af9251148b658df7ac2e3e8\r\nX-Amz-Request-Id: 18376A71DD72AB3F\r\nX-Content-Type-Options: nosniff\r\nX-Ratelimit-Limit: 1537\r\nX-Ratelimit-Remaining: 1537\r\nX-Xss-Protection: 1; mode=block\r\nDate: Fri, 18 Apr 2025 12:46:57 GMT\r\n\r\n'
[2025-04-18T12:47:28.171+0000] {hook.py:208} WARNING - Data lineage tracking is disabled. Register a hook lineage reader to start tracking hook lineage.
[2025-04-18T12:47:28.174+0000] {hook.py:208} WARNING - Data lineage tracking is disabled. Register a hook lineage reader to start tracking hook lineage.
[2025-04-18T12:47:28.175+0000] {my_dag.py:50} INFO - Uploaded snapshot_20250418_124657.json to s3://tfl/data/raw/stop_points/snapshot_20250418_124657.json at timestamp 20250418_124657
[2025-04-18T12:47:28.198+0000] {logging_mixin.py:190} INFO - Error fetching data  HTTPSConnectionPool(host='api.tfl.gov.uk', port=443): Max retries exceeded with url: /Line/victoria/Timetable/940GZZLUEUS?app_key=7d28b460f14e44c48e59a47afc904642 (Caused by NameResolutionError("<urllib3.connection.HTTPSConnection object at 0x7f48212e7e30>: Failed to resolve 'api.tfl.gov.uk' ([Errno -2] Name or service not known)"))
[2025-04-18T12:47:28.207+0000] {base.py:84} INFO - Retrieving connection 'minio_conn'
[2025-04-18T12:47:28.209+0000] {connection_wrapper.py:328} INFO - AWS Connection (conn_id='minio_conn', conn_type='aws') credentials retrieved from extra.
[2025-04-18T12:47:28.292+0000] {logging_mixin.py:190} INFO - <botocore.client.S3 object at 0x7f4824422510>
[2025-04-18T12:47:28.319+0000] {hook.py:208} WARNING - Data lineage tracking is disabled. Register a hook lineage reader to start tracking hook lineage.
[2025-04-18T12:47:28.320+0000] {hook.py:208} WARNING - Data lineage tracking is disabled. Register a hook lineage reader to start tracking hook lineage.
[2025-04-18T12:47:28.333+0000] {connection.py:521} WARNING - Failed to parse headers (url=http://host.docker.internal:9000/tfl/data/raw/timetables/snapshot_20250418_124728.json): [MissingHeaderBodySeparatorDefect()], unparsed data: 'HTTP/1.1 200 OK\r\nAccept-Ranges: bytes\r\nContent-Length: 0\r\nETag: "37a6259cc0c1dae299a7866489dff0bd"\r\nServer: MinIO\r\nStrict-Transport-Security: max-age=31536000; includeSubDomains\r\nVary: Origin\r\nVary: Accept-Encoding\r\nX-Amz-Checksum-Crc32: Jcv8Tw==\r\nX-Amz-Id-2: dd9025bab4ad464b049177c95eb6ebf374d3b3fd1af9251148b658df7ac2e3e8\r\nX-Amz-Request-Id: 18376A78F279489E\r\nX-Content-Type-Options: nosniff\r\nX-Ratelimit-Limit: 1537\r\nX-Ratelimit-Remaining: 1537\r\nX-Xss-Protection: 1; mode=block\r\nDate: Fri, 18 Apr 2025 12:47:28 GMT\r\n\r\n'
Traceback (most recent call last):
  File "/home/airflow/.local/lib/python3.12/site-packages/urllib3/connection.py", line 519, in getresponse
    assert_header_parsing(httplib_response.msg)
  File "/home/airflow/.local/lib/python3.12/site-packages/urllib3/util/response.py", line 88, in assert_header_parsing
    raise HeaderParsingError(defects=defects, unparsed_data=unparsed_data)
urllib3.exceptions.HeaderParsingError: [MissingHeaderBodySeparatorDefect()], unparsed data: 'HTTP/1.1 200 OK\r\nAccept-Ranges: bytes\r\nContent-Length: 0\r\nETag: "37a6259cc0c1dae299a7866489dff0bd"\r\nServer: MinIO\r\nStrict-Transport-Security: max-age=31536000; includeSubDomains\r\nVary: Origin\r\nVary: Accept-Encoding\r\nX-Amz-Checksum-Crc32: Jcv8Tw==\r\nX-Amz-Id-2: dd9025bab4ad464b049177c95eb6ebf374d3b3fd1af9251148b658df7ac2e3e8\r\nX-Amz-Request-Id: 18376A78F279489E\r\nX-Content-Type-Options: nosniff\r\nX-Ratelimit-Limit: 1537\r\nX-Ratelimit-Remaining: 1537\r\nX-Xss-Protection: 1; mode=block\r\nDate: Fri, 18 Apr 2025 12:47:28 GMT\r\n\r\n'
[2025-04-18T12:47:58.585+0000] {hook.py:208} WARNING - Data lineage tracking is disabled. Register a hook lineage reader to start tracking hook lineage.
[2025-04-18T12:47:58.586+0000] {hook.py:208} WARNING - Data lineage tracking is disabled. Register a hook lineage reader to start tracking hook lineage.
[2025-04-18T12:47:58.587+0000] {my_dag.py:50} INFO - Uploaded snapshot_20250418_124728.json to s3://tfl/data/raw/timetables/snapshot_20250418_124728.json at timestamp 20250418_124728
[2025-04-18T12:47:58.599+0000] {logging_mixin.py:190} INFO - Error fetching metadata for stop 940GZZLUBMY: HTTPSConnectionPool(host='api.tfl.gov.uk', port=443): Max retries exceeded with url: /StopPoint/940GZZLUBMY?app_key=7d28b460f14e44c48e59a47afc904642 (Caused by NameResolutionError("<urllib3.connection.HTTPSConnection object at 0x7f48244fc2f0>: Failed to resolve 'api.tfl.gov.uk' ([Errno -2] Name or service not known)"))
[2025-04-18T12:47:58.606+0000] {base.py:84} INFO - Retrieving connection 'minio_conn'
[2025-04-18T12:47:58.607+0000] {connection_wrapper.py:328} INFO - AWS Connection (conn_id='minio_conn', conn_type='aws') credentials retrieved from extra.
[2025-04-18T12:47:58.708+0000] {logging_mixin.py:190} INFO - <botocore.client.S3 object at 0x7f4820f72180>
[2025-04-18T12:47:58.736+0000] {hook.py:208} WARNING - Data lineage tracking is disabled. Register a hook lineage reader to start tracking hook lineage.
[2025-04-18T12:47:58.738+0000] {hook.py:208} WARNING - Data lineage tracking is disabled. Register a hook lineage reader to start tracking hook lineage.
[2025-04-18T12:47:58.761+0000] {connection.py:521} WARNING - Failed to parse headers (url=http://host.docker.internal:9000/tfl/data/raw/stop_points/snapshot_20250418_124758.json): [MissingHeaderBodySeparatorDefect()], unparsed data: 'HTTP/1.1 200 OK\r\nAccept-Ranges: bytes\r\nContent-Length: 0\r\nETag: "37a6259cc0c1dae299a7866489dff0bd"\r\nServer: MinIO\r\nStrict-Transport-Security: max-age=31536000; includeSubDomains\r\nVary: Origin\r\nVary: Accept-Encoding\r\nX-Amz-Checksum-Crc32: Jcv8Tw==\r\nX-Amz-Id-2: dd9025bab4ad464b049177c95eb6ebf374d3b3fd1af9251148b658df7ac2e3e8\r\nX-Amz-Request-Id: 18376A8007C293D1\r\nX-Content-Type-Options: nosniff\r\nX-Ratelimit-Limit: 1537\r\nX-Ratelimit-Remaining: 1537\r\nX-Xss-Protection: 1; mode=block\r\nDate: Fri, 18 Apr 2025 12:47:58 GMT\r\n\r\n'
Traceback (most recent call last):
  File "/home/airflow/.local/lib/python3.12/site-packages/urllib3/connection.py", line 519, in getresponse
    assert_header_parsing(httplib_response.msg)
  File "/home/airflow/.local/lib/python3.12/site-packages/urllib3/util/response.py", line 88, in assert_header_parsing
    raise HeaderParsingError(defects=defects, unparsed_data=unparsed_data)
urllib3.exceptions.HeaderParsingError: [MissingHeaderBodySeparatorDefect()], unparsed data: 'HTTP/1.1 200 OK\r\nAccept-Ranges: bytes\r\nContent-Length: 0\r\nETag: "37a6259cc0c1dae299a7866489dff0bd"\r\nServer: MinIO\r\nStrict-Transport-Security: max-age=31536000; includeSubDomains\r\nVary: Origin\r\nVary: Accept-Encoding\r\nX-Amz-Checksum-Crc32: Jcv8Tw==\r\nX-Amz-Id-2: dd9025bab4ad464b049177c95eb6ebf374d3b3fd1af9251148b658df7ac2e3e8\r\nX-Amz-Request-Id: 18376A8007C293D1\r\nX-Content-Type-Options: nosniff\r\nX-Ratelimit-Limit: 1537\r\nX-Ratelimit-Remaining: 1537\r\nX-Xss-Protection: 1; mode=block\r\nDate: Fri, 18 Apr 2025 12:47:58 GMT\r\n\r\n'
[2025-04-18T12:48:29.013+0000] {hook.py:208} WARNING - Data lineage tracking is disabled. Register a hook lineage reader to start tracking hook lineage.
[2025-04-18T12:48:29.017+0000] {hook.py:208} WARNING - Data lineage tracking is disabled. Register a hook lineage reader to start tracking hook lineage.
[2025-04-18T12:48:29.018+0000] {my_dag.py:50} INFO - Uploaded snapshot_20250418_124758.json to s3://tfl/data/raw/stop_points/snapshot_20250418_124758.json at timestamp 20250418_124758
[2025-04-18T12:48:29.033+0000] {logging_mixin.py:190} INFO - Error fetching data  HTTPSConnectionPool(host='api.tfl.gov.uk', port=443): Max retries exceeded with url: /Line/jubilee/Timetable/940GZZLUBMY?app_key=7d28b460f14e44c48e59a47afc904642 (Caused by NameResolutionError("<urllib3.connection.HTTPSConnection object at 0x7f48213f37a0>: Failed to resolve 'api.tfl.gov.uk' ([Errno -2] Name or service not known)"))
[2025-04-18T12:48:29.042+0000] {base.py:84} INFO - Retrieving connection 'minio_conn'
[2025-04-18T12:48:29.045+0000] {connection_wrapper.py:328} INFO - AWS Connection (conn_id='minio_conn', conn_type='aws') credentials retrieved from extra.
[2025-04-18T12:48:29.155+0000] {logging_mixin.py:190} INFO - <botocore.client.S3 object at 0x7f48213f3bc0>
[2025-04-18T12:48:29.187+0000] {hook.py:208} WARNING - Data lineage tracking is disabled. Register a hook lineage reader to start tracking hook lineage.
[2025-04-18T12:48:29.189+0000] {hook.py:208} WARNING - Data lineage tracking is disabled. Register a hook lineage reader to start tracking hook lineage.
[2025-04-18T12:48:29.204+0000] {connection.py:521} WARNING - Failed to parse headers (url=http://host.docker.internal:9000/tfl/data/raw/timetables/snapshot_20250418_124829.json): [MissingHeaderBodySeparatorDefect()], unparsed data: 'HTTP/1.1 200 OK\r\nAccept-Ranges: bytes\r\nContent-Length: 0\r\nETag: "37a6259cc0c1dae299a7866489dff0bd"\r\nServer: MinIO\r\nStrict-Transport-Security: max-age=31536000; includeSubDomains\r\nVary: Origin\r\nVary: Accept-Encoding\r\nX-Amz-Checksum-Crc32: Jcv8Tw==\r\nX-Amz-Id-2: dd9025bab4ad464b049177c95eb6ebf374d3b3fd1af9251148b658df7ac2e3e8\r\nX-Amz-Request-Id: 18376A871E968E45\r\nX-Content-Type-Options: nosniff\r\nX-Ratelimit-Limit: 1537\r\nX-Ratelimit-Remaining: 1537\r\nX-Xss-Protection: 1; mode=block\r\nDate: Fri, 18 Apr 2025 12:48:29 GMT\r\n\r\n'
Traceback (most recent call last):
  File "/home/airflow/.local/lib/python3.12/site-packages/urllib3/connection.py", line 519, in getresponse
    assert_header_parsing(httplib_response.msg)
  File "/home/airflow/.local/lib/python3.12/site-packages/urllib3/util/response.py", line 88, in assert_header_parsing
    raise HeaderParsingError(defects=defects, unparsed_data=unparsed_data)
urllib3.exceptions.HeaderParsingError: [MissingHeaderBodySeparatorDefect()], unparsed data: 'HTTP/1.1 200 OK\r\nAccept-Ranges: bytes\r\nContent-Length: 0\r\nETag: "37a6259cc0c1dae299a7866489dff0bd"\r\nServer: MinIO\r\nStrict-Transport-Security: max-age=31536000; includeSubDomains\r\nVary: Origin\r\nVary: Accept-Encoding\r\nX-Amz-Checksum-Crc32: Jcv8Tw==\r\nX-Amz-Id-2: dd9025bab4ad464b049177c95eb6ebf374d3b3fd1af9251148b658df7ac2e3e8\r\nX-Amz-Request-Id: 18376A871E968E45\r\nX-Content-Type-Options: nosniff\r\nX-Ratelimit-Limit: 1537\r\nX-Ratelimit-Remaining: 1537\r\nX-Xss-Protection: 1; mode=block\r\nDate: Fri, 18 Apr 2025 12:48:29 GMT\r\n\r\n'
[2025-04-18T12:48:59.458+0000] {hook.py:208} WARNING - Data lineage tracking is disabled. Register a hook lineage reader to start tracking hook lineage.
[2025-04-18T12:48:59.461+0000] {hook.py:208} WARNING - Data lineage tracking is disabled. Register a hook lineage reader to start tracking hook lineage.
[2025-04-18T12:48:59.462+0000] {my_dag.py:50} INFO - Uploaded snapshot_20250418_124829.json to s3://tfl/data/raw/timetables/snapshot_20250418_124829.json at timestamp 20250418_124829
[2025-04-18T12:48:59.477+0000] {logging_mixin.py:190} INFO - Error fetching metadata for stop 940GZZLUBND: HTTPSConnectionPool(host='api.tfl.gov.uk', port=443): Max retries exceeded with url: /StopPoint/940GZZLUBND?app_key=7d28b460f14e44c48e59a47afc904642 (Caused by NameResolutionError("<urllib3.connection.HTTPSConnection object at 0x7f4820aa64e0>: Failed to resolve 'api.tfl.gov.uk' ([Errno -2] Name or service not known)"))
[2025-04-18T12:48:59.486+0000] {base.py:84} INFO - Retrieving connection 'minio_conn'
[2025-04-18T12:48:59.487+0000] {connection_wrapper.py:328} INFO - AWS Connection (conn_id='minio_conn', conn_type='aws') credentials retrieved from extra.
[2025-04-18T12:48:59.575+0000] {logging_mixin.py:190} INFO - <botocore.client.S3 object at 0x7f4825b65f40>
[2025-04-18T12:48:59.603+0000] {hook.py:208} WARNING - Data lineage tracking is disabled. Register a hook lineage reader to start tracking hook lineage.
[2025-04-18T12:48:59.604+0000] {hook.py:208} WARNING - Data lineage tracking is disabled. Register a hook lineage reader to start tracking hook lineage.
[2025-04-18T12:48:59.618+0000] {connection.py:521} WARNING - Failed to parse headers (url=http://host.docker.internal:9000/tfl/data/raw/stop_points/snapshot_20250418_124859.json): [MissingHeaderBodySeparatorDefect()], unparsed data: 'HTTP/1.1 200 OK\r\nAccept-Ranges: bytes\r\nContent-Length: 0\r\nETag: "37a6259cc0c1dae299a7866489dff0bd"\r\nServer: MinIO\r\nStrict-Transport-Security: max-age=31536000; includeSubDomains\r\nVary: Origin\r\nVary: Accept-Encoding\r\nX-Amz-Checksum-Crc32: Jcv8Tw==\r\nX-Amz-Id-2: dd9025bab4ad464b049177c95eb6ebf374d3b3fd1af9251148b658df7ac2e3e8\r\nX-Amz-Request-Id: 18376A8E33723A41\r\nX-Content-Type-Options: nosniff\r\nX-Ratelimit-Limit: 1537\r\nX-Ratelimit-Remaining: 1537\r\nX-Xss-Protection: 1; mode=block\r\nDate: Fri, 18 Apr 2025 12:48:59 GMT\r\n\r\n'
Traceback (most recent call last):
  File "/home/airflow/.local/lib/python3.12/site-packages/urllib3/connection.py", line 519, in getresponse
    assert_header_parsing(httplib_response.msg)
  File "/home/airflow/.local/lib/python3.12/site-packages/urllib3/util/response.py", line 88, in assert_header_parsing
    raise HeaderParsingError(defects=defects, unparsed_data=unparsed_data)
urllib3.exceptions.HeaderParsingError: [MissingHeaderBodySeparatorDefect()], unparsed data: 'HTTP/1.1 200 OK\r\nAccept-Ranges: bytes\r\nContent-Length: 0\r\nETag: "37a6259cc0c1dae299a7866489dff0bd"\r\nServer: MinIO\r\nStrict-Transport-Security: max-age=31536000; includeSubDomains\r\nVary: Origin\r\nVary: Accept-Encoding\r\nX-Amz-Checksum-Crc32: Jcv8Tw==\r\nX-Amz-Id-2: dd9025bab4ad464b049177c95eb6ebf374d3b3fd1af9251148b658df7ac2e3e8\r\nX-Amz-Request-Id: 18376A8E33723A41\r\nX-Content-Type-Options: nosniff\r\nX-Ratelimit-Limit: 1537\r\nX-Ratelimit-Remaining: 1537\r\nX-Xss-Protection: 1; mode=block\r\nDate: Fri, 18 Apr 2025 12:48:59 GMT\r\n\r\n'
[2025-04-18T12:49:29.873+0000] {hook.py:208} WARNING - Data lineage tracking is disabled. Register a hook lineage reader to start tracking hook lineage.
[2025-04-18T12:49:29.875+0000] {hook.py:208} WARNING - Data lineage tracking is disabled. Register a hook lineage reader to start tracking hook lineage.
[2025-04-18T12:49:29.876+0000] {my_dag.py:50} INFO - Uploaded snapshot_20250418_124859.json to s3://tfl/data/raw/stop_points/snapshot_20250418_124859.json at timestamp 20250418_124859
[2025-04-18T12:49:29.894+0000] {logging_mixin.py:190} INFO - Error fetching data  HTTPSConnectionPool(host='api.tfl.gov.uk', port=443): Max retries exceeded with url: /Line/jubilee/Timetable/940GZZLUBND?app_key=7d28b460f14e44c48e59a47afc904642 (Caused by NameResolutionError("<urllib3.connection.HTTPSConnection object at 0x7f4825b94ce0>: Failed to resolve 'api.tfl.gov.uk' ([Errno -2] Name or service not known)"))
[2025-04-18T12:49:29.905+0000] {base.py:84} INFO - Retrieving connection 'minio_conn'
[2025-04-18T12:49:29.906+0000] {connection_wrapper.py:328} INFO - AWS Connection (conn_id='minio_conn', conn_type='aws') credentials retrieved from extra.
[2025-04-18T12:49:30.009+0000] {logging_mixin.py:190} INFO - <botocore.client.S3 object at 0x7f48254b49e0>
[2025-04-18T12:49:30.038+0000] {hook.py:208} WARNING - Data lineage tracking is disabled. Register a hook lineage reader to start tracking hook lineage.
[2025-04-18T12:49:30.040+0000] {hook.py:208} WARNING - Data lineage tracking is disabled. Register a hook lineage reader to start tracking hook lineage.
[2025-04-18T12:49:30.055+0000] {connection.py:521} WARNING - Failed to parse headers (url=http://host.docker.internal:9000/tfl/data/raw/timetables/snapshot_20250418_124930.json): [MissingHeaderBodySeparatorDefect()], unparsed data: 'HTTP/1.1 200 OK\r\nAccept-Ranges: bytes\r\nContent-Length: 0\r\nETag: "37a6259cc0c1dae299a7866489dff0bd"\r\nServer: MinIO\r\nStrict-Transport-Security: max-age=31536000; includeSubDomains\r\nVary: Origin\r\nVary: Accept-Encoding\r\nX-Amz-Checksum-Crc32: Jcv8Tw==\r\nX-Amz-Id-2: dd9025bab4ad464b049177c95eb6ebf374d3b3fd1af9251148b658df7ac2e3e8\r\nX-Amz-Request-Id: 18376A954997979A\r\nX-Content-Type-Options: nosniff\r\nX-Ratelimit-Limit: 1537\r\nX-Ratelimit-Remaining: 1537\r\nX-Xss-Protection: 1; mode=block\r\nDate: Fri, 18 Apr 2025 12:49:30 GMT\r\n\r\n'
Traceback (most recent call last):
  File "/home/airflow/.local/lib/python3.12/site-packages/urllib3/connection.py", line 519, in getresponse
    assert_header_parsing(httplib_response.msg)
  File "/home/airflow/.local/lib/python3.12/site-packages/urllib3/util/response.py", line 88, in assert_header_parsing
    raise HeaderParsingError(defects=defects, unparsed_data=unparsed_data)
urllib3.exceptions.HeaderParsingError: [MissingHeaderBodySeparatorDefect()], unparsed data: 'HTTP/1.1 200 OK\r\nAccept-Ranges: bytes\r\nContent-Length: 0\r\nETag: "37a6259cc0c1dae299a7866489dff0bd"\r\nServer: MinIO\r\nStrict-Transport-Security: max-age=31536000; includeSubDomains\r\nVary: Origin\r\nVary: Accept-Encoding\r\nX-Amz-Checksum-Crc32: Jcv8Tw==\r\nX-Amz-Id-2: dd9025bab4ad464b049177c95eb6ebf374d3b3fd1af9251148b658df7ac2e3e8\r\nX-Amz-Request-Id: 18376A954997979A\r\nX-Content-Type-Options: nosniff\r\nX-Ratelimit-Limit: 1537\r\nX-Ratelimit-Remaining: 1537\r\nX-Xss-Protection: 1; mode=block\r\nDate: Fri, 18 Apr 2025 12:49:30 GMT\r\n\r\n'
[2025-04-18T12:50:00.311+0000] {hook.py:208} WARNING - Data lineage tracking is disabled. Register a hook lineage reader to start tracking hook lineage.
[2025-04-18T12:50:00.312+0000] {hook.py:208} WARNING - Data lineage tracking is disabled. Register a hook lineage reader to start tracking hook lineage.
[2025-04-18T12:50:00.314+0000] {my_dag.py:50} INFO - Uploaded snapshot_20250418_124930.json to s3://tfl/data/raw/timetables/snapshot_20250418_124930.json at timestamp 20250418_124930
[2025-04-18T12:50:00.338+0000] {logging_mixin.py:190} INFO - Error fetching metadata for stop 940GZZLUBST: HTTPSConnectionPool(host='api.tfl.gov.uk', port=443): Max retries exceeded with url: /StopPoint/940GZZLUBST?app_key=7d28b460f14e44c48e59a47afc904642 (Caused by NameResolutionError("<urllib3.connection.HTTPSConnection object at 0x7f48253b7470>: Failed to resolve 'api.tfl.gov.uk' ([Errno -2] Name or service not known)"))
[2025-04-18T12:50:00.409+0000] {base.py:84} INFO - Retrieving connection 'minio_conn'
[2025-04-18T12:50:00.419+0000] {connection_wrapper.py:328} INFO - AWS Connection (conn_id='minio_conn', conn_type='aws') credentials retrieved from extra.
[2025-04-18T12:50:00.507+0000] {logging_mixin.py:190} INFO - <botocore.client.S3 object at 0x7f48253566f0>
[2025-04-18T12:50:00.647+0000] {hook.py:208} WARNING - Data lineage tracking is disabled. Register a hook lineage reader to start tracking hook lineage.
[2025-04-18T12:50:00.667+0000] {hook.py:208} WARNING - Data lineage tracking is disabled. Register a hook lineage reader to start tracking hook lineage.
[2025-04-18T12:50:00.734+0000] {connection.py:521} WARNING - Failed to parse headers (url=http://host.docker.internal:9000/tfl/data/raw/stop_points/snapshot_20250418_125000.json): [MissingHeaderBodySeparatorDefect()], unparsed data: 'HTTP/1.1 200 OK\r\nAccept-Ranges: bytes\r\nContent-Length: 0\r\nETag: "37a6259cc0c1dae299a7866489dff0bd"\r\nServer: MinIO\r\nStrict-Transport-Security: max-age=31536000; includeSubDomains\r\nVary: Origin\r\nVary: Accept-Encoding\r\nX-Amz-Checksum-Crc32: Jcv8Tw==\r\nX-Amz-Id-2: dd9025bab4ad464b049177c95eb6ebf374d3b3fd1af9251148b658df7ac2e3e8\r\nX-Amz-Request-Id: 18376A9C6CC98F15\r\nX-Content-Type-Options: nosniff\r\nX-Ratelimit-Limit: 1537\r\nX-Ratelimit-Remaining: 1537\r\nX-Xss-Protection: 1; mode=block\r\nDate: Fri, 18 Apr 2025 12:50:00 GMT\r\n\r\n'
Traceback (most recent call last):
  File "/home/airflow/.local/lib/python3.12/site-packages/urllib3/connection.py", line 519, in getresponse
    assert_header_parsing(httplib_response.msg)
  File "/home/airflow/.local/lib/python3.12/site-packages/urllib3/util/response.py", line 88, in assert_header_parsing
    raise HeaderParsingError(defects=defects, unparsed_data=unparsed_data)
urllib3.exceptions.HeaderParsingError: [MissingHeaderBodySeparatorDefect()], unparsed data: 'HTTP/1.1 200 OK\r\nAccept-Ranges: bytes\r\nContent-Length: 0\r\nETag: "37a6259cc0c1dae299a7866489dff0bd"\r\nServer: MinIO\r\nStrict-Transport-Security: max-age=31536000; includeSubDomains\r\nVary: Origin\r\nVary: Accept-Encoding\r\nX-Amz-Checksum-Crc32: Jcv8Tw==\r\nX-Amz-Id-2: dd9025bab4ad464b049177c95eb6ebf374d3b3fd1af9251148b658df7ac2e3e8\r\nX-Amz-Request-Id: 18376A9C6CC98F15\r\nX-Content-Type-Options: nosniff\r\nX-Ratelimit-Limit: 1537\r\nX-Ratelimit-Remaining: 1537\r\nX-Xss-Protection: 1; mode=block\r\nDate: Fri, 18 Apr 2025 12:50:00 GMT\r\n\r\n'
[2025-04-18T12:50:30.975+0000] {hook.py:208} WARNING - Data lineage tracking is disabled. Register a hook lineage reader to start tracking hook lineage.
[2025-04-18T12:50:30.977+0000] {hook.py:208} WARNING - Data lineage tracking is disabled. Register a hook lineage reader to start tracking hook lineage.
[2025-04-18T12:50:30.979+0000] {my_dag.py:50} INFO - Uploaded snapshot_20250418_125000.json to s3://tfl/data/raw/stop_points/snapshot_20250418_125000.json at timestamp 20250418_125000
[2025-04-18T12:50:31.005+0000] {logging_mixin.py:190} INFO - Error fetching data  HTTPSConnectionPool(host='api.tfl.gov.uk', port=443): Max retries exceeded with url: /Line/jubilee/Timetable/940GZZLUBST?app_key=7d28b460f14e44c48e59a47afc904642 (Caused by NameResolutionError("<urllib3.connection.HTTPSConnection object at 0x7f4824dc0ad0>: Failed to resolve 'api.tfl.gov.uk' ([Errno -2] Name or service not known)"))
[2025-04-18T12:50:31.014+0000] {base.py:84} INFO - Retrieving connection 'minio_conn'
[2025-04-18T12:50:31.015+0000] {connection_wrapper.py:328} INFO - AWS Connection (conn_id='minio_conn', conn_type='aws') credentials retrieved from extra.
[2025-04-18T12:50:31.111+0000] {logging_mixin.py:190} INFO - <botocore.client.S3 object at 0x7f482b697710>
[2025-04-18T12:50:31.136+0000] {hook.py:208} WARNING - Data lineage tracking is disabled. Register a hook lineage reader to start tracking hook lineage.
[2025-04-18T12:50:31.137+0000] {hook.py:208} WARNING - Data lineage tracking is disabled. Register a hook lineage reader to start tracking hook lineage.
[2025-04-18T12:50:31.147+0000] {connection.py:521} WARNING - Failed to parse headers (url=http://host.docker.internal:9000/tfl/data/raw/timetables/snapshot_20250418_125031.json): [MissingHeaderBodySeparatorDefect()], unparsed data: 'HTTP/1.1 200 OK\r\nAccept-Ranges: bytes\r\nContent-Length: 0\r\nETag: "37a6259cc0c1dae299a7866489dff0bd"\r\nServer: MinIO\r\nStrict-Transport-Security: max-age=31536000; includeSubDomains\r\nVary: Origin\r\nVary: Accept-Encoding\r\nX-Amz-Checksum-Crc32: Jcv8Tw==\r\nX-Amz-Id-2: dd9025bab4ad464b049177c95eb6ebf374d3b3fd1af9251148b658df7ac2e3e8\r\nX-Amz-Request-Id: 18376AA383235376\r\nX-Content-Type-Options: nosniff\r\nX-Ratelimit-Limit: 1537\r\nX-Ratelimit-Remaining: 1537\r\nX-Xss-Protection: 1; mode=block\r\nDate: Fri, 18 Apr 2025 12:50:31 GMT\r\n\r\n'
Traceback (most recent call last):
  File "/home/airflow/.local/lib/python3.12/site-packages/urllib3/connection.py", line 519, in getresponse
    assert_header_parsing(httplib_response.msg)
  File "/home/airflow/.local/lib/python3.12/site-packages/urllib3/util/response.py", line 88, in assert_header_parsing
    raise HeaderParsingError(defects=defects, unparsed_data=unparsed_data)
urllib3.exceptions.HeaderParsingError: [MissingHeaderBodySeparatorDefect()], unparsed data: 'HTTP/1.1 200 OK\r\nAccept-Ranges: bytes\r\nContent-Length: 0\r\nETag: "37a6259cc0c1dae299a7866489dff0bd"\r\nServer: MinIO\r\nStrict-Transport-Security: max-age=31536000; includeSubDomains\r\nVary: Origin\r\nVary: Accept-Encoding\r\nX-Amz-Checksum-Crc32: Jcv8Tw==\r\nX-Amz-Id-2: dd9025bab4ad464b049177c95eb6ebf374d3b3fd1af9251148b658df7ac2e3e8\r\nX-Amz-Request-Id: 18376AA383235376\r\nX-Content-Type-Options: nosniff\r\nX-Ratelimit-Limit: 1537\r\nX-Ratelimit-Remaining: 1537\r\nX-Xss-Protection: 1; mode=block\r\nDate: Fri, 18 Apr 2025 12:50:31 GMT\r\n\r\n'
[2025-04-18T12:51:01.401+0000] {hook.py:208} WARNING - Data lineage tracking is disabled. Register a hook lineage reader to start tracking hook lineage.
[2025-04-18T12:51:01.407+0000] {hook.py:208} WARNING - Data lineage tracking is disabled. Register a hook lineage reader to start tracking hook lineage.
[2025-04-18T12:51:01.412+0000] {my_dag.py:50} INFO - Uploaded snapshot_20250418_125031.json to s3://tfl/data/raw/timetables/snapshot_20250418_125031.json at timestamp 20250418_125031
[2025-04-18T12:51:01.420+0000] {python.py:240} INFO - Done. Returned value was: None
[2025-04-18T12:51:01.434+0000] {taskinstance.py:341} INFO - ::group::Post task execution logs
[2025-04-18T12:51:01.438+0000] {taskinstance.py:353} INFO - Marking task as SUCCESS. dag_id=TFL_DATA_DAG, task_id=api_call_static_data, run_id=scheduled__2025-04-17T00:00:00+00:00, execution_date=20250417T000000, start_date=20250418T123849, end_date=20250418T125101
[2025-04-18T12:51:01.505+0000] {local_task_job_runner.py:266} INFO - Task exited with return code 0
[2025-04-18T12:51:01.532+0000] {taskinstance.py:3901} INFO - 0 downstream tasks scheduled from follow-on schedule check
[2025-04-18T12:51:01.616+0000] {local_task_job_runner.py:245} INFO - ::endgroup::
