[2025-04-23T18:28:36.838+0000] {local_task_job_runner.py:123} INFO - ::group::Pre task execution logs
[2025-04-23T18:28:36.863+0000] {taskinstance.py:2614} INFO - Dependencies all met for dep_context=non-requeueable deps ti=<TaskInstance: TFL_DATA_DAG.transform_data manual__2025-04-23T18:26:26.909615+00:00 [queued]>
[2025-04-23T18:28:36.875+0000] {taskinstance.py:2614} INFO - Dependencies all met for dep_context=requeueable deps ti=<TaskInstance: TFL_DATA_DAG.transform_data manual__2025-04-23T18:26:26.909615+00:00 [queued]>
[2025-04-23T18:28:36.876+0000] {taskinstance.py:2867} INFO - Starting attempt 1 of 6
[2025-04-23T18:28:36.894+0000] {taskinstance.py:2890} INFO - Executing <Task(PythonOperator): transform_data> on 2025-04-23 18:26:26.909615+00:00
[2025-04-23T18:28:36.907+0000] {standard_task_runner.py:104} INFO - Running: ['***', 'tasks', 'run', 'TFL_DATA_DAG', 'transform_data', 'manual__2025-04-23T18:26:26.909615+00:00', '--job-id', '357', '--raw', '--subdir', 'DAGS_FOLDER/my_dag.py', '--cfg-path', '/tmp/tmpkn8_9tli']
[2025-04-23T18:28:36.912+0000] {standard_task_runner.py:105} INFO - Job 357: Subtask transform_data
[2025-04-23T18:28:36.914+0000] {logging_mixin.py:190} WARNING - /home/***/.local/lib/python3.12/site-packages/***/task/task_runner/standard_task_runner.py:70 DeprecationWarning: This process (pid=357) is multi-threaded, use of fork() may lead to deadlocks in the child.
[2025-04-23T18:28:36.915+0000] {standard_task_runner.py:72} INFO - Started process 360 to run task
[2025-04-23T18:28:36.986+0000] {task_command.py:467} INFO - Running <TaskInstance: TFL_DATA_DAG.transform_data manual__2025-04-23T18:26:26.909615+00:00 [running]> on host 605a3e254bf1
[2025-04-23T18:28:37.100+0000] {taskinstance.py:3134} INFO - Exporting env vars: AIRFLOW_CTX_DAG_OWNER='abdulsalam' AIRFLOW_CTX_DAG_ID='TFL_DATA_DAG' AIRFLOW_CTX_TASK_ID='transform_data' AIRFLOW_CTX_EXECUTION_DATE='2025-04-23T18:26:26.909615+00:00' AIRFLOW_CTX_TRY_NUMBER='1' AIRFLOW_CTX_DAG_RUN_ID='manual__2025-04-23T18:26:26.909615+00:00'
[2025-04-23T18:28:37.103+0000] {taskinstance.py:732} INFO - ::endgroup::
[2025-04-23T18:28:37.152+0000] {base.py:84} INFO - Retrieving connection 'minio_conn'
[2025-04-23T18:28:37.155+0000] {connection_wrapper.py:328} INFO - AWS Connection (conn_id='minio_conn', conn_type='aws') credentials retrieved from extra.
[2025-04-23T18:28:37.632+0000] {hook.py:208} WARNING - Data lineage tracking is disabled. Register a hook lineage reader to start tracking hook lineage.
[2025-04-23T18:28:37.635+0000] {my_dag.py:120} INFO - Uploaded stop_points_cleaned_20250423_182837_29679.json to s3://tfl/data/cleaned/stop_points/snapshot_20250423_182629_64404.json at timestamp 20250423_182837_29679
[2025-04-23T18:28:37.667+0000] {hook.py:208} WARNING - Data lineage tracking is disabled. Register a hook lineage reader to start tracking hook lineage.
[2025-04-23T18:28:37.669+0000] {hook.py:208} WARNING - Data lineage tracking is disabled. Register a hook lineage reader to start tracking hook lineage.
[2025-04-23T18:28:37.671+0000] {my_dag.py:120} INFO - Uploaded stop_points_cleaned_20250423_182837_65040.json to s3://tfl/data/cleaned/stop_points/snapshot_20250423_182732_49255.json at timestamp 20250423_182837_65040
[2025-04-23T18:28:37.833+0000] {hook.py:208} WARNING - Data lineage tracking is disabled. Register a hook lineage reader to start tracking hook lineage.
[2025-04-23T18:28:37.836+0000] {hook.py:208} WARNING - Data lineage tracking is disabled. Register a hook lineage reader to start tracking hook lineage.
[2025-04-23T18:28:37.839+0000] {my_dag.py:120} INFO - Uploaded timetable_cleaned_20250423_182837_73569.json to s3://tfl/data/cleaned/timetables/snapshot_20250423_182701_53851.json at timestamp 20250423_182837_73569
[2025-04-23T18:28:37.962+0000] {hook.py:208} WARNING - Data lineage tracking is disabled. Register a hook lineage reader to start tracking hook lineage.
[2025-04-23T18:28:37.965+0000] {hook.py:208} WARNING - Data lineage tracking is disabled. Register a hook lineage reader to start tracking hook lineage.
[2025-04-23T18:28:37.967+0000] {my_dag.py:120} INFO - Uploaded timetable_cleaned_20250423_182837_89705.json to s3://tfl/data/cleaned/timetables/snapshot_20250423_182804_10129.json at timestamp 20250423_182837_89705
[2025-04-23T18:28:38.017+0000] {python.py:240} INFO - Done. Returned value was: None
[2025-04-23T18:28:38.031+0000] {taskinstance.py:341} INFO - ::group::Post task execution logs
[2025-04-23T18:28:38.033+0000] {taskinstance.py:353} INFO - Marking task as SUCCESS. dag_id=TFL_DATA_DAG, task_id=transform_data, run_id=manual__2025-04-23T18:26:26.909615+00:00, execution_date=20250423T182626, start_date=20250423T182836, end_date=20250423T182838
[2025-04-23T18:28:38.125+0000] {local_task_job_runner.py:266} INFO - Task exited with return code 0
[2025-04-23T18:28:38.178+0000] {taskinstance.py:3901} INFO - 1 downstream tasks scheduled from follow-on schedule check
[2025-04-23T18:28:38.185+0000] {local_task_job_runner.py:245} INFO - ::endgroup::
