[2025-04-21T02:01:08.820+0000] {local_task_job_runner.py:123} INFO - ::group::Pre task execution logs
[2025-04-21T02:01:08.833+0000] {taskinstance.py:2614} INFO - Dependencies all met for dep_context=non-requeueable deps ti=<TaskInstance: TFL_DATA_DAG.transform_data manual__2025-04-21T00:52:56.840155+00:00 [queued]>
[2025-04-21T02:01:08.859+0000] {taskinstance.py:2614} INFO - Dependencies all met for dep_context=requeueable deps ti=<TaskInstance: TFL_DATA_DAG.transform_data manual__2025-04-21T00:52:56.840155+00:00 [queued]>
[2025-04-21T02:01:08.866+0000] {taskinstance.py:2867} INFO - Starting attempt 30 of 35
[2025-04-21T02:01:08.880+0000] {taskinstance.py:2890} INFO - Executing <Task(PythonOperator): transform_data> on 2025-04-21 00:52:56.840155+00:00
[2025-04-21T02:01:08.886+0000] {standard_task_runner.py:104} INFO - Running: ['***', 'tasks', 'run', 'TFL_DATA_DAG', 'transform_data', 'manual__2025-04-21T00:52:56.840155+00:00', '--job-id', '280', '--raw', '--subdir', 'DAGS_FOLDER/my_dag.py', '--cfg-path', '/tmp/tmppwvy5nex']
[2025-04-21T02:01:08.887+0000] {logging_mixin.py:190} WARNING - /home/***/.local/lib/python3.12/site-packages/***/task/task_runner/standard_task_runner.py:70 DeprecationWarning: This process (pid=2441) is multi-threaded, use of fork() may lead to deadlocks in the child.
[2025-04-21T02:01:08.887+0000] {standard_task_runner.py:105} INFO - Job 280: Subtask transform_data
[2025-04-21T02:01:08.888+0000] {standard_task_runner.py:72} INFO - Started process 2442 to run task
[2025-04-21T02:01:08.919+0000] {task_command.py:467} INFO - Running <TaskInstance: TFL_DATA_DAG.transform_data manual__2025-04-21T00:52:56.840155+00:00 [running]> on host 197005dfdcea
[2025-04-21T02:01:08.963+0000] {taskinstance.py:3134} INFO - Exporting env vars: AIRFLOW_CTX_DAG_OWNER='abdulsalam' AIRFLOW_CTX_DAG_ID='TFL_DATA_DAG' AIRFLOW_CTX_TASK_ID='transform_data' AIRFLOW_CTX_EXECUTION_DATE='2025-04-21T00:52:56.840155+00:00' AIRFLOW_CTX_TRY_NUMBER='30' AIRFLOW_CTX_DAG_RUN_ID='manual__2025-04-21T00:52:56.840155+00:00'
[2025-04-21T02:01:08.965+0000] {taskinstance.py:732} INFO - ::endgroup::
[2025-04-21T02:01:08.985+0000] {base.py:84} INFO - Retrieving connection 'minio_conn'
[2025-04-21T02:01:08.986+0000] {connection_wrapper.py:328} INFO - AWS Connection (conn_id='minio_conn', conn_type='aws') credentials retrieved from extra.
[2025-04-21T02:01:09.302+0000] {logging_mixin.py:190} INFO - key data/raw/timetables/snapshot_20250421_010433_22637.json
[2025-04-21T02:01:09.316+0000] {logging_mixin.py:190} INFO - saving key:  Sunday
[2025-04-21T02:01:09.580+0000] {hook.py:208} WARNING - Data lineage tracking is disabled. Register a hook lineage reader to start tracking hook lineage.
[2025-04-21T02:01:09.582+0000] {my_dag.py:108} INFO - Uploaded timetable_cleaned_20250421_020109_31647.json to s3://tfl/Sunday at timestamp 20250421_020109_31647
[2025-04-21T02:01:09.644+0000] {logging_mixin.py:190} INFO - key data/raw/timetables/snapshot_20250421_010540_24868.json
[2025-04-21T02:01:09.654+0000] {logging_mixin.py:190} INFO - saving key:  Sunday
[2025-04-21T02:01:09.703+0000] {hook.py:208} WARNING - Data lineage tracking is disabled. Register a hook lineage reader to start tracking hook lineage.
[2025-04-21T02:01:09.708+0000] {hook.py:208} WARNING - Data lineage tracking is disabled. Register a hook lineage reader to start tracking hook lineage.
[2025-04-21T02:01:09.709+0000] {my_dag.py:108} INFO - Uploaded timetable_cleaned_20250421_020109_65422.json to s3://tfl/Sunday at timestamp 20250421_020109_65422
[2025-04-21T02:01:09.772+0000] {logging_mixin.py:190} INFO - key data/raw/timetables/snapshot_20250421_010645_39443.json
[2025-04-21T02:01:09.780+0000] {logging_mixin.py:190} INFO - saving key:  Sunday
[2025-04-21T02:01:09.848+0000] {hook.py:208} WARNING - Data lineage tracking is disabled. Register a hook lineage reader to start tracking hook lineage.
[2025-04-21T02:01:09.849+0000] {hook.py:208} WARNING - Data lineage tracking is disabled. Register a hook lineage reader to start tracking hook lineage.
[2025-04-21T02:01:09.850+0000] {my_dag.py:108} INFO - Uploaded timetable_cleaned_20250421_020109_78081.json to s3://tfl/Sunday at timestamp 20250421_020109_78081
[2025-04-21T02:01:09.875+0000] {logging_mixin.py:190} INFO - key data/raw/timetables/snapshot_20250421_010755_20693.json
[2025-04-21T02:01:09.884+0000] {logging_mixin.py:190} INFO - saving key:  Sunday
[2025-04-21T02:01:09.928+0000] {hook.py:208} WARNING - Data lineage tracking is disabled. Register a hook lineage reader to start tracking hook lineage.
[2025-04-21T02:01:09.929+0000] {hook.py:208} WARNING - Data lineage tracking is disabled. Register a hook lineage reader to start tracking hook lineage.
[2025-04-21T02:01:09.930+0000] {my_dag.py:108} INFO - Uploaded timetable_cleaned_20250421_020109_88461.json to s3://tfl/Sunday at timestamp 20250421_020109_88461
[2025-04-21T02:01:09.951+0000] {logging_mixin.py:190} INFO - key data/raw/timetables/snapshot_20250421_010902_73445.json
[2025-04-21T02:01:09.967+0000] {logging_mixin.py:190} INFO - saving key:  Sunday
[2025-04-21T02:01:10.033+0000] {hook.py:208} WARNING - Data lineage tracking is disabled. Register a hook lineage reader to start tracking hook lineage.
[2025-04-21T02:01:10.034+0000] {hook.py:208} WARNING - Data lineage tracking is disabled. Register a hook lineage reader to start tracking hook lineage.
[2025-04-21T02:01:10.035+0000] {my_dag.py:108} INFO - Uploaded timetable_cleaned_20250421_020109_96744.json to s3://tfl/Sunday at timestamp 20250421_020109_96744
[2025-04-21T02:01:10.074+0000] {logging_mixin.py:190} INFO - key data/raw/timetables/snapshot_20250421_011018_01839.json
[2025-04-21T02:01:10.095+0000] {logging_mixin.py:190} INFO - saving key:  Sunday
[2025-04-21T02:01:10.213+0000] {hook.py:208} WARNING - Data lineage tracking is disabled. Register a hook lineage reader to start tracking hook lineage.
[2025-04-21T02:01:10.214+0000] {hook.py:208} WARNING - Data lineage tracking is disabled. Register a hook lineage reader to start tracking hook lineage.
[2025-04-21T02:01:10.215+0000] {my_dag.py:108} INFO - Uploaded timetable_cleaned_20250421_020110_09507.json to s3://tfl/Sunday at timestamp 20250421_020110_09507
[2025-04-21T02:01:10.224+0000] {logging_mixin.py:190} INFO - key data/raw/timetables/snapshot_20250421_011135_43855.json
[2025-04-21T02:01:10.262+0000] {logging_mixin.py:190} INFO - key data/raw/timetables/snapshot_20250421_011238_82427.json
[2025-04-21T02:01:10.277+0000] {logging_mixin.py:190} INFO - saving key:  Sunday
[2025-04-21T02:01:10.377+0000] {hook.py:208} WARNING - Data lineage tracking is disabled. Register a hook lineage reader to start tracking hook lineage.
[2025-04-21T02:01:10.378+0000] {hook.py:208} WARNING - Data lineage tracking is disabled. Register a hook lineage reader to start tracking hook lineage.
[2025-04-21T02:01:10.379+0000] {my_dag.py:108} INFO - Uploaded timetable_cleaned_20250421_020110_27785.json to s3://tfl/Sunday at timestamp 20250421_020110_27785
[2025-04-21T02:01:10.390+0000] {logging_mixin.py:190} INFO - key data/raw/timetables/snapshot_20250421_011343_94052.json
[2025-04-21T02:01:10.399+0000] {logging_mixin.py:190} INFO - key data/raw/timetables/snapshot_20250421_011447_82216.json
[2025-04-21T02:01:10.407+0000] {logging_mixin.py:190} INFO - key data/raw/timetables/snapshot_20250421_011551_33368.json
[2025-04-21T02:01:10.417+0000] {logging_mixin.py:190} INFO - key data/raw/timetables/snapshot_20250421_011657_09417.json
[2025-04-21T02:01:10.418+0000] {python.py:240} INFO - Done. Returned value was: None
[2025-04-21T02:01:10.424+0000] {taskinstance.py:341} INFO - ::group::Post task execution logs
[2025-04-21T02:01:10.425+0000] {taskinstance.py:353} INFO - Marking task as SUCCESS. dag_id=TFL_DATA_DAG, task_id=transform_data, run_id=manual__2025-04-21T00:52:56.840155+00:00, execution_date=20250421T005256, start_date=20250421T020108, end_date=20250421T020110
[2025-04-21T02:01:10.465+0000] {local_task_job_runner.py:266} INFO - Task exited with return code 0
[2025-04-21T02:01:10.474+0000] {taskinstance.py:3901} INFO - 0 downstream tasks scheduled from follow-on schedule check
[2025-04-21T02:01:10.478+0000] {local_task_job_runner.py:245} INFO - ::endgroup::
