[2025-04-21T01:30:53.108+0000] {local_task_job_runner.py:123} INFO - ::group::Pre task execution logs
[2025-04-21T01:30:53.137+0000] {taskinstance.py:2614} INFO - Dependencies all met for dep_context=non-requeueable deps ti=<TaskInstance: TFL_DATA_DAG.transform_data manual__2025-04-21T00:52:56.840155+00:00 [queued]>
[2025-04-21T01:30:53.151+0000] {taskinstance.py:2614} INFO - Dependencies all met for dep_context=requeueable deps ti=<TaskInstance: TFL_DATA_DAG.transform_data manual__2025-04-21T00:52:56.840155+00:00 [queued]>
[2025-04-21T01:30:53.153+0000] {taskinstance.py:2867} INFO - Starting attempt 17 of 22
[2025-04-21T01:30:53.172+0000] {taskinstance.py:2890} INFO - Executing <Task(PythonOperator): transform_data> on 2025-04-21 00:52:56.840155+00:00
[2025-04-21T01:30:53.182+0000] {standard_task_runner.py:104} INFO - Running: ['***', 'tasks', 'run', 'TFL_DATA_DAG', 'transform_data', 'manual__2025-04-21T00:52:56.840155+00:00', '--job-id', '267', '--raw', '--subdir', 'DAGS_FOLDER/my_dag.py', '--cfg-path', '/tmp/tmpxko7toyu']
[2025-04-21T01:30:53.186+0000] {standard_task_runner.py:105} INFO - Job 267: Subtask transform_data
[2025-04-21T01:30:53.187+0000] {logging_mixin.py:190} WARNING - /home/***/.local/lib/python3.12/site-packages/***/task/task_runner/standard_task_runner.py:70 DeprecationWarning: This process (pid=1277) is multi-threaded, use of fork() may lead to deadlocks in the child.
[2025-04-21T01:30:53.189+0000] {standard_task_runner.py:72} INFO - Started process 1278 to run task
[2025-04-21T01:30:53.255+0000] {task_command.py:467} INFO - Running <TaskInstance: TFL_DATA_DAG.transform_data manual__2025-04-21T00:52:56.840155+00:00 [running]> on host 197005dfdcea
[2025-04-21T01:30:53.363+0000] {taskinstance.py:3134} INFO - Exporting env vars: AIRFLOW_CTX_DAG_OWNER='abdulsalam' AIRFLOW_CTX_DAG_ID='TFL_DATA_DAG' AIRFLOW_CTX_TASK_ID='transform_data' AIRFLOW_CTX_EXECUTION_DATE='2025-04-21T00:52:56.840155+00:00' AIRFLOW_CTX_TRY_NUMBER='17' AIRFLOW_CTX_DAG_RUN_ID='manual__2025-04-21T00:52:56.840155+00:00'
[2025-04-21T01:30:53.365+0000] {taskinstance.py:732} INFO - ::endgroup::
[2025-04-21T01:30:53.420+0000] {base.py:84} INFO - Retrieving connection 'minio_conn'
[2025-04-21T01:30:53.422+0000] {connection_wrapper.py:328} INFO - AWS Connection (conn_id='minio_conn', conn_type='aws') credentials retrieved from extra.
[2025-04-21T01:30:53.948+0000] {logging_mixin.py:190} INFO - key data/raw/timetables/snapshot_20250421_010433_22637.json
[2025-04-21T01:30:54.371+0000] {hook.py:208} WARNING - Data lineage tracking is disabled. Register a hook lineage reader to start tracking hook lineage.
[2025-04-21T01:30:54.373+0000] {my_dag.py:106} INFO - Uploaded timetable_cleaned_20250421_013053_97936.json to s3://tfl/Sunday at timestamp 20250421_013053_97936
[2025-04-21T01:30:54.417+0000] {logging_mixin.py:190} INFO - key data/raw/timetables/snapshot_20250421_010540_24868.json
[2025-04-21T01:30:54.495+0000] {hook.py:208} WARNING - Data lineage tracking is disabled. Register a hook lineage reader to start tracking hook lineage.
[2025-04-21T01:30:54.497+0000] {hook.py:208} WARNING - Data lineage tracking is disabled. Register a hook lineage reader to start tracking hook lineage.
[2025-04-21T01:30:54.498+0000] {my_dag.py:106} INFO - Uploaded timetable_cleaned_20250421_013054_43812.json to s3://tfl/Sunday at timestamp 20250421_013054_43812
[2025-04-21T01:30:54.542+0000] {logging_mixin.py:190} INFO - key data/raw/timetables/snapshot_20250421_010645_39443.json
[2025-04-21T01:30:54.628+0000] {hook.py:208} WARNING - Data lineage tracking is disabled. Register a hook lineage reader to start tracking hook lineage.
[2025-04-21T01:30:54.630+0000] {hook.py:208} WARNING - Data lineage tracking is disabled. Register a hook lineage reader to start tracking hook lineage.
[2025-04-21T01:30:54.631+0000] {my_dag.py:106} INFO - Uploaded timetable_cleaned_20250421_013054_55945.json to s3://tfl/Sunday at timestamp 20250421_013054_55945
[2025-04-21T01:30:54.686+0000] {logging_mixin.py:190} INFO - key data/raw/timetables/snapshot_20250421_010755_20693.json
[2025-04-21T01:30:54.791+0000] {hook.py:208} WARNING - Data lineage tracking is disabled. Register a hook lineage reader to start tracking hook lineage.
[2025-04-21T01:30:54.794+0000] {hook.py:208} WARNING - Data lineage tracking is disabled. Register a hook lineage reader to start tracking hook lineage.
[2025-04-21T01:30:54.795+0000] {my_dag.py:106} INFO - Uploaded timetable_cleaned_20250421_013054_70546.json to s3://tfl/Sunday at timestamp 20250421_013054_70546
[2025-04-21T01:30:54.840+0000] {logging_mixin.py:190} INFO - key data/raw/timetables/snapshot_20250421_010902_73445.json
[2025-04-21T01:30:55.014+0000] {hook.py:208} WARNING - Data lineage tracking is disabled. Register a hook lineage reader to start tracking hook lineage.
[2025-04-21T01:30:55.015+0000] {hook.py:208} WARNING - Data lineage tracking is disabled. Register a hook lineage reader to start tracking hook lineage.
[2025-04-21T01:30:55.017+0000] {my_dag.py:106} INFO - Uploaded timetable_cleaned_20250421_013054_87549.json to s3://tfl/Sunday at timestamp 20250421_013054_87549
[2025-04-21T01:30:55.060+0000] {logging_mixin.py:190} INFO - key data/raw/timetables/snapshot_20250421_011018_01839.json
[2025-04-21T01:30:55.214+0000] {hook.py:208} WARNING - Data lineage tracking is disabled. Register a hook lineage reader to start tracking hook lineage.
[2025-04-21T01:30:55.216+0000] {hook.py:208} WARNING - Data lineage tracking is disabled. Register a hook lineage reader to start tracking hook lineage.
[2025-04-21T01:30:55.218+0000] {my_dag.py:106} INFO - Uploaded timetable_cleaned_20250421_013055_09246.json to s3://tfl/Sunday at timestamp 20250421_013055_09246
[2025-04-21T01:30:55.234+0000] {logging_mixin.py:190} INFO - key data/raw/timetables/snapshot_20250421_011135_43855.json
[2025-04-21T01:30:55.236+0000] {taskinstance.py:3313} ERROR - Task failed with exception
Traceback (most recent call last):
  File "/home/airflow/.local/lib/python3.12/site-packages/airflow/models/taskinstance.py", line 768, in _execute_task
    result = _execute_callable(context=context, **execute_callable_kwargs)
             ^^^^^^^^^^^^^^^^^^^^^^^^^^^^^^^^^^^^^^^^^^^^^^^^^^^^^^^^^^^^^
  File "/home/airflow/.local/lib/python3.12/site-packages/airflow/models/taskinstance.py", line 734, in _execute_callable
    return ExecutionCallableRunner(
           ^^^^^^^^^^^^^^^^^^^^^^^^
  File "/home/airflow/.local/lib/python3.12/site-packages/airflow/utils/operator_helpers.py", line 252, in run
    return self.func(*args, **kwargs)
           ^^^^^^^^^^^^^^^^^^^^^^^^^^
  File "/home/airflow/.local/lib/python3.12/site-packages/airflow/models/baseoperator.py", line 424, in wrapper
    return func(self, *args, **kwargs)
           ^^^^^^^^^^^^^^^^^^^^^^^^^^^
  File "/home/airflow/.local/lib/python3.12/site-packages/airflow/operators/python.py", line 238, in execute
    return_value = self.execute_callable()
                   ^^^^^^^^^^^^^^^^^^^^^^^
  File "/home/airflow/.local/lib/python3.12/site-packages/airflow/operators/python.py", line 256, in execute_callable
    return runner.run(*self.op_args, **self.op_kwargs)
           ^^^^^^^^^^^^^^^^^^^^^^^^^^^^^^^^^^^^^^^^^^^
  File "/home/airflow/.local/lib/python3.12/site-packages/airflow/utils/operator_helpers.py", line 252, in run
    return self.func(*args, **kwargs)
           ^^^^^^^^^^^^^^^^^^^^^^^^^^
  File "/opt/airflow/dags/my_dag.py", line 140, in transform_data
    direction = data["direction"]
                ~~~~^^^^^^^^^^^^^
KeyError: 'direction'
[2025-04-21T01:30:55.256+0000] {taskinstance.py:1226} INFO - Marking task as UP_FOR_RETRY. dag_id=TFL_DATA_DAG, task_id=transform_data, run_id=manual__2025-04-21T00:52:56.840155+00:00, execution_date=20250421T005256, start_date=20250421T013053, end_date=20250421T013055
[2025-04-21T01:30:55.310+0000] {taskinstance.py:341} INFO - ::group::Post task execution logs
[2025-04-21T01:30:55.312+0000] {standard_task_runner.py:124} ERROR - Failed to execute job 267 for task transform_data ('direction'; 1278)
Traceback (most recent call last):
  File "/home/airflow/.local/lib/python3.12/site-packages/airflow/task/task_runner/standard_task_runner.py", line 117, in _start_by_fork
    ret = args.func(args, dag=self.dag)
          ^^^^^^^^^^^^^^^^^^^^^^^^^^^^^
  File "/home/airflow/.local/lib/python3.12/site-packages/airflow/cli/cli_config.py", line 49, in command
    return func(*args, **kwargs)
           ^^^^^^^^^^^^^^^^^^^^^
  File "/home/airflow/.local/lib/python3.12/site-packages/airflow/utils/cli.py", line 116, in wrapper
    return f(*args, **kwargs)
           ^^^^^^^^^^^^^^^^^^
  File "/home/airflow/.local/lib/python3.12/site-packages/airflow/cli/commands/task_command.py", line 483, in task_run
    task_return_code = _run_task_by_selected_method(args, _dag, ti)
                       ^^^^^^^^^^^^^^^^^^^^^^^^^^^^^^^^^^^^^^^^^^^^
  File "/home/airflow/.local/lib/python3.12/site-packages/airflow/cli/commands/task_command.py", line 256, in _run_task_by_selected_method
    return _run_raw_task(args, ti)
           ^^^^^^^^^^^^^^^^^^^^^^^
  File "/home/airflow/.local/lib/python3.12/site-packages/airflow/cli/commands/task_command.py", line 341, in _run_raw_task
    return ti._run_raw_task(
           ^^^^^^^^^^^^^^^^^
  File "/home/airflow/.local/lib/python3.12/site-packages/airflow/utils/session.py", line 97, in wrapper
    return func(*args, session=session, **kwargs)
           ^^^^^^^^^^^^^^^^^^^^^^^^^^^^^^^^^^^^^^
  File "/home/airflow/.local/lib/python3.12/site-packages/airflow/models/taskinstance.py", line 3006, in _run_raw_task
    return _run_raw_task(
           ^^^^^^^^^^^^^^
  File "/home/airflow/.local/lib/python3.12/site-packages/airflow/models/taskinstance.py", line 274, in _run_raw_task
    TaskInstance._execute_task_with_callbacks(
  File "/home/airflow/.local/lib/python3.12/site-packages/airflow/models/taskinstance.py", line 3161, in _execute_task_with_callbacks
    result = self._execute_task(context, task_orig)
             ^^^^^^^^^^^^^^^^^^^^^^^^^^^^^^^^^^^^^^
  File "/home/airflow/.local/lib/python3.12/site-packages/airflow/models/taskinstance.py", line 3185, in _execute_task
    return _execute_task(self, context, task_orig)
           ^^^^^^^^^^^^^^^^^^^^^^^^^^^^^^^^^^^^^^^
  File "/home/airflow/.local/lib/python3.12/site-packages/airflow/models/taskinstance.py", line 768, in _execute_task
    result = _execute_callable(context=context, **execute_callable_kwargs)
             ^^^^^^^^^^^^^^^^^^^^^^^^^^^^^^^^^^^^^^^^^^^^^^^^^^^^^^^^^^^^^
  File "/home/airflow/.local/lib/python3.12/site-packages/airflow/models/taskinstance.py", line 734, in _execute_callable
    return ExecutionCallableRunner(
           ^^^^^^^^^^^^^^^^^^^^^^^^
  File "/home/airflow/.local/lib/python3.12/site-packages/airflow/utils/operator_helpers.py", line 252, in run
    return self.func(*args, **kwargs)
           ^^^^^^^^^^^^^^^^^^^^^^^^^^
  File "/home/airflow/.local/lib/python3.12/site-packages/airflow/models/baseoperator.py", line 424, in wrapper
    return func(self, *args, **kwargs)
           ^^^^^^^^^^^^^^^^^^^^^^^^^^^
  File "/home/airflow/.local/lib/python3.12/site-packages/airflow/operators/python.py", line 238, in execute
    return_value = self.execute_callable()
                   ^^^^^^^^^^^^^^^^^^^^^^^
  File "/home/airflow/.local/lib/python3.12/site-packages/airflow/operators/python.py", line 256, in execute_callable
    return runner.run(*self.op_args, **self.op_kwargs)
           ^^^^^^^^^^^^^^^^^^^^^^^^^^^^^^^^^^^^^^^^^^^
  File "/home/airflow/.local/lib/python3.12/site-packages/airflow/utils/operator_helpers.py", line 252, in run
    return self.func(*args, **kwargs)
           ^^^^^^^^^^^^^^^^^^^^^^^^^^
  File "/opt/airflow/dags/my_dag.py", line 140, in transform_data
    direction = data["direction"]
                ~~~~^^^^^^^^^^^^^
KeyError: 'direction'
[2025-04-21T01:30:55.342+0000] {local_task_job_runner.py:266} INFO - Task exited with return code 1
[2025-04-21T01:30:55.376+0000] {taskinstance.py:3901} INFO - 0 downstream tasks scheduled from follow-on schedule check
[2025-04-21T01:30:55.381+0000] {local_task_job_runner.py:245} INFO - ::endgroup::
