[2025-04-21T02:02:28.928+0000] {local_task_job_runner.py:123} INFO - ::group::Pre task execution logs
[2025-04-21T02:02:28.940+0000] {taskinstance.py:2614} INFO - Dependencies all met for dep_context=non-requeueable deps ti=<TaskInstance: TFL_DATA_DAG.transform_data manual__2025-04-21T00:52:56.840155+00:00 [queued]>
[2025-04-21T02:02:28.947+0000] {taskinstance.py:2614} INFO - Dependencies all met for dep_context=requeueable deps ti=<TaskInstance: TFL_DATA_DAG.transform_data manual__2025-04-21T00:52:56.840155+00:00 [queued]>
[2025-04-21T02:02:28.948+0000] {taskinstance.py:2867} INFO - Starting attempt 31 of 36
[2025-04-21T02:02:28.958+0000] {taskinstance.py:2890} INFO - Executing <Task(PythonOperator): transform_data> on 2025-04-21 00:52:56.840155+00:00
[2025-04-21T02:02:28.963+0000] {standard_task_runner.py:104} INFO - Running: ['***', 'tasks', 'run', 'TFL_DATA_DAG', 'transform_data', 'manual__2025-04-21T00:52:56.840155+00:00', '--job-id', '281', '--raw', '--subdir', 'DAGS_FOLDER/my_dag.py', '--cfg-path', '/tmp/tmph6za28e3']
[2025-04-21T02:02:28.964+0000] {logging_mixin.py:190} WARNING - /home/***/.local/lib/python3.12/site-packages/***/task/task_runner/standard_task_runner.py:70 DeprecationWarning: This process (pid=2501) is multi-threaded, use of fork() may lead to deadlocks in the child.
[2025-04-21T02:02:28.965+0000] {standard_task_runner.py:72} INFO - Started process 2502 to run task
[2025-04-21T02:02:28.965+0000] {standard_task_runner.py:105} INFO - Job 281: Subtask transform_data
[2025-04-21T02:02:28.998+0000] {task_command.py:467} INFO - Running <TaskInstance: TFL_DATA_DAG.transform_data manual__2025-04-21T00:52:56.840155+00:00 [running]> on host 197005dfdcea
[2025-04-21T02:02:29.045+0000] {taskinstance.py:3134} INFO - Exporting env vars: AIRFLOW_CTX_DAG_OWNER='abdulsalam' AIRFLOW_CTX_DAG_ID='TFL_DATA_DAG' AIRFLOW_CTX_TASK_ID='transform_data' AIRFLOW_CTX_EXECUTION_DATE='2025-04-21T00:52:56.840155+00:00' AIRFLOW_CTX_TRY_NUMBER='31' AIRFLOW_CTX_DAG_RUN_ID='manual__2025-04-21T00:52:56.840155+00:00'
[2025-04-21T02:02:29.046+0000] {taskinstance.py:732} INFO - ::endgroup::
[2025-04-21T02:02:29.066+0000] {base.py:84} INFO - Retrieving connection 'minio_conn'
[2025-04-21T02:02:29.066+0000] {connection_wrapper.py:328} INFO - AWS Connection (conn_id='minio_conn', conn_type='aws') credentials retrieved from extra.
[2025-04-21T02:02:29.219+0000] {logging_mixin.py:190} INFO - cleaning:  data/raw/stop_points/snapshot_20250421_010357_06314.json
[2025-04-21T02:02:29.227+0000] {logging_mixin.py:190} INFO - cleaning:  data/raw/stop_points/snapshot_20250421_010504_93531.json
[2025-04-21T02:02:29.234+0000] {logging_mixin.py:190} INFO - cleaning:  data/raw/stop_points/snapshot_20250421_010613_21054.json
[2025-04-21T02:02:29.247+0000] {logging_mixin.py:190} INFO - cleaning:  data/raw/stop_points/snapshot_20250421_010717_13343.json
[2025-04-21T02:02:29.258+0000] {logging_mixin.py:190} INFO - cleaning:  data/raw/stop_points/snapshot_20250421_010829_42231.json
[2025-04-21T02:02:29.266+0000] {logging_mixin.py:190} INFO - cleaning:  data/raw/stop_points/snapshot_20250421_010938_76117.json
[2025-04-21T02:02:29.274+0000] {logging_mixin.py:190} INFO - cleaning:  data/raw/stop_points/snapshot_20250421_011057_99282.json
[2025-04-21T02:02:29.280+0000] {logging_mixin.py:190} INFO - cleaning:  data/raw/stop_points/snapshot_20250421_011207_14671.json
[2025-04-21T02:02:29.287+0000] {logging_mixin.py:190} INFO - cleaning:  data/raw/stop_points/snapshot_20250421_011311_10128.json
[2025-04-21T02:02:29.295+0000] {logging_mixin.py:190} INFO - cleaning:  data/raw/stop_points/snapshot_20250421_011415_44925.json
[2025-04-21T02:02:29.303+0000] {logging_mixin.py:190} INFO - cleaning:  data/raw/stop_points/snapshot_20250421_011519_31499.json
[2025-04-21T02:02:29.309+0000] {logging_mixin.py:190} INFO - cleaning:  data/raw/stop_points/snapshot_20250421_011624_66421.json
[2025-04-21T02:02:29.328+0000] {logging_mixin.py:190} INFO - key data/raw/timetables/snapshot_20250421_010433_22637.json
[2025-04-21T02:02:29.342+0000] {logging_mixin.py:190} INFO - saving key:  Sunday
[2025-04-21T02:02:29.563+0000] {hook.py:208} WARNING - Data lineage tracking is disabled. Register a hook lineage reader to start tracking hook lineage.
[2025-04-21T02:02:29.564+0000] {my_dag.py:108} INFO - Uploaded timetable_cleaned_20250421_020229_34289.json to s3://tfl/Sunday at timestamp 20250421_020229_34289
[2025-04-21T02:02:29.606+0000] {logging_mixin.py:190} INFO - key data/raw/timetables/snapshot_20250421_010540_24868.json
[2025-04-21T02:02:29.614+0000] {logging_mixin.py:190} INFO - saving key:  Sunday
[2025-04-21T02:02:29.664+0000] {hook.py:208} WARNING - Data lineage tracking is disabled. Register a hook lineage reader to start tracking hook lineage.
[2025-04-21T02:02:29.666+0000] {hook.py:208} WARNING - Data lineage tracking is disabled. Register a hook lineage reader to start tracking hook lineage.
[2025-04-21T02:02:29.667+0000] {my_dag.py:108} INFO - Uploaded timetable_cleaned_20250421_020229_61412.json to s3://tfl/Sunday at timestamp 20250421_020229_61412
[2025-04-21T02:02:29.714+0000] {logging_mixin.py:190} INFO - key data/raw/timetables/snapshot_20250421_010645_39443.json
[2025-04-21T02:02:29.722+0000] {logging_mixin.py:190} INFO - saving key:  Sunday
[2025-04-21T02:02:29.780+0000] {hook.py:208} WARNING - Data lineage tracking is disabled. Register a hook lineage reader to start tracking hook lineage.
[2025-04-21T02:02:29.781+0000] {hook.py:208} WARNING - Data lineage tracking is disabled. Register a hook lineage reader to start tracking hook lineage.
[2025-04-21T02:02:29.782+0000] {my_dag.py:108} INFO - Uploaded timetable_cleaned_20250421_020229_72258.json to s3://tfl/Sunday at timestamp 20250421_020229_72258
[2025-04-21T02:02:29.841+0000] {logging_mixin.py:190} INFO - key data/raw/timetables/snapshot_20250421_010755_20693.json
[2025-04-21T02:02:29.850+0000] {logging_mixin.py:190} INFO - saving key:  Sunday
[2025-04-21T02:02:29.911+0000] {hook.py:208} WARNING - Data lineage tracking is disabled. Register a hook lineage reader to start tracking hook lineage.
[2025-04-21T02:02:29.912+0000] {hook.py:208} WARNING - Data lineage tracking is disabled. Register a hook lineage reader to start tracking hook lineage.
[2025-04-21T02:02:29.913+0000] {my_dag.py:108} INFO - Uploaded timetable_cleaned_20250421_020229_85086.json to s3://tfl/Sunday at timestamp 20250421_020229_85086
[2025-04-21T02:02:29.964+0000] {logging_mixin.py:190} INFO - key data/raw/timetables/snapshot_20250421_010902_73445.json
[2025-04-21T02:02:29.984+0000] {logging_mixin.py:190} INFO - saving key:  Sunday
[2025-04-21T02:02:30.099+0000] {hook.py:208} WARNING - Data lineage tracking is disabled. Register a hook lineage reader to start tracking hook lineage.
[2025-04-21T02:02:30.100+0000] {hook.py:208} WARNING - Data lineage tracking is disabled. Register a hook lineage reader to start tracking hook lineage.
[2025-04-21T02:02:30.101+0000] {my_dag.py:108} INFO - Uploaded timetable_cleaned_20250421_020229_98453.json to s3://tfl/Sunday at timestamp 20250421_020229_98453
[2025-04-21T02:02:30.119+0000] {logging_mixin.py:190} INFO - key data/raw/timetables/snapshot_20250421_011018_01839.json
[2025-04-21T02:02:30.135+0000] {logging_mixin.py:190} INFO - saving key:  Sunday
[2025-04-21T02:02:30.195+0000] {hook.py:208} WARNING - Data lineage tracking is disabled. Register a hook lineage reader to start tracking hook lineage.
[2025-04-21T02:02:30.196+0000] {hook.py:208} WARNING - Data lineage tracking is disabled. Register a hook lineage reader to start tracking hook lineage.
[2025-04-21T02:02:30.197+0000] {my_dag.py:108} INFO - Uploaded timetable_cleaned_20250421_020230_13565.json to s3://tfl/Sunday at timestamp 20250421_020230_13565
[2025-04-21T02:02:30.204+0000] {logging_mixin.py:190} INFO - key data/raw/timetables/snapshot_20250421_011135_43855.json
[2025-04-21T02:02:30.220+0000] {logging_mixin.py:190} INFO - key data/raw/timetables/snapshot_20250421_011238_82427.json
[2025-04-21T02:02:30.239+0000] {logging_mixin.py:190} INFO - saving key:  Sunday
[2025-04-21T02:02:30.294+0000] {hook.py:208} WARNING - Data lineage tracking is disabled. Register a hook lineage reader to start tracking hook lineage.
[2025-04-21T02:02:30.296+0000] {hook.py:208} WARNING - Data lineage tracking is disabled. Register a hook lineage reader to start tracking hook lineage.
[2025-04-21T02:02:30.297+0000] {my_dag.py:108} INFO - Uploaded timetable_cleaned_20250421_020230_23957.json to s3://tfl/Sunday at timestamp 20250421_020230_23957
[2025-04-21T02:02:30.303+0000] {logging_mixin.py:190} INFO - key data/raw/timetables/snapshot_20250421_011343_94052.json
[2025-04-21T02:02:30.309+0000] {logging_mixin.py:190} INFO - key data/raw/timetables/snapshot_20250421_011447_82216.json
[2025-04-21T02:02:30.315+0000] {logging_mixin.py:190} INFO - key data/raw/timetables/snapshot_20250421_011551_33368.json
[2025-04-21T02:02:30.322+0000] {logging_mixin.py:190} INFO - key data/raw/timetables/snapshot_20250421_011657_09417.json
[2025-04-21T02:02:30.324+0000] {python.py:240} INFO - Done. Returned value was: None
[2025-04-21T02:02:30.329+0000] {taskinstance.py:341} INFO - ::group::Post task execution logs
[2025-04-21T02:02:30.330+0000] {taskinstance.py:353} INFO - Marking task as SUCCESS. dag_id=TFL_DATA_DAG, task_id=transform_data, run_id=manual__2025-04-21T00:52:56.840155+00:00, execution_date=20250421T005256, start_date=20250421T020228, end_date=20250421T020230
[2025-04-21T02:02:30.377+0000] {local_task_job_runner.py:266} INFO - Task exited with return code 0
[2025-04-21T02:02:30.390+0000] {taskinstance.py:3901} INFO - 0 downstream tasks scheduled from follow-on schedule check
[2025-04-21T02:02:30.393+0000] {local_task_job_runner.py:245} INFO - ::endgroup::
