[2025-04-21T02:10:33.308+0000] {local_task_job_runner.py:123} INFO - ::group::Pre task execution logs
[2025-04-21T02:10:33.322+0000] {taskinstance.py:2614} INFO - Dependencies all met for dep_context=non-requeueable deps ti=<TaskInstance: TFL_DATA_DAG.transform_data manual__2025-04-21T00:52:56.840155+00:00 [queued]>
[2025-04-21T02:10:33.329+0000] {taskinstance.py:2614} INFO - Dependencies all met for dep_context=requeueable deps ti=<TaskInstance: TFL_DATA_DAG.transform_data manual__2025-04-21T00:52:56.840155+00:00 [queued]>
[2025-04-21T02:10:33.330+0000] {taskinstance.py:2867} INFO - Starting attempt 35 of 40
[2025-04-21T02:10:33.339+0000] {taskinstance.py:2890} INFO - Executing <Task(PythonOperator): transform_data> on 2025-04-21 00:52:56.840155+00:00
[2025-04-21T02:10:33.343+0000] {logging_mixin.py:190} WARNING - /home/***/.local/lib/python3.12/site-packages/***/task/task_runner/standard_task_runner.py:70 DeprecationWarning: This process (pid=2835) is multi-threaded, use of fork() may lead to deadlocks in the child.
[2025-04-21T02:10:33.344+0000] {standard_task_runner.py:104} INFO - Running: ['***', 'tasks', 'run', 'TFL_DATA_DAG', 'transform_data', 'manual__2025-04-21T00:52:56.840155+00:00', '--job-id', '285', '--raw', '--subdir', 'DAGS_FOLDER/my_dag.py', '--cfg-path', '/tmp/tmpai_9zpzc']
[2025-04-21T02:10:33.345+0000] {standard_task_runner.py:72} INFO - Started process 2836 to run task
[2025-04-21T02:10:33.349+0000] {standard_task_runner.py:105} INFO - Job 285: Subtask transform_data
[2025-04-21T02:10:33.411+0000] {task_command.py:467} INFO - Running <TaskInstance: TFL_DATA_DAG.transform_data manual__2025-04-21T00:52:56.840155+00:00 [running]> on host 197005dfdcea
[2025-04-21T02:10:33.461+0000] {taskinstance.py:3134} INFO - Exporting env vars: AIRFLOW_CTX_DAG_OWNER='abdulsalam' AIRFLOW_CTX_DAG_ID='TFL_DATA_DAG' AIRFLOW_CTX_TASK_ID='transform_data' AIRFLOW_CTX_EXECUTION_DATE='2025-04-21T00:52:56.840155+00:00' AIRFLOW_CTX_TRY_NUMBER='35' AIRFLOW_CTX_DAG_RUN_ID='manual__2025-04-21T00:52:56.840155+00:00'
[2025-04-21T02:10:33.463+0000] {taskinstance.py:732} INFO - ::endgroup::
[2025-04-21T02:10:33.481+0000] {logging_mixin.py:190} INFO - ['data/raw/stop_points/snapshot_20250421_010357_06314.json', 'data/raw/stop_points/snapshot_20250421_010504_93531.json', 'data/raw/stop_points/snapshot_20250421_010613_21054.json', 'data/raw/stop_points/snapshot_20250421_010717_13343.json', 'data/raw/stop_points/snapshot_20250421_010829_42231.json', 'data/raw/stop_points/snapshot_20250421_010938_76117.json', 'data/raw/stop_points/snapshot_20250421_011057_99282.json', 'data/raw/stop_points/snapshot_20250421_011207_14671.json', 'data/raw/stop_points/snapshot_20250421_011311_10128.json', 'data/raw/stop_points/snapshot_20250421_011415_44925.json', 'data/raw/stop_points/snapshot_20250421_011519_31499.json', 'data/raw/stop_points/snapshot_20250421_011624_66421.json']
[2025-04-21T02:10:33.487+0000] {base.py:84} INFO - Retrieving connection 'minio_conn'
[2025-04-21T02:10:33.490+0000] {connection_wrapper.py:328} INFO - AWS Connection (conn_id='minio_conn', conn_type='aws') credentials retrieved from extra.
[2025-04-21T02:10:33.655+0000] {logging_mixin.py:190} INFO - cleaning:  data/raw/stop_points/snapshot_20250421_010357_06314.json
[2025-04-21T02:10:33.663+0000] {logging_mixin.py:190} INFO - cleaning:  data/raw/stop_points/snapshot_20250421_010504_93531.json
[2025-04-21T02:10:33.674+0000] {logging_mixin.py:190} INFO - cleaning:  data/raw/stop_points/snapshot_20250421_010613_21054.json
[2025-04-21T02:10:33.683+0000] {logging_mixin.py:190} INFO - cleaning:  data/raw/stop_points/snapshot_20250421_010717_13343.json
[2025-04-21T02:10:33.698+0000] {logging_mixin.py:190} INFO - cleaning:  data/raw/stop_points/snapshot_20250421_010829_42231.json
[2025-04-21T02:10:33.707+0000] {logging_mixin.py:190} INFO - cleaning:  data/raw/stop_points/snapshot_20250421_010938_76117.json
[2025-04-21T02:10:33.716+0000] {logging_mixin.py:190} INFO - cleaning:  data/raw/stop_points/snapshot_20250421_011057_99282.json
[2025-04-21T02:10:33.725+0000] {logging_mixin.py:190} INFO - cleaning:  data/raw/stop_points/snapshot_20250421_011207_14671.json
[2025-04-21T02:10:33.734+0000] {logging_mixin.py:190} INFO - cleaning:  data/raw/stop_points/snapshot_20250421_011311_10128.json
[2025-04-21T02:10:33.744+0000] {logging_mixin.py:190} INFO - cleaning:  data/raw/stop_points/snapshot_20250421_011415_44925.json
[2025-04-21T02:10:33.754+0000] {logging_mixin.py:190} INFO - cleaning:  data/raw/stop_points/snapshot_20250421_011519_31499.json
[2025-04-21T02:10:33.765+0000] {logging_mixin.py:190} INFO - cleaning:  data/raw/stop_points/snapshot_20250421_011624_66421.json
[2025-04-21T02:10:33.812+0000] {logging_mixin.py:190} INFO - cleaning:  data/raw/timetables/snapshot_20250421_010433_22637.json
[2025-04-21T02:10:33.816+0000] {logging_mixin.py:190} INFO - key data/raw/timetables/snapshot_20250421_010433_22637.json
[2025-04-21T02:10:33.833+0000] {logging_mixin.py:190} INFO - saving key:  data/cleaned/timetables/snapshot_20250421_010433_22637.json
[2025-04-21T02:10:34.062+0000] {hook.py:208} WARNING - Data lineage tracking is disabled. Register a hook lineage reader to start tracking hook lineage.
[2025-04-21T02:10:34.063+0000] {my_dag.py:108} INFO - Uploaded timetable_cleaned_20250421_021033_83314.json to s3://tfl/data/cleaned/timetables/snapshot_20250421_010433_22637.json at timestamp 20250421_021033_83314
[2025-04-21T02:10:34.118+0000] {logging_mixin.py:190} INFO - cleaning:  data/raw/timetables/snapshot_20250421_010540_24868.json
[2025-04-21T02:10:34.121+0000] {logging_mixin.py:190} INFO - key data/raw/timetables/snapshot_20250421_010540_24868.json
[2025-04-21T02:10:34.129+0000] {logging_mixin.py:190} INFO - saving key:  data/cleaned/timetables/snapshot_20250421_010540_24868.json
[2025-04-21T02:10:34.175+0000] {hook.py:208} WARNING - Data lineage tracking is disabled. Register a hook lineage reader to start tracking hook lineage.
[2025-04-21T02:10:34.176+0000] {hook.py:208} WARNING - Data lineage tracking is disabled. Register a hook lineage reader to start tracking hook lineage.
[2025-04-21T02:10:34.177+0000] {my_dag.py:108} INFO - Uploaded timetable_cleaned_20250421_021034_12947.json to s3://tfl/data/cleaned/timetables/snapshot_20250421_010540_24868.json at timestamp 20250421_021034_12947
[2025-04-21T02:10:34.232+0000] {logging_mixin.py:190} INFO - cleaning:  data/raw/timetables/snapshot_20250421_010645_39443.json
[2025-04-21T02:10:34.234+0000] {logging_mixin.py:190} INFO - key data/raw/timetables/snapshot_20250421_010645_39443.json
[2025-04-21T02:10:34.243+0000] {logging_mixin.py:190} INFO - saving key:  data/cleaned/timetables/snapshot_20250421_010645_39443.json
[2025-04-21T02:10:34.304+0000] {hook.py:208} WARNING - Data lineage tracking is disabled. Register a hook lineage reader to start tracking hook lineage.
[2025-04-21T02:10:34.305+0000] {hook.py:208} WARNING - Data lineage tracking is disabled. Register a hook lineage reader to start tracking hook lineage.
[2025-04-21T02:10:34.307+0000] {my_dag.py:108} INFO - Uploaded timetable_cleaned_20250421_021034_24368.json to s3://tfl/data/cleaned/timetables/snapshot_20250421_010645_39443.json at timestamp 20250421_021034_24368
[2025-04-21T02:10:34.369+0000] {logging_mixin.py:190} INFO - cleaning:  data/raw/timetables/snapshot_20250421_010755_20693.json
[2025-04-21T02:10:34.372+0000] {logging_mixin.py:190} INFO - key data/raw/timetables/snapshot_20250421_010755_20693.json
[2025-04-21T02:10:34.381+0000] {logging_mixin.py:190} INFO - saving key:  data/cleaned/timetables/snapshot_20250421_010755_20693.json
[2025-04-21T02:10:34.479+0000] {hook.py:208} WARNING - Data lineage tracking is disabled. Register a hook lineage reader to start tracking hook lineage.
[2025-04-21T02:10:34.480+0000] {hook.py:208} WARNING - Data lineage tracking is disabled. Register a hook lineage reader to start tracking hook lineage.
[2025-04-21T02:10:34.481+0000] {my_dag.py:108} INFO - Uploaded timetable_cleaned_20250421_021034_38185.json to s3://tfl/data/cleaned/timetables/snapshot_20250421_010755_20693.json at timestamp 20250421_021034_38185
[2025-04-21T02:10:34.501+0000] {logging_mixin.py:190} INFO - cleaning:  data/raw/timetables/snapshot_20250421_010902_73445.json
[2025-04-21T02:10:34.505+0000] {logging_mixin.py:190} INFO - key data/raw/timetables/snapshot_20250421_010902_73445.json
[2025-04-21T02:10:34.521+0000] {logging_mixin.py:190} INFO - saving key:  data/cleaned/timetables/snapshot_20250421_010902_73445.json
[2025-04-21T02:10:34.610+0000] {hook.py:208} WARNING - Data lineage tracking is disabled. Register a hook lineage reader to start tracking hook lineage.
[2025-04-21T02:10:34.611+0000] {hook.py:208} WARNING - Data lineage tracking is disabled. Register a hook lineage reader to start tracking hook lineage.
[2025-04-21T02:10:34.612+0000] {my_dag.py:108} INFO - Uploaded timetable_cleaned_20250421_021034_52166.json to s3://tfl/data/cleaned/timetables/snapshot_20250421_010902_73445.json at timestamp 20250421_021034_52166
[2025-04-21T02:10:34.648+0000] {logging_mixin.py:190} INFO - cleaning:  data/raw/timetables/snapshot_20250421_011018_01839.json
[2025-04-21T02:10:34.651+0000] {logging_mixin.py:190} INFO - key data/raw/timetables/snapshot_20250421_011018_01839.json
[2025-04-21T02:10:34.666+0000] {logging_mixin.py:190} INFO - saving key:  data/cleaned/timetables/snapshot_20250421_011018_01839.json
[2025-04-21T02:10:34.726+0000] {hook.py:208} WARNING - Data lineage tracking is disabled. Register a hook lineage reader to start tracking hook lineage.
[2025-04-21T02:10:34.727+0000] {hook.py:208} WARNING - Data lineage tracking is disabled. Register a hook lineage reader to start tracking hook lineage.
[2025-04-21T02:10:34.728+0000] {my_dag.py:108} INFO - Uploaded timetable_cleaned_20250421_021034_66610.json to s3://tfl/data/cleaned/timetables/snapshot_20250421_011018_01839.json at timestamp 20250421_021034_66610
[2025-04-21T02:10:34.735+0000] {logging_mixin.py:190} INFO - cleaning:  data/raw/timetables/snapshot_20250421_011135_43855.json
[2025-04-21T02:10:34.737+0000] {logging_mixin.py:190} INFO - key data/raw/timetables/snapshot_20250421_011135_43855.json
[2025-04-21T02:10:34.751+0000] {logging_mixin.py:190} INFO - cleaning:  data/raw/timetables/snapshot_20250421_011238_82427.json
[2025-04-21T02:10:34.753+0000] {logging_mixin.py:190} INFO - key data/raw/timetables/snapshot_20250421_011238_82427.json
[2025-04-21T02:10:34.768+0000] {logging_mixin.py:190} INFO - saving key:  data/cleaned/timetables/snapshot_20250421_011238_82427.json
[2025-04-21T02:10:34.834+0000] {hook.py:208} WARNING - Data lineage tracking is disabled. Register a hook lineage reader to start tracking hook lineage.
[2025-04-21T02:10:34.835+0000] {hook.py:208} WARNING - Data lineage tracking is disabled. Register a hook lineage reader to start tracking hook lineage.
[2025-04-21T02:10:34.836+0000] {my_dag.py:108} INFO - Uploaded timetable_cleaned_20250421_021034_76846.json to s3://tfl/data/cleaned/timetables/snapshot_20250421_011238_82427.json at timestamp 20250421_021034_76846
[2025-04-21T02:10:34.843+0000] {logging_mixin.py:190} INFO - cleaning:  data/raw/timetables/snapshot_20250421_011343_94052.json
[2025-04-21T02:10:34.845+0000] {logging_mixin.py:190} INFO - key data/raw/timetables/snapshot_20250421_011343_94052.json
[2025-04-21T02:10:34.852+0000] {logging_mixin.py:190} INFO - cleaning:  data/raw/timetables/snapshot_20250421_011447_82216.json
[2025-04-21T02:10:34.853+0000] {logging_mixin.py:190} INFO - key data/raw/timetables/snapshot_20250421_011447_82216.json
[2025-04-21T02:10:34.859+0000] {logging_mixin.py:190} INFO - cleaning:  data/raw/timetables/snapshot_20250421_011551_33368.json
[2025-04-21T02:10:34.860+0000] {logging_mixin.py:190} INFO - key data/raw/timetables/snapshot_20250421_011551_33368.json
[2025-04-21T02:10:34.866+0000] {logging_mixin.py:190} INFO - cleaning:  data/raw/timetables/snapshot_20250421_011657_09417.json
[2025-04-21T02:10:34.866+0000] {logging_mixin.py:190} INFO - key data/raw/timetables/snapshot_20250421_011657_09417.json
[2025-04-21T02:10:34.868+0000] {python.py:240} INFO - Done. Returned value was: None
[2025-04-21T02:10:34.873+0000] {taskinstance.py:341} INFO - ::group::Post task execution logs
[2025-04-21T02:10:34.874+0000] {taskinstance.py:353} INFO - Marking task as SUCCESS. dag_id=TFL_DATA_DAG, task_id=transform_data, run_id=manual__2025-04-21T00:52:56.840155+00:00, execution_date=20250421T005256, start_date=20250421T021033, end_date=20250421T021034
[2025-04-21T02:10:34.930+0000] {local_task_job_runner.py:266} INFO - Task exited with return code 0
[2025-04-21T02:10:34.950+0000] {taskinstance.py:3901} INFO - 0 downstream tasks scheduled from follow-on schedule check
[2025-04-21T02:10:34.962+0000] {local_task_job_runner.py:245} INFO - ::endgroup::
