[2025-04-21T01:31:56.472+0000] {local_task_job_runner.py:123} INFO - ::group::Pre task execution logs
[2025-04-21T01:31:56.505+0000] {taskinstance.py:2614} INFO - Dependencies all met for dep_context=non-requeueable deps ti=<TaskInstance: TFL_DATA_DAG.transform_data manual__2025-04-21T00:52:56.840155+00:00 [queued]>
[2025-04-21T01:31:56.520+0000] {taskinstance.py:2614} INFO - Dependencies all met for dep_context=requeueable deps ti=<TaskInstance: TFL_DATA_DAG.transform_data manual__2025-04-21T00:52:56.840155+00:00 [queued]>
[2025-04-21T01:31:56.522+0000] {taskinstance.py:2867} INFO - Starting attempt 18 of 22
[2025-04-21T01:31:56.543+0000] {taskinstance.py:2890} INFO - Executing <Task(PythonOperator): transform_data> on 2025-04-21 00:52:56.840155+00:00
[2025-04-21T01:31:56.551+0000] {standard_task_runner.py:104} INFO - Running: ['***', 'tasks', 'run', 'TFL_DATA_DAG', 'transform_data', 'manual__2025-04-21T00:52:56.840155+00:00', '--job-id', '268', '--raw', '--subdir', 'DAGS_FOLDER/my_dag.py', '--cfg-path', '/tmp/tmpffo_0eil']
[2025-04-21T01:31:56.554+0000] {standard_task_runner.py:105} INFO - Job 268: Subtask transform_data
[2025-04-21T01:31:56.554+0000] {logging_mixin.py:190} WARNING - /home/***/.local/lib/python3.12/site-packages/***/task/task_runner/standard_task_runner.py:70 DeprecationWarning: This process (pid=1324) is multi-threaded, use of fork() may lead to deadlocks in the child.
[2025-04-21T01:31:56.557+0000] {standard_task_runner.py:72} INFO - Started process 1325 to run task
[2025-04-21T01:31:56.643+0000] {task_command.py:467} INFO - Running <TaskInstance: TFL_DATA_DAG.transform_data manual__2025-04-21T00:52:56.840155+00:00 [running]> on host 197005dfdcea
[2025-04-21T01:31:56.769+0000] {taskinstance.py:3134} INFO - Exporting env vars: AIRFLOW_CTX_DAG_OWNER='abdulsalam' AIRFLOW_CTX_DAG_ID='TFL_DATA_DAG' AIRFLOW_CTX_TASK_ID='transform_data' AIRFLOW_CTX_EXECUTION_DATE='2025-04-21T00:52:56.840155+00:00' AIRFLOW_CTX_TRY_NUMBER='18' AIRFLOW_CTX_DAG_RUN_ID='manual__2025-04-21T00:52:56.840155+00:00'
[2025-04-21T01:31:56.772+0000] {taskinstance.py:732} INFO - ::endgroup::
[2025-04-21T01:31:56.821+0000] {base.py:84} INFO - Retrieving connection 'minio_conn'
[2025-04-21T01:31:56.823+0000] {connection_wrapper.py:328} INFO - AWS Connection (conn_id='minio_conn', conn_type='aws') credentials retrieved from extra.
[2025-04-21T01:31:57.373+0000] {logging_mixin.py:190} INFO - key data/raw/timetables/snapshot_20250421_010433_22637.json
[2025-04-21T01:31:57.852+0000] {hook.py:208} WARNING - Data lineage tracking is disabled. Register a hook lineage reader to start tracking hook lineage.
[2025-04-21T01:31:57.854+0000] {my_dag.py:106} INFO - Uploaded timetable_cleaned_20250421_013157_41008.json to s3://tfl/Sunday at timestamp 20250421_013157_41008
[2025-04-21T01:31:57.917+0000] {logging_mixin.py:190} INFO - key data/raw/timetables/snapshot_20250421_010540_24868.json
[2025-04-21T01:31:58.003+0000] {hook.py:208} WARNING - Data lineage tracking is disabled. Register a hook lineage reader to start tracking hook lineage.
[2025-04-21T01:31:58.005+0000] {hook.py:208} WARNING - Data lineage tracking is disabled. Register a hook lineage reader to start tracking hook lineage.
[2025-04-21T01:31:58.007+0000] {my_dag.py:106} INFO - Uploaded timetable_cleaned_20250421_013157_93345.json to s3://tfl/Sunday at timestamp 20250421_013157_93345
[2025-04-21T01:31:58.057+0000] {logging_mixin.py:190} INFO - key data/raw/timetables/snapshot_20250421_010645_39443.json
[2025-04-21T01:31:58.160+0000] {hook.py:208} WARNING - Data lineage tracking is disabled. Register a hook lineage reader to start tracking hook lineage.
[2025-04-21T01:31:58.162+0000] {hook.py:208} WARNING - Data lineage tracking is disabled. Register a hook lineage reader to start tracking hook lineage.
[2025-04-21T01:31:58.164+0000] {my_dag.py:106} INFO - Uploaded timetable_cleaned_20250421_013158_07615.json to s3://tfl/Sunday at timestamp 20250421_013158_07615
[2025-04-21T01:31:58.224+0000] {logging_mixin.py:190} INFO - key data/raw/timetables/snapshot_20250421_010755_20693.json
[2025-04-21T01:31:58.344+0000] {hook.py:208} WARNING - Data lineage tracking is disabled. Register a hook lineage reader to start tracking hook lineage.
[2025-04-21T01:31:58.346+0000] {hook.py:208} WARNING - Data lineage tracking is disabled. Register a hook lineage reader to start tracking hook lineage.
[2025-04-21T01:31:58.348+0000] {my_dag.py:106} INFO - Uploaded timetable_cleaned_20250421_013158_24598.json to s3://tfl/Sunday at timestamp 20250421_013158_24598
[2025-04-21T01:31:58.416+0000] {logging_mixin.py:190} INFO - key data/raw/timetables/snapshot_20250421_010902_73445.json
[2025-04-21T01:31:58.649+0000] {hook.py:208} WARNING - Data lineage tracking is disabled. Register a hook lineage reader to start tracking hook lineage.
[2025-04-21T01:31:58.652+0000] {hook.py:208} WARNING - Data lineage tracking is disabled. Register a hook lineage reader to start tracking hook lineage.
[2025-04-21T01:31:58.655+0000] {my_dag.py:106} INFO - Uploaded timetable_cleaned_20250421_013158_46246.json to s3://tfl/Sunday at timestamp 20250421_013158_46246
[2025-04-21T01:31:58.732+0000] {logging_mixin.py:190} INFO - key data/raw/timetables/snapshot_20250421_011018_01839.json
[2025-04-21T01:31:58.917+0000] {hook.py:208} WARNING - Data lineage tracking is disabled. Register a hook lineage reader to start tracking hook lineage.
[2025-04-21T01:31:58.919+0000] {hook.py:208} WARNING - Data lineage tracking is disabled. Register a hook lineage reader to start tracking hook lineage.
[2025-04-21T01:31:58.921+0000] {my_dag.py:106} INFO - Uploaded timetable_cleaned_20250421_013158_77549.json to s3://tfl/Sunday at timestamp 20250421_013158_77549
[2025-04-21T01:31:58.936+0000] {logging_mixin.py:190} INFO - key data/raw/timetables/snapshot_20250421_011135_43855.json
[2025-04-21T01:31:58.938+0000] {taskinstance.py:3313} ERROR - Task failed with exception
Traceback (most recent call last):
  File "/home/airflow/.local/lib/python3.12/site-packages/airflow/models/taskinstance.py", line 768, in _execute_task
    result = _execute_callable(context=context, **execute_callable_kwargs)
             ^^^^^^^^^^^^^^^^^^^^^^^^^^^^^^^^^^^^^^^^^^^^^^^^^^^^^^^^^^^^^
  File "/home/airflow/.local/lib/python3.12/site-packages/airflow/models/taskinstance.py", line 734, in _execute_callable
    return ExecutionCallableRunner(
           ^^^^^^^^^^^^^^^^^^^^^^^^
  File "/home/airflow/.local/lib/python3.12/site-packages/airflow/utils/operator_helpers.py", line 252, in run
    return self.func(*args, **kwargs)
           ^^^^^^^^^^^^^^^^^^^^^^^^^^
  File "/home/airflow/.local/lib/python3.12/site-packages/airflow/models/baseoperator.py", line 424, in wrapper
    return func(self, *args, **kwargs)
           ^^^^^^^^^^^^^^^^^^^^^^^^^^^
  File "/home/airflow/.local/lib/python3.12/site-packages/airflow/operators/python.py", line 238, in execute
    return_value = self.execute_callable()
                   ^^^^^^^^^^^^^^^^^^^^^^^
  File "/home/airflow/.local/lib/python3.12/site-packages/airflow/operators/python.py", line 256, in execute_callable
    return runner.run(*self.op_args, **self.op_kwargs)
           ^^^^^^^^^^^^^^^^^^^^^^^^^^^^^^^^^^^^^^^^^^^
  File "/home/airflow/.local/lib/python3.12/site-packages/airflow/utils/operator_helpers.py", line 252, in run
    return self.func(*args, **kwargs)
           ^^^^^^^^^^^^^^^^^^^^^^^^^^
  File "/opt/airflow/dags/my_dag.py", line 140, in transform_data
    direction = data["direction"]
                ~~~~^^^^^^^^^^^^^
KeyError: 'direction'
[2025-04-21T01:31:58.956+0000] {taskinstance.py:1226} INFO - Marking task as UP_FOR_RETRY. dag_id=TFL_DATA_DAG, task_id=transform_data, run_id=manual__2025-04-21T00:52:56.840155+00:00, execution_date=20250421T005256, start_date=20250421T013156, end_date=20250421T013158
[2025-04-21T01:31:59.007+0000] {taskinstance.py:341} INFO - ::group::Post task execution logs
[2025-04-21T01:31:59.012+0000] {standard_task_runner.py:124} ERROR - Failed to execute job 268 for task transform_data ('direction'; 1325)
Traceback (most recent call last):
  File "/home/airflow/.local/lib/python3.12/site-packages/airflow/task/task_runner/standard_task_runner.py", line 117, in _start_by_fork
    ret = args.func(args, dag=self.dag)
          ^^^^^^^^^^^^^^^^^^^^^^^^^^^^^
  File "/home/airflow/.local/lib/python3.12/site-packages/airflow/cli/cli_config.py", line 49, in command
    return func(*args, **kwargs)
           ^^^^^^^^^^^^^^^^^^^^^
  File "/home/airflow/.local/lib/python3.12/site-packages/airflow/utils/cli.py", line 116, in wrapper
    return f(*args, **kwargs)
           ^^^^^^^^^^^^^^^^^^
  File "/home/airflow/.local/lib/python3.12/site-packages/airflow/cli/commands/task_command.py", line 483, in task_run
    task_return_code = _run_task_by_selected_method(args, _dag, ti)
                       ^^^^^^^^^^^^^^^^^^^^^^^^^^^^^^^^^^^^^^^^^^^^
  File "/home/airflow/.local/lib/python3.12/site-packages/airflow/cli/commands/task_command.py", line 256, in _run_task_by_selected_method
    return _run_raw_task(args, ti)
           ^^^^^^^^^^^^^^^^^^^^^^^
  File "/home/airflow/.local/lib/python3.12/site-packages/airflow/cli/commands/task_command.py", line 341, in _run_raw_task
    return ti._run_raw_task(
           ^^^^^^^^^^^^^^^^^
  File "/home/airflow/.local/lib/python3.12/site-packages/airflow/utils/session.py", line 97, in wrapper
    return func(*args, session=session, **kwargs)
           ^^^^^^^^^^^^^^^^^^^^^^^^^^^^^^^^^^^^^^
  File "/home/airflow/.local/lib/python3.12/site-packages/airflow/models/taskinstance.py", line 3006, in _run_raw_task
    return _run_raw_task(
           ^^^^^^^^^^^^^^
  File "/home/airflow/.local/lib/python3.12/site-packages/airflow/models/taskinstance.py", line 274, in _run_raw_task
    TaskInstance._execute_task_with_callbacks(
  File "/home/airflow/.local/lib/python3.12/site-packages/airflow/models/taskinstance.py", line 3161, in _execute_task_with_callbacks
    result = self._execute_task(context, task_orig)
             ^^^^^^^^^^^^^^^^^^^^^^^^^^^^^^^^^^^^^^
  File "/home/airflow/.local/lib/python3.12/site-packages/airflow/models/taskinstance.py", line 3185, in _execute_task
    return _execute_task(self, context, task_orig)
           ^^^^^^^^^^^^^^^^^^^^^^^^^^^^^^^^^^^^^^^
  File "/home/airflow/.local/lib/python3.12/site-packages/airflow/models/taskinstance.py", line 768, in _execute_task
    result = _execute_callable(context=context, **execute_callable_kwargs)
             ^^^^^^^^^^^^^^^^^^^^^^^^^^^^^^^^^^^^^^^^^^^^^^^^^^^^^^^^^^^^^
  File "/home/airflow/.local/lib/python3.12/site-packages/airflow/models/taskinstance.py", line 734, in _execute_callable
    return ExecutionCallableRunner(
           ^^^^^^^^^^^^^^^^^^^^^^^^
  File "/home/airflow/.local/lib/python3.12/site-packages/airflow/utils/operator_helpers.py", line 252, in run
    return self.func(*args, **kwargs)
           ^^^^^^^^^^^^^^^^^^^^^^^^^^
  File "/home/airflow/.local/lib/python3.12/site-packages/airflow/models/baseoperator.py", line 424, in wrapper
    return func(self, *args, **kwargs)
           ^^^^^^^^^^^^^^^^^^^^^^^^^^^
  File "/home/airflow/.local/lib/python3.12/site-packages/airflow/operators/python.py", line 238, in execute
    return_value = self.execute_callable()
                   ^^^^^^^^^^^^^^^^^^^^^^^
  File "/home/airflow/.local/lib/python3.12/site-packages/airflow/operators/python.py", line 256, in execute_callable
    return runner.run(*self.op_args, **self.op_kwargs)
           ^^^^^^^^^^^^^^^^^^^^^^^^^^^^^^^^^^^^^^^^^^^
  File "/home/airflow/.local/lib/python3.12/site-packages/airflow/utils/operator_helpers.py", line 252, in run
    return self.func(*args, **kwargs)
           ^^^^^^^^^^^^^^^^^^^^^^^^^^
  File "/opt/airflow/dags/my_dag.py", line 140, in transform_data
    direction = data["direction"]
                ~~~~^^^^^^^^^^^^^
KeyError: 'direction'
[2025-04-21T01:31:59.042+0000] {local_task_job_runner.py:266} INFO - Task exited with return code 1
[2025-04-21T01:31:59.071+0000] {taskinstance.py:3901} INFO - 0 downstream tasks scheduled from follow-on schedule check
[2025-04-21T01:31:59.078+0000] {local_task_job_runner.py:245} INFO - ::endgroup::
