[2025-04-21T02:04:26.667+0000] {local_task_job_runner.py:123} INFO - ::group::Pre task execution logs
[2025-04-21T02:04:26.679+0000] {taskinstance.py:2614} INFO - Dependencies all met for dep_context=non-requeueable deps ti=<TaskInstance: TFL_DATA_DAG.transform_data manual__2025-04-21T00:52:56.840155+00:00 [queued]>
[2025-04-21T02:04:26.687+0000] {taskinstance.py:2614} INFO - Dependencies all met for dep_context=requeueable deps ti=<TaskInstance: TFL_DATA_DAG.transform_data manual__2025-04-21T00:52:56.840155+00:00 [queued]>
[2025-04-21T02:04:26.688+0000] {taskinstance.py:2867} INFO - Starting attempt 33 of 38
[2025-04-21T02:04:26.697+0000] {taskinstance.py:2890} INFO - Executing <Task(PythonOperator): transform_data> on 2025-04-21 00:52:56.840155+00:00
[2025-04-21T02:04:26.702+0000] {logging_mixin.py:190} WARNING - /home/***/.local/lib/python3.12/site-packages/***/task/task_runner/standard_task_runner.py:70 DeprecationWarning: This process (pid=2604) is multi-threaded, use of fork() may lead to deadlocks in the child.
[2025-04-21T02:04:26.702+0000] {standard_task_runner.py:104} INFO - Running: ['***', 'tasks', 'run', 'TFL_DATA_DAG', 'transform_data', 'manual__2025-04-21T00:52:56.840155+00:00', '--job-id', '283', '--raw', '--subdir', 'DAGS_FOLDER/my_dag.py', '--cfg-path', '/tmp/tmpim87ro4g']
[2025-04-21T02:04:26.704+0000] {standard_task_runner.py:72} INFO - Started process 2605 to run task
[2025-04-21T02:04:26.704+0000] {standard_task_runner.py:105} INFO - Job 283: Subtask transform_data
[2025-04-21T02:04:26.754+0000] {task_command.py:467} INFO - Running <TaskInstance: TFL_DATA_DAG.transform_data manual__2025-04-21T00:52:56.840155+00:00 [running]> on host 197005dfdcea
[2025-04-21T02:04:26.803+0000] {taskinstance.py:3134} INFO - Exporting env vars: AIRFLOW_CTX_DAG_OWNER='abdulsalam' AIRFLOW_CTX_DAG_ID='TFL_DATA_DAG' AIRFLOW_CTX_TASK_ID='transform_data' AIRFLOW_CTX_EXECUTION_DATE='2025-04-21T00:52:56.840155+00:00' AIRFLOW_CTX_TRY_NUMBER='33' AIRFLOW_CTX_DAG_RUN_ID='manual__2025-04-21T00:52:56.840155+00:00'
[2025-04-21T02:04:26.804+0000] {taskinstance.py:732} INFO - ::endgroup::
[2025-04-21T02:04:26.827+0000] {base.py:84} INFO - Retrieving connection 'minio_conn'
[2025-04-21T02:04:26.829+0000] {connection_wrapper.py:328} INFO - AWS Connection (conn_id='minio_conn', conn_type='aws') credentials retrieved from extra.
[2025-04-21T02:04:26.981+0000] {logging_mixin.py:190} INFO - cleaning:  data/raw/stop_points/snapshot_20250421_010357_06314.json
[2025-04-21T02:04:26.990+0000] {logging_mixin.py:190} INFO - cleaning:  data/raw/stop_points/snapshot_20250421_010504_93531.json
[2025-04-21T02:04:26.999+0000] {logging_mixin.py:190} INFO - cleaning:  data/raw/stop_points/snapshot_20250421_010613_21054.json
[2025-04-21T02:04:27.009+0000] {logging_mixin.py:190} INFO - cleaning:  data/raw/stop_points/snapshot_20250421_010717_13343.json
[2025-04-21T02:04:27.026+0000] {logging_mixin.py:190} INFO - cleaning:  data/raw/stop_points/snapshot_20250421_010829_42231.json
[2025-04-21T02:04:27.033+0000] {logging_mixin.py:190} INFO - cleaning:  data/raw/stop_points/snapshot_20250421_010938_76117.json
[2025-04-21T02:04:27.045+0000] {logging_mixin.py:190} INFO - cleaning:  data/raw/stop_points/snapshot_20250421_011057_99282.json
[2025-04-21T02:04:27.058+0000] {logging_mixin.py:190} INFO - cleaning:  data/raw/stop_points/snapshot_20250421_011207_14671.json
[2025-04-21T02:04:27.065+0000] {logging_mixin.py:190} INFO - cleaning:  data/raw/stop_points/snapshot_20250421_011311_10128.json
[2025-04-21T02:04:27.075+0000] {logging_mixin.py:190} INFO - cleaning:  data/raw/stop_points/snapshot_20250421_011415_44925.json
[2025-04-21T02:04:27.083+0000] {logging_mixin.py:190} INFO - cleaning:  data/raw/stop_points/snapshot_20250421_011519_31499.json
[2025-04-21T02:04:27.096+0000] {logging_mixin.py:190} INFO - cleaning:  data/raw/stop_points/snapshot_20250421_011624_66421.json
[2025-04-21T02:04:27.167+0000] {logging_mixin.py:190} INFO - cleaning:  data/raw/timetables/snapshot_20250421_010433_22637.json
[2025-04-21T02:04:27.169+0000] {logging_mixin.py:190} INFO - key data/raw/timetables/snapshot_20250421_010433_22637.json
[2025-04-21T02:04:27.185+0000] {logging_mixin.py:190} INFO - saving key:  Sunday
[2025-04-21T02:04:27.433+0000] {hook.py:208} WARNING - Data lineage tracking is disabled. Register a hook lineage reader to start tracking hook lineage.
[2025-04-21T02:04:27.434+0000] {my_dag.py:108} INFO - Uploaded timetable_cleaned_20250421_020427_18547.json to s3://tfl/Sunday at timestamp 20250421_020427_18547
[2025-04-21T02:04:27.493+0000] {logging_mixin.py:190} INFO - cleaning:  data/raw/timetables/snapshot_20250421_010540_24868.json
[2025-04-21T02:04:27.495+0000] {logging_mixin.py:190} INFO - key data/raw/timetables/snapshot_20250421_010540_24868.json
[2025-04-21T02:04:27.501+0000] {logging_mixin.py:190} INFO - saving key:  Sunday
[2025-04-21T02:04:27.530+0000] {hook.py:208} WARNING - Data lineage tracking is disabled. Register a hook lineage reader to start tracking hook lineage.
[2025-04-21T02:04:27.531+0000] {hook.py:208} WARNING - Data lineage tracking is disabled. Register a hook lineage reader to start tracking hook lineage.
[2025-04-21T02:04:27.532+0000] {my_dag.py:108} INFO - Uploaded timetable_cleaned_20250421_020427_50165.json to s3://tfl/Sunday at timestamp 20250421_020427_50165
[2025-04-21T02:04:27.551+0000] {logging_mixin.py:190} INFO - cleaning:  data/raw/timetables/snapshot_20250421_010645_39443.json
[2025-04-21T02:04:27.554+0000] {logging_mixin.py:190} INFO - key data/raw/timetables/snapshot_20250421_010645_39443.json
[2025-04-21T02:04:27.562+0000] {logging_mixin.py:190} INFO - saving key:  Sunday
[2025-04-21T02:04:27.593+0000] {hook.py:208} WARNING - Data lineage tracking is disabled. Register a hook lineage reader to start tracking hook lineage.
[2025-04-21T02:04:27.594+0000] {hook.py:208} WARNING - Data lineage tracking is disabled. Register a hook lineage reader to start tracking hook lineage.
[2025-04-21T02:04:27.595+0000] {my_dag.py:108} INFO - Uploaded timetable_cleaned_20250421_020427_56247.json to s3://tfl/Sunday at timestamp 20250421_020427_56247
[2025-04-21T02:04:27.648+0000] {logging_mixin.py:190} INFO - cleaning:  data/raw/timetables/snapshot_20250421_010755_20693.json
[2025-04-21T02:04:27.650+0000] {logging_mixin.py:190} INFO - key data/raw/timetables/snapshot_20250421_010755_20693.json
[2025-04-21T02:04:27.660+0000] {logging_mixin.py:190} INFO - saving key:  Sunday
[2025-04-21T02:04:27.732+0000] {hook.py:208} WARNING - Data lineage tracking is disabled. Register a hook lineage reader to start tracking hook lineage.
[2025-04-21T02:04:27.733+0000] {hook.py:208} WARNING - Data lineage tracking is disabled. Register a hook lineage reader to start tracking hook lineage.
[2025-04-21T02:04:27.734+0000] {my_dag.py:108} INFO - Uploaded timetable_cleaned_20250421_020427_66034.json to s3://tfl/Sunday at timestamp 20250421_020427_66034
[2025-04-21T02:04:27.752+0000] {logging_mixin.py:190} INFO - cleaning:  data/raw/timetables/snapshot_20250421_010902_73445.json
[2025-04-21T02:04:27.755+0000] {logging_mixin.py:190} INFO - key data/raw/timetables/snapshot_20250421_010902_73445.json
[2025-04-21T02:04:27.772+0000] {logging_mixin.py:190} INFO - saving key:  Sunday
[2025-04-21T02:04:27.876+0000] {hook.py:208} WARNING - Data lineage tracking is disabled. Register a hook lineage reader to start tracking hook lineage.
[2025-04-21T02:04:27.877+0000] {hook.py:208} WARNING - Data lineage tracking is disabled. Register a hook lineage reader to start tracking hook lineage.
[2025-04-21T02:04:27.878+0000] {my_dag.py:108} INFO - Uploaded timetable_cleaned_20250421_020427_77203.json to s3://tfl/Sunday at timestamp 20250421_020427_77203
[2025-04-21T02:04:27.939+0000] {logging_mixin.py:190} INFO - cleaning:  data/raw/timetables/snapshot_20250421_011018_01839.json
[2025-04-21T02:04:27.942+0000] {logging_mixin.py:190} INFO - key data/raw/timetables/snapshot_20250421_011018_01839.json
[2025-04-21T02:04:27.957+0000] {logging_mixin.py:190} INFO - saving key:  Sunday
[2025-04-21T02:04:28.016+0000] {hook.py:208} WARNING - Data lineage tracking is disabled. Register a hook lineage reader to start tracking hook lineage.
[2025-04-21T02:04:28.017+0000] {hook.py:208} WARNING - Data lineage tracking is disabled. Register a hook lineage reader to start tracking hook lineage.
[2025-04-21T02:04:28.018+0000] {my_dag.py:108} INFO - Uploaded timetable_cleaned_20250421_020427_95738.json to s3://tfl/Sunday at timestamp 20250421_020427_95738
[2025-04-21T02:04:28.025+0000] {logging_mixin.py:190} INFO - cleaning:  data/raw/timetables/snapshot_20250421_011135_43855.json
[2025-04-21T02:04:28.026+0000] {logging_mixin.py:190} INFO - key data/raw/timetables/snapshot_20250421_011135_43855.json
[2025-04-21T02:04:28.041+0000] {logging_mixin.py:190} INFO - cleaning:  data/raw/timetables/snapshot_20250421_011238_82427.json
[2025-04-21T02:04:28.043+0000] {logging_mixin.py:190} INFO - key data/raw/timetables/snapshot_20250421_011238_82427.json
[2025-04-21T02:04:28.059+0000] {logging_mixin.py:190} INFO - saving key:  Sunday
[2025-04-21T02:04:28.122+0000] {hook.py:208} WARNING - Data lineage tracking is disabled. Register a hook lineage reader to start tracking hook lineage.
[2025-04-21T02:04:28.122+0000] {hook.py:208} WARNING - Data lineage tracking is disabled. Register a hook lineage reader to start tracking hook lineage.
[2025-04-21T02:04:28.123+0000] {my_dag.py:108} INFO - Uploaded timetable_cleaned_20250421_020428_05935.json to s3://tfl/Sunday at timestamp 20250421_020428_05935
[2025-04-21T02:04:28.129+0000] {logging_mixin.py:190} INFO - cleaning:  data/raw/timetables/snapshot_20250421_011343_94052.json
[2025-04-21T02:04:28.130+0000] {logging_mixin.py:190} INFO - key data/raw/timetables/snapshot_20250421_011343_94052.json
[2025-04-21T02:04:28.138+0000] {logging_mixin.py:190} INFO - cleaning:  data/raw/timetables/snapshot_20250421_011447_82216.json
[2025-04-21T02:04:28.138+0000] {logging_mixin.py:190} INFO - key data/raw/timetables/snapshot_20250421_011447_82216.json
[2025-04-21T02:04:28.145+0000] {logging_mixin.py:190} INFO - cleaning:  data/raw/timetables/snapshot_20250421_011551_33368.json
[2025-04-21T02:04:28.146+0000] {logging_mixin.py:190} INFO - key data/raw/timetables/snapshot_20250421_011551_33368.json
[2025-04-21T02:04:28.153+0000] {logging_mixin.py:190} INFO - cleaning:  data/raw/timetables/snapshot_20250421_011657_09417.json
[2025-04-21T02:04:28.154+0000] {logging_mixin.py:190} INFO - key data/raw/timetables/snapshot_20250421_011657_09417.json
[2025-04-21T02:04:28.156+0000] {python.py:240} INFO - Done. Returned value was: None
[2025-04-21T02:04:28.162+0000] {taskinstance.py:341} INFO - ::group::Post task execution logs
[2025-04-21T02:04:28.162+0000] {taskinstance.py:353} INFO - Marking task as SUCCESS. dag_id=TFL_DATA_DAG, task_id=transform_data, run_id=manual__2025-04-21T00:52:56.840155+00:00, execution_date=20250421T005256, start_date=20250421T020426, end_date=20250421T020428
[2025-04-21T02:04:28.196+0000] {local_task_job_runner.py:266} INFO - Task exited with return code 0
[2025-04-21T02:04:28.207+0000] {taskinstance.py:3901} INFO - 0 downstream tasks scheduled from follow-on schedule check
[2025-04-21T02:04:28.210+0000] {local_task_job_runner.py:245} INFO - ::endgroup::
