[2025-04-23T18:09:42.453+0000] {local_task_job_runner.py:123} INFO - ::group::Pre task execution logs
[2025-04-23T18:09:42.461+0000] {taskinstance.py:2614} INFO - Dependencies all met for dep_context=non-requeueable deps ti=<TaskInstance: TFL_DATA_DAG.api_call_static_data manual__2025-04-23T18:09:41.683232+00:00 [queued]>
[2025-04-23T18:09:42.466+0000] {taskinstance.py:2614} INFO - Dependencies all met for dep_context=requeueable deps ti=<TaskInstance: TFL_DATA_DAG.api_call_static_data manual__2025-04-23T18:09:41.683232+00:00 [queued]>
[2025-04-23T18:09:42.466+0000] {taskinstance.py:2867} INFO - Starting attempt 1 of 6
[2025-04-23T18:09:42.474+0000] {taskinstance.py:2890} INFO - Executing <Task(PythonOperator): api_call_static_data> on 2025-04-23 18:09:41.683232+00:00
[2025-04-23T18:09:42.479+0000] {standard_task_runner.py:104} INFO - Running: ['***', 'tasks', 'run', 'TFL_DATA_DAG', 'api_call_static_data', 'manual__2025-04-23T18:09:41.683232+00:00', '--job-id', '351', '--raw', '--subdir', 'DAGS_FOLDER/my_dag.py', '--cfg-path', '/tmp/tmpob5uot1a']
[2025-04-23T18:09:42.481+0000] {logging_mixin.py:190} WARNING - /home/***/.local/lib/python3.12/site-packages/***/task/task_runner/standard_task_runner.py:70 DeprecationWarning: This process (pid=1696) is multi-threaded, use of fork() may lead to deadlocks in the child.
[2025-04-23T18:09:42.482+0000] {standard_task_runner.py:72} INFO - Started process 1699 to run task
[2025-04-23T18:09:42.482+0000] {standard_task_runner.py:105} INFO - Job 351: Subtask api_call_static_data
[2025-04-23T18:09:42.511+0000] {task_command.py:467} INFO - Running <TaskInstance: TFL_DATA_DAG.api_call_static_data manual__2025-04-23T18:09:41.683232+00:00 [running]> on host 605a3e254bf1
[2025-04-23T18:09:42.551+0000] {taskinstance.py:3134} INFO - Exporting env vars: AIRFLOW_CTX_DAG_OWNER='abdulsalam' AIRFLOW_CTX_DAG_ID='TFL_DATA_DAG' AIRFLOW_CTX_TASK_ID='api_call_static_data' AIRFLOW_CTX_EXECUTION_DATE='2025-04-23T18:09:41.683232+00:00' AIRFLOW_CTX_TRY_NUMBER='1' AIRFLOW_CTX_DAG_RUN_ID='manual__2025-04-23T18:09:41.683232+00:00'
[2025-04-23T18:09:42.553+0000] {taskinstance.py:732} INFO - ::endgroup::
[2025-04-23T18:09:43.385+0000] {base.py:84} INFO - Retrieving connection 'minio_conn'
[2025-04-23T18:09:43.388+0000] {connection_wrapper.py:328} INFO - AWS Connection (conn_id='minio_conn', conn_type='aws') credentials retrieved from extra.
[2025-04-23T18:09:43.526+0000] {logging_mixin.py:190} INFO - <botocore.client.S3 object at 0x7f8a162fa450>
[2025-04-23T18:09:43.548+0000] {hook.py:208} WARNING - Data lineage tracking is disabled. Register a hook lineage reader to start tracking hook lineage.
[2025-04-23T18:09:43.559+0000] {connection.py:521} WARNING - Failed to parse headers (url=http://host.docker.internal:9000/tfl/data/raw/stop_points/snapshot_20250423_180943_53958.json): [MissingHeaderBodySeparatorDefect()], unparsed data: 'HTTP/1.1 200 OK\r\nAccept-Ranges: bytes\r\nContent-Length: 0\r\nETag: "8383ed107cfaa841bbfaaad9cd58b593"\r\nServer: MinIO\r\nStrict-Transport-Security: max-age=31536000; includeSubDomains\r\nVary: Origin\r\nVary: Accept-Encoding\r\nX-Amz-Checksum-Crc32: wXladg==\r\nX-Amz-Id-2: dd9025bab4ad464b049177c95eb6ebf374d3b3fd1af9251148b658df7ac2e3e8\r\nX-Amz-Request-Id: 183904F59E540769\r\nX-Content-Type-Options: nosniff\r\nX-Ratelimit-Limit: 1534\r\nX-Ratelimit-Remaining: 1534\r\nX-Xss-Protection: 1; mode=block\r\nDate: Wed, 23 Apr 2025 18:09:43 GMT\r\n\r\n'
Traceback (most recent call last):
  File "/home/airflow/.local/lib/python3.12/site-packages/urllib3/connection.py", line 519, in getresponse
    assert_header_parsing(httplib_response.msg)
  File "/home/airflow/.local/lib/python3.12/site-packages/urllib3/util/response.py", line 88, in assert_header_parsing
    raise HeaderParsingError(defects=defects, unparsed_data=unparsed_data)
urllib3.exceptions.HeaderParsingError: [MissingHeaderBodySeparatorDefect()], unparsed data: 'HTTP/1.1 200 OK\r\nAccept-Ranges: bytes\r\nContent-Length: 0\r\nETag: "8383ed107cfaa841bbfaaad9cd58b593"\r\nServer: MinIO\r\nStrict-Transport-Security: max-age=31536000; includeSubDomains\r\nVary: Origin\r\nVary: Accept-Encoding\r\nX-Amz-Checksum-Crc32: wXladg==\r\nX-Amz-Id-2: dd9025bab4ad464b049177c95eb6ebf374d3b3fd1af9251148b658df7ac2e3e8\r\nX-Amz-Request-Id: 183904F59E540769\r\nX-Content-Type-Options: nosniff\r\nX-Ratelimit-Limit: 1534\r\nX-Ratelimit-Remaining: 1534\r\nX-Xss-Protection: 1; mode=block\r\nDate: Wed, 23 Apr 2025 18:09:43 GMT\r\n\r\n'
[2025-04-23T18:10:13.809+0000] {hook.py:208} WARNING - Data lineage tracking is disabled. Register a hook lineage reader to start tracking hook lineage.
[2025-04-23T18:10:13.811+0000] {hook.py:208} WARNING - Data lineage tracking is disabled. Register a hook lineage reader to start tracking hook lineage.
[2025-04-23T18:10:13.812+0000] {my_dag.py:73} INFO - Uploaded snapshot_20250423_180943_53958.json to s3://tfl/data/raw/stop_points/snapshot_20250423_180943_53958.json at timestamp 20250423_180943_53958
[2025-04-23T18:10:14.938+0000] {logging_mixin.py:190} INFO - Error fetching data  404 Client Error: Not Found for url: https://api.tfl.gov.uk/24/Timetable/490000036S?app_key=7d28b460f14e44c48e59a47afc904642
[2025-04-23T18:10:15.482+0000] {base.py:84} INFO - Retrieving connection 'minio_conn'
[2025-04-23T18:10:15.483+0000] {connection_wrapper.py:328} INFO - AWS Connection (conn_id='minio_conn', conn_type='aws') credentials retrieved from extra.
[2025-04-23T18:10:15.520+0000] {logging_mixin.py:190} INFO - <botocore.client.S3 object at 0x7f8a14ec6810>
[2025-04-23T18:10:15.545+0000] {hook.py:208} WARNING - Data lineage tracking is disabled. Register a hook lineage reader to start tracking hook lineage.
[2025-04-23T18:10:15.546+0000] {hook.py:208} WARNING - Data lineage tracking is disabled. Register a hook lineage reader to start tracking hook lineage.
[2025-04-23T18:10:15.554+0000] {connection.py:521} WARNING - Failed to parse headers (url=http://host.docker.internal:9000/tfl/data/raw/stop_points/snapshot_20250423_181015_53680.json): [MissingHeaderBodySeparatorDefect()], unparsed data: 'HTTP/1.1 200 OK\r\nAccept-Ranges: bytes\r\nContent-Length: 0\r\nETag: "cc6b741cd4e3020dfc3dc5f045d6e4fe"\r\nServer: MinIO\r\nStrict-Transport-Security: max-age=31536000; includeSubDomains\r\nVary: Origin\r\nVary: Accept-Encoding\r\nX-Amz-Checksum-Crc32: O4ERcg==\r\nX-Amz-Id-2: dd9025bab4ad464b049177c95eb6ebf374d3b3fd1af9251148b658df7ac2e3e8\r\nX-Amz-Request-Id: 183904FD117D6B04\r\nX-Content-Type-Options: nosniff\r\nX-Ratelimit-Limit: 1534\r\nX-Ratelimit-Remaining: 1534\r\nX-Xss-Protection: 1; mode=block\r\nDate: Wed, 23 Apr 2025 18:10:15 GMT\r\n\r\n'
Traceback (most recent call last):
  File "/home/airflow/.local/lib/python3.12/site-packages/urllib3/connection.py", line 519, in getresponse
    assert_header_parsing(httplib_response.msg)
  File "/home/airflow/.local/lib/python3.12/site-packages/urllib3/util/response.py", line 88, in assert_header_parsing
    raise HeaderParsingError(defects=defects, unparsed_data=unparsed_data)
urllib3.exceptions.HeaderParsingError: [MissingHeaderBodySeparatorDefect()], unparsed data: 'HTTP/1.1 200 OK\r\nAccept-Ranges: bytes\r\nContent-Length: 0\r\nETag: "cc6b741cd4e3020dfc3dc5f045d6e4fe"\r\nServer: MinIO\r\nStrict-Transport-Security: max-age=31536000; includeSubDomains\r\nVary: Origin\r\nVary: Accept-Encoding\r\nX-Amz-Checksum-Crc32: O4ERcg==\r\nX-Amz-Id-2: dd9025bab4ad464b049177c95eb6ebf374d3b3fd1af9251148b658df7ac2e3e8\r\nX-Amz-Request-Id: 183904FD117D6B04\r\nX-Content-Type-Options: nosniff\r\nX-Ratelimit-Limit: 1534\r\nX-Ratelimit-Remaining: 1534\r\nX-Xss-Protection: 1; mode=block\r\nDate: Wed, 23 Apr 2025 18:10:15 GMT\r\n\r\n'
[2025-04-23T18:10:45.807+0000] {hook.py:208} WARNING - Data lineage tracking is disabled. Register a hook lineage reader to start tracking hook lineage.
[2025-04-23T18:10:45.809+0000] {hook.py:208} WARNING - Data lineage tracking is disabled. Register a hook lineage reader to start tracking hook lineage.
[2025-04-23T18:10:45.810+0000] {my_dag.py:73} INFO - Uploaded snapshot_20250423_181015_53680.json to s3://tfl/data/raw/stop_points/snapshot_20250423_181015_53680.json at timestamp 20250423_181015_53680
[2025-04-23T18:10:46.632+0000] {logging_mixin.py:190} INFO - Error fetching data  404 Client Error: Not Found for url: https://api.tfl.gov.uk/24/Timetable/490000089A?app_key=7d28b460f14e44c48e59a47afc904642
[2025-04-23T18:10:46.651+0000] {python.py:240} INFO - Done. Returned value was: None
[2025-04-23T18:10:46.665+0000] {taskinstance.py:341} INFO - ::group::Post task execution logs
[2025-04-23T18:10:46.666+0000] {taskinstance.py:353} INFO - Marking task as SUCCESS. dag_id=TFL_DATA_DAG, task_id=api_call_static_data, run_id=manual__2025-04-23T18:09:41.683232+00:00, execution_date=20250423T180941, start_date=20250423T180942, end_date=20250423T181046
[2025-04-23T18:10:46.709+0000] {local_task_job_runner.py:266} INFO - Task exited with return code 0
[2025-04-23T18:10:46.734+0000] {taskinstance.py:3901} INFO - 1 downstream tasks scheduled from follow-on schedule check
[2025-04-23T18:10:46.737+0000] {local_task_job_runner.py:245} INFO - ::endgroup::
