[2025-04-30T13:23:48.284+0000] {local_task_job_runner.py:123} INFO - ::group::Pre task execution logs
[2025-04-30T13:23:48.335+0000] {taskinstance.py:2614} INFO - Dependencies all met for dep_context=non-requeueable deps ti=<TaskInstance: TFL_DATA_DAG_V2.load_data manual__2025-04-30T13:18:41.130562+00:00 [queued]>
[2025-04-30T13:23:48.369+0000] {taskinstance.py:2614} INFO - Dependencies all met for dep_context=requeueable deps ti=<TaskInstance: TFL_DATA_DAG_V2.load_data manual__2025-04-30T13:18:41.130562+00:00 [queued]>
[2025-04-30T13:23:48.373+0000] {taskinstance.py:2867} INFO - Starting attempt 1 of 6
[2025-04-30T13:23:48.412+0000] {taskinstance.py:2890} INFO - Executing <Task(PythonOperator): load_data> on 2025-04-30 13:18:41.130562+00:00
[2025-04-30T13:23:48.430+0000] {logging_mixin.py:190} WARNING - /home/***/.local/lib/python3.12/site-packages/***/task/task_runner/standard_task_runner.py:70 DeprecationWarning: This process (pid=7080) is multi-threaded, use of fork() may lead to deadlocks in the child.
[2025-04-30T13:23:48.428+0000] {standard_task_runner.py:104} INFO - Running: ['***', 'tasks', 'run', 'TFL_DATA_DAG_V2', 'load_data', 'manual__2025-04-30T13:18:41.130562+00:00', '--job-id', '440', '--raw', '--subdir', 'DAGS_FOLDER/my_dag.py', '--cfg-path', '/tmp/tmpc42ac06q']
[2025-04-30T13:23:48.433+0000] {standard_task_runner.py:72} INFO - Started process 7083 to run task
[2025-04-30T13:23:48.434+0000] {standard_task_runner.py:105} INFO - Job 440: Subtask load_data
[2025-04-30T13:23:48.603+0000] {task_command.py:467} INFO - Running <TaskInstance: TFL_DATA_DAG_V2.load_data manual__2025-04-30T13:18:41.130562+00:00 [running]> on host 605a3e254bf1
[2025-04-30T13:23:48.774+0000] {taskinstance.py:3134} INFO - Exporting env vars: AIRFLOW_CTX_DAG_OWNER='abdulsalam' AIRFLOW_CTX_DAG_ID='TFL_DATA_DAG_V2' AIRFLOW_CTX_TASK_ID='load_data' AIRFLOW_CTX_EXECUTION_DATE='2025-04-30T13:18:41.130562+00:00' AIRFLOW_CTX_TRY_NUMBER='1' AIRFLOW_CTX_DAG_RUN_ID='manual__2025-04-30T13:18:41.130562+00:00'
[2025-04-30T13:23:48.776+0000] {taskinstance.py:732} INFO - ::endgroup::
[2025-04-30T13:23:48.804+0000] {base.py:84} INFO - Retrieving connection 'snowflake_conn'
[2025-04-30T13:23:48.807+0000] {connection.py:424} INFO - Snowflake Connector for Python Version: 3.13.2, Python Version: 3.12.9, Platform: Linux-6.10.0-linuxkit-x86_64-with-glibc2.36
[2025-04-30T13:23:48.809+0000] {connection.py:1213} INFO - Connecting to GLOBAL Snowflake domain
[2025-04-30T13:23:48.810+0000] {connection.py:1295} INFO - This connection is in OCSP Fail Open Mode. TLS Certificates would be checked for validity and revocation status. Any other Certificate Revocation related exceptions or OCSP Responder failures would be disregarded in favor of connectivity.
[2025-04-30T13:23:52.039+0000] {logging_mixin.py:190} INFO - snowflake conn:  <snowflake.connector.connection.SnowflakeConnection object at 0x7f666add8110>
[2025-04-30T13:23:52.568+0000] {logging_mixin.py:190} INFO - tt_keys ['data/cleaned/timetables/snapshot_20250430_131916_37657.json', 'data/cleaned/timetables/snapshot_20250430_131956_89127.json', 'data/cleaned/timetables/snapshot_20250430_132101_08582.json', 'data/cleaned/timetables/snapshot_20250430_132235_01772.json']
[2025-04-30T13:23:52.595+0000] {base.py:84} INFO - Retrieving connection 'minio_conn'
[2025-04-30T13:23:52.598+0000] {connection_wrapper.py:328} INFO - AWS Connection (conn_id='minio_conn', conn_type='aws') credentials retrieved from extra.
[2025-04-30T13:24:03.186+0000] {logging_mixin.py:190} INFO - Inserting into timetables with id:  1
[2025-04-30T13:24:03.189+0000] {logging_mixin.py:190} INFO - for key:  Friday
[2025-04-30T13:24:03.632+0000] {logging_mixin.py:190} INFO - sched len:  115
[2025-04-30T13:24:03.633+0000] {logging_mixin.py:190} INFO - ti len:  115
[2025-04-30T13:26:34.842+0000] {logging_mixin.py:190} INFO - for key:  Monday to Thursday
[2025-04-30T13:26:35.790+0000] {logging_mixin.py:190} INFO - sched len:  116
[2025-04-30T13:26:35.794+0000] {logging_mixin.py:190} INFO - ti len:  116
[2025-04-30T13:29:09.344+0000] {logging_mixin.py:190} INFO - for key:  Saturday
[2025-04-30T13:29:10.331+0000] {logging_mixin.py:190} INFO - sched len:  111
[2025-04-30T13:29:10.334+0000] {logging_mixin.py:190} INFO - ti len:  111
[2025-04-30T13:31:27.543+0000] {logging_mixin.py:190} INFO - for key:  Sunday
[2025-04-30T13:31:27.914+0000] {logging_mixin.py:190} INFO - sched len:  100
[2025-04-30T13:31:27.916+0000] {logging_mixin.py:190} INFO - ti len:  100
[2025-04-30T13:33:32.434+0000] {logging_mixin.py:190} INFO - Inserting into timetables with id:  101
[2025-04-30T13:33:32.435+0000] {logging_mixin.py:190} INFO - for key:  Friday
[2025-04-30T13:33:32.765+0000] {logging_mixin.py:190} INFO - sched len:  113
[2025-04-30T13:33:32.768+0000] {logging_mixin.py:190} INFO - ti len:  113
[2025-04-30T13:35:43.588+0000] {logging_mixin.py:190} INFO - for key:  Monday to Thursday
[2025-04-30T13:35:44.747+0000] {logging_mixin.py:190} INFO - sched len:  114
[2025-04-30T13:35:44.749+0000] {logging_mixin.py:190} INFO - ti len:  114
[2025-04-30T13:38:00.724+0000] {logging_mixin.py:190} INFO - for key:  Saturday
[2025-04-30T13:38:01.126+0000] {logging_mixin.py:190} INFO - sched len:  112
[2025-04-30T13:38:01.128+0000] {logging_mixin.py:190} INFO - ti len:  112
[2025-04-30T13:40:15.440+0000] {logging_mixin.py:190} INFO - for key:  Sunday
[2025-04-30T13:40:15.795+0000] {logging_mixin.py:190} INFO - sched len:  101
[2025-04-30T13:40:15.798+0000] {logging_mixin.py:190} INFO - ti len:  101
[2025-04-30T13:42:17.122+0000] {logging_mixin.py:190} INFO - Inserting into timetables with id:  201
[2025-04-30T13:42:17.124+0000] {logging_mixin.py:190} INFO - for key:  Friday
[2025-04-30T13:42:17.530+0000] {logging_mixin.py:190} INFO - sched len:  113
[2025-04-30T13:42:17.533+0000] {logging_mixin.py:190} INFO - ti len:  113
[2025-04-30T13:44:27.993+0000] {logging_mixin.py:190} INFO - for key:  Monday to Thursday
[2025-04-30T13:44:28.744+0000] {logging_mixin.py:190} INFO - sched len:  114
[2025-04-30T13:44:28.748+0000] {logging_mixin.py:190} INFO - ti len:  114
[2025-04-30T13:46:38.421+0000] {logging_mixin.py:190} INFO - for key:  Saturday
[2025-04-30T13:46:38.786+0000] {logging_mixin.py:190} INFO - sched len:  112
[2025-04-30T13:46:38.788+0000] {logging_mixin.py:190} INFO - ti len:  112
[2025-04-30T13:48:47.325+0000] {logging_mixin.py:190} INFO - for key:  Sunday
[2025-04-30T13:48:47.671+0000] {logging_mixin.py:190} INFO - sched len:  101
[2025-04-30T13:48:47.675+0000] {logging_mixin.py:190} INFO - ti len:  101
[2025-04-30T13:50:46.580+0000] {logging_mixin.py:190} INFO - Inserting into timetables with id:  202
[2025-04-30T13:50:46.582+0000] {logging_mixin.py:190} INFO - for key:  Saturday (also Good Friday)
[2025-04-30T13:50:46.988+0000] {logging_mixin.py:190} INFO - sched len:  526
[2025-04-30T13:50:46.992+0000] {logging_mixin.py:190} INFO - ti len:  526
[2025-04-30T13:50:48.483+0000] {taskinstance.py:3313} ERROR - Task failed with exception
Traceback (most recent call last):
  File "/home/airflow/.local/lib/python3.12/site-packages/airflow/models/taskinstance.py", line 768, in _execute_task
    result = _execute_callable(context=context, **execute_callable_kwargs)
             ^^^^^^^^^^^^^^^^^^^^^^^^^^^^^^^^^^^^^^^^^^^^^^^^^^^^^^^^^^^^^
  File "/home/airflow/.local/lib/python3.12/site-packages/airflow/models/taskinstance.py", line 734, in _execute_callable
    return ExecutionCallableRunner(
           ^^^^^^^^^^^^^^^^^^^^^^^^
  File "/home/airflow/.local/lib/python3.12/site-packages/airflow/utils/operator_helpers.py", line 252, in run
    return self.func(*args, **kwargs)
           ^^^^^^^^^^^^^^^^^^^^^^^^^^
  File "/home/airflow/.local/lib/python3.12/site-packages/airflow/models/baseoperator.py", line 424, in wrapper
    return func(self, *args, **kwargs)
           ^^^^^^^^^^^^^^^^^^^^^^^^^^^
  File "/home/airflow/.local/lib/python3.12/site-packages/airflow/operators/python.py", line 238, in execute
    return_value = self.execute_callable()
                   ^^^^^^^^^^^^^^^^^^^^^^^
  File "/home/airflow/.local/lib/python3.12/site-packages/airflow/operators/python.py", line 256, in execute_callable
    return runner.run(*self.op_args, **self.op_kwargs)
           ^^^^^^^^^^^^^^^^^^^^^^^^^^^^^^^^^^^^^^^^^^^
  File "/home/airflow/.local/lib/python3.12/site-packages/airflow/utils/operator_helpers.py", line 252, in run
    return self.func(*args, **kwargs)
           ^^^^^^^^^^^^^^^^^^^^^^^^^^
  File "/opt/airflow/dags/my_dag.py", line 297, in load_data
    cursor.execute(stmt)
  File "/home/airflow/.local/lib/python3.12/site-packages/snowflake/connector/cursor.py", line 1103, in execute
    Error.errorhandler_wrapper(self.connection, self, error_class, errvalue)
  File "/home/airflow/.local/lib/python3.12/site-packages/snowflake/connector/errors.py", line 283, in errorhandler_wrapper
    handed_over = Error.hand_to_other_handler(
                  ^^^^^^^^^^^^^^^^^^^^^^^^^^^^
  File "/home/airflow/.local/lib/python3.12/site-packages/snowflake/connector/errors.py", line 338, in hand_to_other_handler
    cursor.errorhandler(connection, cursor, error_class, error_value)
  File "/home/airflow/.local/lib/python3.12/site-packages/snowflake/connector/errors.py", line 214, in default_errorhandler
    raise error_class(
snowflake.connector.errors.ProgrammingError: 000904 (42000): 01bc093e-0305-16b0-0007-3347000a8ac6: SQL compilation error: error line 1 at position 86
invalid identifier 'NONE'
[2025-04-30T13:50:48.498+0000] {taskinstance.py:1226} INFO - Marking task as UP_FOR_RETRY. dag_id=TFL_DATA_DAG_V2, task_id=load_data, run_id=manual__2025-04-30T13:18:41.130562+00:00, execution_date=20250430T131841, start_date=20250430T132348, end_date=20250430T135048
[2025-04-30T13:50:48.569+0000] {taskinstance.py:341} INFO - ::group::Post task execution logs
[2025-04-30T13:50:48.573+0000] {standard_task_runner.py:124} ERROR - Failed to execute job 440 for task load_data (000904 (42000): 01bc093e-0305-16b0-0007-3347000a8ac6: SQL compilation error: error line 1 at position 86
invalid identifier 'NONE'; 7083)
Traceback (most recent call last):
  File "/home/airflow/.local/lib/python3.12/site-packages/airflow/task/task_runner/standard_task_runner.py", line 117, in _start_by_fork
    ret = args.func(args, dag=self.dag)
          ^^^^^^^^^^^^^^^^^^^^^^^^^^^^^
  File "/home/airflow/.local/lib/python3.12/site-packages/airflow/cli/cli_config.py", line 49, in command
    return func(*args, **kwargs)
           ^^^^^^^^^^^^^^^^^^^^^
  File "/home/airflow/.local/lib/python3.12/site-packages/airflow/utils/cli.py", line 116, in wrapper
    return f(*args, **kwargs)
           ^^^^^^^^^^^^^^^^^^
  File "/home/airflow/.local/lib/python3.12/site-packages/airflow/cli/commands/task_command.py", line 483, in task_run
    task_return_code = _run_task_by_selected_method(args, _dag, ti)
                       ^^^^^^^^^^^^^^^^^^^^^^^^^^^^^^^^^^^^^^^^^^^^
  File "/home/airflow/.local/lib/python3.12/site-packages/airflow/cli/commands/task_command.py", line 256, in _run_task_by_selected_method
    return _run_raw_task(args, ti)
           ^^^^^^^^^^^^^^^^^^^^^^^
  File "/home/airflow/.local/lib/python3.12/site-packages/airflow/cli/commands/task_command.py", line 341, in _run_raw_task
    return ti._run_raw_task(
           ^^^^^^^^^^^^^^^^^
  File "/home/airflow/.local/lib/python3.12/site-packages/airflow/utils/session.py", line 97, in wrapper
    return func(*args, session=session, **kwargs)
           ^^^^^^^^^^^^^^^^^^^^^^^^^^^^^^^^^^^^^^
  File "/home/airflow/.local/lib/python3.12/site-packages/airflow/models/taskinstance.py", line 3006, in _run_raw_task
    return _run_raw_task(
           ^^^^^^^^^^^^^^
  File "/home/airflow/.local/lib/python3.12/site-packages/airflow/models/taskinstance.py", line 274, in _run_raw_task
    TaskInstance._execute_task_with_callbacks(
  File "/home/airflow/.local/lib/python3.12/site-packages/airflow/models/taskinstance.py", line 3161, in _execute_task_with_callbacks
    result = self._execute_task(context, task_orig)
             ^^^^^^^^^^^^^^^^^^^^^^^^^^^^^^^^^^^^^^
  File "/home/airflow/.local/lib/python3.12/site-packages/airflow/models/taskinstance.py", line 3185, in _execute_task
    return _execute_task(self, context, task_orig)
           ^^^^^^^^^^^^^^^^^^^^^^^^^^^^^^^^^^^^^^^
  File "/home/airflow/.local/lib/python3.12/site-packages/airflow/models/taskinstance.py", line 768, in _execute_task
    result = _execute_callable(context=context, **execute_callable_kwargs)
             ^^^^^^^^^^^^^^^^^^^^^^^^^^^^^^^^^^^^^^^^^^^^^^^^^^^^^^^^^^^^^
  File "/home/airflow/.local/lib/python3.12/site-packages/airflow/models/taskinstance.py", line 734, in _execute_callable
    return ExecutionCallableRunner(
           ^^^^^^^^^^^^^^^^^^^^^^^^
  File "/home/airflow/.local/lib/python3.12/site-packages/airflow/utils/operator_helpers.py", line 252, in run
    return self.func(*args, **kwargs)
           ^^^^^^^^^^^^^^^^^^^^^^^^^^
  File "/home/airflow/.local/lib/python3.12/site-packages/airflow/models/baseoperator.py", line 424, in wrapper
    return func(self, *args, **kwargs)
           ^^^^^^^^^^^^^^^^^^^^^^^^^^^
  File "/home/airflow/.local/lib/python3.12/site-packages/airflow/operators/python.py", line 238, in execute
    return_value = self.execute_callable()
                   ^^^^^^^^^^^^^^^^^^^^^^^
  File "/home/airflow/.local/lib/python3.12/site-packages/airflow/operators/python.py", line 256, in execute_callable
    return runner.run(*self.op_args, **self.op_kwargs)
           ^^^^^^^^^^^^^^^^^^^^^^^^^^^^^^^^^^^^^^^^^^^
  File "/home/airflow/.local/lib/python3.12/site-packages/airflow/utils/operator_helpers.py", line 252, in run
    return self.func(*args, **kwargs)
           ^^^^^^^^^^^^^^^^^^^^^^^^^^
  File "/opt/airflow/dags/my_dag.py", line 297, in load_data
    cursor.execute(stmt)
  File "/home/airflow/.local/lib/python3.12/site-packages/snowflake/connector/cursor.py", line 1103, in execute
    Error.errorhandler_wrapper(self.connection, self, error_class, errvalue)
  File "/home/airflow/.local/lib/python3.12/site-packages/snowflake/connector/errors.py", line 283, in errorhandler_wrapper
    handed_over = Error.hand_to_other_handler(
                  ^^^^^^^^^^^^^^^^^^^^^^^^^^^^
  File "/home/airflow/.local/lib/python3.12/site-packages/snowflake/connector/errors.py", line 338, in hand_to_other_handler
    cursor.errorhandler(connection, cursor, error_class, error_value)
  File "/home/airflow/.local/lib/python3.12/site-packages/snowflake/connector/errors.py", line 214, in default_errorhandler
    raise error_class(
snowflake.connector.errors.ProgrammingError: 000904 (42000): 01bc093e-0305-16b0-0007-3347000a8ac6: SQL compilation error: error line 1 at position 86
invalid identifier 'NONE'
[2025-04-30T13:50:48.660+0000] {local_task_job_runner.py:266} INFO - Task exited with return code 1
[2025-04-30T13:50:48.687+0000] {taskinstance.py:3901} INFO - 0 downstream tasks scheduled from follow-on schedule check
[2025-04-30T13:50:48.692+0000] {local_task_job_runner.py:245} INFO - ::endgroup::
